[0.013s][info][gc,init] CardTable entry size: 512
[0.013s][info][gc     ] Using G1
[0.016s][info][gc,init] Version: 21.0.9+7-LTS-338 (release)
[0.016s][info][gc,init] CPUs: 8 total, 8 available
[0.016s][info][gc,init] Memory: 7879M
[0.016s][info][gc,init] Large Page Support: Disabled
[0.016s][info][gc,init] NUMA Support: Disabled
[0.016s][info][gc,init] Compressed Oops: Enabled (32-bit)
[0.016s][info][gc,init] Heap Region Size: 1M
[0.016s][info][gc,init] Heap Min Capacity: 8M
[0.016s][info][gc,init] Heap Initial Capacity: 124M
[0.016s][info][gc,init] Heap Max Capacity: 256M
[0.016s][info][gc,init] Pre-touch: Disabled
[0.016s][info][gc,init] Parallel Workers: 8
[0.016s][info][gc,init] Concurrent Workers: 2
[0.016s][info][gc,init] Concurrent Refinement Workers: 8
[0.016s][info][gc,init] Periodic GC: Disabled
[0.027s][info][gc,metaspace] CDS archive(s) mapped at: [0x0000020900000000-0x0000020900c90000-0x0000020900c90000), size 13172736, SharedBaseAddress: 0x0000020900000000, ArchiveRelocationMode: 1.
[0.027s][info][gc,metaspace] Compressed class space mapped at: 0x0000020901000000-0x0000020941000000, reserved size: 1073741824
[0.027s][info][gc,metaspace] Narrow klass base: 0x0000020900000000, Narrow klass shift: 0, Narrow klass range: 0x100000000
[1.843s][info][gc,start    ] GC(0) Pause Young (Concurrent Start) (G1 Humongous Allocation)
[1.843s][info][gc,task     ] GC(0) Using 2 workers of 8 for evacuation
[1.848s][info][gc,phases   ] GC(0)   Pre Evacuate Collection Set: 0.2ms
[1.848s][info][gc,phases   ] GC(0)   Merge Heap Roots: 0.1ms
[1.848s][info][gc,phases   ] GC(0)   Evacuate Collection Set: 2.8ms
[1.848s][info][gc,phases   ] GC(0)   Post Evacuate Collection Set: 1.0ms
[1.848s][info][gc,phases   ] GC(0)   Other: 0.3ms
[1.848s][info][gc,heap     ] GC(0) Eden regions: 3->0(8)
[1.848s][info][gc,heap     ] GC(0) Survivor regions: 0->2(2)
[1.848s][info][gc,heap     ] GC(0) Old regions: 0->0
[1.848s][info][gc,heap     ] GC(0) Humongous regions: 56->56
[1.848s][info][gc,metaspace] GC(0) Metaspace: 373K(576K)->373K(576K) NonClass: 349K(448K)->349K(448K) Class: 24K(128K)->24K(128K)
[1.848s][info][gc          ] GC(0) Pause Young (Concurrent Start) (G1 Humongous Allocation) 58M->57M(124M) 5.000ms
[1.848s][info][gc,cpu      ] GC(0) User=0.00s Sys=0.00s Real=0.01s
[1.848s][info][gc          ] GC(1) Concurrent Mark Cycle
[1.848s][info][gc,marking  ] GC(1) Concurrent Scan Root Regions
[1.850s][info][gc,marking  ] GC(1) Concurrent Scan Root Regions 1.749ms
[1.850s][info][gc,marking  ] GC(1) Concurrent Mark
[1.850s][info][gc,marking  ] GC(1) Concurrent Mark From Roots
[1.850s][info][gc,task     ] GC(1) Using 2 workers of 2 for marking
[1.850s][info][gc,marking  ] GC(1) Concurrent Mark From Roots 0.318ms
[1.850s][info][gc,marking  ] GC(1) Concurrent Preclean
[1.850s][info][gc,marking  ] GC(1) Concurrent Preclean 0.024ms
[1.850s][info][gc,start    ] GC(1) Pause Remark
[1.852s][info][gc          ] GC(1) Pause Remark 59M->59M(124M) 0.994ms
[1.852s][info][gc,cpu      ] GC(1) User=0.00s Sys=0.00s Real=0.00s
[1.852s][info][gc,marking  ] GC(1) Concurrent Mark 1.780ms
[1.852s][info][gc,marking  ] GC(1) Concurrent Rebuild Remembered Sets and Scrub Regions
[1.852s][info][gc,marking  ] GC(1) Concurrent Rebuild Remembered Sets and Scrub Regions 0.127ms
[1.852s][info][gc,start    ] GC(1) Pause Cleanup
[1.852s][info][gc          ] GC(1) Pause Cleanup 59M->59M(124M) 0.040ms
[1.852s][info][gc,cpu      ] GC(1) User=0.00s Sys=0.00s Real=0.00s
[1.852s][info][gc,marking  ] GC(1) Concurrent Clear Claimed Marks
[1.852s][info][gc,marking  ] GC(1) Concurrent Clear Claimed Marks 0.027ms
[1.852s][info][gc,marking  ] GC(1) Concurrent Cleanup for Next Mark
[1.853s][info][gc,marking  ] GC(1) Concurrent Cleanup for Next Mark 0.662ms
[1.853s][info][gc          ] GC(1) Concurrent Mark Cycle 5.148ms
[1.905s][info][gc,start    ] GC(2) Pause Young (Concurrent Start) (G1 Humongous Allocation)
[1.905s][info][gc,task     ] GC(2) Using 2 workers of 8 for evacuation
[1.907s][info][gc,phases   ] GC(2)   Pre Evacuate Collection Set: 0.2ms
[1.907s][info][gc,phases   ] GC(2)   Merge Heap Roots: 0.0ms
[1.907s][info][gc,phases   ] GC(2)   Evacuate Collection Set: 1.6ms
[1.907s][info][gc,phases   ] GC(2)   Post Evacuate Collection Set: 0.3ms
[1.907s][info][gc,phases   ] GC(2)   Other: 0.1ms
[1.907s][info][gc,heap     ] GC(2) Eden regions: 0->0(13)
[1.907s][info][gc,heap     ] GC(2) Survivor regions: 2->2(2)
[1.908s][info][gc,heap     ] GC(2) Old regions: 0->0
[1.908s][info][gc,heap     ] GC(2) Humongous regions: 58->58
[1.908s][info][gc,metaspace] GC(2) Metaspace: 373K(576K)->373K(576K) NonClass: 349K(448K)->349K(448K) Class: 24K(128K)->24K(128K)
[1.908s][info][gc          ] GC(2) Pause Young (Concurrent Start) (G1 Humongous Allocation) 59M->59M(124M) 2.831ms
[1.908s][info][gc,cpu      ] GC(2) User=0.00s Sys=0.00s Real=0.00s
[1.908s][info][gc          ] GC(3) Concurrent Mark Cycle
[1.908s][info][gc,marking  ] GC(3) Concurrent Scan Root Regions
[1.909s][info][gc,marking  ] GC(3) Concurrent Scan Root Regions 1.013ms
[1.909s][info][gc,marking  ] GC(3) Concurrent Mark
[1.909s][info][gc,marking  ] GC(3) Concurrent Mark From Roots
[1.909s][info][gc,task     ] GC(3) Using 2 workers of 2 for marking
[1.909s][info][gc,marking  ] GC(3) Concurrent Mark From Roots 0.199ms
[1.909s][info][gc,marking  ] GC(3) Concurrent Preclean
[1.909s][info][gc,marking  ] GC(3) Concurrent Preclean 0.030ms
[1.909s][info][gc,start    ] GC(3) Pause Remark
[1.910s][info][gc          ] GC(3) Pause Remark 61M->61M(124M) 0.465ms
[1.910s][info][gc,cpu      ] GC(3) User=0.00s Sys=0.00s Real=0.00s
[1.910s][info][gc,marking  ] GC(3) Concurrent Mark 0.968ms
[1.910s][info][gc,marking  ] GC(3) Concurrent Rebuild Remembered Sets and Scrub Regions
[1.910s][info][gc,marking  ] GC(3) Concurrent Rebuild Remembered Sets and Scrub Regions 0.056ms
[1.910s][info][gc,start    ] GC(3) Pause Cleanup
[1.910s][info][gc          ] GC(3) Pause Cleanup 61M->61M(124M) 0.035ms
[1.910s][info][gc,cpu      ] GC(3) User=0.00s Sys=0.00s Real=0.00s
[1.910s][info][gc,marking  ] GC(3) Concurrent Clear Claimed Marks
[1.910s][info][gc,marking  ] GC(3) Concurrent Clear Claimed Marks 0.030ms
[1.910s][info][gc,marking  ] GC(3) Concurrent Cleanup for Next Mark
[1.910s][info][gc,marking  ] GC(3) Concurrent Cleanup for Next Mark 0.279ms
[1.910s][info][gc          ] GC(3) Concurrent Mark Cycle 2.770ms
[1.966s][info][gc,start    ] GC(4) Pause Young (Concurrent Start) (G1 Humongous Allocation)
[1.966s][info][gc,task     ] GC(4) Using 2 workers of 8 for evacuation
[1.969s][info][gc,phases   ] GC(4)   Pre Evacuate Collection Set: 0.2ms
[1.969s][info][gc,phases   ] GC(4)   Merge Heap Roots: 0.0ms
[1.969s][info][gc,phases   ] GC(4)   Evacuate Collection Set: 1.6ms
[1.969s][info][gc,phases   ] GC(4)   Post Evacuate Collection Set: 0.4ms
[1.969s][info][gc,phases   ] GC(4)   Other: 0.1ms
[1.969s][info][gc,heap     ] GC(4) Eden regions: 1->0(30)
[1.969s][info][gc,heap     ] GC(4) Survivor regions: 2->2(2)
[1.969s][info][gc,heap     ] GC(4) Old regions: 0->0
[1.969s][info][gc,heap     ] GC(4) Humongous regions: 60->60
[1.969s][info][gc,metaspace] GC(4) Metaspace: 377K(576K)->377K(576K) NonClass: 352K(448K)->352K(448K) Class: 24K(128K)->24K(128K)
[1.969s][info][gc          ] GC(4) Pause Young (Concurrent Start) (G1 Humongous Allocation) 61M->61M(124M) 2.732ms
[1.969s][info][gc,cpu      ] GC(4) User=0.00s Sys=0.00s Real=0.00s
[1.969s][info][gc          ] GC(5) Concurrent Mark Cycle
[1.969s][info][gc,marking  ] GC(5) Concurrent Scan Root Regions
[1.971s][info][gc,marking  ] GC(5) Concurrent Scan Root Regions 1.305ms
[1.971s][info][gc,marking  ] GC(5) Concurrent Mark
[1.971s][info][gc,marking  ] GC(5) Concurrent Mark From Roots
[1.971s][info][gc,task     ] GC(5) Using 2 workers of 2 for marking
[1.971s][info][gc,marking  ] GC(5) Concurrent Mark From Roots 0.236ms
[1.971s][info][gc,marking  ] GC(5) Concurrent Preclean
[1.971s][info][gc,marking  ] GC(5) Concurrent Preclean 0.035ms
[1.971s][info][gc,start    ] GC(5) Pause Remark
[1.972s][info][gc          ] GC(5) Pause Remark 63M->63M(124M) 0.766ms
[1.972s][info][gc,cpu      ] GC(5) User=0.00s Sys=0.00s Real=0.00s
[1.972s][info][gc,marking  ] GC(5) Concurrent Mark 1.593ms
[1.972s][info][gc,marking  ] GC(5) Concurrent Rebuild Remembered Sets and Scrub Regions
[1.972s][info][gc,marking  ] GC(5) Concurrent Rebuild Remembered Sets and Scrub Regions 0.091ms
[1.973s][info][gc,start    ] GC(5) Pause Cleanup
[1.973s][info][gc          ] GC(5) Pause Cleanup 63M->63M(124M) 0.056ms
[1.973s][info][gc,cpu      ] GC(5) User=0.00s Sys=0.00s Real=0.00s
[1.973s][info][gc,marking  ] GC(5) Concurrent Clear Claimed Marks
[1.973s][info][gc,marking  ] GC(5) Concurrent Clear Claimed Marks 0.041ms
[1.973s][info][gc,marking  ] GC(5) Concurrent Cleanup for Next Mark
[1.973s][info][gc,marking  ] GC(5) Concurrent Cleanup for Next Mark 0.344ms
[1.973s][info][gc          ] GC(5) Concurrent Mark Cycle 3.975ms
[2.028s][info][gc,start    ] GC(6) Pause Young (Concurrent Start) (G1 Humongous Allocation)
[2.028s][info][gc,task     ] GC(6) Using 2 workers of 8 for evacuation
[2.031s][info][gc,phases   ] GC(6)   Pre Evacuate Collection Set: 0.2ms
[2.031s][info][gc,phases   ] GC(6)   Merge Heap Roots: 0.0ms
[2.031s][info][gc,phases   ] GC(6)   Evacuate Collection Set: 1.6ms
[2.031s][info][gc,phases   ] GC(6)   Post Evacuate Collection Set: 0.3ms
[2.031s][info][gc,phases   ] GC(6)   Other: 0.2ms
[2.031s][info][gc,heap     ] GC(6) Eden regions: 0->0(29)
[2.031s][info][gc,heap     ] GC(6) Survivor regions: 2->2(4)
[2.031s][info][gc,heap     ] GC(6) Old regions: 0->0
[2.031s][info][gc,heap     ] GC(6) Humongous regions: 62->62
[2.031s][info][gc,metaspace] GC(6) Metaspace: 377K(576K)->377K(576K) NonClass: 352K(448K)->352K(448K) Class: 24K(128K)->24K(128K)
[2.031s][info][gc          ] GC(6) Pause Young (Concurrent Start) (G1 Humongous Allocation) 63M->63M(124M) 2.755ms
[2.031s][info][gc,cpu      ] GC(6) User=0.00s Sys=0.00s Real=0.00s
[2.031s][info][gc          ] GC(7) Concurrent Mark Cycle
[2.031s][info][gc,marking  ] GC(7) Concurrent Scan Root Regions
[2.032s][info][gc,marking  ] GC(7) Concurrent Scan Root Regions 1.102ms
[2.032s][info][gc,marking  ] GC(7) Concurrent Mark
[2.032s][info][gc,marking  ] GC(7) Concurrent Mark From Roots
[2.032s][info][gc,task     ] GC(7) Using 2 workers of 2 for marking
[2.033s][info][gc,marking  ] GC(7) Concurrent Mark From Roots 0.206ms
[2.033s][info][gc,marking  ] GC(7) Concurrent Preclean
[2.033s][info][gc,marking  ] GC(7) Concurrent Preclean 0.016ms
[2.033s][info][gc,start    ] GC(7) Pause Remark
[2.033s][info][gc          ] GC(7) Pause Remark 65M->65M(124M) 0.483ms
[2.033s][info][gc,cpu      ] GC(7) User=0.00s Sys=0.00s Real=0.00s
[2.033s][info][gc,marking  ] GC(7) Concurrent Mark 0.866ms
[2.033s][info][gc,marking  ] GC(7) Concurrent Rebuild Remembered Sets and Scrub Regions
[2.033s][info][gc,marking  ] GC(7) Concurrent Rebuild Remembered Sets and Scrub Regions 0.044ms
[2.033s][info][gc,start    ] GC(7) Pause Cleanup
[2.033s][info][gc          ] GC(7) Pause Cleanup 65M->65M(124M) 0.032ms
[2.033s][info][gc,cpu      ] GC(7) User=0.00s Sys=0.00s Real=0.00s
[2.033s][info][gc,marking  ] GC(7) Concurrent Clear Claimed Marks
[2.033s][info][gc,marking  ] GC(7) Concurrent Clear Claimed Marks 0.023ms
[2.034s][info][gc,marking  ] GC(7) Concurrent Cleanup for Next Mark
[2.034s][info][gc,marking  ] GC(7) Concurrent Cleanup for Next Mark 0.285ms
[2.034s][info][gc          ] GC(7) Concurrent Mark Cycle 2.678ms
[2.091s][info][gc,start    ] GC(8) Pause Young (Concurrent Start) (G1 Humongous Allocation)
[2.091s][info][gc,task     ] GC(8) Using 2 workers of 8 for evacuation
[2.096s][info][gc,phases   ] GC(8)   Pre Evacuate Collection Set: 0.2ms
[2.096s][info][gc,phases   ] GC(8)   Merge Heap Roots: 0.1ms
[2.096s][info][gc,phases   ] GC(8)   Evacuate Collection Set: 3.4ms
[2.096s][info][gc,phases   ] GC(8)   Post Evacuate Collection Set: 0.7ms
[2.096s][info][gc,phases   ] GC(8)   Other: 0.2ms
[2.096s][info][gc,heap     ] GC(8) Eden regions: 0->0(28)
[2.096s][info][gc,heap     ] GC(8) Survivor regions: 2->2(4)
[2.096s][info][gc,heap     ] GC(8) Old regions: 0->0
[2.096s][info][gc,heap     ] GC(8) Humongous regions: 64->64
[2.096s][info][gc,metaspace] GC(8) Metaspace: 377K(576K)->377K(576K) NonClass: 352K(448K)->352K(448K) Class: 24K(128K)->24K(128K)
[2.096s][info][gc          ] GC(8) Pause Young (Concurrent Start) (G1 Humongous Allocation) 65M->65M(124M) 5.696ms
[2.097s][info][gc,cpu      ] GC(8) User=0.00s Sys=0.00s Real=0.01s
[2.097s][info][gc          ] GC(9) Concurrent Mark Cycle
[2.097s][info][gc,marking  ] GC(9) Concurrent Scan Root Regions
[2.099s][info][gc,marking  ] GC(9) Concurrent Scan Root Regions 1.911ms
[2.099s][info][gc,marking  ] GC(9) Concurrent Mark
[2.099s][info][gc,marking  ] GC(9) Concurrent Mark From Roots
[2.099s][info][gc,task     ] GC(9) Using 2 workers of 2 for marking
[2.099s][info][gc,marking  ] GC(9) Concurrent Mark From Roots 0.390ms
[2.099s][info][gc,marking  ] GC(9) Concurrent Preclean
[2.099s][info][gc,marking  ] GC(9) Concurrent Preclean 0.039ms
[2.100s][info][gc,start    ] GC(9) Pause Remark
[2.101s][info][gc          ] GC(9) Pause Remark 67M->67M(124M) 1.007ms
[2.101s][info][gc,cpu      ] GC(9) User=0.00s Sys=0.00s Real=0.00s
[2.101s][info][gc,marking  ] GC(9) Concurrent Mark 1.891ms
[2.101s][info][gc,marking  ] GC(9) Concurrent Rebuild Remembered Sets and Scrub Regions
[2.101s][info][gc,marking  ] GC(9) Concurrent Rebuild Remembered Sets and Scrub Regions 0.134ms
[2.101s][info][gc,start    ] GC(9) Pause Cleanup
[2.101s][info][gc          ] GC(9) Pause Cleanup 67M->67M(124M) 0.100ms
[2.101s][info][gc,cpu      ] GC(9) User=0.00s Sys=0.00s Real=0.00s
[2.101s][info][gc,marking  ] GC(9) Concurrent Clear Claimed Marks
[2.102s][info][gc,marking  ] GC(9) Concurrent Clear Claimed Marks 0.098ms
[2.102s][info][gc,marking  ] GC(9) Concurrent Cleanup for Next Mark
[2.102s][info][gc,marking  ] GC(9) Concurrent Cleanup for Next Mark 0.337ms
[2.102s][info][gc          ] GC(9) Concurrent Mark Cycle 5.315ms
[2.153s][info][gc,start    ] GC(10) Pause Young (Concurrent Start) (G1 Humongous Allocation)
[2.153s][info][gc,task     ] GC(10) Using 2 workers of 8 for evacuation
[2.156s][info][gc,phases   ] GC(10)   Pre Evacuate Collection Set: 0.3ms
[2.157s][info][gc,phases   ] GC(10)   Merge Heap Roots: 0.1ms
[2.157s][info][gc,phases   ] GC(10)   Evacuate Collection Set: 2.3ms
[2.157s][info][gc,phases   ] GC(10)   Post Evacuate Collection Set: 0.8ms
[2.157s][info][gc,phases   ] GC(10)   Other: 0.2ms
[2.157s][info][gc,heap     ] GC(10) Eden regions: 0->0(27)
[2.157s][info][gc,heap     ] GC(10) Survivor regions: 2->2(4)
[2.157s][info][gc,heap     ] GC(10) Old regions: 0->0
[2.157s][info][gc,heap     ] GC(10) Humongous regions: 66->66
[2.157s][info][gc,metaspace] GC(10) Metaspace: 377K(576K)->377K(576K) NonClass: 352K(448K)->352K(448K) Class: 24K(128K)->24K(128K)
[2.157s][info][gc          ] GC(10) Pause Young (Concurrent Start) (G1 Humongous Allocation) 67M->67M(124M) 4.417ms
[2.157s][info][gc,cpu      ] GC(10) User=0.00s Sys=0.00s Real=0.00s
[2.157s][info][gc          ] GC(11) Concurrent Mark Cycle
[2.157s][info][gc,marking  ] GC(11) Concurrent Scan Root Regions
[2.159s][info][gc,marking  ] GC(11) Concurrent Scan Root Regions 1.468ms
[2.159s][info][gc,marking  ] GC(11) Concurrent Mark
[2.159s][info][gc,marking  ] GC(11) Concurrent Mark From Roots
[2.159s][info][gc,task     ] GC(11) Using 2 workers of 2 for marking
[2.159s][info][gc,marking  ] GC(11) Concurrent Mark From Roots 0.372ms
[2.159s][info][gc,marking  ] GC(11) Concurrent Preclean
[2.159s][info][gc,marking  ] GC(11) Concurrent Preclean 0.041ms
[2.159s][info][gc,start    ] GC(11) Pause Remark
[2.160s][info][gc          ] GC(11) Pause Remark 69M->69M(124M) 0.878ms
[2.160s][info][gc,cpu      ] GC(11) User=0.00s Sys=0.00s Real=0.00s
[2.161s][info][gc,marking  ] GC(11) Concurrent Mark 1.784ms
[2.161s][info][gc,marking  ] GC(11) Concurrent Rebuild Remembered Sets and Scrub Regions
[2.161s][info][gc,marking  ] GC(11) Concurrent Rebuild Remembered Sets and Scrub Regions 0.187ms
[2.161s][info][gc,start    ] GC(11) Pause Cleanup
[2.161s][info][gc          ] GC(11) Pause Cleanup 69M->69M(124M) 0.191ms
[2.161s][info][gc,cpu      ] GC(11) User=0.00s Sys=0.00s Real=0.00s
[2.161s][info][gc,marking  ] GC(11) Concurrent Clear Claimed Marks
[2.161s][info][gc,marking  ] GC(11) Concurrent Clear Claimed Marks 0.093ms
[2.161s][info][gc,marking  ] GC(11) Concurrent Cleanup for Next Mark
[2.162s][info][gc,marking  ] GC(11) Concurrent Cleanup for Next Mark 0.491ms
[2.162s][info][gc          ] GC(11) Concurrent Mark Cycle 4.995ms
[2.217s][info][gc,start    ] GC(12) Pause Young (Concurrent Start) (G1 Humongous Allocation)
[2.217s][info][gc,task     ] GC(12) Using 2 workers of 8 for evacuation
[2.219s][info][gc,phases   ] GC(12)   Pre Evacuate Collection Set: 0.4ms
[2.220s][info][gc,phases   ] GC(12)   Merge Heap Roots: 0.0ms
[2.220s][info][gc,phases   ] GC(12)   Evacuate Collection Set: 1.8ms
[2.220s][info][gc,phases   ] GC(12)   Post Evacuate Collection Set: 0.4ms
[2.220s][info][gc,phases   ] GC(12)   Other: 0.1ms
[2.220s][info][gc,heap     ] GC(12) Eden regions: 1->0(34)
[2.220s][info][gc,heap     ] GC(12) Survivor regions: 2->1(4)
[2.220s][info][gc,heap     ] GC(12) Old regions: 0->0
[2.220s][info][gc,heap     ] GC(12) Humongous regions: 68->68
[2.220s][info][gc,metaspace] GC(12) Metaspace: 377K(576K)->377K(576K) NonClass: 352K(448K)->352K(448K) Class: 24K(128K)->24K(128K)
[2.220s][info][gc          ] GC(12) Pause Young (Concurrent Start) (G1 Humongous Allocation) 69M->69M(124M) 3.105ms
[2.220s][info][gc,cpu      ] GC(12) User=0.00s Sys=0.00s Real=0.00s
[2.220s][info][gc          ] GC(13) Concurrent Mark Cycle
[2.220s][info][gc,marking  ] GC(13) Concurrent Scan Root Regions
[2.221s][info][gc,marking  ] GC(13) Concurrent Scan Root Regions 0.932ms
[2.221s][info][gc,marking  ] GC(13) Concurrent Mark
[2.221s][info][gc,marking  ] GC(13) Concurrent Mark From Roots
[2.221s][info][gc,task     ] GC(13) Using 2 workers of 2 for marking
[2.221s][info][gc,marking  ] GC(13) Concurrent Mark From Roots 0.217ms
[2.221s][info][gc,marking  ] GC(13) Concurrent Preclean
[2.221s][info][gc,marking  ] GC(13) Concurrent Preclean 0.023ms
[2.221s][info][gc,start    ] GC(13) Pause Remark
[2.222s][info][gc          ] GC(13) Pause Remark 71M->71M(124M) 0.761ms
[2.222s][info][gc,cpu      ] GC(13) User=0.00s Sys=0.00s Real=0.00s
[2.222s][info][gc,marking  ] GC(13) Concurrent Mark 1.354ms
[2.222s][info][gc,marking  ] GC(13) Concurrent Rebuild Remembered Sets and Scrub Regions
[2.222s][info][gc,marking  ] GC(13) Concurrent Rebuild Remembered Sets and Scrub Regions 0.097ms
[2.222s][info][gc,start    ] GC(13) Pause Cleanup
[2.223s][info][gc          ] GC(13) Pause Cleanup 71M->71M(124M) 0.047ms
[2.223s][info][gc,cpu      ] GC(13) User=0.00s Sys=0.00s Real=0.00s
[2.223s][info][gc,marking  ] GC(13) Concurrent Clear Claimed Marks
[2.223s][info][gc,marking  ] GC(13) Concurrent Clear Claimed Marks 0.088ms
[2.223s][info][gc,marking  ] GC(13) Concurrent Cleanup for Next Mark
[2.223s][info][gc,marking  ] GC(13) Concurrent Cleanup for Next Mark 0.322ms
[2.223s][info][gc          ] GC(13) Concurrent Mark Cycle 3.399ms
[2.278s][info][gc,start    ] GC(14) Pause Young (Concurrent Start) (G1 Humongous Allocation)
[2.278s][info][gc,task     ] GC(14) Using 2 workers of 8 for evacuation
[2.282s][info][gc,phases   ] GC(14)   Pre Evacuate Collection Set: 0.3ms
[2.282s][info][gc,phases   ] GC(14)   Merge Heap Roots: 0.1ms
[2.282s][info][gc,phases   ] GC(14)   Evacuate Collection Set: 2.5ms
[2.282s][info][gc,phases   ] GC(14)   Post Evacuate Collection Set: 0.5ms
[2.282s][info][gc,phases   ] GC(14)   Other: 0.2ms
[2.282s][info][gc,heap     ] GC(14) Eden regions: 0->0(32)
[2.282s][info][gc,heap     ] GC(14) Survivor regions: 1->2(5)
[2.282s][info][gc,heap     ] GC(14) Old regions: 0->0
[2.282s][info][gc,heap     ] GC(14) Humongous regions: 70->70
[2.282s][info][gc,metaspace] GC(14) Metaspace: 377K(576K)->377K(576K) NonClass: 352K(448K)->352K(448K) Class: 24K(128K)->24K(128K)
[2.282s][info][gc          ] GC(14) Pause Young (Concurrent Start) (G1 Humongous Allocation) 71M->71M(124M) 4.435ms
[2.283s][info][gc,cpu      ] GC(14) User=0.00s Sys=0.00s Real=0.00s
[2.283s][info][gc          ] GC(15) Concurrent Mark Cycle
[2.283s][info][gc,marking  ] GC(15) Concurrent Scan Root Regions
[2.284s][info][gc,marking  ] GC(15) Concurrent Scan Root Regions 1.458ms
[2.284s][info][gc,marking  ] GC(15) Concurrent Mark
[2.284s][info][gc,marking  ] GC(15) Concurrent Mark From Roots
[2.284s][info][gc,task     ] GC(15) Using 2 workers of 2 for marking
[2.285s][info][gc,marking  ] GC(15) Concurrent Mark From Roots 0.375ms
[2.285s][info][gc,marking  ] GC(15) Concurrent Preclean
[2.285s][info][gc,marking  ] GC(15) Concurrent Preclean 0.039ms
[2.285s][info][gc,start    ] GC(15) Pause Remark
[2.286s][info][gc          ] GC(15) Pause Remark 73M->73M(124M) 1.034ms
[2.286s][info][gc,cpu      ] GC(15) User=0.00s Sys=0.00s Real=0.00s
[2.286s][info][gc,marking  ] GC(15) Concurrent Mark 1.902ms
[2.286s][info][gc,marking  ] GC(15) Concurrent Rebuild Remembered Sets and Scrub Regions
[2.287s][info][gc,marking  ] GC(15) Concurrent Rebuild Remembered Sets and Scrub Regions 0.201ms
[2.287s][info][gc,start    ] GC(15) Pause Cleanup
[2.287s][info][gc          ] GC(15) Pause Cleanup 73M->73M(124M) 0.075ms
[2.287s][info][gc,cpu      ] GC(15) User=0.00s Sys=0.00s Real=0.00s
[2.287s][info][gc,marking  ] GC(15) Concurrent Clear Claimed Marks
[2.287s][info][gc,marking  ] GC(15) Concurrent Clear Claimed Marks 0.096ms
[2.287s][info][gc,marking  ] GC(15) Concurrent Cleanup for Next Mark
[2.287s][info][gc,marking  ] GC(15) Concurrent Cleanup for Next Mark 0.370ms
[2.287s][info][gc          ] GC(15) Concurrent Mark Cycle 4.795ms
[2.342s][info][gc,start    ] GC(16) Pause Young (Concurrent Start) (G1 Humongous Allocation)
[2.342s][info][gc,task     ] GC(16) Using 2 workers of 8 for evacuation
[2.345s][info][gc,phases   ] GC(16)   Pre Evacuate Collection Set: 0.3ms
[2.345s][info][gc,phases   ] GC(16)   Merge Heap Roots: 0.1ms
[2.345s][info][gc,phases   ] GC(16)   Evacuate Collection Set: 1.7ms
[2.345s][info][gc,phases   ] GC(16)   Post Evacuate Collection Set: 0.6ms
[2.345s][info][gc,phases   ] GC(16)   Other: 0.2ms
[2.345s][info][gc,heap     ] GC(16) Eden regions: 0->0(31)
[2.345s][info][gc,heap     ] GC(16) Survivor regions: 2->2(5)
[2.345s][info][gc,heap     ] GC(16) Old regions: 0->0
[2.345s][info][gc,heap     ] GC(16) Humongous regions: 72->72
[2.345s][info][gc,metaspace] GC(16) Metaspace: 377K(576K)->377K(576K) NonClass: 352K(448K)->352K(448K) Class: 24K(128K)->24K(128K)
[2.345s][info][gc          ] GC(16) Pause Young (Concurrent Start) (G1 Humongous Allocation) 73M->73M(124M) 3.330ms
[2.345s][info][gc,cpu      ] GC(16) User=0.00s Sys=0.00s Real=0.00s
[2.345s][info][gc          ] GC(17) Concurrent Mark Cycle
[2.345s][info][gc,marking  ] GC(17) Concurrent Scan Root Regions
[2.347s][info][gc,marking  ] GC(17) Concurrent Scan Root Regions 1.498ms
[2.347s][info][gc,marking  ] GC(17) Concurrent Mark
[2.347s][info][gc,marking  ] GC(17) Concurrent Mark From Roots
[2.347s][info][gc,task     ] GC(17) Using 2 workers of 2 for marking
[2.347s][info][gc,marking  ] GC(17) Concurrent Mark From Roots 0.305ms
[2.347s][info][gc,marking  ] GC(17) Concurrent Preclean
[2.347s][info][gc,marking  ] GC(17) Concurrent Preclean 0.020ms
[2.348s][info][gc,start    ] GC(17) Pause Remark
[2.349s][info][gc          ] GC(17) Pause Remark 75M->75M(127M) 1.667ms
[2.349s][info][gc,cpu      ] GC(17) User=0.00s Sys=0.00s Real=0.00s
[2.349s][info][gc,marking  ] GC(17) Concurrent Mark 2.386ms
[2.350s][info][gc,marking  ] GC(17) Concurrent Rebuild Remembered Sets and Scrub Regions
[2.350s][info][gc,marking  ] GC(17) Concurrent Rebuild Remembered Sets and Scrub Regions 0.185ms
[2.350s][info][gc,start    ] GC(17) Pause Cleanup
[2.350s][info][gc          ] GC(17) Pause Cleanup 75M->75M(127M) 0.046ms
[2.350s][info][gc,cpu      ] GC(17) User=0.00s Sys=0.00s Real=0.00s
[2.350s][info][gc,marking  ] GC(17) Concurrent Clear Claimed Marks
[2.350s][info][gc,marking  ] GC(17) Concurrent Clear Claimed Marks 0.039ms
[2.350s][info][gc,marking  ] GC(17) Concurrent Cleanup for Next Mark
[2.351s][info][gc,marking  ] GC(17) Concurrent Cleanup for Next Mark 0.410ms
[2.351s][info][gc          ] GC(17) Concurrent Mark Cycle 5.257ms
[2.404s][info][gc,start    ] GC(18) Pause Young (Concurrent Start) (G1 Humongous Allocation)
[2.404s][info][gc,task     ] GC(18) Using 3 workers of 8 for evacuation
[2.408s][info][gc,phases   ] GC(18)   Pre Evacuate Collection Set: 0.4ms
[2.409s][info][gc,phases   ] GC(18)   Merge Heap Roots: 0.2ms
[2.409s][info][gc,phases   ] GC(18)   Evacuate Collection Set: 2.2ms
[2.409s][info][gc,phases   ] GC(18)   Post Evacuate Collection Set: 0.8ms
[2.409s][info][gc,phases   ] GC(18)   Other: 0.3ms
[2.409s][info][gc,heap     ] GC(18) Eden regions: 0->0(31)
[2.409s][info][gc,heap     ] GC(18) Survivor regions: 2->2(5)
[2.409s][info][gc,heap     ] GC(18) Old regions: 0->0
[2.409s][info][gc,heap     ] GC(18) Humongous regions: 74->74
[2.409s][info][gc,metaspace] GC(18) Metaspace: 377K(576K)->377K(576K) NonClass: 352K(448K)->352K(448K) Class: 24K(128K)->24K(128K)
[2.409s][info][gc          ] GC(18) Pause Young (Concurrent Start) (G1 Humongous Allocation) 75M->75M(127M) 4.633ms
[2.409s][info][gc,cpu      ] GC(18) User=0.00s Sys=0.00s Real=0.01s
[2.409s][info][gc          ] GC(19) Concurrent Mark Cycle
[2.409s][info][gc,marking  ] GC(19) Concurrent Scan Root Regions
[2.411s][info][gc,marking  ] GC(19) Concurrent Scan Root Regions 1.479ms
[2.411s][info][gc,marking  ] GC(19) Concurrent Mark
[2.411s][info][gc,marking  ] GC(19) Concurrent Mark From Roots
[2.411s][info][gc,task     ] GC(19) Using 2 workers of 2 for marking
[2.411s][info][gc,marking  ] GC(19) Concurrent Mark From Roots 0.456ms
[2.411s][info][gc,marking  ] GC(19) Concurrent Preclean
[2.412s][info][gc,marking  ] GC(19) Concurrent Preclean 0.043ms
[2.412s][info][gc,start    ] GC(19) Pause Remark
[2.413s][info][gc          ] GC(19) Pause Remark 77M->77M(130M) 1.636ms
[2.413s][info][gc,cpu      ] GC(19) User=0.00s Sys=0.00s Real=0.00s
[2.414s][info][gc,marking  ] GC(19) Concurrent Mark 2.836ms
[2.414s][info][gc,marking  ] GC(19) Concurrent Rebuild Remembered Sets and Scrub Regions
[2.414s][info][gc,marking  ] GC(19) Concurrent Rebuild Remembered Sets and Scrub Regions 0.200ms
[2.414s][info][gc,start    ] GC(19) Pause Cleanup
[2.414s][info][gc          ] GC(19) Pause Cleanup 77M->77M(130M) 0.098ms
[2.414s][info][gc,cpu      ] GC(19) User=0.00s Sys=0.00s Real=0.00s
[2.414s][info][gc,marking  ] GC(19) Concurrent Clear Claimed Marks
[2.414s][info][gc,marking  ] GC(19) Concurrent Clear Claimed Marks 0.095ms
[2.414s][info][gc,marking  ] GC(19) Concurrent Cleanup for Next Mark
[2.415s][info][gc,marking  ] GC(19) Concurrent Cleanup for Next Mark 0.432ms
[2.415s][info][gc          ] GC(19) Concurrent Mark Cycle 5.930ms
[2.466s][info][gc,start    ] GC(20) Pause Young (Concurrent Start) (G1 Humongous Allocation)
[2.466s][info][gc,task     ] GC(20) Using 3 workers of 8 for evacuation
[2.470s][info][gc,phases   ] GC(20)   Pre Evacuate Collection Set: 0.3ms
[2.470s][info][gc,phases   ] GC(20)   Merge Heap Roots: 0.1ms
[2.470s][info][gc,phases   ] GC(20)   Evacuate Collection Set: 2.3ms
[2.470s][info][gc,phases   ] GC(20)   Post Evacuate Collection Set: 0.7ms
[2.470s][info][gc,phases   ] GC(20)   Other: 0.3ms
[2.470s][info][gc,heap     ] GC(20) Eden regions: 0->0(32)
[2.470s][info][gc,heap     ] GC(20) Survivor regions: 2->2(5)
[2.470s][info][gc,heap     ] GC(20) Old regions: 0->0
[2.470s][info][gc,heap     ] GC(20) Humongous regions: 76->76
[2.470s][info][gc,metaspace] GC(20) Metaspace: 377K(576K)->377K(576K) NonClass: 352K(448K)->352K(448K) Class: 24K(128K)->24K(128K)
[2.470s][info][gc          ] GC(20) Pause Young (Concurrent Start) (G1 Humongous Allocation) 77M->77M(130M) 4.296ms
[2.470s][info][gc,cpu      ] GC(20) User=0.00s Sys=0.00s Real=0.00s
[2.470s][info][gc          ] GC(21) Concurrent Mark Cycle
[2.471s][info][gc,marking  ] GC(21) Concurrent Scan Root Regions
[2.472s][info][gc,marking  ] GC(21) Concurrent Scan Root Regions 0.988ms
[2.472s][info][gc,marking  ] GC(21) Concurrent Mark
[2.472s][info][gc,marking  ] GC(21) Concurrent Mark From Roots
[2.472s][info][gc,task     ] GC(21) Using 2 workers of 2 for marking
[2.472s][info][gc,marking  ] GC(21) Concurrent Mark From Roots 0.266ms
[2.472s][info][gc,marking  ] GC(21) Concurrent Preclean
[2.472s][info][gc,marking  ] GC(21) Concurrent Preclean 0.019ms
[2.472s][info][gc,start    ] GC(21) Pause Remark
[2.473s][info][gc          ] GC(21) Pause Remark 79M->79M(134M) 1.007ms
[2.473s][info][gc,cpu      ] GC(21) User=0.00s Sys=0.00s Real=0.00s
[2.473s][info][gc,marking  ] GC(21) Concurrent Mark 1.563ms
[2.473s][info][gc,marking  ] GC(21) Concurrent Rebuild Remembered Sets and Scrub Regions
[2.473s][info][gc,marking  ] GC(21) Concurrent Rebuild Remembered Sets and Scrub Regions 0.122ms
[2.473s][info][gc,start    ] GC(21) Pause Cleanup
[2.473s][info][gc          ] GC(21) Pause Cleanup 79M->79M(134M) 0.046ms
[2.473s][info][gc,cpu      ] GC(21) User=0.00s Sys=0.00s Real=0.00s
[2.474s][info][gc,marking  ] GC(21) Concurrent Clear Claimed Marks
[2.474s][info][gc,marking  ] GC(21) Concurrent Clear Claimed Marks 0.025ms
[2.474s][info][gc,marking  ] GC(21) Concurrent Cleanup for Next Mark
[2.474s][info][gc,marking  ] GC(21) Concurrent Cleanup for Next Mark 0.333ms
[2.474s][info][gc          ] GC(21) Concurrent Mark Cycle 3.501ms
[2.530s][info][gc,start    ] GC(22) Pause Young (Concurrent Start) (G1 Humongous Allocation)
[2.530s][info][gc,task     ] GC(22) Using 3 workers of 8 for evacuation
[2.534s][info][gc,phases   ] GC(22)   Pre Evacuate Collection Set: 0.3ms
[2.534s][info][gc,phases   ] GC(22)   Merge Heap Roots: 0.2ms
[2.534s][info][gc,phases   ] GC(22)   Evacuate Collection Set: 2.6ms
[2.534s][info][gc,phases   ] GC(22)   Post Evacuate Collection Set: 0.7ms
[2.534s][info][gc,phases   ] GC(22)   Other: 0.3ms
[2.535s][info][gc,heap     ] GC(22) Eden regions: 0->0(33)
[2.535s][info][gc,heap     ] GC(22) Survivor regions: 2->2(5)
[2.535s][info][gc,heap     ] GC(22) Old regions: 0->0
[2.535s][info][gc,heap     ] GC(22) Humongous regions: 78->78
[2.535s][info][gc,metaspace] GC(22) Metaspace: 377K(576K)->377K(576K) NonClass: 352K(448K)->352K(448K) Class: 24K(128K)->24K(128K)
[2.535s][info][gc          ] GC(22) Pause Young (Concurrent Start) (G1 Humongous Allocation) 79M->79M(134M) 4.606ms
[2.535s][info][gc,cpu      ] GC(22) User=0.00s Sys=0.00s Real=0.00s
[2.535s][info][gc          ] GC(23) Concurrent Mark Cycle
[2.535s][info][gc,marking  ] GC(23) Concurrent Scan Root Regions
[2.536s][info][gc,marking  ] GC(23) Concurrent Scan Root Regions 1.260ms
[2.536s][info][gc,marking  ] GC(23) Concurrent Mark
[2.536s][info][gc,marking  ] GC(23) Concurrent Mark From Roots
[2.536s][info][gc,task     ] GC(23) Using 2 workers of 2 for marking
[2.537s][info][gc,marking  ] GC(23) Concurrent Mark From Roots 0.252ms
[2.537s][info][gc,marking  ] GC(23) Concurrent Preclean
[2.537s][info][gc,marking  ] GC(23) Concurrent Preclean 0.024ms
[2.537s][info][gc,start    ] GC(23) Pause Remark
[2.538s][info][gc          ] GC(23) Pause Remark 81M->81M(139M) 0.970ms
[2.538s][info][gc,cpu      ] GC(23) User=0.00s Sys=0.00s Real=0.00s
[2.538s][info][gc,marking  ] GC(23) Concurrent Mark 1.694ms
[2.538s][info][gc,marking  ] GC(23) Concurrent Rebuild Remembered Sets and Scrub Regions
[2.538s][info][gc,marking  ] GC(23) Concurrent Rebuild Remembered Sets and Scrub Regions 0.071ms
[2.538s][info][gc,start    ] GC(23) Pause Cleanup
[2.538s][info][gc          ] GC(23) Pause Cleanup 81M->81M(139M) 0.077ms
[2.538s][info][gc,cpu      ] GC(23) User=0.00s Sys=0.00s Real=0.00s
[2.538s][info][gc,marking  ] GC(23) Concurrent Clear Claimed Marks
[2.539s][info][gc,marking  ] GC(23) Concurrent Clear Claimed Marks 0.047ms
[2.539s][info][gc,marking  ] GC(23) Concurrent Cleanup for Next Mark
[2.539s][info][gc,marking  ] GC(23) Concurrent Cleanup for Next Mark 0.420ms
[2.539s][info][gc          ] GC(23) Concurrent Mark Cycle 4.259ms
[2.593s][info][gc,start    ] GC(24) Pause Young (Concurrent Start) (G1 Humongous Allocation)
[2.593s][info][gc,task     ] GC(24) Using 3 workers of 8 for evacuation
[2.597s][info][gc,phases   ] GC(24)   Pre Evacuate Collection Set: 0.2ms
[2.597s][info][gc,phases   ] GC(24)   Merge Heap Roots: 0.1ms
[2.597s][info][gc,phases   ] GC(24)   Evacuate Collection Set: 2.2ms
[2.597s][info][gc,phases   ] GC(24)   Post Evacuate Collection Set: 0.5ms
[2.597s][info][gc,phases   ] GC(24)   Other: 0.2ms
[2.597s][info][gc,heap     ] GC(24) Eden regions: 1->0(38)
[2.597s][info][gc,heap     ] GC(24) Survivor regions: 2->2(5)
[2.597s][info][gc,heap     ] GC(24) Old regions: 0->0
[2.597s][info][gc,heap     ] GC(24) Humongous regions: 80->80
[2.597s][info][gc,metaspace] GC(24) Metaspace: 377K(576K)->377K(576K) NonClass: 353K(448K)->353K(448K) Class: 24K(128K)->24K(128K)
[2.597s][info][gc          ] GC(24) Pause Young (Concurrent Start) (G1 Humongous Allocation) 81M->81M(139M) 3.940ms
[2.597s][info][gc,cpu      ] GC(24) User=0.00s Sys=0.00s Real=0.00s
[2.597s][info][gc          ] GC(25) Concurrent Mark Cycle
[2.597s][info][gc,marking  ] GC(25) Concurrent Scan Root Regions
[2.599s][info][gc,marking  ] GC(25) Concurrent Scan Root Regions 1.480ms
[2.599s][info][gc,marking  ] GC(25) Concurrent Mark
[2.599s][info][gc,marking  ] GC(25) Concurrent Mark From Roots
[2.599s][info][gc,task     ] GC(25) Using 2 workers of 2 for marking
[2.599s][info][gc,marking  ] GC(25) Concurrent Mark From Roots 0.215ms
[2.599s][info][gc,marking  ] GC(25) Concurrent Preclean
[2.599s][info][gc,marking  ] GC(25) Concurrent Preclean 0.018ms
[2.599s][info][gc,start    ] GC(25) Pause Remark
[2.601s][info][gc          ] GC(25) Pause Remark 83M->83M(140M) 1.539ms
[2.601s][info][gc,cpu      ] GC(25) User=0.00s Sys=0.00s Real=0.00s
[2.601s][info][gc,marking  ] GC(25) Concurrent Mark 2.074ms
[2.601s][info][gc,marking  ] GC(25) Concurrent Rebuild Remembered Sets and Scrub Regions
[2.601s][info][gc,marking  ] GC(25) Concurrent Rebuild Remembered Sets and Scrub Regions 0.178ms
[2.601s][info][gc,start    ] GC(25) Pause Cleanup
[2.601s][info][gc          ] GC(25) Pause Cleanup 83M->83M(140M) 0.062ms
[2.602s][info][gc,cpu      ] GC(25) User=0.00s Sys=0.00s Real=0.00s
[2.602s][info][gc,marking  ] GC(25) Concurrent Clear Claimed Marks
[2.602s][info][gc,marking  ] GC(25) Concurrent Clear Claimed Marks 0.062ms
[2.602s][info][gc,marking  ] GC(25) Concurrent Cleanup for Next Mark
[2.602s][info][gc,marking  ] GC(25) Concurrent Cleanup for Next Mark 0.345ms
[2.602s][info][gc          ] GC(25) Concurrent Mark Cycle 4.920ms
[2.655s][info][gc,start    ] GC(26) Pause Young (Concurrent Start) (G1 Humongous Allocation)
[2.655s][info][gc,task     ] GC(26) Using 3 workers of 8 for evacuation
[2.658s][info][gc,phases   ] GC(26)   Pre Evacuate Collection Set: 0.3ms
[2.658s][info][gc,phases   ] GC(26)   Merge Heap Roots: 0.2ms
[2.658s][info][gc,phases   ] GC(26)   Evacuate Collection Set: 1.2ms
[2.658s][info][gc,phases   ] GC(26)   Post Evacuate Collection Set: 0.7ms
[2.658s][info][gc,phases   ] GC(26)   Other: 0.3ms
[2.658s][info][gc,heap     ] GC(26) Eden regions: 0->0(37)
[2.658s][info][gc,heap     ] GC(26) Survivor regions: 2->2(5)
[2.658s][info][gc,heap     ] GC(26) Old regions: 0->0
[2.658s][info][gc,heap     ] GC(26) Humongous regions: 82->82
[2.658s][info][gc,metaspace] GC(26) Metaspace: 377K(576K)->377K(576K) NonClass: 353K(448K)->353K(448K) Class: 24K(128K)->24K(128K)
[2.658s][info][gc          ] GC(26) Pause Young (Concurrent Start) (G1 Humongous Allocation) 83M->83M(140M) 2.995ms
[2.658s][info][gc,cpu      ] GC(26) User=0.00s Sys=0.00s Real=0.00s
[2.658s][info][gc          ] GC(27) Concurrent Mark Cycle
[2.658s][info][gc,marking  ] GC(27) Concurrent Scan Root Regions
[2.659s][info][gc,marking  ] GC(27) Concurrent Scan Root Regions 0.932ms
[2.659s][info][gc,marking  ] GC(27) Concurrent Mark
[2.659s][info][gc,marking  ] GC(27) Concurrent Mark From Roots
[2.659s][info][gc,task     ] GC(27) Using 2 workers of 2 for marking
[2.659s][info][gc,marking  ] GC(27) Concurrent Mark From Roots 0.279ms
[2.659s][info][gc,marking  ] GC(27) Concurrent Preclean
[2.660s][info][gc,marking  ] GC(27) Concurrent Preclean 0.119ms
[2.660s][info][gc,start    ] GC(27) Pause Remark
[2.661s][info][gc          ] GC(27) Pause Remark 85M->85M(144M) 1.260ms
[2.661s][info][gc,cpu      ] GC(27) User=0.00s Sys=0.00s Real=0.00s
[2.661s][info][gc,marking  ] GC(27) Concurrent Mark 1.978ms
[2.661s][info][gc,marking  ] GC(27) Concurrent Rebuild Remembered Sets and Scrub Regions
[2.661s][info][gc,marking  ] GC(27) Concurrent Rebuild Remembered Sets and Scrub Regions 0.172ms
[2.661s][info][gc,start    ] GC(27) Pause Cleanup
[2.661s][info][gc          ] GC(27) Pause Cleanup 85M->85M(144M) 0.072ms
[2.661s][info][gc,cpu      ] GC(27) User=0.00s Sys=0.00s Real=0.00s
[2.662s][info][gc,marking  ] GC(27) Concurrent Clear Claimed Marks
[2.662s][info][gc,marking  ] GC(27) Concurrent Clear Claimed Marks 0.051ms
[2.662s][info][gc,marking  ] GC(27) Concurrent Cleanup for Next Mark
[2.662s][info][gc,marking  ] GC(27) Concurrent Cleanup for Next Mark 0.570ms
[2.662s][info][gc          ] GC(27) Concurrent Mark Cycle 4.296ms
[2.716s][info][gc,start    ] GC(28) Pause Young (Concurrent Start) (G1 Humongous Allocation)
[2.716s][info][gc,task     ] GC(28) Using 3 workers of 8 for evacuation
[2.719s][info][gc,phases   ] GC(28)   Pre Evacuate Collection Set: 0.3ms
[2.719s][info][gc,phases   ] GC(28)   Merge Heap Roots: 0.2ms
[2.719s][info][gc,phases   ] GC(28)   Evacuate Collection Set: 1.8ms
[2.719s][info][gc,phases   ] GC(28)   Post Evacuate Collection Set: 0.7ms
[2.719s][info][gc,phases   ] GC(28)   Other: 0.2ms
[2.719s][info][gc,heap     ] GC(28) Eden regions: 0->0(39)
[2.719s][info][gc,heap     ] GC(28) Survivor regions: 2->2(5)
[2.719s][info][gc,heap     ] GC(28) Old regions: 0->0
[2.719s][info][gc,heap     ] GC(28) Humongous regions: 84->84
[2.719s][info][gc,metaspace] GC(28) Metaspace: 377K(576K)->377K(576K) NonClass: 353K(448K)->353K(448K) Class: 24K(128K)->24K(128K)
[2.719s][info][gc          ] GC(28) Pause Young (Concurrent Start) (G1 Humongous Allocation) 85M->85M(144M) 3.598ms
[2.719s][info][gc,cpu      ] GC(28) User=0.00s Sys=0.00s Real=0.00s
[2.719s][info][gc          ] GC(29) Concurrent Mark Cycle
[2.719s][info][gc,marking  ] GC(29) Concurrent Scan Root Regions
[2.720s][info][gc,marking  ] GC(29) Concurrent Scan Root Regions 0.971ms
[2.720s][info][gc,marking  ] GC(29) Concurrent Mark
[2.720s][info][gc,marking  ] GC(29) Concurrent Mark From Roots
[2.720s][info][gc,task     ] GC(29) Using 2 workers of 2 for marking
[2.721s][info][gc,marking  ] GC(29) Concurrent Mark From Roots 0.249ms
[2.721s][info][gc,marking  ] GC(29) Concurrent Preclean
[2.721s][info][gc,marking  ] GC(29) Concurrent Preclean 0.018ms
[2.721s][info][gc,start    ] GC(29) Pause Remark
[2.722s][info][gc          ] GC(29) Pause Remark 87M->87M(147M) 1.013ms
[2.722s][info][gc,cpu      ] GC(29) User=0.00s Sys=0.00s Real=0.00s
[2.722s][info][gc,marking  ] GC(29) Concurrent Mark 1.539ms
[2.722s][info][gc,marking  ] GC(29) Concurrent Rebuild Remembered Sets and Scrub Regions
[2.722s][info][gc,marking  ] GC(29) Concurrent Rebuild Remembered Sets and Scrub Regions 0.152ms
[2.722s][info][gc,start    ] GC(29) Pause Cleanup
[2.722s][info][gc          ] GC(29) Pause Cleanup 87M->87M(147M) 0.041ms
[2.722s][info][gc,cpu      ] GC(29) User=0.00s Sys=0.00s Real=0.00s
[2.722s][info][gc,marking  ] GC(29) Concurrent Clear Claimed Marks
[2.722s][info][gc,marking  ] GC(29) Concurrent Clear Claimed Marks 0.038ms
[2.722s][info][gc,marking  ] GC(29) Concurrent Cleanup for Next Mark
[2.723s][info][gc,marking  ] GC(29) Concurrent Cleanup for Next Mark 0.531ms
[2.723s][info][gc          ] GC(29) Concurrent Mark Cycle 3.698ms
[2.777s][info][gc,start    ] GC(30) Pause Young (Concurrent Start) (G1 Humongous Allocation)
[2.777s][info][gc,task     ] GC(30) Using 3 workers of 8 for evacuation
[2.780s][info][gc,phases   ] GC(30)   Pre Evacuate Collection Set: 0.2ms
[2.780s][info][gc,phases   ] GC(30)   Merge Heap Roots: 0.2ms
[2.780s][info][gc,phases   ] GC(30)   Evacuate Collection Set: 1.9ms
[2.781s][info][gc,phases   ] GC(30)   Post Evacuate Collection Set: 0.6ms
[2.781s][info][gc,phases   ] GC(30)   Other: 0.2ms
[2.781s][info][gc,heap     ] GC(30) Eden regions: 0->0(39)
[2.781s][info][gc,heap     ] GC(30) Survivor regions: 2->1(6)
[2.781s][info][gc,heap     ] GC(30) Old regions: 0->2
[2.781s][info][gc,heap     ] GC(30) Humongous regions: 86->86
[2.781s][info][gc,metaspace] GC(30) Metaspace: 377K(576K)->377K(576K) NonClass: 353K(448K)->353K(448K) Class: 24K(128K)->24K(128K)
[2.781s][info][gc          ] GC(30) Pause Young (Concurrent Start) (G1 Humongous Allocation) 87M->87M(147M) 3.694ms
[2.781s][info][gc,cpu      ] GC(30) User=0.00s Sys=0.00s Real=0.00s
[2.781s][info][gc          ] GC(31) Concurrent Mark Cycle
[2.781s][info][gc,marking  ] GC(31) Concurrent Scan Root Regions
[2.782s][info][gc,marking  ] GC(31) Concurrent Scan Root Regions 1.371ms
[2.782s][info][gc,marking  ] GC(31) Concurrent Mark
[2.782s][info][gc,marking  ] GC(31) Concurrent Mark From Roots
[2.782s][info][gc,task     ] GC(31) Using 2 workers of 2 for marking
[2.783s][info][gc,marking  ] GC(31) Concurrent Mark From Roots 0.332ms
[2.783s][info][gc,marking  ] GC(31) Concurrent Preclean
[2.783s][info][gc,marking  ] GC(31) Concurrent Preclean 0.019ms
[2.783s][info][gc,start    ] GC(31) Pause Remark
[2.784s][info][gc          ] GC(31) Pause Remark 89M->89M(152M) 0.777ms
[2.784s][info][gc,cpu      ] GC(31) User=0.00s Sys=0.00s Real=0.00s
[2.784s][info][gc,marking  ] GC(31) Concurrent Mark 1.439ms
[2.784s][info][gc,marking  ] GC(31) Concurrent Rebuild Remembered Sets and Scrub Regions
[2.785s][info][gc,marking  ] GC(31) Concurrent Rebuild Remembered Sets and Scrub Regions 0.943ms
[2.785s][info][gc,start    ] GC(31) Pause Cleanup
[2.785s][info][gc          ] GC(31) Pause Cleanup 89M->89M(152M) 0.216ms
[2.785s][info][gc,cpu      ] GC(31) User=0.00s Sys=0.00s Real=0.00s
[2.785s][info][gc,marking  ] GC(31) Concurrent Clear Claimed Marks
[2.785s][info][gc,marking  ] GC(31) Concurrent Clear Claimed Marks 0.041ms
[2.785s][info][gc,marking  ] GC(31) Concurrent Cleanup for Next Mark
[2.786s][info][gc,marking  ] GC(31) Concurrent Cleanup for Next Mark 0.434ms
[2.786s][info][gc          ] GC(31) Concurrent Mark Cycle 5.103ms
[2.839s][info][gc,start    ] GC(32) Pause Young (Concurrent Start) (G1 Humongous Allocation)
[2.839s][info][gc,task     ] GC(32) Using 3 workers of 8 for evacuation
[2.840s][info][gc,phases   ] GC(32)   Pre Evacuate Collection Set: 0.2ms
[2.840s][info][gc,phases   ] GC(32)   Merge Heap Roots: 0.1ms
[2.840s][info][gc,phases   ] GC(32)   Evacuate Collection Set: 0.2ms
[2.840s][info][gc,phases   ] GC(32)   Post Evacuate Collection Set: 0.2ms
[2.840s][info][gc,phases   ] GC(32)   Other: 0.2ms
[2.840s][info][gc,heap     ] GC(32) Eden regions: 0->0(21)
[2.840s][info][gc,heap     ] GC(32) Survivor regions: 1->1(5)
[2.840s][info][gc,heap     ] GC(32) Old regions: 2->2
[2.840s][info][gc,heap     ] GC(32) Humongous regions: 88->88
[2.840s][info][gc,metaspace] GC(32) Metaspace: 377K(576K)->377K(576K) NonClass: 353K(448K)->353K(448K) Class: 24K(128K)->24K(128K)
[2.840s][info][gc          ] GC(32) Pause Young (Concurrent Start) (G1 Humongous Allocation) 89M->89M(152M) 1.290ms
[2.840s][info][gc,cpu      ] GC(32) User=0.00s Sys=0.00s Real=0.00s
[2.840s][info][gc          ] GC(33) Concurrent Mark Cycle
[2.840s][info][gc,marking  ] GC(33) Concurrent Scan Root Regions
[2.840s][info][gc,marking  ] GC(33) Concurrent Scan Root Regions 0.162ms
[2.840s][info][gc,marking  ] GC(33) Concurrent Mark
[2.840s][info][gc,marking  ] GC(33) Concurrent Mark From Roots
[2.840s][info][gc,task     ] GC(33) Using 2 workers of 2 for marking
[2.843s][info][gc,marking  ] GC(33) Concurrent Mark From Roots 2.296ms
[2.843s][info][gc,marking  ] GC(33) Concurrent Preclean
[2.843s][info][gc,marking  ] GC(33) Concurrent Preclean 0.031ms
[2.843s][info][gc,start    ] GC(33) Pause Remark
[2.844s][info][gc          ] GC(33) Pause Remark 91M->91M(155M) 0.881ms
[2.844s][info][gc,cpu      ] GC(33) User=0.00s Sys=0.00s Real=0.00s
[2.844s][info][gc,marking  ] GC(33) Concurrent Mark 3.637ms
[2.844s][info][gc,marking  ] GC(33) Concurrent Rebuild Remembered Sets and Scrub Regions
[2.845s][info][gc,marking  ] GC(33) Concurrent Rebuild Remembered Sets and Scrub Regions 1.012ms
[2.845s][info][gc,start    ] GC(33) Pause Cleanup
[2.845s][info][gc          ] GC(33) Pause Cleanup 91M->91M(155M) 0.190ms
[2.845s][info][gc,cpu      ] GC(33) User=0.00s Sys=0.00s Real=0.00s
[2.845s][info][gc,marking  ] GC(33) Concurrent Clear Claimed Marks
[2.845s][info][gc,marking  ] GC(33) Concurrent Clear Claimed Marks 0.045ms
[2.846s][info][gc,marking  ] GC(33) Concurrent Cleanup for Next Mark
[2.846s][info][gc,marking  ] GC(33) Concurrent Cleanup for Next Mark 0.574ms
[2.846s][info][gc          ] GC(33) Concurrent Mark Cycle 6.376ms
[2.902s][info][gc,start    ] GC(34) Pause Young (Concurrent Start) (G1 Humongous Allocation)
[2.902s][info][gc,task     ] GC(34) Using 3 workers of 8 for evacuation
[2.902s][info][gc,phases   ] GC(34)   Pre Evacuate Collection Set: 0.1ms
[2.902s][info][gc,phases   ] GC(34)   Merge Heap Roots: 0.0ms
[2.902s][info][gc,phases   ] GC(34)   Evacuate Collection Set: 0.1ms
[2.902s][info][gc,phases   ] GC(34)   Post Evacuate Collection Set: 0.2ms
[2.902s][info][gc,phases   ] GC(34)   Other: 0.1ms
[2.902s][info][gc,heap     ] GC(34) Eden regions: 0->0(16)
[2.902s][info][gc,heap     ] GC(34) Survivor regions: 1->1(3)
[2.902s][info][gc,heap     ] GC(34) Old regions: 2->2
[2.902s][info][gc,heap     ] GC(34) Humongous regions: 90->90
[2.902s][info][gc,metaspace] GC(34) Metaspace: 377K(576K)->377K(576K) NonClass: 353K(448K)->353K(448K) Class: 24K(128K)->24K(128K)
[2.902s][info][gc          ] GC(34) Pause Young (Concurrent Start) (G1 Humongous Allocation) 91M->91M(155M) 0.910ms
[2.902s][info][gc,cpu      ] GC(34) User=0.00s Sys=0.00s Real=0.00s
[2.903s][info][gc          ] GC(35) Concurrent Mark Cycle
[2.903s][info][gc,marking  ] GC(35) Concurrent Scan Root Regions
[2.903s][info][gc,marking  ] GC(35) Concurrent Scan Root Regions 0.072ms
[2.903s][info][gc,marking  ] GC(35) Concurrent Mark
[2.903s][info][gc,marking  ] GC(35) Concurrent Mark From Roots
[2.903s][info][gc,task     ] GC(35) Using 2 workers of 2 for marking
[2.904s][info][gc,marking  ] GC(35) Concurrent Mark From Roots 1.717ms
[2.904s][info][gc,marking  ] GC(35) Concurrent Preclean
[2.905s][info][gc,marking  ] GC(35) Concurrent Preclean 0.074ms
[2.905s][info][gc,start    ] GC(35) Pause Remark
[2.905s][info][gc          ] GC(35) Pause Remark 93M->93M(159M) 0.559ms
[2.905s][info][gc,cpu      ] GC(35) User=0.00s Sys=0.00s Real=0.00s
[2.905s][info][gc,marking  ] GC(35) Concurrent Mark 2.562ms
[2.905s][info][gc,marking  ] GC(35) Concurrent Rebuild Remembered Sets and Scrub Regions
[2.906s][info][gc,marking  ] GC(35) Concurrent Rebuild Remembered Sets and Scrub Regions 0.662ms
[2.906s][info][gc,start    ] GC(35) Pause Cleanup
[2.906s][info][gc          ] GC(35) Pause Cleanup 93M->93M(159M) 0.083ms
[2.906s][info][gc,cpu      ] GC(35) User=0.00s Sys=0.00s Real=0.00s
[2.906s][info][gc,marking  ] GC(35) Concurrent Clear Claimed Marks
[2.906s][info][gc,marking  ] GC(35) Concurrent Clear Claimed Marks 0.051ms
[2.906s][info][gc,marking  ] GC(35) Concurrent Cleanup for Next Mark
[2.907s][info][gc,marking  ] GC(35) Concurrent Cleanup for Next Mark 0.392ms
[2.907s][info][gc          ] GC(35) Concurrent Mark Cycle 4.137ms
[2.964s][info][gc,start    ] GC(36) Pause Young (Concurrent Start) (G1 Humongous Allocation)
[2.964s][info][gc,task     ] GC(36) Using 3 workers of 8 for evacuation
[2.966s][info][gc,phases   ] GC(36)   Pre Evacuate Collection Set: 0.4ms
[2.966s][info][gc,phases   ] GC(36)   Merge Heap Roots: 0.2ms
[2.966s][info][gc,phases   ] GC(36)   Evacuate Collection Set: 0.3ms
[2.966s][info][gc,phases   ] GC(36)   Post Evacuate Collection Set: 0.6ms
[2.966s][info][gc,phases   ] GC(36)   Other: 0.3ms
[2.966s][info][gc,heap     ] GC(36) Eden regions: 0->0(7)
[2.967s][info][gc,heap     ] GC(36) Survivor regions: 1->1(3)
[2.967s][info][gc,heap     ] GC(36) Old regions: 2->2
[2.967s][info][gc,heap     ] GC(36) Humongous regions: 92->92
[2.967s][info][gc,metaspace] GC(36) Metaspace: 377K(576K)->377K(576K) NonClass: 353K(448K)->353K(448K) Class: 24K(128K)->24K(128K)
[2.967s][info][gc          ] GC(36) Pause Young (Concurrent Start) (G1 Humongous Allocation) 93M->93M(159M) 2.761ms
[2.967s][info][gc,cpu      ] GC(36) User=0.00s Sys=0.00s Real=0.00s
[2.967s][info][gc          ] GC(37) Concurrent Mark Cycle
[2.967s][info][gc,marking  ] GC(37) Concurrent Scan Root Regions
[2.967s][info][gc,marking  ] GC(37) Concurrent Scan Root Regions 0.204ms
[2.967s][info][gc,marking  ] GC(37) Concurrent Mark
[2.967s][info][gc,marking  ] GC(37) Concurrent Mark From Roots
[2.967s][info][gc,task     ] GC(37) Using 2 workers of 2 for marking
[2.971s][info][gc,marking  ] GC(37) Concurrent Mark From Roots 3.445ms
[2.971s][info][gc,marking  ] GC(37) Concurrent Preclean
[2.971s][info][gc,marking  ] GC(37) Concurrent Preclean 0.046ms
[2.971s][info][gc,start    ] GC(37) Pause Remark
[2.973s][info][gc          ] GC(37) Pause Remark 95M->95M(162M) 1.338ms
[2.973s][info][gc,cpu      ] GC(37) User=0.00s Sys=0.00s Real=0.00s
[2.973s][info][gc,marking  ] GC(37) Concurrent Mark 5.371ms
[2.973s][info][gc,marking  ] GC(37) Concurrent Rebuild Remembered Sets and Scrub Regions
[2.974s][info][gc,marking  ] GC(37) Concurrent Rebuild Remembered Sets and Scrub Regions 1.116ms
[2.974s][info][gc,start    ] GC(37) Pause Cleanup
[2.974s][info][gc          ] GC(37) Pause Cleanup 95M->95M(162M) 0.270ms
[2.974s][info][gc,cpu      ] GC(37) User=0.00s Sys=0.00s Real=0.00s
[2.975s][info][gc,marking  ] GC(37) Concurrent Clear Claimed Marks
[2.975s][info][gc,marking  ] GC(37) Concurrent Clear Claimed Marks 0.060ms
[2.975s][info][gc,marking  ] GC(37) Concurrent Cleanup for Next Mark
[2.975s][info][gc,marking  ] GC(37) Concurrent Cleanup for Next Mark 0.491ms
[2.975s][info][gc          ] GC(37) Concurrent Mark Cycle 8.225ms
[3.028s][info][gc,start    ] GC(38) Pause Young (Concurrent Start) (G1 Humongous Allocation)
[3.028s][info][gc,task     ] GC(38) Using 3 workers of 8 for evacuation
[3.030s][info][gc,phases   ] GC(38)   Pre Evacuate Collection Set: 0.3ms
[3.030s][info][gc,phases   ] GC(38)   Merge Heap Roots: 0.1ms
[3.030s][info][gc,phases   ] GC(38)   Evacuate Collection Set: 0.3ms
[3.030s][info][gc,phases   ] GC(38)   Post Evacuate Collection Set: 0.6ms
[3.030s][info][gc,phases   ] GC(38)   Other: 0.3ms
[3.030s][info][gc,heap     ] GC(38) Eden regions: 0->0(7)
[3.030s][info][gc,heap     ] GC(38) Survivor regions: 1->1(1)
[3.031s][info][gc,heap     ] GC(38) Old regions: 2->2
[3.031s][info][gc,heap     ] GC(38) Humongous regions: 94->94
[3.031s][info][gc,metaspace] GC(38) Metaspace: 377K(576K)->377K(576K) NonClass: 353K(448K)->353K(448K) Class: 24K(128K)->24K(128K)
[3.031s][info][gc          ] GC(38) Pause Young (Concurrent Start) (G1 Humongous Allocation) 95M->95M(162M) 2.587ms
[3.031s][info][gc,cpu      ] GC(38) User=0.00s Sys=0.00s Real=0.00s
[3.031s][info][gc          ] GC(39) Concurrent Mark Cycle
[3.031s][info][gc,marking  ] GC(39) Concurrent Scan Root Regions
[3.031s][info][gc,marking  ] GC(39) Concurrent Scan Root Regions 0.285ms
[3.031s][info][gc,marking  ] GC(39) Concurrent Mark
[3.031s][info][gc,marking  ] GC(39) Concurrent Mark From Roots
[3.031s][info][gc,task     ] GC(39) Using 2 workers of 2 for marking
[3.035s][info][gc,marking  ] GC(39) Concurrent Mark From Roots 3.558ms
[3.035s][info][gc,marking  ] GC(39) Concurrent Preclean
[3.035s][info][gc,marking  ] GC(39) Concurrent Preclean 0.043ms
[3.035s][info][gc,start    ] GC(39) Pause Remark
[3.037s][info][gc          ] GC(39) Pause Remark 97M->97M(165M) 1.410ms
[3.037s][info][gc,cpu      ] GC(39) User=0.00s Sys=0.00s Real=0.00s
[3.037s][info][gc,marking  ] GC(39) Concurrent Mark 5.543ms
[3.037s][info][gc,marking  ] GC(39) Concurrent Rebuild Remembered Sets and Scrub Regions
[3.038s][info][gc,marking  ] GC(39) Concurrent Rebuild Remembered Sets and Scrub Regions 1.126ms
[3.038s][info][gc,start    ] GC(39) Pause Cleanup
[3.039s][info][gc          ] GC(39) Pause Cleanup 97M->97M(165M) 0.306ms
[3.039s][info][gc,cpu      ] GC(39) User=0.00s Sys=0.00s Real=0.00s
[3.039s][info][gc,marking  ] GC(39) Concurrent Clear Claimed Marks
[3.039s][info][gc,marking  ] GC(39) Concurrent Clear Claimed Marks 0.059ms
[3.039s][info][gc,marking  ] GC(39) Concurrent Cleanup for Next Mark
[3.039s][info][gc,marking  ] GC(39) Concurrent Cleanup for Next Mark 0.458ms
[3.039s][info][gc          ] GC(39) Concurrent Mark Cycle 8.485ms
[3.089s][info][gc,start    ] GC(40) Pause Young (Concurrent Start) (G1 Humongous Allocation)
[3.089s][info][gc,task     ] GC(40) Using 3 workers of 8 for evacuation
[3.091s][info][gc,phases   ] GC(40)   Pre Evacuate Collection Set: 0.3ms
[3.091s][info][gc,phases   ] GC(40)   Merge Heap Roots: 0.2ms
[3.091s][info][gc,phases   ] GC(40)   Evacuate Collection Set: 0.3ms
[3.091s][info][gc,phases   ] GC(40)   Post Evacuate Collection Set: 0.7ms
[3.091s][info][gc,phases   ] GC(40)   Other: 0.3ms
[3.091s][info][gc,heap     ] GC(40) Eden regions: 0->0(7)
[3.091s][info][gc,heap     ] GC(40) Survivor regions: 1->1(1)
[3.091s][info][gc,heap     ] GC(40) Old regions: 2->2
[3.091s][info][gc,heap     ] GC(40) Humongous regions: 96->96
[3.091s][info][gc,metaspace] GC(40) Metaspace: 377K(576K)->377K(576K) NonClass: 353K(448K)->353K(448K) Class: 24K(128K)->24K(128K)
[3.091s][info][gc          ] GC(40) Pause Young (Concurrent Start) (G1 Humongous Allocation) 97M->97M(165M) 2.102ms
[3.091s][info][gc,cpu      ] GC(40) User=0.00s Sys=0.00s Real=0.00s
[3.091s][info][gc          ] GC(41) Concurrent Mark Cycle
[3.091s][info][gc,marking  ] GC(41) Concurrent Scan Root Regions
[3.091s][info][gc,marking  ] GC(41) Concurrent Scan Root Regions 0.180ms
[3.091s][info][gc,marking  ] GC(41) Concurrent Mark
[3.091s][info][gc,marking  ] GC(41) Concurrent Mark From Roots
[3.091s][info][gc,task     ] GC(41) Using 2 workers of 2 for marking
[3.093s][info][gc,marking  ] GC(41) Concurrent Mark From Roots 1.903ms
[3.093s][info][gc,marking  ] GC(41) Concurrent Preclean
[3.093s][info][gc,marking  ] GC(41) Concurrent Preclean 0.026ms
[3.094s][info][gc,start    ] GC(41) Pause Remark
[3.095s][info][gc          ] GC(41) Pause Remark 99M->99M(169M) 1.495ms
[3.095s][info][gc,cpu      ] GC(41) User=0.00s Sys=0.00s Real=0.00s
[3.095s][info][gc,marking  ] GC(41) Concurrent Mark 3.793ms
[3.095s][info][gc,marking  ] GC(41) Concurrent Rebuild Remembered Sets and Scrub Regions
[3.097s][info][gc,marking  ] GC(41) Concurrent Rebuild Remembered Sets and Scrub Regions 1.406ms
[3.097s][info][gc,start    ] GC(41) Pause Cleanup
[3.097s][info][gc          ] GC(41) Pause Cleanup 99M->99M(169M) 0.334ms
[3.097s][info][gc,cpu      ] GC(41) User=0.00s Sys=0.00s Real=0.00s
[3.097s][info][gc,marking  ] GC(41) Concurrent Clear Claimed Marks
[3.097s][info][gc,marking  ] GC(41) Concurrent Clear Claimed Marks 0.048ms
[3.097s][info][gc,marking  ] GC(41) Concurrent Cleanup for Next Mark
[3.099s][info][gc,marking  ] GC(41) Concurrent Cleanup for Next Mark 1.081ms
[3.099s][info][gc          ] GC(41) Concurrent Mark Cycle 7.589ms
[3.152s][info][gc,start    ] GC(42) Pause Young (Concurrent Start) (G1 Humongous Allocation)
[3.152s][info][gc,task     ] GC(42) Using 4 workers of 8 for evacuation
[3.154s][info][gc,phases   ] GC(42)   Pre Evacuate Collection Set: 0.4ms
[3.154s][info][gc,phases   ] GC(42)   Merge Heap Roots: 0.2ms
[3.154s][info][gc,phases   ] GC(42)   Evacuate Collection Set: 0.4ms
[3.154s][info][gc,phases   ] GC(42)   Post Evacuate Collection Set: 0.8ms
[3.154s][info][gc,phases   ] GC(42)   Other: 0.3ms
[3.155s][info][gc,heap     ] GC(42) Eden regions: 0->0(8)
[3.155s][info][gc,heap     ] GC(42) Survivor regions: 1->0(1)
[3.155s][info][gc,heap     ] GC(42) Old regions: 2->2
[3.155s][info][gc,heap     ] GC(42) Humongous regions: 98->98
[3.155s][info][gc,metaspace] GC(42) Metaspace: 377K(576K)->377K(576K) NonClass: 353K(448K)->353K(448K) Class: 24K(128K)->24K(128K)
[3.155s][info][gc          ] GC(42) Pause Young (Concurrent Start) (G1 Humongous Allocation) 99M->99M(177M) 2.640ms
[3.155s][info][gc,cpu      ] GC(42) User=0.00s Sys=0.00s Real=0.00s
[3.155s][info][gc          ] GC(43) Concurrent Mark Cycle
[3.155s][info][gc,marking  ] GC(43) Concurrent Scan Root Regions
[3.155s][info][gc,marking  ] GC(43) Concurrent Scan Root Regions 0.173ms
[3.155s][info][gc,marking  ] GC(43) Concurrent Mark
[3.155s][info][gc,marking  ] GC(43) Concurrent Mark From Roots
[3.155s][info][gc,task     ] GC(43) Using 2 workers of 2 for marking
[3.158s][info][gc,marking  ] GC(43) Concurrent Mark From Roots 2.572ms
[3.158s][info][gc,marking  ] GC(43) Concurrent Preclean
[3.158s][info][gc,marking  ] GC(43) Concurrent Preclean 0.033ms
[3.158s][info][gc,start    ] GC(43) Pause Remark
[3.159s][info][gc          ] GC(43) Pause Remark 101M->101M(177M) 1.218ms
[3.159s][info][gc,cpu      ] GC(43) User=0.00s Sys=0.00s Real=0.00s
[3.160s][info][gc,marking  ] GC(43) Concurrent Mark 4.307ms
[3.160s][info][gc,marking  ] GC(43) Concurrent Rebuild Remembered Sets and Scrub Regions
[3.160s][info][gc,marking  ] GC(43) Concurrent Rebuild Remembered Sets and Scrub Regions 0.731ms
[3.160s][info][gc,start    ] GC(43) Pause Cleanup
[3.161s][info][gc          ] GC(43) Pause Cleanup 101M->101M(177M) 0.422ms
[3.161s][info][gc,cpu      ] GC(43) User=0.00s Sys=0.00s Real=0.00s
[3.161s][info][gc,marking  ] GC(43) Concurrent Clear Claimed Marks
[3.161s][info][gc,marking  ] GC(43) Concurrent Clear Claimed Marks 0.035ms
[3.161s][info][gc,marking  ] GC(43) Concurrent Cleanup for Next Mark
[3.162s][info][gc,marking  ] GC(43) Concurrent Cleanup for Next Mark 0.670ms
[3.162s][info][gc          ] GC(43) Concurrent Mark Cycle 6.907ms
[3.214s][info][gc,start    ] GC(44) Pause Young (Concurrent Start) (G1 Humongous Allocation)
[3.215s][info][gc,task     ] GC(44) Using 4 workers of 8 for evacuation
[3.216s][info][gc,phases   ] GC(44)   Pre Evacuate Collection Set: 0.3ms
[3.216s][info][gc,phases   ] GC(44)   Merge Heap Roots: 0.1ms
[3.216s][info][gc,phases   ] GC(44)   Evacuate Collection Set: 0.4ms
[3.216s][info][gc,phases   ] GC(44)   Post Evacuate Collection Set: 0.6ms
[3.216s][info][gc,phases   ] GC(44)   Other: 0.2ms
[3.216s][info][gc,heap     ] GC(44) Eden regions: 1->0(11)
[3.216s][info][gc,heap     ] GC(44) Survivor regions: 0->1(1)
[3.216s][info][gc,heap     ] GC(44) Old regions: 2->2
[3.216s][info][gc,heap     ] GC(44) Humongous regions: 100->100
[3.216s][info][gc,metaspace] GC(44) Metaspace: 378K(576K)->378K(576K) NonClass: 353K(448K)->353K(448K) Class: 24K(128K)->24K(128K)
[3.216s][info][gc          ] GC(44) Pause Young (Concurrent Start) (G1 Humongous Allocation) 101M->101M(177M) 2.080ms
[3.217s][info][gc,cpu      ] GC(44) User=0.00s Sys=0.00s Real=0.00s
[3.217s][info][gc          ] GC(45) Concurrent Mark Cycle
[3.217s][info][gc,marking  ] GC(45) Concurrent Scan Root Regions
[3.217s][info][gc,marking  ] GC(45) Concurrent Scan Root Regions 0.315ms
[3.217s][info][gc,marking  ] GC(45) Concurrent Mark
[3.217s][info][gc,marking  ] GC(45) Concurrent Mark From Roots
[3.217s][info][gc,task     ] GC(45) Using 2 workers of 2 for marking
[3.219s][info][gc,marking  ] GC(45) Concurrent Mark From Roots 1.920ms
[3.219s][info][gc,marking  ] GC(45) Concurrent Preclean
[3.219s][info][gc,marking  ] GC(45) Concurrent Preclean 0.026ms
[3.219s][info][gc,start    ] GC(45) Pause Remark
[3.221s][info][gc          ] GC(45) Pause Remark 103M->103M(177M) 1.337ms
[3.221s][info][gc,cpu      ] GC(45) User=0.00s Sys=0.00s Real=0.00s
[3.221s][info][gc,marking  ] GC(45) Concurrent Mark 3.600ms
[3.221s][info][gc,marking  ] GC(45) Concurrent Rebuild Remembered Sets and Scrub Regions
[3.222s][info][gc,marking  ] GC(45) Concurrent Rebuild Remembered Sets and Scrub Regions 0.970ms
[3.222s][info][gc,start    ] GC(45) Pause Cleanup
[3.222s][info][gc          ] GC(45) Pause Cleanup 103M->103M(177M) 0.284ms
[3.222s][info][gc,cpu      ] GC(45) User=0.00s Sys=0.00s Real=0.00s
[3.222s][info][gc,marking  ] GC(45) Concurrent Clear Claimed Marks
[3.222s][info][gc,marking  ] GC(45) Concurrent Clear Claimed Marks 0.038ms
[3.222s][info][gc,marking  ] GC(45) Concurrent Cleanup for Next Mark
[3.223s][info][gc,marking  ] GC(45) Concurrent Cleanup for Next Mark 0.659ms
[3.223s][info][gc          ] GC(45) Concurrent Mark Cycle 6.299ms
[3.276s][info][gc,start    ] GC(46) Pause Young (Concurrent Start) (G1 Humongous Allocation)
[3.276s][info][gc,task     ] GC(46) Using 4 workers of 8 for evacuation
[3.278s][info][gc,phases   ] GC(46)   Pre Evacuate Collection Set: 0.4ms
[3.278s][info][gc,phases   ] GC(46)   Merge Heap Roots: 0.2ms
[3.278s][info][gc,phases   ] GC(46)   Evacuate Collection Set: 0.4ms
[3.278s][info][gc,phases   ] GC(46)   Post Evacuate Collection Set: 0.4ms
[3.278s][info][gc,phases   ] GC(46)   Other: 0.3ms
[3.278s][info][gc,heap     ] GC(46) Eden regions: 0->0(14)
[3.278s][info][gc,heap     ] GC(46) Survivor regions: 1->1(2)
[3.278s][info][gc,heap     ] GC(46) Old regions: 2->2
[3.278s][info][gc,heap     ] GC(46) Humongous regions: 102->102
[3.278s][info][gc,metaspace] GC(46) Metaspace: 378K(576K)->378K(576K) NonClass: 353K(448K)->353K(448K) Class: 24K(128K)->24K(128K)
[3.278s][info][gc          ] GC(46) Pause Young (Concurrent Start) (G1 Humongous Allocation) 103M->103M(177M) 2.002ms
[3.278s][info][gc,cpu      ] GC(46) User=0.00s Sys=0.00s Real=0.00s
[3.278s][info][gc          ] GC(47) Concurrent Mark Cycle
[3.278s][info][gc,marking  ] GC(47) Concurrent Scan Root Regions
[3.278s][info][gc,marking  ] GC(47) Concurrent Scan Root Regions 0.140ms
[3.278s][info][gc,marking  ] GC(47) Concurrent Mark
[3.278s][info][gc,marking  ] GC(47) Concurrent Mark From Roots
[3.278s][info][gc,task     ] GC(47) Using 2 workers of 2 for marking
[3.282s][info][gc,marking  ] GC(47) Concurrent Mark From Roots 3.228ms
[3.282s][info][gc,marking  ] GC(47) Concurrent Preclean
[3.282s][info][gc,marking  ] GC(47) Concurrent Preclean 0.065ms
[3.282s][info][gc,start    ] GC(47) Pause Remark
[3.284s][info][gc          ] GC(47) Pause Remark 105M->105M(179M) 1.650ms
[3.284s][info][gc,cpu      ] GC(47) User=0.00s Sys=0.00s Real=0.00s
[3.284s][info][gc,marking  ] GC(47) Concurrent Mark 5.397ms
[3.284s][info][gc,marking  ] GC(47) Concurrent Rebuild Remembered Sets and Scrub Regions
[3.285s][info][gc,marking  ] GC(47) Concurrent Rebuild Remembered Sets and Scrub Regions 1.000ms
[3.285s][info][gc,start    ] GC(47) Pause Cleanup
[3.285s][info][gc          ] GC(47) Pause Cleanup 105M->105M(179M) 0.288ms
[3.285s][info][gc,cpu      ] GC(47) User=0.00s Sys=0.00s Real=0.00s
[3.285s][info][gc,marking  ] GC(47) Concurrent Clear Claimed Marks
[3.285s][info][gc,marking  ] GC(47) Concurrent Clear Claimed Marks 0.035ms
[3.285s][info][gc,marking  ] GC(47) Concurrent Cleanup for Next Mark
[3.286s][info][gc,marking  ] GC(47) Concurrent Cleanup for Next Mark 0.628ms
[3.286s][info][gc          ] GC(47) Concurrent Mark Cycle 8.071ms
[3.339s][info][gc,start    ] GC(48) Pause Young (Concurrent Start) (G1 Humongous Allocation)
[3.339s][info][gc,task     ] GC(48) Using 4 workers of 8 for evacuation
[3.341s][info][gc,phases   ] GC(48)   Pre Evacuate Collection Set: 0.6ms
[3.341s][info][gc,phases   ] GC(48)   Merge Heap Roots: 0.2ms
[3.341s][info][gc,phases   ] GC(48)   Evacuate Collection Set: 0.3ms
[3.341s][info][gc,phases   ] GC(48)   Post Evacuate Collection Set: 0.9ms
[3.341s][info][gc,phases   ] GC(48)   Other: 0.3ms
[3.341s][info][gc,heap     ] GC(48) Eden regions: 0->0(13)
[3.341s][info][gc,heap     ] GC(48) Survivor regions: 1->1(2)
[3.341s][info][gc,heap     ] GC(48) Old regions: 2->2
[3.341s][info][gc,heap     ] GC(48) Humongous regions: 104->104
[3.341s][info][gc,metaspace] GC(48) Metaspace: 378K(576K)->378K(576K) NonClass: 353K(448K)->353K(448K) Class: 24K(128K)->24K(128K)
[3.342s][info][gc          ] GC(48) Pause Young (Concurrent Start) (G1 Humongous Allocation) 105M->105M(179M) 2.973ms
[3.342s][info][gc,cpu      ] GC(48) User=0.00s Sys=0.00s Real=0.00s
[3.342s][info][gc          ] GC(49) Concurrent Mark Cycle
[3.342s][info][gc,marking  ] GC(49) Concurrent Scan Root Regions
[3.342s][info][gc,marking  ] GC(49) Concurrent Scan Root Regions 0.237ms
[3.342s][info][gc,marking  ] GC(49) Concurrent Mark
[3.342s][info][gc,marking  ] GC(49) Concurrent Mark From Roots
[3.342s][info][gc,task     ] GC(49) Using 2 workers of 2 for marking
[3.345s][info][gc,marking  ] GC(49) Concurrent Mark From Roots 3.323ms
[3.346s][info][gc,marking  ] GC(49) Concurrent Preclean
[3.346s][info][gc,marking  ] GC(49) Concurrent Preclean 0.030ms
[3.346s][info][gc,start    ] GC(49) Pause Remark
[3.347s][info][gc          ] GC(49) Pause Remark 107M->107M(182M) 1.150ms
[3.347s][info][gc,cpu      ] GC(49) User=0.00s Sys=0.00s Real=0.00s
[3.347s][info][gc,marking  ] GC(49) Concurrent Mark 4.893ms
[3.347s][info][gc,marking  ] GC(49) Concurrent Rebuild Remembered Sets and Scrub Regions
[3.348s][info][gc,marking  ] GC(49) Concurrent Rebuild Remembered Sets and Scrub Regions 0.831ms
[3.348s][info][gc,start    ] GC(49) Pause Cleanup
[3.348s][info][gc          ] GC(49) Pause Cleanup 107M->107M(182M) 0.183ms
[3.348s][info][gc,cpu      ] GC(49) User=0.00s Sys=0.00s Real=0.00s
[3.348s][info][gc,marking  ] GC(49) Concurrent Clear Claimed Marks
[3.348s][info][gc,marking  ] GC(49) Concurrent Clear Claimed Marks 0.035ms
[3.348s][info][gc,marking  ] GC(49) Concurrent Cleanup for Next Mark
[3.349s][info][gc,marking  ] GC(49) Concurrent Cleanup for Next Mark 0.383ms
[3.349s][info][gc          ] GC(49) Concurrent Mark Cycle 7.059ms
[3.400s][info][gc,start    ] GC(50) Pause Young (Concurrent Start) (G1 Humongous Allocation)
[3.400s][info][gc,task     ] GC(50) Using 4 workers of 8 for evacuation
[3.402s][info][gc,phases   ] GC(50)   Pre Evacuate Collection Set: 0.5ms
[3.402s][info][gc,phases   ] GC(50)   Merge Heap Roots: 0.2ms
[3.402s][info][gc,phases   ] GC(50)   Evacuate Collection Set: 0.3ms
[3.402s][info][gc,phases   ] GC(50)   Post Evacuate Collection Set: 0.7ms
[3.402s][info][gc,phases   ] GC(50)   Other: 0.3ms
[3.402s][info][gc,heap     ] GC(50) Eden regions: 0->0(13)
[3.402s][info][gc,heap     ] GC(50) Survivor regions: 1->1(2)
[3.402s][info][gc,heap     ] GC(50) Old regions: 2->2
[3.402s][info][gc,heap     ] GC(50) Humongous regions: 106->106
[3.402s][info][gc,metaspace] GC(50) Metaspace: 378K(576K)->378K(576K) NonClass: 353K(448K)->353K(448K) Class: 24K(128K)->24K(128K)
[3.402s][info][gc          ] GC(50) Pause Young (Concurrent Start) (G1 Humongous Allocation) 107M->107M(197M) 2.385ms
[3.402s][info][gc,cpu      ] GC(50) User=0.00s Sys=0.00s Real=0.00s
[3.402s][info][gc          ] GC(51) Concurrent Mark Cycle
[3.403s][info][gc,marking  ] GC(51) Concurrent Scan Root Regions
[3.403s][info][gc,marking  ] GC(51) Concurrent Scan Root Regions 0.172ms
[3.403s][info][gc,marking  ] GC(51) Concurrent Mark
[3.403s][info][gc,marking  ] GC(51) Concurrent Mark From Roots
[3.403s][info][gc,task     ] GC(51) Using 2 workers of 2 for marking
[3.405s][info][gc,marking  ] GC(51) Concurrent Mark From Roots 1.972ms
[3.405s][info][gc,marking  ] GC(51) Concurrent Preclean
[3.405s][info][gc,marking  ] GC(51) Concurrent Preclean 0.027ms
[3.405s][info][gc,start    ] GC(51) Pause Remark
[3.406s][info][gc          ] GC(51) Pause Remark 109M->109M(197M) 1.323ms
[3.406s][info][gc,cpu      ] GC(51) User=0.00s Sys=0.00s Real=0.00s
[3.406s][info][gc,marking  ] GC(51) Concurrent Mark 3.688ms
[3.407s][info][gc,marking  ] GC(51) Concurrent Rebuild Remembered Sets and Scrub Regions
[3.407s][info][gc,marking  ] GC(51) Concurrent Rebuild Remembered Sets and Scrub Regions 0.768ms
[3.407s][info][gc,start    ] GC(51) Pause Cleanup
[3.408s][info][gc          ] GC(51) Pause Cleanup 109M->109M(197M) 0.253ms
[3.408s][info][gc,cpu      ] GC(51) User=0.00s Sys=0.00s Real=0.00s
[3.408s][info][gc,marking  ] GC(51) Concurrent Clear Claimed Marks
[3.408s][info][gc,marking  ] GC(51) Concurrent Clear Claimed Marks 0.117ms
[3.408s][info][gc,marking  ] GC(51) Concurrent Cleanup for Next Mark
[3.408s][info][gc,marking  ] GC(51) Concurrent Cleanup for Next Mark 0.512ms
[3.409s][info][gc          ] GC(51) Concurrent Mark Cycle 6.037ms
[3.463s][info][gc,start    ] GC(52) Pause Young (Concurrent Start) (G1 Humongous Allocation)
[3.463s][info][gc,task     ] GC(52) Using 4 workers of 8 for evacuation
[3.465s][info][gc,phases   ] GC(52)   Pre Evacuate Collection Set: 0.3ms
[3.465s][info][gc,phases   ] GC(52)   Merge Heap Roots: 0.2ms
[3.465s][info][gc,phases   ] GC(52)   Evacuate Collection Set: 0.4ms
[3.465s][info][gc,phases   ] GC(52)   Post Evacuate Collection Set: 0.6ms
[3.465s][info][gc,phases   ] GC(52)   Other: 0.3ms
[3.465s][info][gc,heap     ] GC(52) Eden regions: 0->0(15)
[3.465s][info][gc,heap     ] GC(52) Survivor regions: 1->1(2)
[3.465s][info][gc,heap     ] GC(52) Old regions: 2->2
[3.465s][info][gc,heap     ] GC(52) Humongous regions: 108->108
[3.465s][info][gc,metaspace] GC(52) Metaspace: 378K(576K)->378K(576K) NonClass: 353K(448K)->353K(448K) Class: 24K(128K)->24K(128K)
[3.465s][info][gc          ] GC(52) Pause Young (Concurrent Start) (G1 Humongous Allocation) 109M->109M(197M) 2.213ms
[3.465s][info][gc,cpu      ] GC(52) User=0.00s Sys=0.00s Real=0.00s
[3.465s][info][gc          ] GC(53) Concurrent Mark Cycle
[3.465s][info][gc,marking  ] GC(53) Concurrent Scan Root Regions
[3.465s][info][gc,marking  ] GC(53) Concurrent Scan Root Regions 0.142ms
[3.465s][info][gc,marking  ] GC(53) Concurrent Mark
[3.466s][info][gc,marking  ] GC(53) Concurrent Mark From Roots
[3.466s][info][gc,task     ] GC(53) Using 2 workers of 2 for marking
[3.468s][info][gc,marking  ] GC(53) Concurrent Mark From Roots 2.029ms
[3.468s][info][gc,marking  ] GC(53) Concurrent Preclean
[3.468s][info][gc,marking  ] GC(53) Concurrent Preclean 0.035ms
[3.468s][info][gc,start    ] GC(53) Pause Remark
[3.469s][info][gc          ] GC(53) Pause Remark 111M->111M(197M) 1.282ms
[3.469s][info][gc,cpu      ] GC(53) User=0.00s Sys=0.00s Real=0.00s
[3.469s][info][gc,marking  ] GC(53) Concurrent Mark 3.831ms
[3.469s][info][gc,marking  ] GC(53) Concurrent Rebuild Remembered Sets and Scrub Regions
[3.470s][info][gc,marking  ] GC(53) Concurrent Rebuild Remembered Sets and Scrub Regions 0.712ms
[3.470s][info][gc,start    ] GC(53) Pause Cleanup
[3.470s][info][gc          ] GC(53) Pause Cleanup 111M->111M(197M) 0.159ms
[3.470s][info][gc,cpu      ] GC(53) User=0.00s Sys=0.00s Real=0.00s
[3.470s][info][gc,marking  ] GC(53) Concurrent Clear Claimed Marks
[3.470s][info][gc,marking  ] GC(53) Concurrent Clear Claimed Marks 0.055ms
[3.471s][info][gc,marking  ] GC(53) Concurrent Cleanup for Next Mark
[3.471s][info][gc,marking  ] GC(53) Concurrent Cleanup for Next Mark 0.600ms
[3.471s][info][gc          ] GC(53) Concurrent Mark Cycle 6.058ms
[3.526s][info][gc,start    ] GC(54) Pause Young (Concurrent Start) (G1 Humongous Allocation)
[3.526s][info][gc,task     ] GC(54) Using 4 workers of 8 for evacuation
[3.528s][info][gc,phases   ] GC(54)   Pre Evacuate Collection Set: 0.3ms
[3.528s][info][gc,phases   ] GC(54)   Merge Heap Roots: 0.1ms
[3.528s][info][gc,phases   ] GC(54)   Evacuate Collection Set: 0.2ms
[3.528s][info][gc,phases   ] GC(54)   Post Evacuate Collection Set: 1.1ms
[3.528s][info][gc,phases   ] GC(54)   Other: 0.1ms
[3.528s][info][gc,heap     ] GC(54) Eden regions: 0->0(16)
[3.528s][info][gc,heap     ] GC(54) Survivor regions: 1->1(2)
[3.528s][info][gc,heap     ] GC(54) Old regions: 2->2
[3.528s][info][gc,heap     ] GC(54) Humongous regions: 110->110
[3.528s][info][gc,metaspace] GC(54) Metaspace: 378K(576K)->378K(576K) NonClass: 353K(448K)->353K(448K) Class: 24K(128K)->24K(128K)
[3.529s][info][gc          ] GC(54) Pause Young (Concurrent Start) (G1 Humongous Allocation) 111M->111M(197M) 2.484ms
[3.529s][info][gc,cpu      ] GC(54) User=0.00s Sys=0.00s Real=0.00s
[3.529s][info][gc          ] GC(55) Concurrent Mark Cycle
[3.529s][info][gc,marking  ] GC(55) Concurrent Scan Root Regions
[3.529s][info][gc,marking  ] GC(55) Concurrent Scan Root Regions 0.087ms
[3.529s][info][gc,marking  ] GC(55) Concurrent Mark
[3.529s][info][gc,marking  ] GC(55) Concurrent Mark From Roots
[3.529s][info][gc,task     ] GC(55) Using 2 workers of 2 for marking
[3.531s][info][gc,marking  ] GC(55) Concurrent Mark From Roots 1.827ms
[3.531s][info][gc,marking  ] GC(55) Concurrent Preclean
[3.531s][info][gc,marking  ] GC(55) Concurrent Preclean 0.027ms
[3.531s][info][gc,start    ] GC(55) Pause Remark
[3.532s][info][gc          ] GC(55) Pause Remark 113M->113M(197M) 0.820ms
[3.532s][info][gc,cpu      ] GC(55) User=0.00s Sys=0.00s Real=0.00s
[3.532s][info][gc,marking  ] GC(55) Concurrent Mark 2.932ms
[3.532s][info][gc,marking  ] GC(55) Concurrent Rebuild Remembered Sets and Scrub Regions
[3.533s][info][gc,marking  ] GC(55) Concurrent Rebuild Remembered Sets and Scrub Regions 0.813ms
[3.533s][info][gc,start    ] GC(55) Pause Cleanup
[3.533s][info][gc          ] GC(55) Pause Cleanup 113M->113M(197M) 0.149ms
[3.533s][info][gc,cpu      ] GC(55) User=0.00s Sys=0.00s Real=0.00s
[3.533s][info][gc,marking  ] GC(55) Concurrent Clear Claimed Marks
[3.533s][info][gc,marking  ] GC(55) Concurrent Clear Claimed Marks 0.037ms
[3.533s][info][gc,marking  ] GC(55) Concurrent Cleanup for Next Mark
[3.534s][info][gc,marking  ] GC(55) Concurrent Cleanup for Next Mark 0.387ms
[3.534s][info][gc          ] GC(55) Concurrent Mark Cycle 4.822ms
[3.589s][info][gc,start    ] GC(56) Pause Young (Concurrent Start) (G1 Humongous Allocation)
[3.589s][info][gc,task     ] GC(56) Using 4 workers of 8 for evacuation
[3.590s][info][gc,phases   ] GC(56)   Pre Evacuate Collection Set: 0.1ms
[3.590s][info][gc,phases   ] GC(56)   Merge Heap Roots: 0.0ms
[3.590s][info][gc,phases   ] GC(56)   Evacuate Collection Set: 0.1ms
[3.590s][info][gc,phases   ] GC(56)   Post Evacuate Collection Set: 0.4ms
[3.590s][info][gc,phases   ] GC(56)   Other: 0.1ms
[3.590s][info][gc,heap     ] GC(56) Eden regions: 0->0(18)
[3.590s][info][gc,heap     ] GC(56) Survivor regions: 1->1(3)
[3.590s][info][gc,heap     ] GC(56) Old regions: 2->2
[3.590s][info][gc,heap     ] GC(56) Humongous regions: 112->112
[3.590s][info][gc,metaspace] GC(56) Metaspace: 378K(576K)->378K(576K) NonClass: 353K(448K)->353K(448K) Class: 24K(128K)->24K(128K)
[3.590s][info][gc          ] GC(56) Pause Young (Concurrent Start) (G1 Humongous Allocation) 113M->113M(197M) 1.069ms
[3.590s][info][gc,cpu      ] GC(56) User=0.00s Sys=0.00s Real=0.00s
[3.590s][info][gc          ] GC(57) Concurrent Mark Cycle
[3.590s][info][gc,marking  ] GC(57) Concurrent Scan Root Regions
[3.590s][info][gc,marking  ] GC(57) Concurrent Scan Root Regions 0.271ms
[3.590s][info][gc,marking  ] GC(57) Concurrent Mark
[3.590s][info][gc,marking  ] GC(57) Concurrent Mark From Roots
[3.590s][info][gc,task     ] GC(57) Using 2 workers of 2 for marking
[3.593s][info][gc,marking  ] GC(57) Concurrent Mark From Roots 2.954ms
[3.593s][info][gc,marking  ] GC(57) Concurrent Preclean
[3.593s][info][gc,marking  ] GC(57) Concurrent Preclean 0.026ms
[3.594s][info][gc,start    ] GC(57) Pause Remark
[3.594s][info][gc          ] GC(57) Pause Remark 115M->115M(197M) 0.739ms
[3.594s][info][gc,cpu      ] GC(57) User=0.00s Sys=0.00s Real=0.00s
[3.594s][info][gc,marking  ] GC(57) Concurrent Mark 4.051ms
[3.594s][info][gc,marking  ] GC(57) Concurrent Rebuild Remembered Sets and Scrub Regions
[3.596s][info][gc,marking  ] GC(57) Concurrent Rebuild Remembered Sets and Scrub Regions 1.206ms
[3.596s][info][gc,start    ] GC(57) Pause Cleanup
[3.596s][info][gc          ] GC(57) Pause Cleanup 115M->115M(197M) 0.208ms
[3.596s][info][gc,cpu      ] GC(57) User=0.00s Sys=0.00s Real=0.00s
[3.596s][info][gc,marking  ] GC(57) Concurrent Clear Claimed Marks
[3.596s][info][gc,marking  ] GC(57) Concurrent Clear Claimed Marks 0.053ms
[3.596s][info][gc,marking  ] GC(57) Concurrent Cleanup for Next Mark
[3.597s][info][gc,marking  ] GC(57) Concurrent Cleanup for Next Mark 0.477ms
[3.597s][info][gc          ] GC(57) Concurrent Mark Cycle 6.827ms
[3.652s][info][gc,start    ] GC(58) Pause Young (Concurrent Start) (G1 Humongous Allocation)
[3.652s][info][gc,task     ] GC(58) Using 4 workers of 8 for evacuation
[3.654s][info][gc,phases   ] GC(58)   Pre Evacuate Collection Set: 0.3ms
[3.654s][info][gc,phases   ] GC(58)   Merge Heap Roots: 0.1ms
[3.654s][info][gc,phases   ] GC(58)   Evacuate Collection Set: 0.1ms
[3.654s][info][gc,phases   ] GC(58)   Post Evacuate Collection Set: 0.6ms
[3.654s][info][gc,phases   ] GC(58)   Other: 0.2ms
[3.654s][info][gc,heap     ] GC(58) Eden regions: 0->0(21)
[3.654s][info][gc,heap     ] GC(58) Survivor regions: 1->1(3)
[3.654s][info][gc,heap     ] GC(58) Old regions: 2->2
[3.654s][info][gc,heap     ] GC(58) Humongous regions: 114->114
[3.654s][info][gc,metaspace] GC(58) Metaspace: 378K(576K)->378K(576K) NonClass: 353K(448K)->353K(448K) Class: 24K(128K)->24K(128K)
[3.654s][info][gc          ] GC(58) Pause Young (Concurrent Start) (G1 Humongous Allocation) 115M->115M(202M) 1.916ms
[3.654s][info][gc,cpu      ] GC(58) User=0.00s Sys=0.00s Real=0.00s
[3.654s][info][gc          ] GC(59) Concurrent Mark Cycle
[3.654s][info][gc,marking  ] GC(59) Concurrent Scan Root Regions
[3.654s][info][gc,marking  ] GC(59) Concurrent Scan Root Regions 0.100ms
[3.654s][info][gc,marking  ] GC(59) Concurrent Mark
[3.654s][info][gc,marking  ] GC(59) Concurrent Mark From Roots
[3.654s][info][gc,task     ] GC(59) Using 2 workers of 2 for marking
[3.657s][info][gc,marking  ] GC(59) Concurrent Mark From Roots 2.929ms
[3.657s][info][gc,marking  ] GC(59) Concurrent Preclean
[3.657s][info][gc,marking  ] GC(59) Concurrent Preclean 0.026ms
[3.658s][info][gc,start    ] GC(59) Pause Remark
[3.659s][info][gc          ] GC(59) Pause Remark 117M->117M(202M) 0.894ms
[3.659s][info][gc,cpu      ] GC(59) User=0.00s Sys=0.00s Real=0.00s
[3.659s][info][gc,marking  ] GC(59) Concurrent Mark 4.273ms
[3.659s][info][gc,marking  ] GC(59) Concurrent Rebuild Remembered Sets and Scrub Regions
[3.660s][info][gc,marking  ] GC(59) Concurrent Rebuild Remembered Sets and Scrub Regions 0.736ms
[3.660s][info][gc,start    ] GC(59) Pause Cleanup
[3.660s][info][gc          ] GC(59) Pause Cleanup 117M->117M(202M) 0.243ms
[3.660s][info][gc,cpu      ] GC(59) User=0.00s Sys=0.00s Real=0.00s
[3.660s][info][gc,marking  ] GC(59) Concurrent Clear Claimed Marks
[3.660s][info][gc,marking  ] GC(59) Concurrent Clear Claimed Marks 0.042ms
[3.660s][info][gc,marking  ] GC(59) Concurrent Cleanup for Next Mark
[3.661s][info][gc,marking  ] GC(59) Concurrent Cleanup for Next Mark 0.745ms
[3.661s][info][gc          ] GC(59) Concurrent Mark Cycle 6.734ms
[3.713s][info][gc,start    ] GC(60) Pause Young (Concurrent Start) (G1 Humongous Allocation)
[3.714s][info][gc,task     ] GC(60) Using 4 workers of 8 for evacuation
[3.714s][info][gc,phases   ] GC(60)   Pre Evacuate Collection Set: 0.2ms
[3.714s][info][gc,phases   ] GC(60)   Merge Heap Roots: 0.0ms
[3.714s][info][gc,phases   ] GC(60)   Evacuate Collection Set: 0.2ms
[3.714s][info][gc,phases   ] GC(60)   Post Evacuate Collection Set: 0.2ms
[3.714s][info][gc,phases   ] GC(60)   Other: 0.1ms
[3.714s][info][gc,heap     ] GC(60) Eden regions: 0->0(21)
[3.714s][info][gc,heap     ] GC(60) Survivor regions: 1->1(3)
[3.714s][info][gc,heap     ] GC(60) Old regions: 2->2
[3.714s][info][gc,heap     ] GC(60) Humongous regions: 116->116
[3.714s][info][gc,metaspace] GC(60) Metaspace: 378K(576K)->378K(576K) NonClass: 353K(448K)->353K(448K) Class: 24K(128K)->24K(128K)
[3.714s][info][gc          ] GC(60) Pause Young (Concurrent Start) (G1 Humongous Allocation) 117M->117M(202M) 1.031ms
[3.714s][info][gc,cpu      ] GC(60) User=0.00s Sys=0.00s Real=0.00s
[3.715s][info][gc          ] GC(61) Concurrent Mark Cycle
[3.715s][info][gc,marking  ] GC(61) Concurrent Scan Root Regions
[3.715s][info][gc,marking  ] GC(61) Concurrent Scan Root Regions 0.091ms
[3.715s][info][gc,marking  ] GC(61) Concurrent Mark
[3.715s][info][gc,marking  ] GC(61) Concurrent Mark From Roots
[3.715s][info][gc,task     ] GC(61) Using 2 workers of 2 for marking
[3.718s][info][gc,marking  ] GC(61) Concurrent Mark From Roots 3.152ms
[3.718s][info][gc,marking  ] GC(61) Concurrent Preclean
[3.718s][info][gc,marking  ] GC(61) Concurrent Preclean 0.029ms
[3.718s][info][gc,start    ] GC(61) Pause Remark
[3.719s][info][gc          ] GC(61) Pause Remark 119M->119M(202M) 0.533ms
[3.719s][info][gc,cpu      ] GC(61) User=0.00s Sys=0.00s Real=0.00s
[3.719s][info][gc,marking  ] GC(61) Concurrent Mark 3.999ms
[3.719s][info][gc,marking  ] GC(61) Concurrent Rebuild Remembered Sets and Scrub Regions
[3.719s][info][gc,marking  ] GC(61) Concurrent Rebuild Remembered Sets and Scrub Regions 0.683ms
[3.720s][info][gc,start    ] GC(61) Pause Cleanup
[3.720s][info][gc          ] GC(61) Pause Cleanup 119M->119M(202M) 0.100ms
[3.720s][info][gc,cpu      ] GC(61) User=0.00s Sys=0.00s Real=0.00s
[3.720s][info][gc,marking  ] GC(61) Concurrent Clear Claimed Marks
[3.720s][info][gc,marking  ] GC(61) Concurrent Clear Claimed Marks 0.033ms
[3.720s][info][gc,marking  ] GC(61) Concurrent Cleanup for Next Mark
[3.720s][info][gc,marking  ] GC(61) Concurrent Cleanup for Next Mark 0.394ms
[3.720s][info][gc          ] GC(61) Concurrent Mark Cycle 5.698ms
[3.777s][info][gc,start    ] GC(62) Pause Young (Concurrent Start) (G1 Humongous Allocation)
[3.778s][info][gc,task     ] GC(62) Using 4 workers of 8 for evacuation
[3.779s][info][gc,phases   ] GC(62)   Pre Evacuate Collection Set: 0.3ms
[3.779s][info][gc,phases   ] GC(62)   Merge Heap Roots: 0.1ms
[3.779s][info][gc,phases   ] GC(62)   Evacuate Collection Set: 0.3ms
[3.779s][info][gc,phases   ] GC(62)   Post Evacuate Collection Set: 0.5ms
[3.779s][info][gc,phases   ] GC(62)   Other: 0.2ms
[3.779s][info][gc,heap     ] GC(62) Eden regions: 0->0(19)
[3.779s][info][gc,heap     ] GC(62) Survivor regions: 1->1(3)
[3.779s][info][gc,heap     ] GC(62) Old regions: 2->2
[3.779s][info][gc,heap     ] GC(62) Humongous regions: 118->118
[3.779s][info][gc,metaspace] GC(62) Metaspace: 378K(576K)->378K(576K) NonClass: 353K(448K)->353K(448K) Class: 24K(128K)->24K(128K)
[3.779s][info][gc          ] GC(62) Pause Young (Concurrent Start) (G1 Humongous Allocation) 119M->119M(202M) 2.026ms
[3.779s][info][gc,cpu      ] GC(62) User=0.00s Sys=0.00s Real=0.00s
[3.779s][info][gc          ] GC(63) Concurrent Mark Cycle
[3.780s][info][gc,marking  ] GC(63) Concurrent Scan Root Regions
[3.780s][info][gc,marking  ] GC(63) Concurrent Scan Root Regions 0.097ms
[3.780s][info][gc,marking  ] GC(63) Concurrent Mark
[3.780s][info][gc,marking  ] GC(63) Concurrent Mark From Roots
[3.780s][info][gc,task     ] GC(63) Using 2 workers of 2 for marking
[3.782s][info][gc,marking  ] GC(63) Concurrent Mark From Roots 2.177ms
[3.782s][info][gc,marking  ] GC(63) Concurrent Preclean
[3.782s][info][gc,marking  ] GC(63) Concurrent Preclean 0.028ms
[3.782s][info][gc,start    ] GC(63) Pause Remark
[3.783s][info][gc          ] GC(63) Pause Remark 121M->121M(207M) 0.789ms
[3.783s][info][gc,cpu      ] GC(63) User=0.00s Sys=0.00s Real=0.00s
[3.783s][info][gc,marking  ] GC(63) Concurrent Mark 3.255ms
[3.783s][info][gc,marking  ] GC(63) Concurrent Rebuild Remembered Sets and Scrub Regions
[3.784s][info][gc,marking  ] GC(63) Concurrent Rebuild Remembered Sets and Scrub Regions 0.735ms
[3.784s][info][gc,start    ] GC(63) Pause Cleanup
[3.784s][info][gc          ] GC(63) Pause Cleanup 121M->121M(207M) 0.139ms
[3.784s][info][gc,cpu      ] GC(63) User=0.00s Sys=0.00s Real=0.00s
[3.784s][info][gc,marking  ] GC(63) Concurrent Clear Claimed Marks
[3.784s][info][gc,marking  ] GC(63) Concurrent Clear Claimed Marks 0.033ms
[3.784s][info][gc,marking  ] GC(63) Concurrent Cleanup for Next Mark
[3.785s][info][gc,marking  ] GC(63) Concurrent Cleanup for Next Mark 0.490ms
[3.785s][info][gc          ] GC(63) Concurrent Mark Cycle 5.147ms
[3.838s][info][gc,start    ] GC(64) Pause Young (Concurrent Start) (G1 Humongous Allocation)
[3.839s][info][gc,task     ] GC(64) Using 4 workers of 8 for evacuation
[3.840s][info][gc,phases   ] GC(64)   Pre Evacuate Collection Set: 0.4ms
[3.840s][info][gc,phases   ] GC(64)   Merge Heap Roots: 0.2ms
[3.840s][info][gc,phases   ] GC(64)   Evacuate Collection Set: 0.3ms
[3.840s][info][gc,phases   ] GC(64)   Post Evacuate Collection Set: 0.4ms
[3.840s][info][gc,phases   ] GC(64)   Other: 0.3ms
[3.840s][info][gc,heap     ] GC(64) Eden regions: 1->0(26)
[3.840s][info][gc,heap     ] GC(64) Survivor regions: 1->1(3)
[3.840s][info][gc,heap     ] GC(64) Old regions: 2->2
[3.840s][info][gc,heap     ] GC(64) Humongous regions: 120->120
[3.840s][info][gc,metaspace] GC(64) Metaspace: 379K(576K)->379K(576K) NonClass: 355K(448K)->355K(448K) Class: 24K(128K)->24K(128K)
[3.840s][info][gc          ] GC(64) Pause Young (Concurrent Start) (G1 Humongous Allocation) 121M->121M(207M) 1.922ms
[3.840s][info][gc,cpu      ] GC(64) User=0.00s Sys=0.00s Real=0.00s
[3.840s][info][gc          ] GC(65) Concurrent Mark Cycle
[3.840s][info][gc,marking  ] GC(65) Concurrent Scan Root Regions
[3.841s][info][gc,marking  ] GC(65) Concurrent Scan Root Regions 0.118ms
[3.841s][info][gc,marking  ] GC(65) Concurrent Mark
[3.841s][info][gc,marking  ] GC(65) Concurrent Mark From Roots
[3.841s][info][gc,task     ] GC(65) Using 2 workers of 2 for marking
[3.843s][info][gc,marking  ] GC(65) Concurrent Mark From Roots 2.113ms
[3.843s][info][gc,marking  ] GC(65) Concurrent Preclean
[3.843s][info][gc,marking  ] GC(65) Concurrent Preclean 0.022ms
[3.843s][info][gc,start    ] GC(65) Pause Remark
[3.844s][info][gc          ] GC(65) Pause Remark 123M->123M(209M) 0.951ms
[3.844s][info][gc,cpu      ] GC(65) User=0.00s Sys=0.00s Real=0.00s
[3.844s][info][gc,marking  ] GC(65) Concurrent Mark 3.445ms
[3.844s][info][gc,marking  ] GC(65) Concurrent Rebuild Remembered Sets and Scrub Regions
[3.845s][info][gc,marking  ] GC(65) Concurrent Rebuild Remembered Sets and Scrub Regions 1.133ms
[3.845s][info][gc,start    ] GC(65) Pause Cleanup
[3.846s][info][gc          ] GC(65) Pause Cleanup 123M->123M(209M) 0.217ms
[3.846s][info][gc,cpu      ] GC(65) User=0.00s Sys=0.00s Real=0.00s
[3.846s][info][gc,marking  ] GC(65) Concurrent Clear Claimed Marks
[3.846s][info][gc,marking  ] GC(65) Concurrent Clear Claimed Marks 0.066ms
[3.846s][info][gc,marking  ] GC(65) Concurrent Cleanup for Next Mark
[3.847s][info][gc,marking  ] GC(65) Concurrent Cleanup for Next Mark 1.063ms
[3.847s][info][gc          ] GC(65) Concurrent Mark Cycle 6.705ms
[3.901s][info][gc,start    ] GC(66) Pause Young (Concurrent Start) (G1 Humongous Allocation)
[3.901s][info][gc,task     ] GC(66) Using 5 workers of 8 for evacuation
[3.902s][info][gc,phases   ] GC(66)   Pre Evacuate Collection Set: 0.2ms
[3.902s][info][gc,phases   ] GC(66)   Merge Heap Roots: 0.0ms
[3.902s][info][gc,phases   ] GC(66)   Evacuate Collection Set: 0.1ms
[3.902s][info][gc,phases   ] GC(66)   Post Evacuate Collection Set: 0.4ms
[3.902s][info][gc,phases   ] GC(66)   Other: 0.2ms
[3.902s][info][gc,heap     ] GC(66) Eden regions: 0->0(28)
[3.902s][info][gc,heap     ] GC(66) Survivor regions: 1->1(4)
[3.902s][info][gc,heap     ] GC(66) Old regions: 2->2
[3.902s][info][gc,heap     ] GC(66) Humongous regions: 122->122
[3.902s][info][gc,metaspace] GC(66) Metaspace: 379K(576K)->379K(576K) NonClass: 355K(448K)->355K(448K) Class: 24K(128K)->24K(128K)
[3.902s][info][gc          ] GC(66) Pause Young (Concurrent Start) (G1 Humongous Allocation) 123M->123M(209M) 1.310ms
[3.902s][info][gc,cpu      ] GC(66) User=0.00s Sys=0.00s Real=0.00s
[3.902s][info][gc          ] GC(67) Concurrent Mark Cycle
[3.902s][info][gc,marking  ] GC(67) Concurrent Scan Root Regions
[3.902s][info][gc,marking  ] GC(67) Concurrent Scan Root Regions 0.120ms
[3.902s][info][gc,marking  ] GC(67) Concurrent Mark
[3.902s][info][gc,marking  ] GC(67) Concurrent Mark From Roots
[3.902s][info][gc,task     ] GC(67) Using 2 workers of 2 for marking
[3.904s][info][gc,marking  ] GC(67) Concurrent Mark From Roots 1.966ms
[3.904s][info][gc,marking  ] GC(67) Concurrent Preclean
[3.904s][info][gc,marking  ] GC(67) Concurrent Preclean 0.024ms
[3.904s][info][gc,start    ] GC(67) Pause Remark
[3.905s][info][gc          ] GC(67) Pause Remark 125M->125M(212M) 0.705ms
[3.905s][info][gc,cpu      ] GC(67) User=0.00s Sys=0.00s Real=0.00s
[3.905s][info][gc,marking  ] GC(67) Concurrent Mark 2.966ms
[3.905s][info][gc,marking  ] GC(67) Concurrent Rebuild Remembered Sets and Scrub Regions
[3.906s][info][gc,marking  ] GC(67) Concurrent Rebuild Remembered Sets and Scrub Regions 0.689ms
[3.906s][info][gc,start    ] GC(67) Pause Cleanup
[3.906s][info][gc          ] GC(67) Pause Cleanup 125M->125M(212M) 0.122ms
[3.906s][info][gc,cpu      ] GC(67) User=0.00s Sys=0.00s Real=0.00s
[3.906s][info][gc,marking  ] GC(67) Concurrent Clear Claimed Marks
[3.906s][info][gc,marking  ] GC(67) Concurrent Clear Claimed Marks 0.034ms
[3.906s][info][gc,marking  ] GC(67) Concurrent Cleanup for Next Mark
[3.907s][info][gc,marking  ] GC(67) Concurrent Cleanup for Next Mark 0.583ms
[3.907s][info][gc          ] GC(67) Concurrent Mark Cycle 4.914ms
[3.962s][info][gc,start    ] GC(68) Pause Young (Concurrent Start) (G1 Humongous Allocation)
[3.962s][info][gc,task     ] GC(68) Using 5 workers of 8 for evacuation
[3.963s][info][gc,phases   ] GC(68)   Pre Evacuate Collection Set: 0.2ms
[3.963s][info][gc,phases   ] GC(68)   Merge Heap Roots: 0.0ms
[3.963s][info][gc,phases   ] GC(68)   Evacuate Collection Set: 0.2ms
[3.963s][info][gc,phases   ] GC(68)   Post Evacuate Collection Set: 0.4ms
[3.963s][info][gc,phases   ] GC(68)   Other: 0.2ms
[3.963s][info][gc,heap     ] GC(68) Eden regions: 0->0(29)
[3.963s][info][gc,heap     ] GC(68) Survivor regions: 1->1(4)
[3.963s][info][gc,heap     ] GC(68) Old regions: 2->2
[3.963s][info][gc,heap     ] GC(68) Humongous regions: 124->124
[3.963s][info][gc,metaspace] GC(68) Metaspace: 379K(576K)->379K(576K) NonClass: 355K(448K)->355K(448K) Class: 24K(128K)->24K(128K)
[3.963s][info][gc          ] GC(68) Pause Young (Concurrent Start) (G1 Humongous Allocation) 125M->125M(212M) 1.292ms
[3.963s][info][gc,cpu      ] GC(68) User=0.00s Sys=0.00s Real=0.00s
[3.963s][info][gc          ] GC(69) Concurrent Mark Cycle
[3.963s][info][gc,marking  ] GC(69) Concurrent Scan Root Regions
[3.964s][info][gc,marking  ] GC(69) Concurrent Scan Root Regions 0.077ms
[3.964s][info][gc,marking  ] GC(69) Concurrent Mark
[3.964s][info][gc,marking  ] GC(69) Concurrent Mark From Roots
[3.964s][info][gc,task     ] GC(69) Using 2 workers of 2 for marking
[3.965s][info][gc,marking  ] GC(69) Concurrent Mark From Roots 1.609ms
[3.965s][info][gc,marking  ] GC(69) Concurrent Preclean
[3.965s][info][gc,marking  ] GC(69) Concurrent Preclean 0.024ms
[3.965s][info][gc,start    ] GC(69) Pause Remark
[3.966s][info][gc          ] GC(69) Pause Remark 127M->127M(215M) 0.651ms
[3.966s][info][gc,cpu      ] GC(69) User=0.00s Sys=0.00s Real=0.00s
[3.966s][info][gc,marking  ] GC(69) Concurrent Mark 2.484ms
[3.966s][info][gc,marking  ] GC(69) Concurrent Rebuild Remembered Sets and Scrub Regions
[3.967s][info][gc,marking  ] GC(69) Concurrent Rebuild Remembered Sets and Scrub Regions 0.709ms
[3.967s][info][gc,start    ] GC(69) Pause Cleanup
[3.967s][info][gc          ] GC(69) Pause Cleanup 127M->127M(215M) 0.139ms
[3.967s][info][gc,cpu      ] GC(69) User=0.00s Sys=0.00s Real=0.00s
[3.967s][info][gc,marking  ] GC(69) Concurrent Clear Claimed Marks
[3.967s][info][gc,marking  ] GC(69) Concurrent Clear Claimed Marks 0.027ms
[3.967s][info][gc,marking  ] GC(69) Concurrent Cleanup for Next Mark
[3.968s][info][gc,marking  ] GC(69) Concurrent Cleanup for Next Mark 0.515ms
[3.968s][info][gc          ] GC(69) Concurrent Mark Cycle 4.241ms
[4.024s][info][gc,start    ] GC(70) Pause Young (Concurrent Start) (G1 Humongous Allocation)
[4.024s][info][gc,task     ] GC(70) Using 5 workers of 8 for evacuation
[4.026s][info][gc,phases   ] GC(70)   Pre Evacuate Collection Set: 0.5ms
[4.026s][info][gc,phases   ] GC(70)   Merge Heap Roots: 0.2ms
[4.026s][info][gc,phases   ] GC(70)   Evacuate Collection Set: 0.3ms
[4.026s][info][gc,phases   ] GC(70)   Post Evacuate Collection Set: 0.8ms
[4.026s][info][gc,phases   ] GC(70)   Other: 0.3ms
[4.026s][info][gc,heap     ] GC(70) Eden regions: 0->0(26)
[4.026s][info][gc,heap     ] GC(70) Survivor regions: 1->1(4)
[4.026s][info][gc,heap     ] GC(70) Old regions: 2->2
[4.026s][info][gc,heap     ] GC(70) Humongous regions: 126->126
[4.026s][info][gc,metaspace] GC(70) Metaspace: 379K(576K)->379K(576K) NonClass: 355K(448K)->355K(448K) Class: 24K(128K)->24K(128K)
[4.026s][info][gc          ] GC(70) Pause Young (Concurrent Start) (G1 Humongous Allocation) 127M->127M(219M) 2.669ms
[4.026s][info][gc          ] GC(71) Concurrent Mark Cycle
[4.027s][info][gc,cpu      ] GC(70) User=0.00s Sys=0.02s Real=0.00s
[4.027s][info][gc,marking  ] GC(71) Concurrent Scan Root Regions
[4.027s][info][gc,marking  ] GC(71) Concurrent Scan Root Regions 0.339ms
[4.027s][info][gc,marking  ] GC(71) Concurrent Mark
[4.027s][info][gc,marking  ] GC(71) Concurrent Mark From Roots
[4.027s][info][gc,task     ] GC(71) Using 2 workers of 2 for marking
[4.030s][info][gc,marking  ] GC(71) Concurrent Mark From Roots 2.628ms
[4.030s][info][gc,marking  ] GC(71) Concurrent Preclean
[4.030s][info][gc,marking  ] GC(71) Concurrent Preclean 0.030ms
[4.030s][info][gc,start    ] GC(71) Pause Remark
[4.031s][info][gc          ] GC(71) Pause Remark 129M->129M(219M) 1.207ms
[4.031s][info][gc,cpu      ] GC(71) User=0.00s Sys=0.00s Real=0.00s
[4.031s][info][gc,marking  ] GC(71) Concurrent Mark 4.210ms
[4.031s][info][gc,marking  ] GC(71) Concurrent Rebuild Remembered Sets and Scrub Regions
[4.032s][info][gc,marking  ] GC(71) Concurrent Rebuild Remembered Sets and Scrub Regions 0.716ms
[4.032s][info][gc,start    ] GC(71) Pause Cleanup
[4.032s][info][gc          ] GC(71) Pause Cleanup 129M->129M(219M) 0.306ms
[4.032s][info][gc,cpu      ] GC(71) User=0.00s Sys=0.00s Real=0.00s
[4.033s][info][gc,marking  ] GC(71) Concurrent Clear Claimed Marks
[4.033s][info][gc,marking  ] GC(71) Concurrent Clear Claimed Marks 0.039ms
[4.033s][info][gc,marking  ] GC(71) Concurrent Cleanup for Next Mark
[4.033s][info][gc,marking  ] GC(71) Concurrent Cleanup for Next Mark 0.519ms
[4.033s][info][gc          ] GC(71) Concurrent Mark Cycle 6.656ms
[4.086s][info][gc,start    ] GC(72) Pause Young (Concurrent Start) (G1 Humongous Allocation)
[4.086s][info][gc,task     ] GC(72) Using 5 workers of 8 for evacuation
[4.088s][info][gc,phases   ] GC(72)   Pre Evacuate Collection Set: 0.3ms
[4.088s][info][gc,phases   ] GC(72)   Merge Heap Roots: 0.2ms
[4.089s][info][gc,phases   ] GC(72)   Evacuate Collection Set: 0.5ms
[4.089s][info][gc,phases   ] GC(72)   Post Evacuate Collection Set: 0.9ms
[4.089s][info][gc,phases   ] GC(72)   Other: 0.3ms
[4.089s][info][gc,heap     ] GC(72) Eden regions: 0->0(23)
[4.089s][info][gc,heap     ] GC(72) Survivor regions: 1->1(4)
[4.089s][info][gc,heap     ] GC(72) Old regions: 2->2
[4.089s][info][gc,heap     ] GC(72) Humongous regions: 128->128
[4.089s][info][gc,metaspace] GC(72) Metaspace: 379K(576K)->379K(576K) NonClass: 355K(448K)->355K(448K) Class: 24K(128K)->24K(128K)
[4.089s][info][gc          ] GC(72) Pause Young (Concurrent Start) (G1 Humongous Allocation) 129M->129M(219M) 2.918ms
[4.089s][info][gc,cpu      ] GC(72) User=0.03s Sys=0.00s Real=0.00s
[4.089s][info][gc          ] GC(73) Concurrent Mark Cycle
[4.089s][info][gc,marking  ] GC(73) Concurrent Scan Root Regions
[4.089s][info][gc,marking  ] GC(73) Concurrent Scan Root Regions 0.228ms
[4.089s][info][gc,marking  ] GC(73) Concurrent Mark
[4.089s][info][gc,marking  ] GC(73) Concurrent Mark From Roots
[4.089s][info][gc,task     ] GC(73) Using 2 workers of 2 for marking
[4.092s][info][gc,marking  ] GC(73) Concurrent Mark From Roots 2.927ms
[4.092s][info][gc,marking  ] GC(73) Concurrent Preclean
[4.092s][info][gc,marking  ] GC(73) Concurrent Preclean 0.041ms
[4.093s][info][gc,start    ] GC(73) Pause Remark
[4.094s][info][gc          ] GC(73) Pause Remark 131M->131M(222M) 1.105ms
[4.094s][info][gc,cpu      ] GC(73) User=0.00s Sys=0.00s Real=0.00s
[4.094s][info][gc,marking  ] GC(73) Concurrent Mark 4.466ms
[4.094s][info][gc,marking  ] GC(73) Concurrent Rebuild Remembered Sets and Scrub Regions
[4.095s][info][gc,marking  ] GC(73) Concurrent Rebuild Remembered Sets and Scrub Regions 1.410ms
[4.096s][info][gc,start    ] GC(73) Pause Cleanup
[4.096s][info][gc          ] GC(73) Pause Cleanup 131M->131M(222M) 0.246ms
[4.096s][info][gc,cpu      ] GC(73) User=0.00s Sys=0.00s Real=0.00s
[4.096s][info][gc,marking  ] GC(73) Concurrent Clear Claimed Marks
[4.096s][info][gc,marking  ] GC(73) Concurrent Clear Claimed Marks 0.042ms
[4.096s][info][gc,marking  ] GC(73) Concurrent Cleanup for Next Mark
[4.097s][info][gc,marking  ] GC(73) Concurrent Cleanup for Next Mark 0.528ms
[4.097s][info][gc          ] GC(73) Concurrent Mark Cycle 7.565ms
[4.148s][info][gc,start    ] GC(74) Pause Young (Concurrent Start) (G1 Humongous Allocation)
[4.148s][info][gc,task     ] GC(74) Using 5 workers of 8 for evacuation
[4.150s][info][gc,phases   ] GC(74)   Pre Evacuate Collection Set: 0.3ms
[4.150s][info][gc,phases   ] GC(74)   Merge Heap Roots: 0.2ms
[4.150s][info][gc,phases   ] GC(74)   Evacuate Collection Set: 0.2ms
[4.150s][info][gc,phases   ] GC(74)   Post Evacuate Collection Set: 0.7ms
[4.150s][info][gc,phases   ] GC(74)   Other: 0.3ms
[4.150s][info][gc,heap     ] GC(74) Eden regions: 0->0(26)
[4.150s][info][gc,heap     ] GC(74) Survivor regions: 1->0(3)
[4.150s][info][gc,heap     ] GC(74) Old regions: 2->2
[4.150s][info][gc,heap     ] GC(74) Humongous regions: 130->130
[4.150s][info][gc,metaspace] GC(74) Metaspace: 379K(576K)->379K(576K) NonClass: 355K(448K)->355K(448K) Class: 24K(128K)->24K(128K)
[4.150s][info][gc          ] GC(74) Pause Young (Concurrent Start) (G1 Humongous Allocation) 131M->131M(222M) 2.176ms
[4.150s][info][gc,cpu      ] GC(74) User=0.00s Sys=0.00s Real=0.00s
[4.150s][info][gc          ] GC(75) Concurrent Mark Cycle
[4.150s][info][gc,marking  ] GC(75) Concurrent Scan Root Regions
[4.151s][info][gc,marking  ] GC(75) Concurrent Scan Root Regions 0.125ms
[4.151s][info][gc,marking  ] GC(75) Concurrent Mark
[4.151s][info][gc,marking  ] GC(75) Concurrent Mark From Roots
[4.151s][info][gc,task     ] GC(75) Using 2 workers of 2 for marking
[4.153s][info][gc,marking  ] GC(75) Concurrent Mark From Roots 2.017ms
[4.153s][info][gc,marking  ] GC(75) Concurrent Preclean
[4.153s][info][gc,marking  ] GC(75) Concurrent Preclean 0.086ms
[4.153s][info][gc,start    ] GC(75) Pause Remark
[4.155s][info][gc          ] GC(75) Pause Remark 133M->133M(224M) 1.516ms
[4.155s][info][gc,cpu      ] GC(75) User=0.00s Sys=0.00s Real=0.00s
[4.155s][info][gc,marking  ] GC(75) Concurrent Mark 4.190ms
[4.155s][info][gc,marking  ] GC(75) Concurrent Rebuild Remembered Sets and Scrub Regions
[4.155s][info][gc,marking  ] GC(75) Concurrent Rebuild Remembered Sets and Scrub Regions 0.697ms
[4.156s][info][gc,start    ] GC(75) Pause Cleanup
[4.156s][info][gc          ] GC(75) Pause Cleanup 133M->133M(224M) 0.358ms
[4.156s][info][gc,cpu      ] GC(75) User=0.00s Sys=0.00s Real=0.00s
[4.156s][info][gc,marking  ] GC(75) Concurrent Clear Claimed Marks
[4.156s][info][gc,marking  ] GC(75) Concurrent Clear Claimed Marks 0.038ms
[4.156s][info][gc,marking  ] GC(75) Concurrent Cleanup for Next Mark
[4.157s][info][gc,marking  ] GC(75) Concurrent Cleanup for Next Mark 0.774ms
[4.157s][info][gc          ] GC(75) Concurrent Mark Cycle 6.826ms
[4.211s][info][gc,start    ] GC(76) Pause Young (Concurrent Start) (G1 Humongous Allocation)
[4.211s][info][gc,task     ] GC(76) Using 5 workers of 8 for evacuation
[4.213s][info][gc,phases   ] GC(76)   Pre Evacuate Collection Set: 0.2ms
[4.213s][info][gc,phases   ] GC(76)   Merge Heap Roots: 0.2ms
[4.213s][info][gc,phases   ] GC(76)   Evacuate Collection Set: 0.3ms
[4.213s][info][gc,phases   ] GC(76)   Post Evacuate Collection Set: 0.7ms
[4.213s][info][gc,phases   ] GC(76)   Other: 0.2ms
[4.213s][info][gc,heap     ] GC(76) Eden regions: 0->0(26)
[4.213s][info][gc,heap     ] GC(76) Survivor regions: 0->0(4)
[4.213s][info][gc,heap     ] GC(76) Old regions: 2->2
[4.213s][info][gc,heap     ] GC(76) Humongous regions: 132->132
[4.213s][info][gc,metaspace] GC(76) Metaspace: 379K(576K)->379K(576K) NonClass: 355K(448K)->355K(448K) Class: 24K(128K)->24K(128K)
[4.213s][info][gc          ] GC(76) Pause Young (Concurrent Start) (G1 Humongous Allocation) 133M->133M(224M) 1.975ms
[4.213s][info][gc,cpu      ] GC(76) User=0.02s Sys=0.00s Real=0.00s
[4.213s][info][gc          ] GC(77) Concurrent Mark Cycle
[4.213s][info][gc,marking  ] GC(77) Concurrent Scan Root Regions
[4.213s][info][gc,marking  ] GC(77) Concurrent Scan Root Regions 0.024ms
[4.213s][info][gc,marking  ] GC(77) Concurrent Mark
[4.213s][info][gc,marking  ] GC(77) Concurrent Mark From Roots
[4.214s][info][gc,task     ] GC(77) Using 2 workers of 2 for marking
[4.217s][info][gc,marking  ] GC(77) Concurrent Mark From Roots 3.495ms
[4.217s][info][gc,marking  ] GC(77) Concurrent Preclean
[4.217s][info][gc,marking  ] GC(77) Concurrent Preclean 0.032ms
[4.217s][info][gc,start    ] GC(77) Pause Remark
[4.218s][info][gc          ] GC(77) Pause Remark 135M->135M(227M) 0.889ms
[4.218s][info][gc,cpu      ] GC(77) User=0.00s Sys=0.00s Real=0.00s
[4.218s][info][gc,marking  ] GC(77) Concurrent Mark 4.795ms
[4.218s][info][gc,marking  ] GC(77) Concurrent Rebuild Remembered Sets and Scrub Regions
[4.219s][info][gc,marking  ] GC(77) Concurrent Rebuild Remembered Sets and Scrub Regions 1.022ms
[4.219s][info][gc,start    ] GC(77) Pause Cleanup
[4.220s][info][gc          ] GC(77) Pause Cleanup 135M->135M(227M) 0.196ms
[4.220s][info][gc,cpu      ] GC(77) User=0.00s Sys=0.00s Real=0.00s
[4.220s][info][gc,marking  ] GC(77) Concurrent Clear Claimed Marks
[4.220s][info][gc,marking  ] GC(77) Concurrent Clear Claimed Marks 0.042ms
[4.220s][info][gc,marking  ] GC(77) Concurrent Cleanup for Next Mark
[4.221s][info][gc,marking  ] GC(77) Concurrent Cleanup for Next Mark 0.798ms
[4.221s][info][gc          ] GC(77) Concurrent Mark Cycle 7.380ms
[4.274s][info][gc,start    ] GC(78) Pause Young (Concurrent Start) (G1 Humongous Allocation)
[4.274s][info][gc,task     ] GC(78) Using 5 workers of 8 for evacuation
[4.275s][info][gc,phases   ] GC(78)   Pre Evacuate Collection Set: 0.1ms
[4.275s][info][gc,phases   ] GC(78)   Merge Heap Roots: 0.1ms
[4.275s][info][gc,phases   ] GC(78)   Evacuate Collection Set: 0.2ms
[4.275s][info][gc,phases   ] GC(78)   Post Evacuate Collection Set: 0.4ms
[4.275s][info][gc,phases   ] GC(78)   Other: 0.1ms
[4.275s][info][gc,heap     ] GC(78) Eden regions: 0->0(27)
[4.275s][info][gc,heap     ] GC(78) Survivor regions: 0->0(4)
[4.275s][info][gc,heap     ] GC(78) Old regions: 2->2
[4.275s][info][gc,heap     ] GC(78) Humongous regions: 134->134
[4.275s][info][gc,metaspace] GC(78) Metaspace: 379K(576K)->379K(576K) NonClass: 355K(448K)->355K(448K) Class: 24K(128K)->24K(128K)
[4.275s][info][gc          ] GC(78) Pause Young (Concurrent Start) (G1 Humongous Allocation) 135M->135M(232M) 1.428ms
[4.275s][info][gc,cpu      ] GC(78) User=0.00s Sys=0.02s Real=0.00s
[4.275s][info][gc          ] GC(79) Concurrent Mark Cycle
[4.275s][info][gc,marking  ] GC(79) Concurrent Scan Root Regions
[4.275s][info][gc,marking  ] GC(79) Concurrent Scan Root Regions 0.040ms
[4.275s][info][gc,marking  ] GC(79) Concurrent Mark
[4.276s][info][gc,marking  ] GC(79) Concurrent Mark From Roots
[4.276s][info][gc,task     ] GC(79) Using 2 workers of 2 for marking
[4.279s][info][gc,marking  ] GC(79) Concurrent Mark From Roots 3.467ms
[4.279s][info][gc,marking  ] GC(79) Concurrent Preclean
[4.279s][info][gc,marking  ] GC(79) Concurrent Preclean 0.031ms
[4.279s][info][gc,start    ] GC(79) Pause Remark
[4.280s][info][gc          ] GC(79) Pause Remark 137M->137M(232M) 0.578ms
[4.280s][info][gc,cpu      ] GC(79) User=0.00s Sys=0.00s Real=0.00s
[4.280s][info][gc,marking  ] GC(79) Concurrent Mark 4.417ms
[4.280s][info][gc,marking  ] GC(79) Concurrent Rebuild Remembered Sets and Scrub Regions
[4.281s][info][gc,marking  ] GC(79) Concurrent Rebuild Remembered Sets and Scrub Regions 0.969ms
[4.281s][info][gc,start    ] GC(79) Pause Cleanup
[4.281s][info][gc          ] GC(79) Pause Cleanup 137M->137M(232M) 0.180ms
[4.281s][info][gc,cpu      ] GC(79) User=0.00s Sys=0.00s Real=0.00s
[4.281s][info][gc,marking  ] GC(79) Concurrent Clear Claimed Marks
[4.281s][info][gc,marking  ] GC(79) Concurrent Clear Claimed Marks 0.061ms
[4.281s][info][gc,marking  ] GC(79) Concurrent Cleanup for Next Mark
[4.282s][info][gc,marking  ] GC(79) Concurrent Cleanup for Next Mark 0.640ms
[4.282s][info][gc          ] GC(79) Concurrent Mark Cycle 6.877ms
[4.337s][info][gc,start    ] GC(80) Pause Young (Concurrent Start) (G1 Humongous Allocation)
[4.337s][info][gc,task     ] GC(80) Using 5 workers of 8 for evacuation
[4.338s][info][gc,phases   ] GC(80)   Pre Evacuate Collection Set: 0.1ms
[4.338s][info][gc,phases   ] GC(80)   Merge Heap Roots: 0.1ms
[4.338s][info][gc,phases   ] GC(80)   Evacuate Collection Set: 0.2ms
[4.338s][info][gc,phases   ] GC(80)   Post Evacuate Collection Set: 0.2ms
[4.338s][info][gc,phases   ] GC(80)   Other: 0.1ms
[4.338s][info][gc,heap     ] GC(80) Eden regions: 0->0(27)
[4.338s][info][gc,heap     ] GC(80) Survivor regions: 0->0(4)
[4.338s][info][gc,heap     ] GC(80) Old regions: 2->2
[4.338s][info][gc,heap     ] GC(80) Humongous regions: 136->136
[4.338s][info][gc,metaspace] GC(80) Metaspace: 379K(576K)->379K(576K) NonClass: 355K(448K)->355K(448K) Class: 24K(128K)->24K(128K)
[4.338s][info][gc          ] GC(80) Pause Young (Concurrent Start) (G1 Humongous Allocation) 137M->137M(232M) 1.136ms
[4.338s][info][gc,cpu      ] GC(80) User=0.00s Sys=0.00s Real=0.00s
[4.338s][info][gc          ] GC(81) Concurrent Mark Cycle
[4.339s][info][gc,marking  ] GC(81) Concurrent Scan Root Regions
[4.339s][info][gc,marking  ] GC(81) Concurrent Scan Root Regions 0.024ms
[4.339s][info][gc,marking  ] GC(81) Concurrent Mark
[4.339s][info][gc,marking  ] GC(81) Concurrent Mark From Roots
[4.339s][info][gc,task     ] GC(81) Using 2 workers of 2 for marking
[4.341s][info][gc,marking  ] GC(81) Concurrent Mark From Roots 2.797ms
[4.342s][info][gc,marking  ] GC(81) Concurrent Preclean
[4.342s][info][gc,marking  ] GC(81) Concurrent Preclean 0.036ms
[4.342s][info][gc,start    ] GC(81) Pause Remark
[4.342s][info][gc          ] GC(81) Pause Remark 139M->139M(234M) 0.599ms
[4.342s][info][gc,cpu      ] GC(81) User=0.00s Sys=0.00s Real=0.00s
[4.342s][info][gc,marking  ] GC(81) Concurrent Mark 3.688ms
[4.342s][info][gc,marking  ] GC(81) Concurrent Rebuild Remembered Sets and Scrub Regions
[4.343s][info][gc,marking  ] GC(81) Concurrent Rebuild Remembered Sets and Scrub Regions 0.924ms
[4.343s][info][gc,start    ] GC(81) Pause Cleanup
[4.344s][info][gc          ] GC(81) Pause Cleanup 139M->139M(234M) 0.131ms
[4.344s][info][gc,cpu      ] GC(81) User=0.00s Sys=0.00s Real=0.00s
[4.344s][info][gc,marking  ] GC(81) Concurrent Clear Claimed Marks
[4.344s][info][gc,marking  ] GC(81) Concurrent Clear Claimed Marks 0.036ms
[4.344s][info][gc,marking  ] GC(81) Concurrent Cleanup for Next Mark
[4.344s][info][gc,marking  ] GC(81) Concurrent Cleanup for Next Mark 0.699ms
[4.345s][info][gc          ] GC(81) Concurrent Mark Cycle 6.033ms
[4.399s][info][gc,start    ] GC(82) Pause Young (Concurrent Start) (G1 Humongous Allocation)
[4.399s][info][gc,task     ] GC(82) Using 5 workers of 8 for evacuation
[4.400s][info][gc,phases   ] GC(82)   Pre Evacuate Collection Set: 0.1ms
[4.400s][info][gc,phases   ] GC(82)   Merge Heap Roots: 0.1ms
[4.400s][info][gc,phases   ] GC(82)   Evacuate Collection Set: 0.2ms
[4.400s][info][gc,phases   ] GC(82)   Post Evacuate Collection Set: 0.2ms
[4.400s][info][gc,phases   ] GC(82)   Other: 0.1ms
[4.400s][info][gc,heap     ] GC(82) Eden regions: 0->0(27)
[4.400s][info][gc,heap     ] GC(82) Survivor regions: 0->0(4)
[4.400s][info][gc,heap     ] GC(82) Old regions: 2->2
[4.400s][info][gc,heap     ] GC(82) Humongous regions: 138->138
[4.400s][info][gc,metaspace] GC(82) Metaspace: 379K(576K)->379K(576K) NonClass: 355K(448K)->355K(448K) Class: 24K(128K)->24K(128K)
[4.400s][info][gc          ] GC(82) Pause Young (Concurrent Start) (G1 Humongous Allocation) 139M->139M(234M) 1.161ms
[4.400s][info][gc          ] GC(83) Concurrent Mark Cycle
[4.400s][info][gc,cpu      ] GC(82) User=0.00s Sys=0.00s Real=0.00s
[4.400s][info][gc,marking  ] GC(83) Concurrent Scan Root Regions
[4.400s][info][gc,marking  ] GC(83) Concurrent Scan Root Regions 0.106ms
[4.400s][info][gc,marking  ] GC(83) Concurrent Mark
[4.400s][info][gc,marking  ] GC(83) Concurrent Mark From Roots
[4.400s][info][gc,task     ] GC(83) Using 2 workers of 2 for marking
[4.403s][info][gc,marking  ] GC(83) Concurrent Mark From Roots 2.600ms
[4.403s][info][gc,marking  ] GC(83) Concurrent Preclean
[4.403s][info][gc,marking  ] GC(83) Concurrent Preclean 0.027ms
[4.403s][info][gc,start    ] GC(83) Pause Remark
[4.404s][info][gc          ] GC(83) Pause Remark 141M->141M(239M) 0.553ms
[4.404s][info][gc,cpu      ] GC(83) User=0.00s Sys=0.00s Real=0.00s
[4.404s][info][gc,marking  ] GC(83) Concurrent Mark 3.445ms
[4.404s][info][gc,marking  ] GC(83) Concurrent Rebuild Remembered Sets and Scrub Regions
[4.405s][info][gc,marking  ] GC(83) Concurrent Rebuild Remembered Sets and Scrub Regions 1.005ms
[4.405s][info][gc,start    ] GC(83) Pause Cleanup
[4.405s][info][gc          ] GC(83) Pause Cleanup 141M->141M(239M) 0.107ms
[4.405s][info][gc,cpu      ] GC(83) User=0.00s Sys=0.00s Real=0.00s
[4.405s][info][gc,marking  ] GC(83) Concurrent Clear Claimed Marks
[4.405s][info][gc,marking  ] GC(83) Concurrent Clear Claimed Marks 0.048ms
[4.405s][info][gc,marking  ] GC(83) Concurrent Cleanup for Next Mark
[4.406s][info][gc,marking  ] GC(83) Concurrent Cleanup for Next Mark 0.785ms
[4.406s][info][gc          ] GC(83) Concurrent Mark Cycle 5.893ms
[4.461s][info][gc,start    ] GC(84) Pause Young (Concurrent Start) (G1 Humongous Allocation)
[4.462s][info][gc,task     ] GC(84) Using 5 workers of 8 for evacuation
[4.463s][info][gc,phases   ] GC(84)   Pre Evacuate Collection Set: 0.3ms
[4.463s][info][gc,phases   ] GC(84)   Merge Heap Roots: 0.1ms
[4.463s][info][gc,phases   ] GC(84)   Evacuate Collection Set: 0.2ms
[4.463s][info][gc,phases   ] GC(84)   Post Evacuate Collection Set: 0.2ms
[4.463s][info][gc,phases   ] GC(84)   Other: 0.3ms
[4.463s][info][gc,heap     ] GC(84) Eden regions: 1->0(34)
[4.463s][info][gc,heap     ] GC(84) Survivor regions: 0->0(4)
[4.463s][info][gc,heap     ] GC(84) Old regions: 2->2
[4.463s][info][gc,heap     ] GC(84) Humongous regions: 140->140
[4.463s][info][gc,metaspace] GC(84) Metaspace: 380K(576K)->380K(576K) NonClass: 355K(448K)->355K(448K) Class: 24K(128K)->24K(128K)
[4.463s][info][gc          ] GC(84) Pause Young (Concurrent Start) (G1 Humongous Allocation) 141M->141M(239M) 1.412ms
[4.463s][info][gc,cpu      ] GC(84) User=0.00s Sys=0.02s Real=0.00s
[4.463s][info][gc          ] GC(85) Concurrent Mark Cycle
[4.463s][info][gc,marking  ] GC(85) Concurrent Scan Root Regions
[4.463s][info][gc,marking  ] GC(85) Concurrent Scan Root Regions 0.022ms
[4.463s][info][gc,marking  ] GC(85) Concurrent Mark
[4.463s][info][gc,marking  ] GC(85) Concurrent Mark From Roots
[4.463s][info][gc,task     ] GC(85) Using 2 workers of 2 for marking
[4.466s][info][gc,marking  ] GC(85) Concurrent Mark From Roots 2.726ms
[4.466s][info][gc,marking  ] GC(85) Concurrent Preclean
[4.466s][info][gc,marking  ] GC(85) Concurrent Preclean 0.024ms
[4.466s][info][gc,start    ] GC(85) Pause Remark
[4.467s][info][gc          ] GC(85) Pause Remark 143M->143M(240M) 0.646ms
[4.467s][info][gc,cpu      ] GC(85) User=0.00s Sys=0.00s Real=0.00s
[4.467s][info][gc,marking  ] GC(85) Concurrent Mark 3.641ms
[4.467s][info][gc,marking  ] GC(85) Concurrent Rebuild Remembered Sets and Scrub Regions
[4.468s][info][gc,marking  ] GC(85) Concurrent Rebuild Remembered Sets and Scrub Regions 0.795ms
[4.468s][info][gc,start    ] GC(85) Pause Cleanup
[4.468s][info][gc          ] GC(85) Pause Cleanup 143M->143M(240M) 0.148ms
[4.468s][info][gc,cpu      ] GC(85) User=0.00s Sys=0.00s Real=0.00s
[4.468s][info][gc,marking  ] GC(85) Concurrent Clear Claimed Marks
[4.468s][info][gc,marking  ] GC(85) Concurrent Clear Claimed Marks 0.032ms
[4.468s][info][gc,marking  ] GC(85) Concurrent Cleanup for Next Mark
[4.468s][info][gc,marking  ] GC(85) Concurrent Cleanup for Next Mark 0.488ms
[4.468s][info][gc          ] GC(85) Concurrent Mark Cycle 5.495ms
[4.524s][info][gc,start    ] GC(86) Pause Young (Concurrent Start) (G1 Humongous Allocation)
[4.524s][info][gc,task     ] GC(86) Using 5 workers of 8 for evacuation
[4.525s][info][gc,phases   ] GC(86)   Pre Evacuate Collection Set: 0.2ms
[4.525s][info][gc,phases   ] GC(86)   Merge Heap Roots: 0.2ms
[4.525s][info][gc,phases   ] GC(86)   Evacuate Collection Set: 0.3ms
[4.525s][info][gc,phases   ] GC(86)   Post Evacuate Collection Set: 0.5ms
[4.525s][info][gc,phases   ] GC(86)   Other: 0.2ms
[4.525s][info][gc,heap     ] GC(86) Eden regions: 0->0(34)
[4.525s][info][gc,heap     ] GC(86) Survivor regions: 0->0(5)
[4.525s][info][gc,heap     ] GC(86) Old regions: 2->2
[4.525s][info][gc,heap     ] GC(86) Humongous regions: 142->142
[4.525s][info][gc,metaspace] GC(86) Metaspace: 380K(576K)->380K(576K) NonClass: 355K(448K)->355K(448K) Class: 24K(128K)->24K(128K)
[4.525s][info][gc          ] GC(86) Pause Young (Concurrent Start) (G1 Humongous Allocation) 143M->143M(240M) 1.888ms
[4.525s][info][gc,cpu      ] GC(86) User=0.05s Sys=0.00s Real=0.00s
[4.525s][info][gc          ] GC(87) Concurrent Mark Cycle
[4.526s][info][gc,marking  ] GC(87) Concurrent Scan Root Regions
[4.526s][info][gc,marking  ] GC(87) Concurrent Scan Root Regions 0.038ms
[4.526s][info][gc,marking  ] GC(87) Concurrent Mark
[4.526s][info][gc,marking  ] GC(87) Concurrent Mark From Roots
[4.526s][info][gc,task     ] GC(87) Using 2 workers of 2 for marking
[4.530s][info][gc,marking  ] GC(87) Concurrent Mark From Roots 4.234ms
[4.530s][info][gc,marking  ] GC(87) Concurrent Preclean
[4.530s][info][gc,marking  ] GC(87) Concurrent Preclean 0.045ms
[4.530s][info][gc,start    ] GC(87) Pause Remark
[4.531s][info][gc          ] GC(87) Pause Remark 145M->145M(244M) 1.098ms
[4.531s][info][gc,cpu      ] GC(87) User=0.00s Sys=0.00s Real=0.00s
[4.532s][info][gc,marking  ] GC(87) Concurrent Mark 5.846ms
[4.532s][info][gc,marking  ] GC(87) Concurrent Rebuild Remembered Sets and Scrub Regions
[4.533s][info][gc,marking  ] GC(87) Concurrent Rebuild Remembered Sets and Scrub Regions 1.470ms
[4.533s][info][gc,start    ] GC(87) Pause Cleanup
[4.534s][info][gc          ] GC(87) Pause Cleanup 145M->145M(244M) 0.261ms
[4.534s][info][gc,cpu      ] GC(87) User=0.00s Sys=0.00s Real=0.00s
[4.534s][info][gc,marking  ] GC(87) Concurrent Clear Claimed Marks
[4.534s][info][gc,marking  ] GC(87) Concurrent Clear Claimed Marks 0.091ms
[4.534s][info][gc,marking  ] GC(87) Concurrent Cleanup for Next Mark
[4.535s][info][gc,marking  ] GC(87) Concurrent Cleanup for Next Mark 0.654ms
[4.535s][info][gc          ] GC(87) Concurrent Mark Cycle 9.079ms
[4.587s][info][gc,start    ] GC(88) Pause Young (Concurrent Start) (G1 Humongous Allocation)
[4.587s][info][gc,task     ] GC(88) Using 5 workers of 8 for evacuation
[4.589s][info][gc,phases   ] GC(88)   Pre Evacuate Collection Set: 0.3ms
[4.589s][info][gc,phases   ] GC(88)   Merge Heap Roots: 0.2ms
[4.589s][info][gc,phases   ] GC(88)   Evacuate Collection Set: 0.4ms
[4.589s][info][gc,phases   ] GC(88)   Post Evacuate Collection Set: 0.8ms
[4.589s][info][gc,phases   ] GC(88)   Other: 0.2ms
[4.589s][info][gc,heap     ] GC(88) Eden regions: 0->0(34)
[4.590s][info][gc,heap     ] GC(88) Survivor regions: 0->0(5)
[4.590s][info][gc,heap     ] GC(88) Old regions: 2->2
[4.590s][info][gc,heap     ] GC(88) Humongous regions: 144->144
[4.590s][info][gc,metaspace] GC(88) Metaspace: 380K(576K)->380K(576K) NonClass: 355K(448K)->355K(448K) Class: 24K(128K)->24K(128K)
[4.590s][info][gc          ] GC(88) Pause Young (Concurrent Start) (G1 Humongous Allocation) 145M->145M(244M) 2.647ms
[4.590s][info][gc,cpu      ] GC(88) User=0.00s Sys=0.00s Real=0.00s
[4.590s][info][gc          ] GC(89) Concurrent Mark Cycle
[4.590s][info][gc,marking  ] GC(89) Concurrent Scan Root Regions
[4.590s][info][gc,marking  ] GC(89) Concurrent Scan Root Regions 0.059ms
[4.590s][info][gc,marking  ] GC(89) Concurrent Mark
[4.590s][info][gc,marking  ] GC(89) Concurrent Mark From Roots
[4.590s][info][gc,task     ] GC(89) Using 2 workers of 2 for marking
[4.595s][info][gc,marking  ] GC(89) Concurrent Mark From Roots 4.601ms
[4.595s][info][gc,marking  ] GC(89) Concurrent Preclean
[4.595s][info][gc,marking  ] GC(89) Concurrent Preclean 0.056ms
[4.595s][info][gc,start    ] GC(89) Pause Remark
[4.597s][info][gc          ] GC(89) Pause Remark 147M->147M(247M) 1.403ms
[4.597s][info][gc,cpu      ] GC(89) User=0.00s Sys=0.00s Real=0.00s
[4.597s][info][gc,marking  ] GC(89) Concurrent Mark 6.737ms
[4.597s][info][gc,marking  ] GC(89) Concurrent Rebuild Remembered Sets and Scrub Regions
[4.598s][info][gc,marking  ] GC(89) Concurrent Rebuild Remembered Sets and Scrub Regions 1.458ms
[4.599s][info][gc,start    ] GC(89) Pause Cleanup
[4.599s][info][gc          ] GC(89) Pause Cleanup 147M->147M(247M) 0.275ms
[4.599s][info][gc,cpu      ] GC(89) User=0.00s Sys=0.00s Real=0.00s
[4.599s][info][gc,marking  ] GC(89) Concurrent Clear Claimed Marks
[4.599s][info][gc,marking  ] GC(89) Concurrent Clear Claimed Marks 0.086ms
[4.599s][info][gc,marking  ] GC(89) Concurrent Cleanup for Next Mark
[4.600s][info][gc,marking  ] GC(89) Concurrent Cleanup for Next Mark 0.599ms
[4.600s][info][gc          ] GC(89) Concurrent Mark Cycle 10.016ms
[4.650s][info][gc,start    ] GC(90) Pause Young (Concurrent Start) (G1 Humongous Allocation)
[4.650s][info][gc,task     ] GC(90) Using 5 workers of 8 for evacuation
[4.652s][info][gc,phases   ] GC(90)   Pre Evacuate Collection Set: 0.4ms
[4.652s][info][gc,phases   ] GC(90)   Merge Heap Roots: 0.3ms
[4.652s][info][gc,phases   ] GC(90)   Evacuate Collection Set: 0.4ms
[4.652s][info][gc,phases   ] GC(90)   Post Evacuate Collection Set: 0.7ms
[4.652s][info][gc,phases   ] GC(90)   Other: 0.3ms
[4.652s][info][gc,heap     ] GC(90) Eden regions: 0->0(34)
[4.652s][info][gc,heap     ] GC(90) Survivor regions: 0->0(5)
[4.652s][info][gc,heap     ] GC(90) Old regions: 2->2
[4.652s][info][gc,heap     ] GC(90) Humongous regions: 146->146
[4.652s][info][gc,metaspace] GC(90) Metaspace: 380K(576K)->380K(576K) NonClass: 355K(448K)->355K(448K) Class: 24K(128K)->24K(128K)
[4.652s][info][gc          ] GC(90) Pause Young (Concurrent Start) (G1 Humongous Allocation) 147M->147M(247M) 2.428ms
[4.652s][info][gc,cpu      ] GC(90) User=0.00s Sys=0.00s Real=0.00s
[4.652s][info][gc          ] GC(91) Concurrent Mark Cycle
[4.652s][info][gc,marking  ] GC(91) Concurrent Scan Root Regions
[4.652s][info][gc,marking  ] GC(91) Concurrent Scan Root Regions 0.024ms
[4.652s][info][gc,marking  ] GC(91) Concurrent Mark
[4.652s][info][gc,marking  ] GC(91) Concurrent Mark From Roots
[4.652s][info][gc,task     ] GC(91) Using 2 workers of 2 for marking
[4.655s][info][gc,marking  ] GC(91) Concurrent Mark From Roots 2.394ms
[4.655s][info][gc,marking  ] GC(91) Concurrent Preclean
[4.655s][info][gc,marking  ] GC(91) Concurrent Preclean 0.029ms
[4.655s][info][gc,start    ] GC(91) Pause Remark
[4.656s][info][gc          ] GC(91) Pause Remark 149M->149M(252M) 1.022ms
[4.656s][info][gc,cpu      ] GC(91) User=0.00s Sys=0.00s Real=0.00s
[4.656s][info][gc,marking  ] GC(91) Concurrent Mark 3.779ms
[4.656s][info][gc,marking  ] GC(91) Concurrent Rebuild Remembered Sets and Scrub Regions
[4.657s][info][gc,marking  ] GC(91) Concurrent Rebuild Remembered Sets and Scrub Regions 0.961ms
[4.657s][info][gc,start    ] GC(91) Pause Cleanup
[4.657s][info][gc          ] GC(91) Pause Cleanup 149M->149M(252M) 0.173ms
[4.657s][info][gc,cpu      ] GC(91) User=0.00s Sys=0.00s Real=0.00s
[4.657s][info][gc,marking  ] GC(91) Concurrent Clear Claimed Marks
[4.657s][info][gc,marking  ] GC(91) Concurrent Clear Claimed Marks 0.074ms
[4.657s][info][gc,marking  ] GC(91) Concurrent Cleanup for Next Mark
[4.658s][info][gc,marking  ] GC(91) Concurrent Cleanup for Next Mark 0.646ms
[4.658s][info][gc          ] GC(91) Concurrent Mark Cycle 6.098ms
[4.712s][info][gc,start    ] GC(92) Pause Young (Concurrent Start) (G1 Humongous Allocation)
[4.712s][info][gc,task     ] GC(92) Using 6 workers of 8 for evacuation
[4.713s][info][gc,phases   ] GC(92)   Pre Evacuate Collection Set: 0.2ms
[4.713s][info][gc,phases   ] GC(92)   Merge Heap Roots: 0.1ms
[4.713s][info][gc,phases   ] GC(92)   Evacuate Collection Set: 0.1ms
[4.713s][info][gc,phases   ] GC(92)   Post Evacuate Collection Set: 0.3ms
[4.713s][info][gc,phases   ] GC(92)   Other: 0.2ms
[4.713s][info][gc,heap     ] GC(92) Eden regions: 1->0(52)
[4.713s][info][gc,heap     ] GC(92) Survivor regions: 0->1(5)
[4.713s][info][gc,heap     ] GC(92) Old regions: 2->2
[4.713s][info][gc,heap     ] GC(92) Humongous regions: 148->148
[4.713s][info][gc,metaspace] GC(92) Metaspace: 380K(576K)->380K(576K) NonClass: 355K(448K)->355K(448K) Class: 24K(128K)->24K(128K)
[4.713s][info][gc          ] GC(92) Pause Young (Concurrent Start) (G1 Humongous Allocation) 149M->149M(252M) 1.316ms
[4.713s][info][gc,cpu      ] GC(92) User=0.00s Sys=0.00s Real=0.00s
[4.713s][info][gc          ] GC(93) Concurrent Mark Cycle
[4.713s][info][gc,marking  ] GC(93) Concurrent Scan Root Regions
[4.713s][info][gc,marking  ] GC(93) Concurrent Scan Root Regions 0.082ms
[4.714s][info][gc,marking  ] GC(93) Concurrent Mark
[4.714s][info][gc,marking  ] GC(93) Concurrent Mark From Roots
[4.714s][info][gc,task     ] GC(93) Using 2 workers of 2 for marking
[4.715s][info][gc,marking  ] GC(93) Concurrent Mark From Roots 1.747ms
[4.715s][info][gc,marking  ] GC(93) Concurrent Preclean
[4.715s][info][gc,marking  ] GC(93) Concurrent Preclean 0.023ms
[4.715s][info][gc,start    ] GC(93) Pause Remark
[4.716s][info][gc          ] GC(93) Pause Remark 151M->151M(255M) 0.734ms
[4.716s][info][gc,cpu      ] GC(93) User=0.00s Sys=0.00s Real=0.00s
[4.716s][info][gc,marking  ] GC(93) Concurrent Mark 2.809ms
[4.716s][info][gc,marking  ] GC(93) Concurrent Rebuild Remembered Sets and Scrub Regions
[4.717s][info][gc,marking  ] GC(93) Concurrent Rebuild Remembered Sets and Scrub Regions 0.920ms
[4.717s][info][gc,start    ] GC(93) Pause Cleanup
[4.718s][info][gc          ] GC(93) Pause Cleanup 151M->151M(255M) 0.179ms
[4.718s][info][gc,cpu      ] GC(93) User=0.00s Sys=0.00s Real=0.00s
[4.718s][info][gc,marking  ] GC(93) Concurrent Clear Claimed Marks
[4.718s][info][gc,marking  ] GC(93) Concurrent Clear Claimed Marks 0.041ms
[4.718s][info][gc,marking  ] GC(93) Concurrent Cleanup for Next Mark
[4.718s][info][gc,marking  ] GC(93) Concurrent Cleanup for Next Mark 0.675ms
[4.719s][info][gc          ] GC(93) Concurrent Mark Cycle 5.201ms
[4.776s][info][gc,start    ] GC(94) Pause Young (Concurrent Start) (G1 Humongous Allocation)
[4.776s][info][gc,task     ] GC(94) Using 6 workers of 8 for evacuation
[4.777s][info][gc,phases   ] GC(94)   Pre Evacuate Collection Set: 0.2ms
[4.777s][info][gc,phases   ] GC(94)   Merge Heap Roots: 0.1ms
[4.777s][info][gc,phases   ] GC(94)   Evacuate Collection Set: 0.2ms
[4.777s][info][gc,phases   ] GC(94)   Post Evacuate Collection Set: 0.3ms
[4.777s][info][gc,phases   ] GC(94)   Other: 0.2ms
[4.777s][info][gc,heap     ] GC(94) Eden regions: 0->0(59)
[4.777s][info][gc,heap     ] GC(94) Survivor regions: 1->1(7)
[4.777s][info][gc,heap     ] GC(94) Old regions: 2->2
[4.777s][info][gc,heap     ] GC(94) Humongous regions: 150->150
[4.777s][info][gc,metaspace] GC(94) Metaspace: 380K(576K)->380K(576K) NonClass: 355K(448K)->355K(448K) Class: 24K(128K)->24K(128K)
[4.777s][info][gc          ] GC(94) Pause Young (Concurrent Start) (G1 Humongous Allocation) 151M->151M(256M) 1.401ms
[4.777s][info][gc,cpu      ] GC(94) User=0.00s Sys=0.00s Real=0.00s
[4.777s][info][gc          ] GC(95) Concurrent Mark Cycle
[4.777s][info][gc,marking  ] GC(95) Concurrent Scan Root Regions
[4.778s][info][gc,marking  ] GC(95) Concurrent Scan Root Regions 0.326ms
[4.778s][info][gc,marking  ] GC(95) Concurrent Mark
[4.778s][info][gc,marking  ] GC(95) Concurrent Mark From Roots
[4.778s][info][gc,task     ] GC(95) Using 2 workers of 2 for marking
[4.781s][info][gc,marking  ] GC(95) Concurrent Mark From Roots 3.071ms
[4.781s][info][gc,marking  ] GC(95) Concurrent Preclean
[4.781s][info][gc,marking  ] GC(95) Concurrent Preclean 0.045ms
[4.781s][info][gc,start    ] GC(95) Pause Remark
[4.782s][info][gc          ] GC(95) Pause Remark 153M->153M(256M) 0.680ms
[4.782s][info][gc,cpu      ] GC(95) User=0.00s Sys=0.00s Real=0.00s
[4.782s][info][gc,marking  ] GC(95) Concurrent Mark 4.148ms
[4.782s][info][gc,marking  ] GC(95) Concurrent Rebuild Remembered Sets and Scrub Regions
[4.783s][info][gc,marking  ] GC(95) Concurrent Rebuild Remembered Sets and Scrub Regions 0.860ms
[4.783s][info][gc,start    ] GC(95) Pause Cleanup
[4.783s][info][gc          ] GC(95) Pause Cleanup 153M->153M(256M) 0.164ms
[4.783s][info][gc,cpu      ] GC(95) User=0.00s Sys=0.00s Real=0.00s
[4.783s][info][gc,marking  ] GC(95) Concurrent Clear Claimed Marks
[4.783s][info][gc,marking  ] GC(95) Concurrent Clear Claimed Marks 0.045ms
[4.783s][info][gc,marking  ] GC(95) Concurrent Cleanup for Next Mark
[4.784s][info][gc,marking  ] GC(95) Concurrent Cleanup for Next Mark 0.625ms
[4.784s][info][gc          ] GC(95) Concurrent Mark Cycle 6.700ms
[4.837s][info][gc,start    ] GC(96) Pause Young (Concurrent Start) (G1 Humongous Allocation)
[4.837s][info][gc,task     ] GC(96) Using 6 workers of 8 for evacuation
[4.838s][info][gc,phases   ] GC(96)   Pre Evacuate Collection Set: 0.2ms
[4.838s][info][gc,phases   ] GC(96)   Merge Heap Roots: 0.0ms
[4.838s][info][gc,phases   ] GC(96)   Evacuate Collection Set: 0.2ms
[4.838s][info][gc,phases   ] GC(96)   Post Evacuate Collection Set: 0.4ms
[4.838s][info][gc,phases   ] GC(96)   Other: 0.1ms
[4.839s][info][gc,heap     ] GC(96) Eden regions: 0->0(67)
[4.839s][info][gc,heap     ] GC(96) Survivor regions: 1->1(8)
[4.839s][info][gc,heap     ] GC(96) Old regions: 2->2
[4.839s][info][gc,heap     ] GC(96) Humongous regions: 152->152
[4.839s][info][gc,metaspace] GC(96) Metaspace: 380K(576K)->380K(576K) NonClass: 355K(448K)->355K(448K) Class: 24K(128K)->24K(128K)
[4.839s][info][gc          ] GC(96) Pause Young (Concurrent Start) (G1 Humongous Allocation) 153M->153M(256M) 1.285ms
[4.839s][info][gc,cpu      ] GC(96) User=0.00s Sys=0.00s Real=0.00s
[4.839s][info][gc          ] GC(97) Concurrent Mark Cycle
[4.839s][info][gc,marking  ] GC(97) Concurrent Scan Root Regions
[4.839s][info][gc,marking  ] GC(97) Concurrent Scan Root Regions 0.137ms
[4.839s][info][gc,marking  ] GC(97) Concurrent Mark
[4.839s][info][gc,marking  ] GC(97) Concurrent Mark From Roots
[4.839s][info][gc,task     ] GC(97) Using 2 workers of 2 for marking
[4.841s][info][gc,marking  ] GC(97) Concurrent Mark From Roots 1.843ms
[4.841s][info][gc,marking  ] GC(97) Concurrent Preclean
[4.841s][info][gc,marking  ] GC(97) Concurrent Preclean 0.044ms
[4.841s][info][gc,start    ] GC(97) Pause Remark
[4.842s][info][gc          ] GC(97) Pause Remark 155M->155M(256M) 0.557ms
[4.842s][info][gc,cpu      ] GC(97) User=0.00s Sys=0.00s Real=0.00s
[4.842s][info][gc,marking  ] GC(97) Concurrent Mark 2.714ms
[4.842s][info][gc,marking  ] GC(97) Concurrent Rebuild Remembered Sets and Scrub Regions
[4.843s][info][gc,marking  ] GC(97) Concurrent Rebuild Remembered Sets and Scrub Regions 0.812ms
[4.843s][info][gc,start    ] GC(97) Pause Cleanup
[4.843s][info][gc          ] GC(97) Pause Cleanup 155M->155M(256M) 0.146ms
[4.843s][info][gc,cpu      ] GC(97) User=0.00s Sys=0.00s Real=0.00s
[4.843s][info][gc,marking  ] GC(97) Concurrent Clear Claimed Marks
[4.843s][info][gc,marking  ] GC(97) Concurrent Clear Claimed Marks 0.047ms
[4.843s][info][gc,marking  ] GC(97) Concurrent Cleanup for Next Mark
[4.844s][info][gc,marking  ] GC(97) Concurrent Cleanup for Next Mark 0.972ms
[4.844s][info][gc          ] GC(97) Concurrent Mark Cycle 5.402ms
[4.901s][info][gc,start    ] GC(98) Pause Young (Concurrent Start) (G1 Humongous Allocation)
[4.901s][info][gc,task     ] GC(98) Using 6 workers of 8 for evacuation
[4.902s][info][gc,phases   ] GC(98)   Pre Evacuate Collection Set: 0.2ms
[4.902s][info][gc,phases   ] GC(98)   Merge Heap Roots: 0.1ms
[4.902s][info][gc,phases   ] GC(98)   Evacuate Collection Set: 0.2ms
[4.902s][info][gc,phases   ] GC(98)   Post Evacuate Collection Set: 0.2ms
[4.902s][info][gc,phases   ] GC(98)   Other: 0.1ms
[4.902s][info][gc,heap     ] GC(98) Eden regions: 0->0(77)
[4.902s][info][gc,heap     ] GC(98) Survivor regions: 1->1(9)
[4.902s][info][gc,heap     ] GC(98) Old regions: 2->2
[4.902s][info][gc,heap     ] GC(98) Humongous regions: 154->154
[4.902s][info][gc,metaspace] GC(98) Metaspace: 380K(576K)->380K(576K) NonClass: 355K(448K)->355K(448K) Class: 24K(128K)->24K(128K)
[4.902s][info][gc          ] GC(98) Pause Young (Concurrent Start) (G1 Humongous Allocation) 155M->155M(256M) 1.245ms
[4.902s][info][gc,cpu      ] GC(98) User=0.00s Sys=0.00s Real=0.00s
[4.902s][info][gc          ] GC(99) Concurrent Mark Cycle
[4.902s][info][gc,marking  ] GC(99) Concurrent Scan Root Regions
[4.902s][info][gc,marking  ] GC(99) Concurrent Scan Root Regions 0.091ms
[4.902s][info][gc,marking  ] GC(99) Concurrent Mark
[4.902s][info][gc,marking  ] GC(99) Concurrent Mark From Roots
[4.902s][info][gc,task     ] GC(99) Using 2 workers of 2 for marking
[4.905s][info][gc,marking  ] GC(99) Concurrent Mark From Roots 2.381ms
[4.905s][info][gc,marking  ] GC(99) Concurrent Preclean
[4.905s][info][gc,marking  ] GC(99) Concurrent Preclean 0.043ms
[4.905s][info][gc,start    ] GC(99) Pause Remark
[4.906s][info][gc          ] GC(99) Pause Remark 157M->157M(256M) 0.611ms
[4.906s][info][gc,cpu      ] GC(99) User=0.00s Sys=0.00s Real=0.00s
[4.906s][info][gc,marking  ] GC(99) Concurrent Mark 3.386ms
[4.906s][info][gc,marking  ] GC(99) Concurrent Rebuild Remembered Sets and Scrub Regions
[4.907s][info][gc,marking  ] GC(99) Concurrent Rebuild Remembered Sets and Scrub Regions 0.924ms
[4.907s][info][gc,start    ] GC(99) Pause Cleanup
[4.907s][info][gc          ] GC(99) Pause Cleanup 157M->157M(256M) 0.175ms
[4.907s][info][gc,cpu      ] GC(99) User=0.00s Sys=0.00s Real=0.00s
[4.907s][info][gc,marking  ] GC(99) Concurrent Clear Claimed Marks
[4.907s][info][gc,marking  ] GC(99) Concurrent Clear Claimed Marks 0.035ms
[4.907s][info][gc,marking  ] GC(99) Concurrent Cleanup for Next Mark
[4.908s][info][gc,marking  ] GC(99) Concurrent Cleanup for Next Mark 0.708ms
[4.908s][info][gc          ] GC(99) Concurrent Mark Cycle 5.812ms
[4.964s][info][gc,start    ] GC(100) Pause Young (Concurrent Start) (G1 Humongous Allocation)
[4.964s][info][gc,task     ] GC(100) Using 6 workers of 8 for evacuation
[4.965s][info][gc,phases   ] GC(100)   Pre Evacuate Collection Set: 0.2ms
[4.965s][info][gc,phases   ] GC(100)   Merge Heap Roots: 0.2ms
[4.965s][info][gc,phases   ] GC(100)   Evacuate Collection Set: 0.3ms
[4.965s][info][gc,phases   ] GC(100)   Post Evacuate Collection Set: 0.4ms
[4.965s][info][gc,phases   ] GC(100)   Other: 0.2ms
[4.965s][info][gc,heap     ] GC(100) Eden regions: 0->0(74)
[4.965s][info][gc,heap     ] GC(100) Survivor regions: 1->1(10)
[4.965s][info][gc,heap     ] GC(100) Old regions: 2->2
[4.965s][info][gc,heap     ] GC(100) Humongous regions: 156->156
[4.965s][info][gc,metaspace] GC(100) Metaspace: 380K(576K)->380K(576K) NonClass: 355K(448K)->355K(448K) Class: 24K(128K)->24K(128K)
[4.966s][info][gc          ] GC(100) Pause Young (Concurrent Start) (G1 Humongous Allocation) 157M->157M(256M) 1.835ms
[4.966s][info][gc,cpu      ] GC(100) User=0.00s Sys=0.00s Real=0.00s
[4.966s][info][gc          ] GC(101) Concurrent Mark Cycle
[4.966s][info][gc,marking  ] GC(101) Concurrent Scan Root Regions
[4.966s][info][gc,marking  ] GC(101) Concurrent Scan Root Regions 0.148ms
[4.966s][info][gc,marking  ] GC(101) Concurrent Mark
[4.966s][info][gc,marking  ] GC(101) Concurrent Mark From Roots
[4.966s][info][gc,task     ] GC(101) Using 2 workers of 2 for marking
[4.970s][info][gc,marking  ] GC(101) Concurrent Mark From Roots 3.498ms
[4.970s][info][gc,marking  ] GC(101) Concurrent Preclean
[4.970s][info][gc,marking  ] GC(101) Concurrent Preclean 0.045ms
[4.970s][info][gc,start    ] GC(101) Pause Remark
[4.971s][info][gc          ] GC(101) Pause Remark 159M->159M(256M) 0.833ms
[4.971s][info][gc,cpu      ] GC(101) User=0.00s Sys=0.00s Real=0.00s
[4.971s][info][gc,marking  ] GC(101) Concurrent Mark 4.830ms
[4.971s][info][gc,marking  ] GC(101) Concurrent Rebuild Remembered Sets and Scrub Regions
[4.973s][info][gc,marking  ] GC(101) Concurrent Rebuild Remembered Sets and Scrub Regions 1.679ms
[4.973s][info][gc,start    ] GC(101) Pause Cleanup
[4.973s][info][gc          ] GC(101) Pause Cleanup 159M->159M(256M) 0.344ms
[4.973s][info][gc,cpu      ] GC(101) User=0.00s Sys=0.00s Real=0.00s
[4.973s][info][gc,marking  ] GC(101) Concurrent Clear Claimed Marks
[4.973s][info][gc,marking  ] GC(101) Concurrent Clear Claimed Marks 0.101ms
[4.974s][info][gc,marking  ] GC(101) Concurrent Cleanup for Next Mark
[4.974s][info][gc,marking  ] GC(101) Concurrent Cleanup for Next Mark 0.943ms
[4.975s][info][gc          ] GC(101) Concurrent Mark Cycle 8.935ms
[5.026s][info][gc,start    ] GC(102) Pause Young (Concurrent Start) (G1 Humongous Allocation)
[5.026s][info][gc,task     ] GC(102) Using 6 workers of 8 for evacuation
[5.027s][info][gc,phases   ] GC(102)   Pre Evacuate Collection Set: 0.2ms
[5.027s][info][gc,phases   ] GC(102)   Merge Heap Roots: 0.1ms
[5.027s][info][gc,phases   ] GC(102)   Evacuate Collection Set: 0.3ms
[5.027s][info][gc,phases   ] GC(102)   Post Evacuate Collection Set: 0.4ms
[5.027s][info][gc,phases   ] GC(102)   Other: 0.3ms
[5.028s][info][gc,heap     ] GC(102) Eden regions: 0->0(73)
[5.028s][info][gc,heap     ] GC(102) Survivor regions: 1->1(10)
[5.028s][info][gc,heap     ] GC(102) Old regions: 2->2
[5.028s][info][gc,heap     ] GC(102) Humongous regions: 158->158
[5.028s][info][gc,metaspace] GC(102) Metaspace: 380K(576K)->380K(576K) NonClass: 355K(448K)->355K(448K) Class: 24K(128K)->24K(128K)
[5.028s][info][gc          ] GC(102) Pause Young (Concurrent Start) (G1 Humongous Allocation) 159M->159M(256M) 2.205ms
[5.028s][info][gc,cpu      ] GC(102) User=0.00s Sys=0.00s Real=0.00s
[5.028s][info][gc          ] GC(103) Concurrent Mark Cycle
[5.028s][info][gc,marking  ] GC(103) Concurrent Scan Root Regions
[5.029s][info][gc,marking  ] GC(103) Concurrent Scan Root Regions 0.400ms
[5.029s][info][gc,marking  ] GC(103) Concurrent Mark
[5.029s][info][gc,marking  ] GC(103) Concurrent Mark From Roots
[5.029s][info][gc,task     ] GC(103) Using 2 workers of 2 for marking
[5.033s][info][gc,marking  ] GC(103) Concurrent Mark From Roots 4.363ms
[5.033s][info][gc,marking  ] GC(103) Concurrent Preclean
[5.033s][info][gc,marking  ] GC(103) Concurrent Preclean 0.090ms
[5.034s][info][gc,start    ] GC(103) Pause Remark
[5.035s][info][gc          ] GC(103) Pause Remark 161M->161M(256M) 1.097ms
[5.035s][info][gc,cpu      ] GC(103) User=0.00s Sys=0.00s Real=0.00s
[5.035s][info][gc,marking  ] GC(103) Concurrent Mark 6.132ms
[5.035s][info][gc,marking  ] GC(103) Concurrent Rebuild Remembered Sets and Scrub Regions
[5.036s][info][gc,marking  ] GC(103) Concurrent Rebuild Remembered Sets and Scrub Regions 1.488ms
[5.037s][info][gc,start    ] GC(103) Pause Cleanup
[5.037s][info][gc          ] GC(103) Pause Cleanup 161M->161M(256M) 0.244ms
[5.037s][info][gc,cpu      ] GC(103) User=0.00s Sys=0.00s Real=0.00s
[5.037s][info][gc,marking  ] GC(103) Concurrent Clear Claimed Marks
[5.037s][info][gc,marking  ] GC(103) Concurrent Clear Claimed Marks 0.072ms
[5.037s][info][gc,marking  ] GC(103) Concurrent Cleanup for Next Mark
[5.038s][info][gc,marking  ] GC(103) Concurrent Cleanup for Next Mark 0.670ms
[5.038s][info][gc          ] GC(103) Concurrent Mark Cycle 10.043ms
[5.089s][info][gc,start    ] GC(104) Pause Young (Concurrent Start) (G1 Humongous Allocation)
[5.089s][info][gc,task     ] GC(104) Using 6 workers of 8 for evacuation
[5.090s][info][gc,phases   ] GC(104)   Pre Evacuate Collection Set: 0.2ms
[5.090s][info][gc,phases   ] GC(104)   Merge Heap Roots: 0.0ms
[5.090s][info][gc,phases   ] GC(104)   Evacuate Collection Set: 0.2ms
[5.090s][info][gc,phases   ] GC(104)   Post Evacuate Collection Set: 0.2ms
[5.090s][info][gc,phases   ] GC(104)   Other: 0.1ms
[5.090s][info][gc,heap     ] GC(104) Eden regions: 1->0(78)
[5.090s][info][gc,heap     ] GC(104) Survivor regions: 1->1(10)
[5.090s][info][gc,heap     ] GC(104) Old regions: 2->2
[5.090s][info][gc,heap     ] GC(104) Humongous regions: 160->160
[5.090s][info][gc,metaspace] GC(104) Metaspace: 380K(576K)->380K(576K) NonClass: 355K(448K)->355K(448K) Class: 24K(128K)->24K(128K)
[5.090s][info][gc          ] GC(104) Pause Young (Concurrent Start) (G1 Humongous Allocation) 161M->161M(256M) 1.121ms
[5.090s][info][gc,cpu      ] GC(104) User=0.00s Sys=0.00s Real=0.00s
[5.090s][info][gc          ] GC(105) Concurrent Mark Cycle
[5.090s][info][gc,marking  ] GC(105) Concurrent Scan Root Regions
[5.090s][info][gc,marking  ] GC(105) Concurrent Scan Root Regions 0.112ms
[5.090s][info][gc,marking  ] GC(105) Concurrent Mark
[5.090s][info][gc,marking  ] GC(105) Concurrent Mark From Roots
[5.090s][info][gc,task     ] GC(105) Using 2 workers of 2 for marking
[5.093s][info][gc,marking  ] GC(105) Concurrent Mark From Roots 3.092ms
[5.093s][info][gc,marking  ] GC(105) Concurrent Preclean
[5.094s][info][gc,marking  ] GC(105) Concurrent Preclean 0.134ms
[5.094s][info][gc,start    ] GC(105) Pause Remark
[5.095s][info][gc          ] GC(105) Pause Remark 163M->163M(256M) 0.903ms
[5.095s][info][gc,cpu      ] GC(105) User=0.00s Sys=0.00s Real=0.00s
[5.095s][info][gc,marking  ] GC(105) Concurrent Mark 4.550ms
[5.095s][info][gc,marking  ] GC(105) Concurrent Rebuild Remembered Sets and Scrub Regions
[5.096s][info][gc,marking  ] GC(105) Concurrent Rebuild Remembered Sets and Scrub Regions 0.983ms
[5.096s][info][gc,start    ] GC(105) Pause Cleanup
[5.096s][info][gc          ] GC(105) Pause Cleanup 163M->163M(256M) 0.255ms
[5.096s][info][gc,cpu      ] GC(105) User=0.00s Sys=0.00s Real=0.00s
[5.096s][info][gc,marking  ] GC(105) Concurrent Clear Claimed Marks
[5.096s][info][gc,marking  ] GC(105) Concurrent Clear Claimed Marks 0.053ms
[5.096s][info][gc,marking  ] GC(105) Concurrent Cleanup for Next Mark
[5.097s][info][gc,marking  ] GC(105) Concurrent Cleanup for Next Mark 0.781ms
[5.097s][info][gc          ] GC(105) Concurrent Mark Cycle 7.428ms
[5.150s][info][gc,start    ] GC(106) Pause Young (Concurrent Start) (G1 Humongous Allocation)
[5.151s][info][gc,task     ] GC(106) Using 6 workers of 8 for evacuation
[5.151s][info][gc,phases   ] GC(106)   Pre Evacuate Collection Set: 0.2ms
[5.151s][info][gc,phases   ] GC(106)   Merge Heap Roots: 0.1ms
[5.151s][info][gc,phases   ] GC(106)   Evacuate Collection Set: 0.2ms
[5.152s][info][gc,phases   ] GC(106)   Post Evacuate Collection Set: 0.2ms
[5.152s][info][gc,phases   ] GC(106)   Other: 0.1ms
[5.152s][info][gc,heap     ] GC(106) Eden regions: 0->0(76)
[5.152s][info][gc,heap     ] GC(106) Survivor regions: 1->1(10)
[5.152s][info][gc,heap     ] GC(106) Old regions: 2->2
[5.152s][info][gc,heap     ] GC(106) Humongous regions: 162->162
[5.152s][info][gc,metaspace] GC(106) Metaspace: 380K(576K)->380K(576K) NonClass: 355K(448K)->355K(448K) Class: 24K(128K)->24K(128K)
[5.152s][info][gc          ] GC(106) Pause Young (Concurrent Start) (G1 Humongous Allocation) 163M->163M(256M) 1.237ms
[5.152s][info][gc,cpu      ] GC(106) User=0.00s Sys=0.00s Real=0.00s
[5.152s][info][gc          ] GC(107) Concurrent Mark Cycle
[5.152s][info][gc,marking  ] GC(107) Concurrent Scan Root Regions
[5.152s][info][gc,marking  ] GC(107) Concurrent Scan Root Regions 0.181ms
[5.152s][info][gc,marking  ] GC(107) Concurrent Mark
[5.152s][info][gc,marking  ] GC(107) Concurrent Mark From Roots
[5.152s][info][gc,task     ] GC(107) Using 2 workers of 2 for marking
[5.155s][info][gc,marking  ] GC(107) Concurrent Mark From Roots 2.791ms
[5.155s][info][gc,marking  ] GC(107) Concurrent Preclean
[5.155s][info][gc,marking  ] GC(107) Concurrent Preclean 0.036ms
[5.155s][info][gc,start    ] GC(107) Pause Remark
[5.156s][info][gc          ] GC(107) Pause Remark 165M->165M(256M) 0.504ms
[5.156s][info][gc,cpu      ] GC(107) User=0.00s Sys=0.00s Real=0.00s
[5.156s][info][gc,marking  ] GC(107) Concurrent Mark 3.637ms
[5.156s][info][gc,marking  ] GC(107) Concurrent Rebuild Remembered Sets and Scrub Regions
[5.157s][info][gc,marking  ] GC(107) Concurrent Rebuild Remembered Sets and Scrub Regions 0.959ms
[5.157s][info][gc,start    ] GC(107) Pause Cleanup
[5.157s][info][gc          ] GC(107) Pause Cleanup 165M->165M(256M) 0.153ms
[5.157s][info][gc,cpu      ] GC(107) User=0.00s Sys=0.00s Real=0.00s
[5.157s][info][gc,marking  ] GC(107) Concurrent Clear Claimed Marks
[5.157s][info][gc,marking  ] GC(107) Concurrent Clear Claimed Marks 0.058ms
[5.157s][info][gc,marking  ] GC(107) Concurrent Cleanup for Next Mark
[5.158s][info][gc,marking  ] GC(107) Concurrent Cleanup for Next Mark 0.654ms
[5.158s][info][gc          ] GC(107) Concurrent Mark Cycle 6.303ms
[5.213s][info][gc,start    ] GC(108) Pause Young (Concurrent Start) (G1 Humongous Allocation)
[5.213s][info][gc,task     ] GC(108) Using 6 workers of 8 for evacuation
[5.214s][info][gc,phases   ] GC(108)   Pre Evacuate Collection Set: 0.1ms
[5.214s][info][gc,phases   ] GC(108)   Merge Heap Roots: 0.1ms
[5.214s][info][gc,phases   ] GC(108)   Evacuate Collection Set: 0.1ms
[5.214s][info][gc,phases   ] GC(108)   Post Evacuate Collection Set: 0.2ms
[5.214s][info][gc,phases   ] GC(108)   Other: 0.1ms
[5.214s][info][gc,heap     ] GC(108) Eden regions: 0->0(74)
[5.214s][info][gc,heap     ] GC(108) Survivor regions: 1->1(10)
[5.214s][info][gc,heap     ] GC(108) Old regions: 2->2
[5.214s][info][gc,heap     ] GC(108) Humongous regions: 164->164
[5.214s][info][gc,metaspace] GC(108) Metaspace: 380K(576K)->380K(576K) NonClass: 355K(448K)->355K(448K) Class: 24K(128K)->24K(128K)
[5.214s][info][gc          ] GC(108) Pause Young (Concurrent Start) (G1 Humongous Allocation) 165M->165M(256M) 0.889ms
[5.214s][info][gc,cpu      ] GC(108) User=0.00s Sys=0.00s Real=0.00s
[5.214s][info][gc          ] GC(109) Concurrent Mark Cycle
[5.214s][info][gc,marking  ] GC(109) Concurrent Scan Root Regions
[5.214s][info][gc,marking  ] GC(109) Concurrent Scan Root Regions 0.071ms
[5.214s][info][gc,marking  ] GC(109) Concurrent Mark
[5.214s][info][gc,marking  ] GC(109) Concurrent Mark From Roots
[5.214s][info][gc,task     ] GC(109) Using 2 workers of 2 for marking
[5.217s][info][gc,marking  ] GC(109) Concurrent Mark From Roots 2.343ms
[5.217s][info][gc,marking  ] GC(109) Concurrent Preclean
[5.217s][info][gc,marking  ] GC(109) Concurrent Preclean 0.052ms
[5.217s][info][gc,start    ] GC(109) Pause Remark
[5.217s][info][gc          ] GC(109) Pause Remark 167M->167M(256M) 0.447ms
[5.217s][info][gc,cpu      ] GC(109) User=0.00s Sys=0.00s Real=0.00s
[5.217s][info][gc,marking  ] GC(109) Concurrent Mark 3.126ms
[5.218s][info][gc,marking  ] GC(109) Concurrent Rebuild Remembered Sets and Scrub Regions
[5.219s][info][gc,marking  ] GC(109) Concurrent Rebuild Remembered Sets and Scrub Regions 0.958ms
[5.219s][info][gc,start    ] GC(109) Pause Cleanup
[5.219s][info][gc          ] GC(109) Pause Cleanup 167M->167M(256M) 0.127ms
[5.219s][info][gc,cpu      ] GC(109) User=0.00s Sys=0.00s Real=0.00s
[5.219s][info][gc,marking  ] GC(109) Concurrent Clear Claimed Marks
[5.219s][info][gc,marking  ] GC(109) Concurrent Clear Claimed Marks 0.032ms
[5.219s][info][gc,marking  ] GC(109) Concurrent Cleanup for Next Mark
[5.220s][info][gc,marking  ] GC(109) Concurrent Cleanup for Next Mark 0.682ms
[5.220s][info][gc          ] GC(109) Concurrent Mark Cycle 5.415ms
[5.275s][info][gc,start    ] GC(110) Pause Young (Concurrent Start) (G1 Humongous Allocation)
[5.275s][info][gc,task     ] GC(110) Using 6 workers of 8 for evacuation
[5.276s][info][gc,phases   ] GC(110)   Pre Evacuate Collection Set: 0.2ms
[5.276s][info][gc,phases   ] GC(110)   Merge Heap Roots: 0.1ms
[5.276s][info][gc,phases   ] GC(110)   Evacuate Collection Set: 0.2ms
[5.276s][info][gc,phases   ] GC(110)   Post Evacuate Collection Set: 0.2ms
[5.276s][info][gc,phases   ] GC(110)   Other: 0.1ms
[5.276s][info][gc,heap     ] GC(110) Eden regions: 0->0(72)
[5.276s][info][gc,heap     ] GC(110) Survivor regions: 1->1(10)
[5.276s][info][gc,heap     ] GC(110) Old regions: 2->2
[5.276s][info][gc,heap     ] GC(110) Humongous regions: 166->166
[5.276s][info][gc,metaspace] GC(110) Metaspace: 380K(576K)->380K(576K) NonClass: 355K(448K)->355K(448K) Class: 24K(128K)->24K(128K)
[5.276s][info][gc          ] GC(110) Pause Young (Concurrent Start) (G1 Humongous Allocation) 167M->167M(256M) 1.240ms
[5.276s][info][gc,cpu      ] GC(110) User=0.00s Sys=0.00s Real=0.00s
[5.276s][info][gc          ] GC(111) Concurrent Mark Cycle
[5.276s][info][gc,marking  ] GC(111) Concurrent Scan Root Regions
[5.276s][info][gc,marking  ] GC(111) Concurrent Scan Root Regions 0.091ms
[5.276s][info][gc,marking  ] GC(111) Concurrent Mark
[5.277s][info][gc,marking  ] GC(111) Concurrent Mark From Roots
[5.277s][info][gc,task     ] GC(111) Using 2 workers of 2 for marking
[5.280s][info][gc,marking  ] GC(111) Concurrent Mark From Roots 3.165ms
[5.280s][info][gc,marking  ] GC(111) Concurrent Preclean
[5.280s][info][gc,marking  ] GC(111) Concurrent Preclean 0.020ms
[5.280s][info][gc,start    ] GC(111) Pause Remark
[5.280s][info][gc          ] GC(111) Pause Remark 169M->169M(256M) 0.615ms
[5.280s][info][gc,cpu      ] GC(111) User=0.00s Sys=0.00s Real=0.00s
[5.280s][info][gc,marking  ] GC(111) Concurrent Mark 3.990ms
[5.281s][info][gc,marking  ] GC(111) Concurrent Rebuild Remembered Sets and Scrub Regions
[5.281s][info][gc,marking  ] GC(111) Concurrent Rebuild Remembered Sets and Scrub Regions 0.656ms
[5.281s][info][gc,start    ] GC(111) Pause Cleanup
[5.281s][info][gc          ] GC(111) Pause Cleanup 169M->169M(256M) 0.110ms
[5.281s][info][gc,cpu      ] GC(111) User=0.00s Sys=0.00s Real=0.00s
[5.281s][info][gc,marking  ] GC(111) Concurrent Clear Claimed Marks
[5.281s][info][gc,marking  ] GC(111) Concurrent Clear Claimed Marks 0.029ms
[5.281s][info][gc,marking  ] GC(111) Concurrent Cleanup for Next Mark
[5.282s][info][gc,marking  ] GC(111) Concurrent Cleanup for Next Mark 0.488ms
[5.282s][info][gc          ] GC(111) Concurrent Mark Cycle 5.712ms
[5.337s][info][gc,start    ] GC(112) Pause Young (Concurrent Start) (G1 Humongous Allocation)
[5.337s][info][gc,task     ] GC(112) Using 6 workers of 8 for evacuation
[5.339s][info][gc,phases   ] GC(112)   Pre Evacuate Collection Set: 0.3ms
[5.339s][info][gc,phases   ] GC(112)   Merge Heap Roots: 0.1ms
[5.339s][info][gc,phases   ] GC(112)   Evacuate Collection Set: 0.3ms
[5.339s][info][gc,phases   ] GC(112)   Post Evacuate Collection Set: 0.7ms
[5.339s][info][gc,phases   ] GC(112)   Other: 0.2ms
[5.339s][info][gc,heap     ] GC(112) Eden regions: 0->0(70)
[5.339s][info][gc,heap     ] GC(112) Survivor regions: 1->1(10)
[5.340s][info][gc,heap     ] GC(112) Old regions: 2->2
[5.340s][info][gc,heap     ] GC(112) Humongous regions: 168->168
[5.340s][info][gc,metaspace] GC(112) Metaspace: 380K(576K)->380K(576K) NonClass: 355K(448K)->355K(448K) Class: 24K(128K)->24K(128K)
[5.340s][info][gc          ] GC(112) Pause Young (Concurrent Start) (G1 Humongous Allocation) 169M->169M(256M) 2.329ms
[5.340s][info][gc,cpu      ] GC(112) User=0.00s Sys=0.00s Real=0.00s
[5.340s][info][gc          ] GC(113) Concurrent Mark Cycle
[5.340s][info][gc,marking  ] GC(113) Concurrent Scan Root Regions
[5.340s][info][gc,marking  ] GC(113) Concurrent Scan Root Regions 0.187ms
[5.340s][info][gc,marking  ] GC(113) Concurrent Mark
[5.340s][info][gc,marking  ] GC(113) Concurrent Mark From Roots
[5.340s][info][gc,task     ] GC(113) Using 2 workers of 2 for marking
[5.345s][info][gc,marking  ] GC(113) Concurrent Mark From Roots 4.449ms
[5.345s][info][gc,marking  ] GC(113) Concurrent Preclean
[5.345s][info][gc,marking  ] GC(113) Concurrent Preclean 0.051ms
[5.345s][info][gc,start    ] GC(113) Pause Remark
[5.346s][info][gc          ] GC(113) Pause Remark 171M->171M(256M) 1.254ms
[5.346s][info][gc,cpu      ] GC(113) User=0.00s Sys=0.00s Real=0.00s
[5.346s][info][gc,marking  ] GC(113) Concurrent Mark 6.169ms
[5.346s][info][gc,marking  ] GC(113) Concurrent Rebuild Remembered Sets and Scrub Regions
[5.348s][info][gc,marking  ] GC(113) Concurrent Rebuild Remembered Sets and Scrub Regions 1.409ms
[5.348s][info][gc,start    ] GC(113) Pause Cleanup
[5.348s][info][gc          ] GC(113) Pause Cleanup 171M->171M(256M) 0.252ms
[5.348s][info][gc,cpu      ] GC(113) User=0.00s Sys=0.00s Real=0.00s
[5.349s][info][gc,marking  ] GC(113) Concurrent Clear Claimed Marks
[5.349s][info][gc,marking  ] GC(113) Concurrent Clear Claimed Marks 0.088ms
[5.349s][info][gc,marking  ] GC(113) Concurrent Cleanup for Next Mark
[5.349s][info][gc,marking  ] GC(113) Concurrent Cleanup for Next Mark 0.557ms
[5.349s][info][gc          ] GC(113) Concurrent Mark Cycle 9.519ms
[5.399s][info][gc,start    ] GC(114) Pause Young (Concurrent Start) (G1 Humongous Allocation)
[5.399s][info][gc,task     ] GC(114) Using 6 workers of 8 for evacuation
[5.401s][info][gc,phases   ] GC(114)   Pre Evacuate Collection Set: 0.5ms
[5.402s][info][gc,phases   ] GC(114)   Merge Heap Roots: 0.2ms
[5.402s][info][gc,phases   ] GC(114)   Evacuate Collection Set: 0.4ms
[5.402s][info][gc,phases   ] GC(114)   Post Evacuate Collection Set: 0.9ms
[5.402s][info][gc,phases   ] GC(114)   Other: 0.4ms
[5.402s][info][gc,heap     ] GC(114) Eden regions: 0->0(68)
[5.402s][info][gc,heap     ] GC(114) Survivor regions: 1->1(9)
[5.402s][info][gc,heap     ] GC(114) Old regions: 2->2
[5.402s][info][gc,heap     ] GC(114) Humongous regions: 170->170
[5.402s][info][gc,metaspace] GC(114) Metaspace: 380K(576K)->380K(576K) NonClass: 355K(448K)->355K(448K) Class: 24K(128K)->24K(128K)
[5.402s][info][gc          ] GC(114) Pause Young (Concurrent Start) (G1 Humongous Allocation) 171M->171M(256M) 3.083ms
[5.402s][info][gc,cpu      ] GC(114) User=0.02s Sys=0.00s Real=0.00s
[5.402s][info][gc          ] GC(115) Concurrent Mark Cycle
[5.402s][info][gc,marking  ] GC(115) Concurrent Scan Root Regions
[5.402s][info][gc,marking  ] GC(115) Concurrent Scan Root Regions 0.203ms
[5.402s][info][gc,marking  ] GC(115) Concurrent Mark
[5.402s][info][gc,marking  ] GC(115) Concurrent Mark From Roots
[5.403s][info][gc,task     ] GC(115) Using 2 workers of 2 for marking
[5.406s][info][gc,marking  ] GC(115) Concurrent Mark From Roots 3.598ms
[5.406s][info][gc,marking  ] GC(115) Concurrent Preclean
[5.406s][info][gc,marking  ] GC(115) Concurrent Preclean 0.048ms
[5.406s][info][gc,start    ] GC(115) Pause Remark
[5.408s][info][gc          ] GC(115) Pause Remark 173M->173M(256M) 1.579ms
[5.408s][info][gc,cpu      ] GC(115) User=0.00s Sys=0.00s Real=0.00s
[5.408s][info][gc,marking  ] GC(115) Concurrent Mark 5.757ms
[5.408s][info][gc,marking  ] GC(115) Concurrent Rebuild Remembered Sets and Scrub Regions
[5.410s][info][gc,marking  ] GC(115) Concurrent Rebuild Remembered Sets and Scrub Regions 1.534ms
[5.410s][info][gc,start    ] GC(115) Pause Cleanup
[5.410s][info][gc          ] GC(115) Pause Cleanup 173M->173M(256M) 0.362ms
[5.411s][info][gc,cpu      ] GC(115) User=0.00s Sys=0.00s Real=0.00s
[5.411s][info][gc,marking  ] GC(115) Concurrent Clear Claimed Marks
[5.411s][info][gc,marking  ] GC(115) Concurrent Clear Claimed Marks 0.131ms
[5.411s][info][gc,marking  ] GC(115) Concurrent Cleanup for Next Mark
[5.412s][info][gc,marking  ] GC(115) Concurrent Cleanup for Next Mark 0.594ms
[5.412s][info][gc          ] GC(115) Concurrent Mark Cycle 9.665ms
[5.461s][info][gc,start    ] GC(116) Pause Young (Concurrent Start) (G1 Humongous Allocation)
[5.461s][info][gc,task     ] GC(116) Using 6 workers of 8 for evacuation
[5.463s][info][gc,phases   ] GC(116)   Pre Evacuate Collection Set: 0.4ms
[5.463s][info][gc,phases   ] GC(116)   Merge Heap Roots: 0.2ms
[5.463s][info][gc,phases   ] GC(116)   Evacuate Collection Set: 0.3ms
[5.463s][info][gc,phases   ] GC(116)   Post Evacuate Collection Set: 0.4ms
[5.463s][info][gc,phases   ] GC(116)   Other: 0.3ms
[5.463s][info][gc,heap     ] GC(116) Eden regions: 0->0(66)
[5.463s][info][gc,heap     ] GC(116) Survivor regions: 1->1(9)
[5.463s][info][gc,heap     ] GC(116) Old regions: 2->2
[5.463s][info][gc,heap     ] GC(116) Humongous regions: 172->172
[5.463s][info][gc,metaspace] GC(116) Metaspace: 380K(576K)->380K(576K) NonClass: 355K(448K)->355K(448K) Class: 24K(128K)->24K(128K)
[5.463s][info][gc          ] GC(116) Pause Young (Concurrent Start) (G1 Humongous Allocation) 173M->173M(256M) 2.211ms
[5.463s][info][gc,cpu      ] GC(116) User=0.00s Sys=0.00s Real=0.00s
[5.463s][info][gc          ] GC(117) Concurrent Mark Cycle
[5.463s][info][gc,marking  ] GC(117) Concurrent Scan Root Regions
[5.464s][info][gc,marking  ] GC(117) Concurrent Scan Root Regions 0.249ms
[5.464s][info][gc,marking  ] GC(117) Concurrent Mark
[5.464s][info][gc,marking  ] GC(117) Concurrent Mark From Roots
[5.464s][info][gc,task     ] GC(117) Using 2 workers of 2 for marking
[5.469s][info][gc,marking  ] GC(117) Concurrent Mark From Roots 5.416ms
[5.469s][info][gc,marking  ] GC(117) Concurrent Preclean
[5.469s][info][gc,marking  ] GC(117) Concurrent Preclean 0.051ms
[5.469s][info][gc,start    ] GC(117) Pause Remark
[5.471s][info][gc          ] GC(117) Pause Remark 175M->175M(256M) 1.219ms
[5.471s][info][gc,cpu      ] GC(117) User=0.00s Sys=0.00s Real=0.00s
[5.471s][info][gc,marking  ] GC(117) Concurrent Mark 7.133ms
[5.471s][info][gc,marking  ] GC(117) Concurrent Rebuild Remembered Sets and Scrub Regions
[5.472s][info][gc,marking  ] GC(117) Concurrent Rebuild Remembered Sets and Scrub Regions 1.459ms
[5.473s][info][gc,start    ] GC(117) Pause Cleanup
[5.473s][info][gc          ] GC(117) Pause Cleanup 175M->175M(256M) 0.356ms
[5.473s][info][gc,cpu      ] GC(117) User=0.00s Sys=0.00s Real=0.00s
[5.473s][info][gc,marking  ] GC(117) Concurrent Clear Claimed Marks
[5.473s][info][gc,marking  ] GC(117) Concurrent Clear Claimed Marks 0.089ms
[5.473s][info][gc,marking  ] GC(117) Concurrent Cleanup for Next Mark
[5.474s][info][gc,marking  ] GC(117) Concurrent Cleanup for Next Mark 0.735ms
[5.474s][info][gc          ] GC(117) Concurrent Mark Cycle 10.934ms
[5.522s][info][gc,start    ] GC(118) Pause Young (Concurrent Start) (G1 Humongous Allocation)
[5.522s][info][gc,task     ] GC(118) Using 6 workers of 8 for evacuation
[5.523s][info][gc,phases   ] GC(118)   Pre Evacuate Collection Set: 0.3ms
[5.524s][info][gc,phases   ] GC(118)   Merge Heap Roots: 0.1ms
[5.524s][info][gc,phases   ] GC(118)   Evacuate Collection Set: 0.2ms
[5.524s][info][gc,phases   ] GC(118)   Post Evacuate Collection Set: 0.6ms
[5.524s][info][gc,phases   ] GC(118)   Other: 0.2ms
[5.524s][info][gc,heap     ] GC(118) Eden regions: 0->0(64)
[5.524s][info][gc,heap     ] GC(118) Survivor regions: 1->1(9)
[5.524s][info][gc,heap     ] GC(118) Old regions: 2->2
[5.524s][info][gc,heap     ] GC(118) Humongous regions: 174->174
[5.524s][info][gc,metaspace] GC(118) Metaspace: 380K(576K)->380K(576K) NonClass: 355K(448K)->355K(448K) Class: 24K(128K)->24K(128K)
[5.524s][info][gc          ] GC(118) Pause Young (Concurrent Start) (G1 Humongous Allocation) 175M->175M(256M) 1.671ms
[5.524s][info][gc,cpu      ] GC(118) User=0.00s Sys=0.00s Real=0.00s
[5.524s][info][gc          ] GC(119) Concurrent Mark Cycle
[5.524s][info][gc,marking  ] GC(119) Concurrent Scan Root Regions
[5.524s][info][gc,marking  ] GC(119) Concurrent Scan Root Regions 0.104ms
[5.524s][info][gc,marking  ] GC(119) Concurrent Mark
[5.524s][info][gc,marking  ] GC(119) Concurrent Mark From Roots
[5.524s][info][gc,task     ] GC(119) Using 2 workers of 2 for marking
[5.528s][info][gc,marking  ] GC(119) Concurrent Mark From Roots 3.810ms
[5.528s][info][gc,marking  ] GC(119) Concurrent Preclean
[5.528s][info][gc,marking  ] GC(119) Concurrent Preclean 0.036ms
[5.528s][info][gc,start    ] GC(119) Pause Remark
[5.529s][info][gc          ] GC(119) Pause Remark 177M->177M(256M) 0.988ms
[5.529s][info][gc,cpu      ] GC(119) User=0.00s Sys=0.00s Real=0.00s
[5.529s][info][gc,marking  ] GC(119) Concurrent Mark 5.179ms
[5.529s][info][gc,marking  ] GC(119) Concurrent Rebuild Remembered Sets and Scrub Regions
[5.530s][info][gc,marking  ] GC(119) Concurrent Rebuild Remembered Sets and Scrub Regions 0.701ms
[5.530s][info][gc,start    ] GC(119) Pause Cleanup
[5.530s][info][gc          ] GC(119) Pause Cleanup 177M->177M(256M) 0.142ms
[5.530s][info][gc,cpu      ] GC(119) User=0.00s Sys=0.00s Real=0.00s
[5.530s][info][gc,marking  ] GC(119) Concurrent Clear Claimed Marks
[5.530s][info][gc,marking  ] GC(119) Concurrent Clear Claimed Marks 0.046ms
[5.530s][info][gc,marking  ] GC(119) Concurrent Cleanup for Next Mark
[5.531s][info][gc,marking  ] GC(119) Concurrent Cleanup for Next Mark 0.647ms
[5.531s][info][gc          ] GC(119) Concurrent Mark Cycle 7.293ms
[5.585s][info][gc,start    ] GC(120) Pause Young (Concurrent Start) (G1 Humongous Allocation)
[5.585s][info][gc,task     ] GC(120) Using 6 workers of 8 for evacuation
[5.586s][info][gc,phases   ] GC(120)   Pre Evacuate Collection Set: 0.3ms
[5.586s][info][gc,phases   ] GC(120)   Merge Heap Roots: 0.1ms
[5.586s][info][gc,phases   ] GC(120)   Evacuate Collection Set: 0.3ms
[5.586s][info][gc,phases   ] GC(120)   Post Evacuate Collection Set: 0.5ms
[5.586s][info][gc,phases   ] GC(120)   Other: 0.2ms
[5.586s][info][gc,heap     ] GC(120) Eden regions: 0->0(62)
[5.587s][info][gc,heap     ] GC(120) Survivor regions: 1->1(9)
[5.587s][info][gc,heap     ] GC(120) Old regions: 2->2
[5.587s][info][gc,heap     ] GC(120) Humongous regions: 176->176
[5.587s][info][gc,metaspace] GC(120) Metaspace: 380K(576K)->380K(576K) NonClass: 355K(448K)->355K(448K) Class: 24K(128K)->24K(128K)
[5.587s][info][gc          ] GC(120) Pause Young (Concurrent Start) (G1 Humongous Allocation) 177M->177M(256M) 1.711ms
[5.587s][info][gc,cpu      ] GC(120) User=0.00s Sys=0.00s Real=0.00s
[5.587s][info][gc          ] GC(121) Concurrent Mark Cycle
[5.587s][info][gc,marking  ] GC(121) Concurrent Scan Root Regions
[5.587s][info][gc,marking  ] GC(121) Concurrent Scan Root Regions 0.199ms
[5.587s][info][gc,marking  ] GC(121) Concurrent Mark
[5.587s][info][gc,marking  ] GC(121) Concurrent Mark From Roots
[5.587s][info][gc,task     ] GC(121) Using 2 workers of 2 for marking
[5.589s][info][gc,marking  ] GC(121) Concurrent Mark From Roots 1.825ms
[5.589s][info][gc,marking  ] GC(121) Concurrent Preclean
[5.589s][info][gc,marking  ] GC(121) Concurrent Preclean 0.020ms
[5.589s][info][gc,start    ] GC(121) Pause Remark
[5.590s][info][gc          ] GC(121) Pause Remark 179M->179M(256M) 1.331ms
[5.590s][info][gc,cpu      ] GC(121) User=0.00s Sys=0.00s Real=0.00s
[5.590s][info][gc,marking  ] GC(121) Concurrent Mark 3.499ms
[5.590s][info][gc,marking  ] GC(121) Concurrent Rebuild Remembered Sets and Scrub Regions
[5.591s][info][gc,marking  ] GC(121) Concurrent Rebuild Remembered Sets and Scrub Regions 0.763ms
[5.591s][info][gc,start    ] GC(121) Pause Cleanup
[5.592s][info][gc          ] GC(121) Pause Cleanup 179M->179M(256M) 0.192ms
[5.592s][info][gc,cpu      ] GC(121) User=0.00s Sys=0.00s Real=0.00s
[5.592s][info][gc,marking  ] GC(121) Concurrent Clear Claimed Marks
[5.592s][info][gc,marking  ] GC(121) Concurrent Clear Claimed Marks 0.042ms
[5.592s][info][gc,marking  ] GC(121) Concurrent Cleanup for Next Mark
[5.593s][info][gc,marking  ] GC(121) Concurrent Cleanup for Next Mark 1.051ms
[5.593s][info][gc          ] GC(121) Concurrent Mark Cycle 6.647ms
[5.647s][info][gc,start    ] GC(122) Pause Young (Concurrent Start) (G1 Humongous Allocation)
[5.647s][info][gc,task     ] GC(122) Using 6 workers of 8 for evacuation
[5.649s][info][gc,phases   ] GC(122)   Pre Evacuate Collection Set: 0.3ms
[5.649s][info][gc,phases   ] GC(122)   Merge Heap Roots: 0.2ms
[5.649s][info][gc,phases   ] GC(122)   Evacuate Collection Set: 0.3ms
[5.649s][info][gc,phases   ] GC(122)   Post Evacuate Collection Set: 0.6ms
[5.649s][info][gc,phases   ] GC(122)   Other: 0.3ms
[5.649s][info][gc,heap     ] GC(122) Eden regions: 0->0(62)
[5.649s][info][gc,heap     ] GC(122) Survivor regions: 1->0(8)
[5.649s][info][gc,heap     ] GC(122) Old regions: 2->2
[5.649s][info][gc,heap     ] GC(122) Humongous regions: 178->178
[5.649s][info][gc,metaspace] GC(122) Metaspace: 380K(576K)->380K(576K) NonClass: 355K(448K)->355K(448K) Class: 24K(128K)->24K(128K)
[5.649s][info][gc          ] GC(122) Pause Young (Concurrent Start) (G1 Humongous Allocation) 179M->179M(256M) 2.068ms
[5.649s][info][gc,cpu      ] GC(122) User=0.00s Sys=0.00s Real=0.00s
[5.649s][info][gc          ] GC(123) Concurrent Mark Cycle
[5.649s][info][gc,marking  ] GC(123) Concurrent Scan Root Regions
[5.650s][info][gc,marking  ] GC(123) Concurrent Scan Root Regions 0.139ms
[5.650s][info][gc,marking  ] GC(123) Concurrent Mark
[5.650s][info][gc,marking  ] GC(123) Concurrent Mark From Roots
[5.650s][info][gc,task     ] GC(123) Using 2 workers of 2 for marking
[5.653s][info][gc,marking  ] GC(123) Concurrent Mark From Roots 3.048ms
[5.653s][info][gc,marking  ] GC(123) Concurrent Preclean
[5.653s][info][gc,marking  ] GC(123) Concurrent Preclean 0.031ms
[5.653s][info][gc,start    ] GC(123) Pause Remark
[5.654s][info][gc          ] GC(123) Pause Remark 181M->181M(256M) 1.158ms
[5.654s][info][gc,cpu      ] GC(123) User=0.00s Sys=0.00s Real=0.00s
[5.655s][info][gc,marking  ] GC(123) Concurrent Mark 4.910ms
[5.655s][info][gc,marking  ] GC(123) Concurrent Rebuild Remembered Sets and Scrub Regions
[5.655s][info][gc,marking  ] GC(123) Concurrent Rebuild Remembered Sets and Scrub Regions 0.826ms
[5.656s][info][gc,start    ] GC(123) Pause Cleanup
[5.656s][info][gc          ] GC(123) Pause Cleanup 181M->181M(256M) 0.141ms
[5.656s][info][gc,cpu      ] GC(123) User=0.00s Sys=0.00s Real=0.00s
[5.656s][info][gc,marking  ] GC(123) Concurrent Clear Claimed Marks
[5.656s][info][gc,marking  ] GC(123) Concurrent Clear Claimed Marks 0.040ms
[5.656s][info][gc,marking  ] GC(123) Concurrent Cleanup for Next Mark
[5.657s][info][gc,marking  ] GC(123) Concurrent Cleanup for Next Mark 0.698ms
[5.657s][info][gc          ] GC(123) Concurrent Mark Cycle 7.428ms
[5.710s][info][gc,start    ] GC(124) Pause Young (Concurrent Start) (G1 Humongous Allocation)
[5.711s][info][gc,task     ] GC(124) Using 6 workers of 8 for evacuation
[5.712s][info][gc,phases   ] GC(124)   Pre Evacuate Collection Set: 0.4ms
[5.712s][info][gc,phases   ] GC(124)   Merge Heap Roots: 0.2ms
[5.712s][info][gc,phases   ] GC(124)   Evacuate Collection Set: 0.1ms
[5.712s][info][gc,phases   ] GC(124)   Post Evacuate Collection Set: 0.4ms
[5.712s][info][gc,phases   ] GC(124)   Other: 0.2ms
[5.712s][info][gc,heap     ] GC(124) Eden regions: 1->0(60)
[5.712s][info][gc,heap     ] GC(124) Survivor regions: 0->0(8)
[5.712s][info][gc,heap     ] GC(124) Old regions: 2->2
[5.712s][info][gc,heap     ] GC(124) Humongous regions: 180->180
[5.712s][info][gc,metaspace] GC(124) Metaspace: 380K(576K)->380K(576K) NonClass: 355K(448K)->355K(448K) Class: 24K(128K)->24K(128K)
[5.712s][info][gc          ] GC(124) Pause Young (Concurrent Start) (G1 Humongous Allocation) 181M->181M(256M) 1.734ms
[5.712s][info][gc,cpu      ] GC(124) User=0.02s Sys=0.05s Real=0.00s
[5.712s][info][gc          ] GC(125) Concurrent Mark Cycle
[5.712s][info][gc,marking  ] GC(125) Concurrent Scan Root Regions
[5.712s][info][gc,marking  ] GC(125) Concurrent Scan Root Regions 0.025ms
[5.712s][info][gc,marking  ] GC(125) Concurrent Mark
[5.712s][info][gc,marking  ] GC(125) Concurrent Mark From Roots
[5.712s][info][gc,task     ] GC(125) Using 2 workers of 2 for marking
[5.715s][info][gc,marking  ] GC(125) Concurrent Mark From Roots 2.789ms
[5.715s][info][gc,marking  ] GC(125) Concurrent Preclean
[5.715s][info][gc,marking  ] GC(125) Concurrent Preclean 0.204ms
[5.715s][info][gc,start    ] GC(125) Pause Remark
[5.716s][info][gc          ] GC(125) Pause Remark 183M->183M(256M) 0.676ms
[5.716s][info][gc,cpu      ] GC(125) User=0.00s Sys=0.00s Real=0.00s
[5.716s][info][gc,marking  ] GC(125) Concurrent Mark 4.052ms
[5.716s][info][gc,marking  ] GC(125) Concurrent Rebuild Remembered Sets and Scrub Regions
[5.717s][info][gc,marking  ] GC(125) Concurrent Rebuild Remembered Sets and Scrub Regions 0.789ms
[5.717s][info][gc,start    ] GC(125) Pause Cleanup
[5.717s][info][gc          ] GC(125) Pause Cleanup 183M->183M(256M) 0.163ms
[5.717s][info][gc,cpu      ] GC(125) User=0.00s Sys=0.00s Real=0.00s
[5.718s][info][gc,marking  ] GC(125) Concurrent Clear Claimed Marks
[5.718s][info][gc,marking  ] GC(125) Concurrent Clear Claimed Marks 0.041ms
[5.718s][info][gc,marking  ] GC(125) Concurrent Cleanup for Next Mark
[5.718s][info][gc,marking  ] GC(125) Concurrent Cleanup for Next Mark 0.521ms
[5.718s][info][gc          ] GC(125) Concurrent Mark Cycle 6.017ms
[5.773s][info][gc,start    ] GC(126) Pause Young (Concurrent Start) (G1 Humongous Allocation)
[5.773s][info][gc,task     ] GC(126) Using 6 workers of 8 for evacuation
[5.774s][info][gc,phases   ] GC(126)   Pre Evacuate Collection Set: 0.2ms
[5.774s][info][gc,phases   ] GC(126)   Merge Heap Roots: 0.2ms
[5.774s][info][gc,phases   ] GC(126)   Evacuate Collection Set: 0.2ms
[5.774s][info][gc,phases   ] GC(126)   Post Evacuate Collection Set: 0.3ms
[5.774s][info][gc,phases   ] GC(126)   Other: 0.1ms
[5.774s][info][gc,heap     ] GC(126) Eden regions: 0->0(58)
[5.774s][info][gc,heap     ] GC(126) Survivor regions: 0->0(8)
[5.774s][info][gc,heap     ] GC(126) Old regions: 2->2
[5.774s][info][gc,heap     ] GC(126) Humongous regions: 182->182
[5.774s][info][gc,metaspace] GC(126) Metaspace: 380K(576K)->380K(576K) NonClass: 355K(448K)->355K(448K) Class: 24K(128K)->24K(128K)
[5.774s][info][gc          ] GC(126) Pause Young (Concurrent Start) (G1 Humongous Allocation) 183M->183M(256M) 1.693ms
[5.774s][info][gc,cpu      ] GC(126) User=0.00s Sys=0.02s Real=0.00s
[5.775s][info][gc          ] GC(127) Concurrent Mark Cycle
[5.775s][info][gc,marking  ] GC(127) Concurrent Scan Root Regions
[5.775s][info][gc,marking  ] GC(127) Concurrent Scan Root Regions 0.038ms
[5.775s][info][gc,marking  ] GC(127) Concurrent Mark
[5.775s][info][gc,marking  ] GC(127) Concurrent Mark From Roots
[5.775s][info][gc,task     ] GC(127) Using 2 workers of 2 for marking
[5.778s][info][gc,marking  ] GC(127) Concurrent Mark From Roots 3.297ms
[5.778s][info][gc,marking  ] GC(127) Concurrent Preclean
[5.778s][info][gc,marking  ] GC(127) Concurrent Preclean 0.028ms
[5.778s][info][gc,start    ] GC(127) Pause Remark
[5.779s][info][gc          ] GC(127) Pause Remark 185M->185M(256M) 0.864ms
[5.779s][info][gc,cpu      ] GC(127) User=0.00s Sys=0.00s Real=0.00s
[5.779s][info][gc,marking  ] GC(127) Concurrent Mark 4.528ms
[5.779s][info][gc,marking  ] GC(127) Concurrent Rebuild Remembered Sets and Scrub Regions
[5.780s][info][gc,marking  ] GC(127) Concurrent Rebuild Remembered Sets and Scrub Regions 0.755ms
[5.780s][info][gc,start    ] GC(127) Pause Cleanup
[5.780s][info][gc          ] GC(127) Pause Cleanup 185M->185M(256M) 0.289ms
[5.780s][info][gc,cpu      ] GC(127) User=0.00s Sys=0.00s Real=0.00s
[5.780s][info][gc,marking  ] GC(127) Concurrent Clear Claimed Marks
[5.781s][info][gc,marking  ] GC(127) Concurrent Clear Claimed Marks 0.052ms
[5.781s][info][gc,marking  ] GC(127) Concurrent Cleanup for Next Mark
[5.781s][info][gc,marking  ] GC(127) Concurrent Cleanup for Next Mark 0.501ms
[5.781s][info][gc          ] GC(127) Concurrent Mark Cycle 6.564ms
[5.835s][info][gc,start    ] GC(128) Pause Young (Concurrent Start) (G1 Humongous Allocation)
[5.835s][info][gc,task     ] GC(128) Using 6 workers of 8 for evacuation
[5.838s][info][gc,phases   ] GC(128)   Pre Evacuate Collection Set: 0.4ms
[5.838s][info][gc,phases   ] GC(128)   Merge Heap Roots: 0.4ms
[5.838s][info][gc,phases   ] GC(128)   Evacuate Collection Set: 0.3ms
[5.838s][info][gc,phases   ] GC(128)   Post Evacuate Collection Set: 0.9ms
[5.838s][info][gc,phases   ] GC(128)   Other: 0.3ms
[5.838s][info][gc,heap     ] GC(128) Eden regions: 0->0(56)
[5.838s][info][gc,heap     ] GC(128) Survivor regions: 0->0(8)
[5.838s][info][gc,heap     ] GC(128) Old regions: 2->2
[5.838s][info][gc,heap     ] GC(128) Humongous regions: 184->184
[5.838s][info][gc,metaspace] GC(128) Metaspace: 380K(576K)->380K(576K) NonClass: 355K(448K)->355K(448K) Class: 24K(128K)->24K(128K)
[5.838s][info][gc          ] GC(128) Pause Young (Concurrent Start) (G1 Humongous Allocation) 185M->185M(256M) 2.892ms
[5.838s][info][gc,cpu      ] GC(128) User=0.02s Sys=0.00s Real=0.00s
[5.838s][info][gc          ] GC(129) Concurrent Mark Cycle
[5.838s][info][gc,marking  ] GC(129) Concurrent Scan Root Regions
[5.838s][info][gc,marking  ] GC(129) Concurrent Scan Root Regions 0.037ms
[5.839s][info][gc,marking  ] GC(129) Concurrent Mark
[5.839s][info][gc,marking  ] GC(129) Concurrent Mark From Roots
[5.839s][info][gc,task     ] GC(129) Using 2 workers of 2 for marking
[5.842s][info][gc,marking  ] GC(129) Concurrent Mark From Roots 3.764ms
[5.842s][info][gc,marking  ] GC(129) Concurrent Preclean
[5.843s][info][gc,marking  ] GC(129) Concurrent Preclean 0.085ms
[5.843s][info][gc,start    ] GC(129) Pause Remark
[5.845s][info][gc          ] GC(129) Pause Remark 187M->187M(256M) 1.944ms
[5.845s][info][gc,cpu      ] GC(129) User=0.00s Sys=0.00s Real=0.00s
[5.845s][info][gc,marking  ] GC(129) Concurrent Mark 6.452ms
[5.845s][info][gc,marking  ] GC(129) Concurrent Rebuild Remembered Sets and Scrub Regions
[5.847s][info][gc,marking  ] GC(129) Concurrent Rebuild Remembered Sets and Scrub Regions 1.470ms
[5.847s][info][gc,start    ] GC(129) Pause Cleanup
[5.847s][info][gc          ] GC(129) Pause Cleanup 187M->187M(256M) 0.334ms
[5.847s][info][gc,cpu      ] GC(129) User=0.00s Sys=0.00s Real=0.00s
[5.847s][info][gc,marking  ] GC(129) Concurrent Clear Claimed Marks
[5.847s][info][gc,marking  ] GC(129) Concurrent Clear Claimed Marks 0.095ms
[5.847s][info][gc,marking  ] GC(129) Concurrent Cleanup for Next Mark
[5.848s][info][gc,marking  ] GC(129) Concurrent Cleanup for Next Mark 0.648ms
[5.848s][info][gc          ] GC(129) Concurrent Mark Cycle 9.853ms
[5.899s][info][gc,start    ] GC(130) Pause Young (Concurrent Start) (G1 Humongous Allocation)
[5.899s][info][gc,task     ] GC(130) Using 6 workers of 8 for evacuation
[5.902s][info][gc,phases   ] GC(130)   Pre Evacuate Collection Set: 0.9ms
[5.902s][info][gc,phases   ] GC(130)   Merge Heap Roots: 0.3ms
[5.902s][info][gc,phases   ] GC(130)   Evacuate Collection Set: 0.3ms
[5.902s][info][gc,phases   ] GC(130)   Post Evacuate Collection Set: 0.9ms
[5.902s][info][gc,phases   ] GC(130)   Other: 0.4ms
[5.902s][info][gc,heap     ] GC(130) Eden regions: 0->0(54)
[5.902s][info][gc,heap     ] GC(130) Survivor regions: 0->0(7)
[5.902s][info][gc,heap     ] GC(130) Old regions: 2->2
[5.902s][info][gc,heap     ] GC(130) Humongous regions: 186->186
[5.902s][info][gc,metaspace] GC(130) Metaspace: 380K(576K)->380K(576K) NonClass: 355K(448K)->355K(448K) Class: 24K(128K)->24K(128K)
[5.902s][info][gc          ] GC(130) Pause Young (Concurrent Start) (G1 Humongous Allocation) 187M->187M(256M) 3.422ms
[5.902s][info][gc,cpu      ] GC(130) User=0.02s Sys=0.00s Real=0.00s
[5.903s][info][gc          ] GC(131) Concurrent Mark Cycle
[5.903s][info][gc,marking  ] GC(131) Concurrent Scan Root Regions
[5.903s][info][gc,marking  ] GC(131) Concurrent Scan Root Regions 0.040ms
[5.903s][info][gc,marking  ] GC(131) Concurrent Mark
[5.903s][info][gc,marking  ] GC(131) Concurrent Mark From Roots
[5.903s][info][gc,task     ] GC(131) Using 2 workers of 2 for marking
[5.906s][info][gc,marking  ] GC(131) Concurrent Mark From Roots 3.622ms
[5.906s][info][gc,marking  ] GC(131) Concurrent Preclean
[5.907s][info][gc,marking  ] GC(131) Concurrent Preclean 0.047ms
[5.907s][info][gc,start    ] GC(131) Pause Remark
[5.908s][info][gc          ] GC(131) Pause Remark 189M->189M(256M) 1.535ms
[5.908s][info][gc,cpu      ] GC(131) User=0.00s Sys=0.00s Real=0.00s
[5.909s][info][gc,marking  ] GC(131) Concurrent Mark 5.772ms
[5.909s][info][gc,marking  ] GC(131) Concurrent Rebuild Remembered Sets and Scrub Regions
[5.910s][info][gc,marking  ] GC(131) Concurrent Rebuild Remembered Sets and Scrub Regions 1.836ms
[5.911s][info][gc,start    ] GC(131) Pause Cleanup
[5.911s][info][gc          ] GC(131) Pause Cleanup 189M->189M(256M) 0.370ms
[5.911s][info][gc,cpu      ] GC(131) User=0.00s Sys=0.00s Real=0.00s
[5.911s][info][gc,marking  ] GC(131) Concurrent Clear Claimed Marks
[5.911s][info][gc,marking  ] GC(131) Concurrent Clear Claimed Marks 0.103ms
[5.911s][info][gc,marking  ] GC(131) Concurrent Cleanup for Next Mark
[5.912s][info][gc,marking  ] GC(131) Concurrent Cleanup for Next Mark 0.636ms
[5.912s][info][gc          ] GC(131) Concurrent Mark Cycle 9.614ms
[5.961s][info][gc,start    ] GC(132) Pause Young (Concurrent Start) (G1 Humongous Allocation)
[5.961s][info][gc,task     ] GC(132) Using 6 workers of 8 for evacuation
[5.963s][info][gc,phases   ] GC(132)   Pre Evacuate Collection Set: 0.4ms
[5.963s][info][gc,phases   ] GC(132)   Merge Heap Roots: 0.3ms
[5.963s][info][gc,phases   ] GC(132)   Evacuate Collection Set: 0.3ms
[5.964s][info][gc,phases   ] GC(132)   Post Evacuate Collection Set: 1.0ms
[5.964s][info][gc,phases   ] GC(132)   Other: 0.4ms
[5.964s][info][gc,heap     ] GC(132) Eden regions: 0->0(52)
[5.964s][info][gc,heap     ] GC(132) Survivor regions: 0->0(7)
[5.964s][info][gc,heap     ] GC(132) Old regions: 2->2
[5.964s][info][gc,heap     ] GC(132) Humongous regions: 188->188
[5.964s][info][gc,metaspace] GC(132) Metaspace: 380K(576K)->380K(576K) NonClass: 355K(448K)->355K(448K) Class: 24K(128K)->24K(128K)
[5.964s][info][gc          ] GC(132) Pause Young (Concurrent Start) (G1 Humongous Allocation) 189M->189M(256M) 3.140ms
[5.964s][info][gc,cpu      ] GC(132) User=0.00s Sys=0.00s Real=0.00s
[5.964s][info][gc          ] GC(133) Concurrent Mark Cycle
[5.964s][info][gc,marking  ] GC(133) Concurrent Scan Root Regions
[5.964s][info][gc,marking  ] GC(133) Concurrent Scan Root Regions 0.037ms
[5.964s][info][gc,marking  ] GC(133) Concurrent Mark
[5.964s][info][gc,marking  ] GC(133) Concurrent Mark From Roots
[5.964s][info][gc,task     ] GC(133) Using 2 workers of 2 for marking
[5.968s][info][gc,marking  ] GC(133) Concurrent Mark From Roots 3.701ms
[5.968s][info][gc,marking  ] GC(133) Concurrent Preclean
[5.968s][info][gc,marking  ] GC(133) Concurrent Preclean 0.049ms
[5.968s][info][gc,start    ] GC(133) Pause Remark
[5.970s][info][gc          ] GC(133) Pause Remark 191M->191M(256M) 1.611ms
[5.970s][info][gc,cpu      ] GC(133) User=0.00s Sys=0.00s Real=0.00s
[5.970s][info][gc,marking  ] GC(133) Concurrent Mark 5.905ms
[5.970s][info][gc,marking  ] GC(133) Concurrent Rebuild Remembered Sets and Scrub Regions
[5.972s][info][gc,marking  ] GC(133) Concurrent Rebuild Remembered Sets and Scrub Regions 1.506ms
[5.972s][info][gc,start    ] GC(133) Pause Cleanup
[5.972s][info][gc          ] GC(133) Pause Cleanup 191M->191M(256M) 0.337ms
[5.972s][info][gc,cpu      ] GC(133) User=0.00s Sys=0.00s Real=0.00s
[5.972s][info][gc,marking  ] GC(133) Concurrent Clear Claimed Marks
[5.973s][info][gc,marking  ] GC(133) Concurrent Clear Claimed Marks 0.093ms
[5.973s][info][gc,marking  ] GC(133) Concurrent Cleanup for Next Mark
[5.973s][info][gc,marking  ] GC(133) Concurrent Cleanup for Next Mark 0.664ms
[5.973s][info][gc          ] GC(133) Concurrent Mark Cycle 9.436ms
[6.023s][info][gc,start    ] GC(134) Pause Young (Concurrent Start) (G1 Humongous Allocation)
[6.023s][info][gc,task     ] GC(134) Using 6 workers of 8 for evacuation
[6.026s][info][gc,phases   ] GC(134)   Pre Evacuate Collection Set: 0.4ms
[6.026s][info][gc,phases   ] GC(134)   Merge Heap Roots: 0.4ms
[6.026s][info][gc,phases   ] GC(134)   Evacuate Collection Set: 0.5ms
[6.026s][info][gc,phases   ] GC(134)   Post Evacuate Collection Set: 0.7ms
[6.026s][info][gc,phases   ] GC(134)   Other: 0.4ms
[6.026s][info][gc,heap     ] GC(134) Eden regions: 0->0(50)
[6.026s][info][gc,heap     ] GC(134) Survivor regions: 0->0(7)
[6.026s][info][gc,heap     ] GC(134) Old regions: 2->2
[6.026s][info][gc,heap     ] GC(134) Humongous regions: 190->190
[6.026s][info][gc,metaspace] GC(134) Metaspace: 380K(576K)->380K(576K) NonClass: 355K(448K)->355K(448K) Class: 24K(128K)->24K(128K)
[6.026s][info][gc          ] GC(134) Pause Young (Concurrent Start) (G1 Humongous Allocation) 191M->191M(256M) 3.122ms
[6.026s][info][gc,cpu      ] GC(134) User=0.00s Sys=0.00s Real=0.00s
[6.026s][info][gc          ] GC(135) Concurrent Mark Cycle
[6.027s][info][gc,marking  ] GC(135) Concurrent Scan Root Regions
[6.027s][info][gc,marking  ] GC(135) Concurrent Scan Root Regions 0.053ms
[6.027s][info][gc,marking  ] GC(135) Concurrent Mark
[6.027s][info][gc,marking  ] GC(135) Concurrent Mark From Roots
[6.027s][info][gc,task     ] GC(135) Using 2 workers of 2 for marking
[6.030s][info][gc,marking  ] GC(135) Concurrent Mark From Roots 3.832ms
[6.031s][info][gc,marking  ] GC(135) Concurrent Preclean
[6.031s][info][gc,marking  ] GC(135) Concurrent Preclean 0.048ms
[6.031s][info][gc,start    ] GC(135) Pause Remark
[6.032s][info][gc          ] GC(135) Pause Remark 193M->193M(256M) 1.351ms
[6.032s][info][gc,cpu      ] GC(135) User=0.00s Sys=0.00s Real=0.00s
[6.032s][info][gc,marking  ] GC(135) Concurrent Mark 5.840ms
[6.033s][info][gc,marking  ] GC(135) Concurrent Rebuild Remembered Sets and Scrub Regions
[6.034s][info][gc,marking  ] GC(135) Concurrent Rebuild Remembered Sets and Scrub Regions 1.476ms
[6.034s][info][gc,start    ] GC(135) Pause Cleanup
[6.035s][info][gc          ] GC(135) Pause Cleanup 193M->193M(256M) 0.297ms
[6.035s][info][gc,cpu      ] GC(135) User=0.00s Sys=0.00s Real=0.00s
[6.035s][info][gc,marking  ] GC(135) Concurrent Clear Claimed Marks
[6.035s][info][gc,marking  ] GC(135) Concurrent Clear Claimed Marks 0.086ms
[6.035s][info][gc,marking  ] GC(135) Concurrent Cleanup for Next Mark
[6.036s][info][gc,marking  ] GC(135) Concurrent Cleanup for Next Mark 0.766ms
[6.036s][info][gc          ] GC(135) Concurrent Mark Cycle 9.456ms
[6.085s][info][gc,start    ] GC(136) Pause Young (Concurrent Start) (G1 Humongous Allocation)
[6.085s][info][gc,task     ] GC(136) Using 6 workers of 8 for evacuation
[6.087s][info][gc,phases   ] GC(136)   Pre Evacuate Collection Set: 0.5ms
[6.087s][info][gc,phases   ] GC(136)   Merge Heap Roots: 0.3ms
[6.087s][info][gc,phases   ] GC(136)   Evacuate Collection Set: 0.4ms
[6.087s][info][gc,phases   ] GC(136)   Post Evacuate Collection Set: 0.9ms
[6.088s][info][gc,phases   ] GC(136)   Other: 0.3ms
[6.088s][info][gc,heap     ] GC(136) Eden regions: 0->0(48)
[6.088s][info][gc,heap     ] GC(136) Survivor regions: 0->0(7)
[6.088s][info][gc,heap     ] GC(136) Old regions: 2->2
[6.088s][info][gc,heap     ] GC(136) Humongous regions: 192->192
[6.088s][info][gc,metaspace] GC(136) Metaspace: 380K(576K)->380K(576K) NonClass: 355K(448K)->355K(448K) Class: 24K(128K)->24K(128K)
[6.088s][info][gc          ] GC(136) Pause Young (Concurrent Start) (G1 Humongous Allocation) 193M->193M(256M) 2.964ms
[6.088s][info][gc,cpu      ] GC(136) User=0.00s Sys=0.02s Real=0.00s
[6.088s][info][gc          ] GC(137) Concurrent Mark Cycle
[6.088s][info][gc,marking  ] GC(137) Concurrent Scan Root Regions
[6.088s][info][gc,marking  ] GC(137) Concurrent Scan Root Regions 0.054ms
[6.088s][info][gc,marking  ] GC(137) Concurrent Mark
[6.088s][info][gc,marking  ] GC(137) Concurrent Mark From Roots
[6.088s][info][gc,task     ] GC(137) Using 2 workers of 2 for marking
[6.094s][info][gc,marking  ] GC(137) Concurrent Mark From Roots 5.617ms
[6.094s][info][gc,marking  ] GC(137) Concurrent Preclean
[6.094s][info][gc,marking  ] GC(137) Concurrent Preclean 0.057ms
[6.094s][info][gc,start    ] GC(137) Pause Remark
[6.096s][info][gc          ] GC(137) Pause Remark 195M->195M(256M) 1.692ms
[6.096s][info][gc,cpu      ] GC(137) User=0.00s Sys=0.00s Real=0.00s
[6.096s][info][gc,marking  ] GC(137) Concurrent Mark 7.990ms
[6.096s][info][gc,marking  ] GC(137) Concurrent Rebuild Remembered Sets and Scrub Regions
[6.098s][info][gc,marking  ] GC(137) Concurrent Rebuild Remembered Sets and Scrub Regions 1.935ms
[6.098s][info][gc,start    ] GC(137) Pause Cleanup
[6.099s][info][gc          ] GC(137) Pause Cleanup 195M->195M(256M) 0.343ms
[6.099s][info][gc,cpu      ] GC(137) User=0.00s Sys=0.00s Real=0.00s
[6.099s][info][gc,marking  ] GC(137) Concurrent Clear Claimed Marks
[6.099s][info][gc,marking  ] GC(137) Concurrent Clear Claimed Marks 0.088ms
[6.099s][info][gc,marking  ] GC(137) Concurrent Cleanup for Next Mark
[6.100s][info][gc,marking  ] GC(137) Concurrent Cleanup for Next Mark 0.823ms
[6.100s][info][gc          ] GC(137) Concurrent Mark Cycle 12.119ms
[6.146s][info][gc,start    ] GC(138) Pause Young (Concurrent Start) (G1 Humongous Allocation)
[6.146s][info][gc,task     ] GC(138) Using 6 workers of 8 for evacuation
[6.147s][info][gc,phases   ] GC(138)   Pre Evacuate Collection Set: 0.3ms
[6.148s][info][gc,phases   ] GC(138)   Merge Heap Roots: 0.2ms
[6.148s][info][gc,phases   ] GC(138)   Evacuate Collection Set: 0.1ms
[6.148s][info][gc,phases   ] GC(138)   Post Evacuate Collection Set: 0.7ms
[6.148s][info][gc,phases   ] GC(138)   Other: 0.3ms
[6.148s][info][gc,heap     ] GC(138) Eden regions: 0->0(46)
[6.148s][info][gc,heap     ] GC(138) Survivor regions: 0->0(6)
[6.148s][info][gc,heap     ] GC(138) Old regions: 2->2
[6.148s][info][gc,heap     ] GC(138) Humongous regions: 194->194
[6.148s][info][gc,metaspace] GC(138) Metaspace: 380K(576K)->380K(576K) NonClass: 355K(448K)->355K(448K) Class: 24K(128K)->24K(128K)
[6.148s][info][gc          ] GC(138) Pause Young (Concurrent Start) (G1 Humongous Allocation) 195M->195M(256M) 1.909ms
[6.148s][info][gc,cpu      ] GC(138) User=0.00s Sys=0.00s Real=0.00s
[6.148s][info][gc          ] GC(139) Concurrent Mark Cycle
[6.148s][info][gc,marking  ] GC(139) Concurrent Scan Root Regions
[6.148s][info][gc,marking  ] GC(139) Concurrent Scan Root Regions 0.022ms
[6.148s][info][gc,marking  ] GC(139) Concurrent Mark
[6.148s][info][gc,marking  ] GC(139) Concurrent Mark From Roots
[6.148s][info][gc,task     ] GC(139) Using 2 workers of 2 for marking
[6.151s][info][gc,marking  ] GC(139) Concurrent Mark From Roots 3.096ms
[6.151s][info][gc,marking  ] GC(139) Concurrent Preclean
[6.151s][info][gc,marking  ] GC(139) Concurrent Preclean 0.025ms
[6.151s][info][gc,start    ] GC(139) Pause Remark
[6.152s][info][gc          ] GC(139) Pause Remark 197M->197M(256M) 1.057ms
[6.152s][info][gc,cpu      ] GC(139) User=0.00s Sys=0.00s Real=0.00s
[6.153s][info][gc,marking  ] GC(139) Concurrent Mark 4.626ms
[6.153s][info][gc,marking  ] GC(139) Concurrent Rebuild Remembered Sets and Scrub Regions
[6.153s][info][gc,marking  ] GC(139) Concurrent Rebuild Remembered Sets and Scrub Regions 0.706ms
[6.153s][info][gc,start    ] GC(139) Pause Cleanup
[6.154s][info][gc          ] GC(139) Pause Cleanup 197M->197M(256M) 0.289ms
[6.154s][info][gc,cpu      ] GC(139) User=0.00s Sys=0.00s Real=0.00s
[6.154s][info][gc,marking  ] GC(139) Concurrent Clear Claimed Marks
[6.154s][info][gc,marking  ] GC(139) Concurrent Clear Claimed Marks 0.069ms
[6.154s][info][gc,marking  ] GC(139) Concurrent Cleanup for Next Mark
[6.155s][info][gc,marking  ] GC(139) Concurrent Cleanup for Next Mark 0.645ms
[6.155s][info][gc          ] GC(139) Concurrent Mark Cycle 6.859ms
[6.208s][info][gc,start    ] GC(140) Pause Young (Concurrent Start) (G1 Humongous Allocation)
[6.209s][info][gc,task     ] GC(140) Using 6 workers of 8 for evacuation
[6.210s][info][gc,phases   ] GC(140)   Pre Evacuate Collection Set: 0.2ms
[6.210s][info][gc,phases   ] GC(140)   Merge Heap Roots: 0.6ms
[6.210s][info][gc,phases   ] GC(140)   Evacuate Collection Set: 0.4ms
[6.211s][info][gc,phases   ] GC(140)   Post Evacuate Collection Set: 0.3ms
[6.211s][info][gc,phases   ] GC(140)   Other: 0.2ms
[6.211s][info][gc,heap     ] GC(140) Eden regions: 0->0(44)
[6.211s][info][gc,heap     ] GC(140) Survivor regions: 0->0(6)
[6.211s][info][gc,heap     ] GC(140) Old regions: 2->2
[6.211s][info][gc,heap     ] GC(140) Humongous regions: 196->196
[6.211s][info][gc,metaspace] GC(140) Metaspace: 380K(576K)->380K(576K) NonClass: 355K(448K)->355K(448K) Class: 24K(128K)->24K(128K)
[6.211s][info][gc          ] GC(140) Pause Young (Concurrent Start) (G1 Humongous Allocation) 197M->197M(256M) 2.502ms
[6.211s][info][gc,cpu      ] GC(140) User=0.00s Sys=0.00s Real=0.00s
[6.211s][info][gc          ] GC(141) Concurrent Mark Cycle
[6.211s][info][gc,marking  ] GC(141) Concurrent Scan Root Regions
[6.211s][info][gc,marking  ] GC(141) Concurrent Scan Root Regions 0.064ms
[6.211s][info][gc,marking  ] GC(141) Concurrent Mark
[6.211s][info][gc,marking  ] GC(141) Concurrent Mark From Roots
[6.211s][info][gc,task     ] GC(141) Using 2 workers of 2 for marking
[6.214s][info][gc,marking  ] GC(141) Concurrent Mark From Roots 2.874ms
[6.214s][info][gc,marking  ] GC(141) Concurrent Preclean
[6.214s][info][gc,marking  ] GC(141) Concurrent Preclean 0.026ms
[6.214s][info][gc,start    ] GC(141) Pause Remark
[6.215s][info][gc          ] GC(141) Pause Remark 199M->199M(256M) 0.972ms
[6.215s][info][gc,cpu      ] GC(141) User=0.00s Sys=0.00s Real=0.00s
[6.216s][info][gc,marking  ] GC(141) Concurrent Mark 4.230ms
[6.216s][info][gc,marking  ] GC(141) Concurrent Rebuild Remembered Sets and Scrub Regions
[6.216s][info][gc,marking  ] GC(141) Concurrent Rebuild Remembered Sets and Scrub Regions 0.803ms
[6.217s][info][gc,start    ] GC(141) Pause Cleanup
[6.217s][info][gc          ] GC(141) Pause Cleanup 199M->199M(256M) 0.285ms
[6.217s][info][gc,cpu      ] GC(141) User=0.00s Sys=0.00s Real=0.00s
[6.217s][info][gc,marking  ] GC(141) Concurrent Clear Claimed Marks
[6.217s][info][gc,marking  ] GC(141) Concurrent Clear Claimed Marks 0.052ms
[6.217s][info][gc,marking  ] GC(141) Concurrent Cleanup for Next Mark
[6.218s][info][gc,marking  ] GC(141) Concurrent Cleanup for Next Mark 0.721ms
[6.218s][info][gc          ] GC(141) Concurrent Mark Cycle 6.701ms
[6.272s][info][gc,start    ] GC(142) Pause Young (Concurrent Start) (G1 Humongous Allocation)
[6.272s][info][gc,task     ] GC(142) Using 6 workers of 8 for evacuation
[6.274s][info][gc,phases   ] GC(142)   Pre Evacuate Collection Set: 0.3ms
[6.274s][info][gc,phases   ] GC(142)   Merge Heap Roots: 0.3ms
[6.274s][info][gc,phases   ] GC(142)   Evacuate Collection Set: 0.5ms
[6.274s][info][gc,phases   ] GC(142)   Post Evacuate Collection Set: 0.6ms
[6.274s][info][gc,phases   ] GC(142)   Other: 0.3ms
[6.274s][info][gc,heap     ] GC(142) Eden regions: 0->0(42)
[6.274s][info][gc,heap     ] GC(142) Survivor regions: 0->0(6)
[6.274s][info][gc,heap     ] GC(142) Old regions: 2->2
[6.274s][info][gc,heap     ] GC(142) Humongous regions: 198->198
[6.274s][info][gc,metaspace] GC(142) Metaspace: 380K(576K)->380K(576K) NonClass: 355K(448K)->355K(448K) Class: 24K(128K)->24K(128K)
[6.274s][info][gc          ] GC(142) Pause Young (Concurrent Start) (G1 Humongous Allocation) 199M->199M(256M) 2.748ms
[6.274s][info][gc          ] GC(143) Concurrent Mark Cycle
[6.274s][info][gc,cpu      ] GC(142) User=0.00s Sys=0.02s Real=0.00s
[6.275s][info][gc,marking  ] GC(143) Concurrent Scan Root Regions
[6.275s][info][gc,marking  ] GC(143) Concurrent Scan Root Regions 0.306ms
[6.275s][info][gc,marking  ] GC(143) Concurrent Mark
[6.275s][info][gc,marking  ] GC(143) Concurrent Mark From Roots
[6.275s][info][gc,task     ] GC(143) Using 2 workers of 2 for marking
[6.278s][info][gc,marking  ] GC(143) Concurrent Mark From Roots 3.125ms
[6.278s][info][gc,marking  ] GC(143) Concurrent Preclean
[6.278s][info][gc,marking  ] GC(143) Concurrent Preclean 0.034ms
[6.278s][info][gc,start    ] GC(143) Pause Remark
[6.280s][info][gc          ] GC(143) Pause Remark 202M->202M(256M) 1.225ms
[6.280s][info][gc,cpu      ] GC(143) User=0.00s Sys=0.00s Real=0.00s
[6.280s][info][gc,marking  ] GC(143) Concurrent Mark 4.851ms
[6.280s][info][gc,marking  ] GC(143) Concurrent Rebuild Remembered Sets and Scrub Regions
[6.281s][info][gc,marking  ] GC(143) Concurrent Rebuild Remembered Sets and Scrub Regions 0.723ms
[6.281s][info][gc,start    ] GC(143) Pause Cleanup
[6.281s][info][gc          ] GC(143) Pause Cleanup 202M->202M(256M) 0.174ms
[6.281s][info][gc,cpu      ] GC(143) User=0.00s Sys=0.00s Real=0.00s
[6.281s][info][gc,marking  ] GC(143) Concurrent Clear Claimed Marks
[6.281s][info][gc,marking  ] GC(143) Concurrent Clear Claimed Marks 0.041ms
[6.281s][info][gc,marking  ] GC(143) Concurrent Cleanup for Next Mark
[6.282s][info][gc,marking  ] GC(143) Concurrent Cleanup for Next Mark 0.575ms
[6.282s][info][gc          ] GC(143) Concurrent Mark Cycle 7.178ms
[6.333s][info][gc,start    ] GC(144) Pause Young (Concurrent Start) (G1 Humongous Allocation)
[6.334s][info][gc,task     ] GC(144) Using 6 workers of 8 for evacuation
[6.335s][info][gc,phases   ] GC(144)   Pre Evacuate Collection Set: 0.2ms
[6.335s][info][gc,phases   ] GC(144)   Merge Heap Roots: 0.2ms
[6.335s][info][gc,phases   ] GC(144)   Evacuate Collection Set: 0.2ms
[6.335s][info][gc,phases   ] GC(144)   Post Evacuate Collection Set: 0.3ms
[6.335s][info][gc,phases   ] GC(144)   Other: 0.1ms
[6.335s][info][gc,heap     ] GC(144) Eden regions: 1->0(17)
[6.335s][info][gc,heap     ] GC(144) Survivor regions: 0->1(6)
[6.335s][info][gc,heap     ] GC(144) Old regions: 2->2
[6.335s][info][gc,heap     ] GC(144) Humongous regions: 200->200
[6.335s][info][gc,metaspace] GC(144) Metaspace: 381K(576K)->381K(576K) NonClass: 356K(448K)->356K(448K) Class: 24K(128K)->24K(128K)
[6.335s][info][gc          ] GC(144) Pause Young (Concurrent Start) (G1 Humongous Allocation) 202M->201M(256M) 1.544ms
[6.335s][info][gc,cpu      ] GC(144) User=0.00s Sys=0.00s Real=0.00s
[6.335s][info][gc          ] GC(145) Concurrent Mark Cycle
[6.335s][info][gc,marking  ] GC(145) Concurrent Scan Root Regions
[6.335s][info][gc,marking  ] GC(145) Concurrent Scan Root Regions 0.216ms
[6.335s][info][gc,marking  ] GC(145) Concurrent Mark
[6.335s][info][gc,marking  ] GC(145) Concurrent Mark From Roots
[6.335s][info][gc,task     ] GC(145) Using 2 workers of 2 for marking
[6.339s][info][gc,marking  ] GC(145) Concurrent Mark From Roots 3.232ms
[6.339s][info][gc,marking  ] GC(145) Concurrent Preclean
[6.339s][info][gc,marking  ] GC(145) Concurrent Preclean 0.062ms
[6.339s][info][gc,start    ] GC(145) Pause Remark
[6.340s][info][gc          ] GC(145) Pause Remark 203M->203M(256M) 1.381ms
[6.340s][info][gc,cpu      ] GC(145) User=0.00s Sys=0.00s Real=0.00s
[6.341s][info][gc,marking  ] GC(145) Concurrent Mark 5.126ms
[6.341s][info][gc,marking  ] GC(145) Concurrent Rebuild Remembered Sets and Scrub Regions
[6.341s][info][gc,marking  ] GC(145) Concurrent Rebuild Remembered Sets and Scrub Regions 0.785ms
[6.342s][info][gc,start    ] GC(145) Pause Cleanup
[6.342s][info][gc          ] GC(145) Pause Cleanup 203M->203M(256M) 0.178ms
[6.342s][info][gc,cpu      ] GC(145) User=0.00s Sys=0.00s Real=0.00s
[6.342s][info][gc,marking  ] GC(145) Concurrent Clear Claimed Marks
[6.342s][info][gc,marking  ] GC(145) Concurrent Clear Claimed Marks 0.049ms
[6.342s][info][gc,marking  ] GC(145) Concurrent Cleanup for Next Mark
[6.343s][info][gc,marking  ] GC(145) Concurrent Cleanup for Next Mark 1.054ms
[6.343s][info][gc          ] GC(145) Concurrent Mark Cycle 8.073ms
[6.397s][info][gc,start    ] GC(146) Pause Young (Concurrent Start) (G1 Humongous Allocation)
[6.397s][info][gc,task     ] GC(146) Using 6 workers of 8 for evacuation
[6.399s][info][gc,phases   ] GC(146)   Pre Evacuate Collection Set: 0.3ms
[6.399s][info][gc,phases   ] GC(146)   Merge Heap Roots: 0.2ms
[6.399s][info][gc,phases   ] GC(146)   Evacuate Collection Set: 0.3ms
[6.399s][info][gc,phases   ] GC(146)   Post Evacuate Collection Set: 0.6ms
[6.399s][info][gc,phases   ] GC(146)   Other: 0.2ms
[6.399s][info][gc,heap     ] GC(146) Eden regions: 0->0(16)
[6.399s][info][gc,heap     ] GC(146) Survivor regions: 1->1(3)
[6.399s][info][gc,heap     ] GC(146) Old regions: 2->2
[6.399s][info][gc,heap     ] GC(146) Humongous regions: 202->202
[6.399s][info][gc,metaspace] GC(146) Metaspace: 381K(576K)->381K(576K) NonClass: 356K(448K)->356K(448K) Class: 24K(128K)->24K(128K)
[6.399s][info][gc          ] GC(146) Pause Young (Concurrent Start) (G1 Humongous Allocation) 203M->203M(256M) 2.046ms
[6.399s][info][gc,cpu      ] GC(146) User=0.00s Sys=0.00s Real=0.00s
[6.399s][info][gc          ] GC(147) Concurrent Mark Cycle
[6.399s][info][gc,marking  ] GC(147) Concurrent Scan Root Regions
[6.399s][info][gc,marking  ] GC(147) Concurrent Scan Root Regions 0.177ms
[6.399s][info][gc,marking  ] GC(147) Concurrent Mark
[6.399s][info][gc,marking  ] GC(147) Concurrent Mark From Roots
[6.400s][info][gc,task     ] GC(147) Using 2 workers of 2 for marking
[6.402s][info][gc,marking  ] GC(147) Concurrent Mark From Roots 2.514ms
[6.402s][info][gc,marking  ] GC(147) Concurrent Preclean
[6.402s][info][gc,marking  ] GC(147) Concurrent Preclean 0.029ms
[6.402s][info][gc,start    ] GC(147) Pause Remark
[6.403s][info][gc          ] GC(147) Pause Remark 205M->205M(256M) 1.074ms
[6.403s][info][gc,cpu      ] GC(147) User=0.00s Sys=0.00s Real=0.00s
[6.403s][info][gc,marking  ] GC(147) Concurrent Mark 3.994ms
[6.404s][info][gc,marking  ] GC(147) Concurrent Rebuild Remembered Sets and Scrub Regions
[6.405s][info][gc,marking  ] GC(147) Concurrent Rebuild Remembered Sets and Scrub Regions 1.083ms
[6.405s][info][gc,start    ] GC(147) Pause Cleanup
[6.405s][info][gc          ] GC(147) Pause Cleanup 205M->205M(256M) 0.169ms
[6.405s][info][gc,cpu      ] GC(147) User=0.00s Sys=0.00s Real=0.00s
[6.405s][info][gc,marking  ] GC(147) Concurrent Clear Claimed Marks
[6.405s][info][gc,marking  ] GC(147) Concurrent Clear Claimed Marks 0.041ms
[6.405s][info][gc,marking  ] GC(147) Concurrent Cleanup for Next Mark
[6.406s][info][gc,marking  ] GC(147) Concurrent Cleanup for Next Mark 0.629ms
[6.406s][info][gc          ] GC(147) Concurrent Mark Cycle 6.603ms
[6.460s][info][gc,start    ] GC(148) Pause Young (Concurrent Start) (G1 Humongous Allocation)
[6.460s][info][gc,task     ] GC(148) Using 6 workers of 8 for evacuation
[6.463s][info][gc,phases   ] GC(148)   Pre Evacuate Collection Set: 0.5ms
[6.463s][info][gc,phases   ] GC(148)   Merge Heap Roots: 0.4ms
[6.463s][info][gc,phases   ] GC(148)   Evacuate Collection Set: 0.3ms
[6.463s][info][gc,phases   ] GC(148)   Post Evacuate Collection Set: 0.7ms
[6.463s][info][gc,phases   ] GC(148)   Other: 0.4ms
[6.463s][info][gc,heap     ] GC(148) Eden regions: 0->0(20)
[6.463s][info][gc,heap     ] GC(148) Survivor regions: 1->1(3)
[6.463s][info][gc,heap     ] GC(148) Old regions: 2->2
[6.463s][info][gc,heap     ] GC(148) Humongous regions: 204->204
[6.463s][info][gc,metaspace] GC(148) Metaspace: 381K(576K)->381K(576K) NonClass: 356K(448K)->356K(448K) Class: 24K(128K)->24K(128K)
[6.463s][info][gc          ] GC(148) Pause Young (Concurrent Start) (G1 Humongous Allocation) 205M->205M(256M) 2.764ms
[6.463s][info][gc,cpu      ] GC(148) User=0.00s Sys=0.00s Real=0.00s
[6.463s][info][gc          ] GC(149) Concurrent Mark Cycle
[6.463s][info][gc,marking  ] GC(149) Concurrent Scan Root Regions
[6.463s][info][gc,marking  ] GC(149) Concurrent Scan Root Regions 0.199ms
[6.463s][info][gc,marking  ] GC(149) Concurrent Mark
[6.463s][info][gc,marking  ] GC(149) Concurrent Mark From Roots
[6.463s][info][gc,task     ] GC(149) Using 2 workers of 2 for marking
[6.465s][info][gc,marking  ] GC(149) Concurrent Mark From Roots 1.969ms
[6.465s][info][gc,marking  ] GC(149) Concurrent Preclean
[6.465s][info][gc,marking  ] GC(149) Concurrent Preclean 0.026ms
[6.466s][info][gc,start    ] GC(149) Pause Remark
[6.467s][info][gc          ] GC(149) Pause Remark 207M->207M(256M) 1.664ms
[6.467s][info][gc,cpu      ] GC(149) User=0.00s Sys=0.00s Real=0.00s
[6.467s][info][gc,marking  ] GC(149) Concurrent Mark 4.098ms
[6.467s][info][gc,marking  ] GC(149) Concurrent Rebuild Remembered Sets and Scrub Regions
[6.468s][info][gc,marking  ] GC(149) Concurrent Rebuild Remembered Sets and Scrub Regions 0.735ms
[6.468s][info][gc,start    ] GC(149) Pause Cleanup
[6.469s][info][gc          ] GC(149) Pause Cleanup 207M->207M(256M) 0.258ms
[6.469s][info][gc,cpu      ] GC(149) User=0.00s Sys=0.00s Real=0.00s
[6.469s][info][gc,marking  ] GC(149) Concurrent Clear Claimed Marks
[6.469s][info][gc,marking  ] GC(149) Concurrent Clear Claimed Marks 0.057ms
[6.469s][info][gc,marking  ] GC(149) Concurrent Cleanup for Next Mark
[6.470s][info][gc,marking  ] GC(149) Concurrent Cleanup for Next Mark 0.912ms
[6.470s][info][gc          ] GC(149) Concurrent Mark Cycle 6.870ms
[6.522s][info][gc,start    ] GC(150) Pause Young (Concurrent Start) (G1 Humongous Allocation)
[6.522s][info][gc,task     ] GC(150) Using 6 workers of 8 for evacuation
[6.524s][info][gc,phases   ] GC(150)   Pre Evacuate Collection Set: 0.4ms
[6.524s][info][gc,phases   ] GC(150)   Merge Heap Roots: 0.2ms
[6.524s][info][gc,phases   ] GC(150)   Evacuate Collection Set: 0.3ms
[6.524s][info][gc,phases   ] GC(150)   Post Evacuate Collection Set: 0.6ms
[6.524s][info][gc,phases   ] GC(150)   Other: 0.2ms
[6.524s][info][gc,heap     ] GC(150) Eden regions: 0->0(21)
[6.524s][info][gc,heap     ] GC(150) Survivor regions: 1->1(3)
[6.524s][info][gc,heap     ] GC(150) Old regions: 2->2
[6.524s][info][gc,heap     ] GC(150) Humongous regions: 206->206
[6.524s][info][gc,metaspace] GC(150) Metaspace: 381K(576K)->381K(576K) NonClass: 356K(448K)->356K(448K) Class: 24K(128K)->24K(128K)
[6.524s][info][gc          ] GC(150) Pause Young (Concurrent Start) (G1 Humongous Allocation) 207M->207M(256M) 2.053ms
[6.524s][info][gc,cpu      ] GC(150) User=0.00s Sys=0.00s Real=0.00s
[6.524s][info][gc          ] GC(151) Concurrent Mark Cycle
[6.524s][info][gc,marking  ] GC(151) Concurrent Scan Root Regions
[6.524s][info][gc,marking  ] GC(151) Concurrent Scan Root Regions 0.165ms
[6.524s][info][gc,marking  ] GC(151) Concurrent Mark
[6.524s][info][gc,marking  ] GC(151) Concurrent Mark From Roots
[6.525s][info][gc,task     ] GC(151) Using 2 workers of 2 for marking
[6.527s][info][gc,marking  ] GC(151) Concurrent Mark From Roots 2.594ms
[6.527s][info][gc,marking  ] GC(151) Concurrent Preclean
[6.527s][info][gc,marking  ] GC(151) Concurrent Preclean 0.032ms
[6.527s][info][gc,start    ] GC(151) Pause Remark
[6.529s][info][gc          ] GC(151) Pause Remark 209M->209M(256M) 1.237ms
[6.529s][info][gc,cpu      ] GC(151) User=0.00s Sys=0.00s Real=0.00s
[6.529s][info][gc,marking  ] GC(151) Concurrent Mark 4.213ms
[6.529s][info][gc,marking  ] GC(151) Concurrent Rebuild Remembered Sets and Scrub Regions
[6.530s][info][gc,marking  ] GC(151) Concurrent Rebuild Remembered Sets and Scrub Regions 1.010ms
[6.530s][info][gc,start    ] GC(151) Pause Cleanup
[6.530s][info][gc          ] GC(151) Pause Cleanup 209M->209M(256M) 0.343ms
[6.530s][info][gc,cpu      ] GC(151) User=0.00s Sys=0.00s Real=0.00s
[6.530s][info][gc,marking  ] GC(151) Concurrent Clear Claimed Marks
[6.530s][info][gc,marking  ] GC(151) Concurrent Clear Claimed Marks 0.129ms
[6.531s][info][gc,marking  ] GC(151) Concurrent Cleanup for Next Mark
[6.531s][info][gc,marking  ] GC(151) Concurrent Cleanup for Next Mark 0.701ms
[6.531s][info][gc          ] GC(151) Concurrent Mark Cycle 7.103ms
[6.585s][info][gc,start    ] GC(152) Pause Young (Concurrent Start) (G1 Humongous Allocation)
[6.585s][info][gc,task     ] GC(152) Using 6 workers of 8 for evacuation
[6.586s][info][gc,phases   ] GC(152)   Pre Evacuate Collection Set: 0.3ms
[6.586s][info][gc,phases   ] GC(152)   Merge Heap Roots: 0.2ms
[6.586s][info][gc,phases   ] GC(152)   Evacuate Collection Set: 0.3ms
[6.587s][info][gc,phases   ] GC(152)   Post Evacuate Collection Set: 0.5ms
[6.587s][info][gc,phases   ] GC(152)   Other: 0.2ms
[6.587s][info][gc,heap     ] GC(152) Eden regions: 0->0(22)
[6.587s][info][gc,heap     ] GC(152) Survivor regions: 1->1(3)
[6.587s][info][gc,heap     ] GC(152) Old regions: 2->2
[6.587s][info][gc,heap     ] GC(152) Humongous regions: 208->208
[6.587s][info][gc,metaspace] GC(152) Metaspace: 381K(576K)->381K(576K) NonClass: 356K(448K)->356K(448K) Class: 24K(128K)->24K(128K)
[6.587s][info][gc          ] GC(152) Pause Young (Concurrent Start) (G1 Humongous Allocation) 209M->209M(256M) 2.070ms
[6.587s][info][gc,cpu      ] GC(152) User=0.00s Sys=0.00s Real=0.00s
[6.587s][info][gc          ] GC(153) Concurrent Mark Cycle
[6.587s][info][gc,marking  ] GC(153) Concurrent Scan Root Regions
[6.587s][info][gc,marking  ] GC(153) Concurrent Scan Root Regions 0.159ms
[6.587s][info][gc,marking  ] GC(153) Concurrent Mark
[6.587s][info][gc,marking  ] GC(153) Concurrent Mark From Roots
[6.587s][info][gc,task     ] GC(153) Using 2 workers of 2 for marking
[6.589s][info][gc,marking  ] GC(153) Concurrent Mark From Roots 2.219ms
[6.589s][info][gc,marking  ] GC(153) Concurrent Preclean
[6.589s][info][gc,marking  ] GC(153) Concurrent Preclean 0.036ms
[6.590s][info][gc,start    ] GC(153) Pause Remark
[6.591s][info][gc          ] GC(153) Pause Remark 211M->211M(256M) 1.205ms
[6.591s][info][gc,cpu      ] GC(153) User=0.00s Sys=0.00s Real=0.00s
[6.591s][info][gc,marking  ] GC(153) Concurrent Mark 3.771ms
[6.591s][info][gc,marking  ] GC(153) Concurrent Rebuild Remembered Sets and Scrub Regions
[6.592s][info][gc,marking  ] GC(153) Concurrent Rebuild Remembered Sets and Scrub Regions 1.004ms
[6.592s][info][gc,start    ] GC(153) Pause Cleanup
[6.593s][info][gc          ] GC(153) Pause Cleanup 211M->211M(256M) 0.373ms
[6.593s][info][gc,cpu      ] GC(153) User=0.00s Sys=0.00s Real=0.00s
[6.593s][info][gc,marking  ] GC(153) Concurrent Clear Claimed Marks
[6.593s][info][gc,marking  ] GC(153) Concurrent Clear Claimed Marks 0.078ms
[6.593s][info][gc,marking  ] GC(153) Concurrent Cleanup for Next Mark
[6.594s][info][gc,marking  ] GC(153) Concurrent Cleanup for Next Mark 0.765ms
[6.594s][info][gc          ] GC(153) Concurrent Mark Cycle 6.927ms
[6.646s][info][gc,start    ] GC(154) Pause Young (Concurrent Start) (G1 Humongous Allocation)
[6.646s][info][gc,task     ] GC(154) Using 6 workers of 8 for evacuation
[6.647s][info][gc,phases   ] GC(154)   Pre Evacuate Collection Set: 0.2ms
[6.648s][info][gc,phases   ] GC(154)   Merge Heap Roots: 0.2ms
[6.648s][info][gc,phases   ] GC(154)   Evacuate Collection Set: 0.3ms
[6.648s][info][gc,phases   ] GC(154)   Post Evacuate Collection Set: 0.5ms
[6.648s][info][gc,phases   ] GC(154)   Other: 0.2ms
[6.648s][info][gc,heap     ] GC(154) Eden regions: 0->0(23)
[6.648s][info][gc,heap     ] GC(154) Survivor regions: 1->1(3)
[6.648s][info][gc,heap     ] GC(154) Old regions: 2->2
[6.648s][info][gc,heap     ] GC(154) Humongous regions: 210->210
[6.648s][info][gc,metaspace] GC(154) Metaspace: 381K(576K)->381K(576K) NonClass: 356K(448K)->356K(448K) Class: 24K(128K)->24K(128K)
[6.648s][info][gc          ] GC(154) Pause Young (Concurrent Start) (G1 Humongous Allocation) 211M->211M(256M) 1.959ms
[6.648s][info][gc,cpu      ] GC(154) User=0.00s Sys=0.00s Real=0.00s
[6.648s][info][gc          ] GC(155) Concurrent Mark Cycle
[6.648s][info][gc,marking  ] GC(155) Concurrent Scan Root Regions
[6.648s][info][gc,marking  ] GC(155) Concurrent Scan Root Regions 0.097ms
[6.648s][info][gc,marking  ] GC(155) Concurrent Mark
[6.648s][info][gc,marking  ] GC(155) Concurrent Mark From Roots
[6.648s][info][gc,task     ] GC(155) Using 2 workers of 2 for marking
[6.651s][info][gc,marking  ] GC(155) Concurrent Mark From Roots 3.023ms
[6.651s][info][gc,marking  ] GC(155) Concurrent Preclean
[6.651s][info][gc,marking  ] GC(155) Concurrent Preclean 0.037ms
[6.651s][info][gc,start    ] GC(155) Pause Remark
[6.652s][info][gc          ] GC(155) Pause Remark 213M->213M(256M) 0.814ms
[6.652s][info][gc,cpu      ] GC(155) User=0.00s Sys=0.00s Real=0.00s
[6.652s][info][gc,marking  ] GC(155) Concurrent Mark 4.324ms
[6.652s][info][gc,marking  ] GC(155) Concurrent Rebuild Remembered Sets and Scrub Regions
[6.654s][info][gc,marking  ] GC(155) Concurrent Rebuild Remembered Sets and Scrub Regions 1.046ms
[6.654s][info][gc,start    ] GC(155) Pause Cleanup
[6.654s][info][gc          ] GC(155) Pause Cleanup 213M->213M(256M) 0.251ms
[6.654s][info][gc,cpu      ] GC(155) User=0.00s Sys=0.00s Real=0.00s
[6.654s][info][gc,marking  ] GC(155) Concurrent Clear Claimed Marks
[6.654s][info][gc,marking  ] GC(155) Concurrent Clear Claimed Marks 0.045ms
[6.654s][info][gc,marking  ] GC(155) Concurrent Cleanup for Next Mark
[6.655s][info][gc,marking  ] GC(155) Concurrent Cleanup for Next Mark 0.749ms
[6.655s][info][gc          ] GC(155) Concurrent Mark Cycle 7.141ms
[6.708s][info][gc,start    ] GC(156) Pause Young (Concurrent Start) (G1 Humongous Allocation)
[6.708s][info][gc,task     ] GC(156) Using 6 workers of 8 for evacuation
[6.709s][info][gc,phases   ] GC(156)   Pre Evacuate Collection Set: 0.3ms
[6.709s][info][gc,phases   ] GC(156)   Merge Heap Roots: 0.2ms
[6.709s][info][gc,phases   ] GC(156)   Evacuate Collection Set: 0.2ms
[6.709s][info][gc,phases   ] GC(156)   Post Evacuate Collection Set: 0.4ms
[6.709s][info][gc,phases   ] GC(156)   Other: 0.2ms
[6.709s][info][gc,heap     ] GC(156) Eden regions: 0->0(24)
[6.710s][info][gc,heap     ] GC(156) Survivor regions: 1->1(3)
[6.710s][info][gc,heap     ] GC(156) Old regions: 2->2
[6.710s][info][gc,heap     ] GC(156) Humongous regions: 212->212
[6.710s][info][gc,metaspace] GC(156) Metaspace: 381K(576K)->381K(576K) NonClass: 356K(448K)->356K(448K) Class: 24K(128K)->24K(128K)
[6.710s][info][gc          ] GC(156) Pause Young (Concurrent Start) (G1 Humongous Allocation) 213M->213M(256M) 2.121ms
[6.710s][info][gc,cpu      ] GC(156) User=0.00s Sys=0.00s Real=0.00s
[6.710s][info][gc          ] GC(157) Concurrent Mark Cycle
[6.710s][info][gc,marking  ] GC(157) Concurrent Scan Root Regions
[6.710s][info][gc,marking  ] GC(157) Concurrent Scan Root Regions 0.144ms
[6.710s][info][gc,marking  ] GC(157) Concurrent Mark
[6.710s][info][gc,marking  ] GC(157) Concurrent Mark From Roots
[6.710s][info][gc,task     ] GC(157) Using 2 workers of 2 for marking
[6.713s][info][gc,marking  ] GC(157) Concurrent Mark From Roots 2.915ms
[6.713s][info][gc,marking  ] GC(157) Concurrent Preclean
[6.713s][info][gc,marking  ] GC(157) Concurrent Preclean 0.039ms
[6.713s][info][gc,start    ] GC(157) Pause Remark
[6.714s][info][gc          ] GC(157) Pause Remark 215M->215M(256M) 0.638ms
[6.714s][info][gc,cpu      ] GC(157) User=0.00s Sys=0.00s Real=0.00s
[6.714s][info][gc,marking  ] GC(157) Concurrent Mark 4.000ms
[6.714s][info][gc,marking  ] GC(157) Concurrent Rebuild Remembered Sets and Scrub Regions
[6.715s][info][gc,marking  ] GC(157) Concurrent Rebuild Remembered Sets and Scrub Regions 0.706ms
[6.715s][info][gc,start    ] GC(157) Pause Cleanup
[6.715s][info][gc          ] GC(157) Pause Cleanup 215M->215M(256M) 0.139ms
[6.715s][info][gc,cpu      ] GC(157) User=0.00s Sys=0.00s Real=0.00s
[6.715s][info][gc,marking  ] GC(157) Concurrent Clear Claimed Marks
[6.715s][info][gc,marking  ] GC(157) Concurrent Clear Claimed Marks 0.033ms
[6.715s][info][gc,marking  ] GC(157) Concurrent Cleanup for Next Mark
[6.716s][info][gc,marking  ] GC(157) Concurrent Cleanup for Next Mark 0.553ms
[6.716s][info][gc          ] GC(157) Concurrent Mark Cycle 5.952ms
[6.770s][info][gc,start    ] GC(158) Pause Young (Concurrent Start) (G1 Humongous Allocation)
[6.770s][info][gc,task     ] GC(158) Using 6 workers of 8 for evacuation
[6.771s][info][gc,phases   ] GC(158)   Pre Evacuate Collection Set: 0.2ms
[6.771s][info][gc,phases   ] GC(158)   Merge Heap Roots: 0.2ms
[6.771s][info][gc,phases   ] GC(158)   Evacuate Collection Set: 0.2ms
[6.771s][info][gc,phases   ] GC(158)   Post Evacuate Collection Set: 0.2ms
[6.771s][info][gc,phases   ] GC(158)   Other: 0.1ms
[6.771s][info][gc,heap     ] GC(158) Eden regions: 0->0(24)
[6.771s][info][gc,heap     ] GC(158) Survivor regions: 1->1(4)
[6.771s][info][gc,heap     ] GC(158) Old regions: 2->2
[6.771s][info][gc,heap     ] GC(158) Humongous regions: 214->214
[6.771s][info][gc,metaspace] GC(158) Metaspace: 381K(576K)->381K(576K) NonClass: 356K(448K)->356K(448K) Class: 24K(128K)->24K(128K)
[6.771s][info][gc          ] GC(158) Pause Young (Concurrent Start) (G1 Humongous Allocation) 215M->215M(256M) 1.423ms
[6.771s][info][gc,cpu      ] GC(158) User=0.00s Sys=0.00s Real=0.00s
[6.771s][info][gc          ] GC(159) Concurrent Mark Cycle
[6.771s][info][gc,marking  ] GC(159) Concurrent Scan Root Regions
[6.772s][info][gc,marking  ] GC(159) Concurrent Scan Root Regions 0.105ms
[6.772s][info][gc,marking  ] GC(159) Concurrent Mark
[6.772s][info][gc,marking  ] GC(159) Concurrent Mark From Roots
[6.772s][info][gc,task     ] GC(159) Using 2 workers of 2 for marking
[6.775s][info][gc,marking  ] GC(159) Concurrent Mark From Roots 3.446ms
[6.775s][info][gc,marking  ] GC(159) Concurrent Preclean
[6.775s][info][gc,marking  ] GC(159) Concurrent Preclean 0.038ms
[6.776s][info][gc,start    ] GC(159) Pause Remark
[6.777s][info][gc          ] GC(159) Pause Remark 217M->217M(256M) 1.113ms
[6.777s][info][gc,cpu      ] GC(159) User=0.00s Sys=0.00s Real=0.00s
[6.777s][info][gc,marking  ] GC(159) Concurrent Mark 5.189ms
[6.777s][info][gc,marking  ] GC(159) Concurrent Rebuild Remembered Sets and Scrub Regions
[6.778s][info][gc,marking  ] GC(159) Concurrent Rebuild Remembered Sets and Scrub Regions 0.927ms
[6.778s][info][gc,start    ] GC(159) Pause Cleanup
[6.778s][info][gc          ] GC(159) Pause Cleanup 217M->217M(256M) 0.193ms
[6.778s][info][gc,cpu      ] GC(159) User=0.00s Sys=0.00s Real=0.00s
[6.778s][info][gc,marking  ] GC(159) Concurrent Clear Claimed Marks
[6.778s][info][gc,marking  ] GC(159) Concurrent Clear Claimed Marks 0.050ms
[6.778s][info][gc,marking  ] GC(159) Concurrent Cleanup for Next Mark
[6.779s][info][gc,marking  ] GC(159) Concurrent Cleanup for Next Mark 0.776ms
[6.779s][info][gc          ] GC(159) Concurrent Mark Cycle 7.878ms
[6.833s][info][gc,start    ] GC(160) Pause Young (Concurrent Start) (G1 Humongous Allocation)
[6.833s][info][gc,task     ] GC(160) Using 6 workers of 8 for evacuation
[6.834s][info][gc,phases   ] GC(160)   Pre Evacuate Collection Set: 0.2ms
[6.834s][info][gc,phases   ] GC(160)   Merge Heap Roots: 0.2ms
[6.834s][info][gc,phases   ] GC(160)   Evacuate Collection Set: 0.2ms
[6.834s][info][gc,phases   ] GC(160)   Post Evacuate Collection Set: 0.2ms
[6.834s][info][gc,phases   ] GC(160)   Other: 0.1ms
[6.834s][info][gc,heap     ] GC(160) Eden regions: 0->0(22)
[6.834s][info][gc,heap     ] GC(160) Survivor regions: 1->1(4)
[6.834s][info][gc,heap     ] GC(160) Old regions: 2->2
[6.834s][info][gc,heap     ] GC(160) Humongous regions: 216->216
[6.834s][info][gc,metaspace] GC(160) Metaspace: 381K(576K)->381K(576K) NonClass: 356K(448K)->356K(448K) Class: 24K(128K)->24K(128K)
[6.834s][info][gc          ] GC(160) Pause Young (Concurrent Start) (G1 Humongous Allocation) 217M->217M(256M) 1.609ms
[6.834s][info][gc,cpu      ] GC(160) User=0.00s Sys=0.00s Real=0.00s
[6.834s][info][gc          ] GC(161) Concurrent Mark Cycle
[6.834s][info][gc,marking  ] GC(161) Concurrent Scan Root Regions
[6.835s][info][gc,marking  ] GC(161) Concurrent Scan Root Regions 0.099ms
[6.835s][info][gc,marking  ] GC(161) Concurrent Mark
[6.835s][info][gc,marking  ] GC(161) Concurrent Mark From Roots
[6.835s][info][gc,task     ] GC(161) Using 2 workers of 2 for marking
[6.838s][info][gc,marking  ] GC(161) Concurrent Mark From Roots 3.438ms
[6.838s][info][gc,marking  ] GC(161) Concurrent Preclean
[6.838s][info][gc,marking  ] GC(161) Concurrent Preclean 0.040ms
[6.838s][info][gc,start    ] GC(161) Pause Remark
[6.839s][info][gc          ] GC(161) Pause Remark 219M->219M(256M) 0.669ms
[6.839s][info][gc,cpu      ] GC(161) User=0.00s Sys=0.00s Real=0.00s
[6.839s][info][gc,marking  ] GC(161) Concurrent Mark 4.545ms
[6.839s][info][gc,marking  ] GC(161) Concurrent Rebuild Remembered Sets and Scrub Regions
[6.840s][info][gc,marking  ] GC(161) Concurrent Rebuild Remembered Sets and Scrub Regions 1.155ms
[6.841s][info][gc,start    ] GC(161) Pause Cleanup
[6.841s][info][gc          ] GC(161) Pause Cleanup 219M->219M(256M) 0.219ms
[6.841s][info][gc,cpu      ] GC(161) User=0.00s Sys=0.00s Real=0.00s
[6.841s][info][gc,marking  ] GC(161) Concurrent Clear Claimed Marks
[6.841s][info][gc,marking  ] GC(161) Concurrent Clear Claimed Marks 0.064ms
[6.841s][info][gc,marking  ] GC(161) Concurrent Cleanup for Next Mark
[6.842s][info][gc,marking  ] GC(161) Concurrent Cleanup for Next Mark 0.930ms
[6.842s][info][gc          ] GC(161) Concurrent Mark Cycle 7.836ms
[6.894s][info][gc,start    ] GC(162) Pause Young (Concurrent Start) (G1 Humongous Allocation)
[6.894s][info][gc,task     ] GC(162) Using 6 workers of 8 for evacuation
[6.895s][info][gc,phases   ] GC(162)   Pre Evacuate Collection Set: 0.2ms
[6.895s][info][gc,phases   ] GC(162)   Merge Heap Roots: 0.2ms
[6.895s][info][gc,phases   ] GC(162)   Evacuate Collection Set: 0.2ms
[6.895s][info][gc,phases   ] GC(162)   Post Evacuate Collection Set: 0.2ms
[6.895s][info][gc,phases   ] GC(162)   Other: 0.1ms
[6.895s][info][gc,heap     ] GC(162) Eden regions: 0->0(20)
[6.895s][info][gc,heap     ] GC(162) Survivor regions: 1->1(3)
[6.895s][info][gc,heap     ] GC(162) Old regions: 2->2
[6.895s][info][gc,heap     ] GC(162) Humongous regions: 218->218
[6.895s][info][gc,metaspace] GC(162) Metaspace: 381K(576K)->381K(576K) NonClass: 356K(448K)->356K(448K) Class: 24K(128K)->24K(128K)
[6.895s][info][gc          ] GC(162) Pause Young (Concurrent Start) (G1 Humongous Allocation) 219M->219M(256M) 1.253ms
[6.895s][info][gc,cpu      ] GC(162) User=0.00s Sys=0.00s Real=0.00s
[6.895s][info][gc          ] GC(163) Concurrent Mark Cycle
[6.895s][info][gc,marking  ] GC(163) Concurrent Scan Root Regions
[6.895s][info][gc,marking  ] GC(163) Concurrent Scan Root Regions 0.079ms
[6.896s][info][gc,marking  ] GC(163) Concurrent Mark
[6.896s][info][gc,marking  ] GC(163) Concurrent Mark From Roots
[6.896s][info][gc,task     ] GC(163) Using 2 workers of 2 for marking
[6.898s][info][gc,marking  ] GC(163) Concurrent Mark From Roots 2.954ms
[6.899s][info][gc,marking  ] GC(163) Concurrent Preclean
[6.899s][info][gc,marking  ] GC(163) Concurrent Preclean 0.027ms
[6.899s][info][gc,start    ] GC(163) Pause Remark
[6.899s][info][gc          ] GC(163) Pause Remark 221M->221M(256M) 0.541ms
[6.899s][info][gc,cpu      ] GC(163) User=0.06s Sys=0.02s Real=0.00s
[6.899s][info][gc,marking  ] GC(163) Concurrent Mark 3.777ms
[6.899s][info][gc,marking  ] GC(163) Concurrent Rebuild Remembered Sets and Scrub Regions
[6.900s][info][gc,marking  ] GC(163) Concurrent Rebuild Remembered Sets and Scrub Regions 0.722ms
[6.900s][info][gc,start    ] GC(163) Pause Cleanup
[6.900s][info][gc          ] GC(163) Pause Cleanup 221M->221M(256M) 0.163ms
[6.900s][info][gc,cpu      ] GC(163) User=0.00s Sys=0.00s Real=0.00s
[6.900s][info][gc,marking  ] GC(163) Concurrent Clear Claimed Marks
[6.900s][info][gc,marking  ] GC(163) Concurrent Clear Claimed Marks 0.041ms
[6.900s][info][gc,marking  ] GC(163) Concurrent Cleanup for Next Mark
[6.901s][info][gc,marking  ] GC(163) Concurrent Cleanup for Next Mark 0.642ms
[6.901s][info][gc          ] GC(163) Concurrent Mark Cycle 5.893ms
[6.956s][info][gc,start    ] GC(164) Pause Young (Concurrent Start) (G1 Humongous Allocation)
[6.956s][info][gc,task     ] GC(164) Using 6 workers of 8 for evacuation
[6.958s][info][gc,phases   ] GC(164)   Pre Evacuate Collection Set: 0.2ms
[6.958s][info][gc,phases   ] GC(164)   Merge Heap Roots: 0.2ms
[6.958s][info][gc,phases   ] GC(164)   Evacuate Collection Set: 0.2ms
[6.958s][info][gc,phases   ] GC(164)   Post Evacuate Collection Set: 0.2ms
[6.958s][info][gc,phases   ] GC(164)   Other: 0.2ms
[6.958s][info][gc,heap     ] GC(164) Eden regions: 1->0(18)
[6.958s][info][gc,heap     ] GC(164) Survivor regions: 1->1(3)
[6.958s][info][gc,heap     ] GC(164) Old regions: 2->2
[6.958s][info][gc,heap     ] GC(164) Humongous regions: 220->220
[6.958s][info][gc,metaspace] GC(164) Metaspace: 381K(576K)->381K(576K) NonClass: 357K(448K)->357K(448K) Class: 24K(128K)->24K(128K)
[6.958s][info][gc          ] GC(164) Pause Young (Concurrent Start) (G1 Humongous Allocation) 221M->221M(256M) 1.705ms
[6.958s][info][gc,cpu      ] GC(164) User=0.00s Sys=0.00s Real=0.00s
[6.958s][info][gc          ] GC(165) Concurrent Mark Cycle
[6.958s][info][gc,marking  ] GC(165) Concurrent Scan Root Regions
[6.958s][info][gc,marking  ] GC(165) Concurrent Scan Root Regions 0.143ms
[6.958s][info][gc,marking  ] GC(165) Concurrent Mark
[6.958s][info][gc,marking  ] GC(165) Concurrent Mark From Roots
[6.958s][info][gc,task     ] GC(165) Using 2 workers of 2 for marking
[6.962s][info][gc,marking  ] GC(165) Concurrent Mark From Roots 3.504ms
[6.962s][info][gc,marking  ] GC(165) Concurrent Preclean
[6.962s][info][gc,marking  ] GC(165) Concurrent Preclean 0.039ms
[6.962s][info][gc,start    ] GC(165) Pause Remark
[6.963s][info][gc          ] GC(165) Pause Remark 223M->223M(256M) 0.567ms
[6.963s][info][gc,cpu      ] GC(165) User=0.00s Sys=0.00s Real=0.00s
[6.963s][info][gc,marking  ] GC(165) Concurrent Mark 4.453ms
[6.963s][info][gc,marking  ] GC(165) Concurrent Rebuild Remembered Sets and Scrub Regions
[6.964s][info][gc,marking  ] GC(165) Concurrent Rebuild Remembered Sets and Scrub Regions 0.998ms
[6.964s][info][gc,start    ] GC(165) Pause Cleanup
[6.964s][info][gc          ] GC(165) Pause Cleanup 223M->223M(256M) 0.193ms
[6.964s][info][gc,cpu      ] GC(165) User=0.00s Sys=0.00s Real=0.00s
[6.964s][info][gc,marking  ] GC(165) Concurrent Clear Claimed Marks
[6.964s][info][gc,marking  ] GC(165) Concurrent Clear Claimed Marks 0.055ms
[6.964s][info][gc,marking  ] GC(165) Concurrent Cleanup for Next Mark
[6.965s][info][gc,marking  ] GC(165) Concurrent Cleanup for Next Mark 0.822ms
[6.965s][info][gc          ] GC(165) Concurrent Mark Cycle 7.289ms
[7.018s][info][gc,start    ] GC(166) Pause Young (Concurrent Start) (G1 Humongous Allocation)
[7.018s][info][gc,task     ] GC(166) Using 6 workers of 8 for evacuation
[7.019s][info][gc,phases   ] GC(166)   Pre Evacuate Collection Set: 0.1ms
[7.019s][info][gc,phases   ] GC(166)   Merge Heap Roots: 0.0ms
[7.019s][info][gc,phases   ] GC(166)   Evacuate Collection Set: 0.2ms
[7.019s][info][gc,phases   ] GC(166)   Post Evacuate Collection Set: 0.2ms
[7.019s][info][gc,phases   ] GC(166)   Other: 0.1ms
[7.019s][info][gc,heap     ] GC(166) Eden regions: 0->0(16)
[7.019s][info][gc,heap     ] GC(166) Survivor regions: 1->1(3)
[7.019s][info][gc,heap     ] GC(166) Old regions: 2->2
[7.019s][info][gc,heap     ] GC(166) Humongous regions: 222->222
[7.019s][info][gc,metaspace] GC(166) Metaspace: 381K(576K)->381K(576K) NonClass: 357K(448K)->357K(448K) Class: 24K(128K)->24K(128K)
[7.019s][info][gc          ] GC(166) Pause Young (Concurrent Start) (G1 Humongous Allocation) 223M->223M(256M) 0.934ms
[7.019s][info][gc,cpu      ] GC(166) User=0.00s Sys=0.00s Real=0.00s
[7.019s][info][gc          ] GC(167) Concurrent Mark Cycle
[7.019s][info][gc,marking  ] GC(167) Concurrent Scan Root Regions
[7.019s][info][gc,marking  ] GC(167) Concurrent Scan Root Regions 0.079ms
[7.019s][info][gc,marking  ] GC(167) Concurrent Mark
[7.019s][info][gc,marking  ] GC(167) Concurrent Mark From Roots
[7.019s][info][gc,task     ] GC(167) Using 2 workers of 2 for marking
[7.021s][info][gc,marking  ] GC(167) Concurrent Mark From Roots 1.852ms
[7.021s][info][gc,marking  ] GC(167) Concurrent Preclean
[7.021s][info][gc,marking  ] GC(167) Concurrent Preclean 0.030ms
[7.021s][info][gc,start    ] GC(167) Pause Remark
[7.022s][info][gc          ] GC(167) Pause Remark 225M->225M(256M) 0.496ms
[7.022s][info][gc,cpu      ] GC(167) User=0.00s Sys=0.00s Real=0.00s
[7.022s][info][gc,marking  ] GC(167) Concurrent Mark 2.626ms
[7.022s][info][gc,marking  ] GC(167) Concurrent Rebuild Remembered Sets and Scrub Regions
[7.022s][info][gc,marking  ] GC(167) Concurrent Rebuild Remembered Sets and Scrub Regions 0.745ms
[7.023s][info][gc,start    ] GC(167) Pause Cleanup
[7.023s][info][gc          ] GC(167) Pause Cleanup 225M->225M(256M) 0.130ms
[7.023s][info][gc,cpu      ] GC(167) User=0.00s Sys=0.00s Real=0.00s
[7.023s][info][gc,marking  ] GC(167) Concurrent Clear Claimed Marks
[7.023s][info][gc,marking  ] GC(167) Concurrent Clear Claimed Marks 0.034ms
[7.023s][info][gc,marking  ] GC(167) Concurrent Cleanup for Next Mark
[7.023s][info][gc,marking  ] GC(167) Concurrent Cleanup for Next Mark 0.616ms
[7.023s][info][gc          ] GC(167) Concurrent Mark Cycle 4.574ms
[7.081s][info][gc,start    ] GC(168) Pause Young (Concurrent Start) (G1 Humongous Allocation)
[7.081s][info][gc,task     ] GC(168) Using 6 workers of 8 for evacuation
[7.082s][info][gc,phases   ] GC(168)   Pre Evacuate Collection Set: 0.2ms
[7.082s][info][gc,phases   ] GC(168)   Merge Heap Roots: 0.0ms
[7.082s][info][gc,phases   ] GC(168)   Evacuate Collection Set: 0.2ms
[7.082s][info][gc,phases   ] GC(168)   Post Evacuate Collection Set: 0.2ms
[7.082s][info][gc,phases   ] GC(168)   Other: 0.1ms
[7.082s][info][gc,heap     ] GC(168) Eden regions: 0->0(14)
[7.082s][info][gc,heap     ] GC(168) Survivor regions: 1->1(3)
[7.082s][info][gc,heap     ] GC(168) Old regions: 2->2
[7.082s][info][gc,heap     ] GC(168) Humongous regions: 224->224
[7.082s][info][gc,metaspace] GC(168) Metaspace: 381K(576K)->381K(576K) NonClass: 357K(448K)->357K(448K) Class: 24K(128K)->24K(128K)
[7.082s][info][gc          ] GC(168) Pause Young (Concurrent Start) (G1 Humongous Allocation) 225M->225M(256M) 1.069ms
[7.082s][info][gc,cpu      ] GC(168) User=0.00s Sys=0.00s Real=0.00s
[7.082s][info][gc          ] GC(169) Concurrent Mark Cycle
[7.082s][info][gc,marking  ] GC(169) Concurrent Scan Root Regions
[7.082s][info][gc,marking  ] GC(169) Concurrent Scan Root Regions 0.115ms
[7.082s][info][gc,marking  ] GC(169) Concurrent Mark
[7.082s][info][gc,marking  ] GC(169) Concurrent Mark From Roots
[7.083s][info][gc,task     ] GC(169) Using 2 workers of 2 for marking
[7.085s][info][gc,marking  ] GC(169) Concurrent Mark From Roots 2.061ms
[7.085s][info][gc,marking  ] GC(169) Concurrent Preclean
[7.085s][info][gc,marking  ] GC(169) Concurrent Preclean 0.027ms
[7.085s][info][gc,start    ] GC(169) Pause Remark
[7.085s][info][gc          ] GC(169) Pause Remark 227M->227M(256M) 0.489ms
[7.085s][info][gc,cpu      ] GC(169) User=0.00s Sys=0.00s Real=0.00s
[7.085s][info][gc,marking  ] GC(169) Concurrent Mark 2.854ms
[7.085s][info][gc,marking  ] GC(169) Concurrent Rebuild Remembered Sets and Scrub Regions
[7.086s][info][gc,marking  ] GC(169) Concurrent Rebuild Remembered Sets and Scrub Regions 0.709ms
[7.086s][info][gc,start    ] GC(169) Pause Cleanup
[7.086s][info][gc          ] GC(169) Pause Cleanup 227M->227M(256M) 0.125ms
[7.086s][info][gc,cpu      ] GC(169) User=0.00s Sys=0.00s Real=0.00s
[7.086s][info][gc,marking  ] GC(169) Concurrent Clear Claimed Marks
[7.086s][info][gc,marking  ] GC(169) Concurrent Clear Claimed Marks 0.031ms
[7.086s][info][gc,marking  ] GC(169) Concurrent Cleanup for Next Mark
[7.087s][info][gc,marking  ] GC(169) Concurrent Cleanup for Next Mark 0.529ms
[7.087s][info][gc          ] GC(169) Concurrent Mark Cycle 4.780ms
[7.144s][info][gc,start    ] GC(170) Pause Young (Concurrent Start) (G1 Humongous Allocation)
[7.144s][info][gc,task     ] GC(170) Using 6 workers of 8 for evacuation
[7.145s][info][gc,phases   ] GC(170)   Pre Evacuate Collection Set: 0.2ms
[7.145s][info][gc,phases   ] GC(170)   Merge Heap Roots: 0.0ms
[7.145s][info][gc,phases   ] GC(170)   Evacuate Collection Set: 0.2ms
[7.145s][info][gc,phases   ] GC(170)   Post Evacuate Collection Set: 0.2ms
[7.145s][info][gc,phases   ] GC(170)   Other: 0.1ms
[7.145s][info][gc,heap     ] GC(170) Eden regions: 0->0(12)
[7.145s][info][gc,heap     ] GC(170) Survivor regions: 1->1(2)
[7.145s][info][gc,heap     ] GC(170) Old regions: 2->2
[7.145s][info][gc,heap     ] GC(170) Humongous regions: 226->226
[7.145s][info][gc,metaspace] GC(170) Metaspace: 381K(576K)->381K(576K) NonClass: 357K(448K)->357K(448K) Class: 24K(128K)->24K(128K)
[7.145s][info][gc          ] GC(170) Pause Young (Concurrent Start) (G1 Humongous Allocation) 227M->227M(256M) 1.021ms
[7.145s][info][gc,cpu      ] GC(170) User=0.00s Sys=0.00s Real=0.00s
[7.145s][info][gc          ] GC(171) Concurrent Mark Cycle
[7.145s][info][gc,marking  ] GC(171) Concurrent Scan Root Regions
[7.145s][info][gc,marking  ] GC(171) Concurrent Scan Root Regions 0.134ms
[7.145s][info][gc,marking  ] GC(171) Concurrent Mark
[7.145s][info][gc,marking  ] GC(171) Concurrent Mark From Roots
[7.145s][info][gc,task     ] GC(171) Using 2 workers of 2 for marking
[7.148s][info][gc,marking  ] GC(171) Concurrent Mark From Roots 2.671ms
[7.148s][info][gc,marking  ] GC(171) Concurrent Preclean
[7.148s][info][gc,marking  ] GC(171) Concurrent Preclean 0.025ms
[7.148s][info][gc,start    ] GC(171) Pause Remark
[7.149s][info][gc          ] GC(171) Pause Remark 229M->229M(256M) 0.541ms
[7.149s][info][gc,cpu      ] GC(171) User=0.00s Sys=0.00s Real=0.00s
[7.149s][info][gc,marking  ] GC(171) Concurrent Mark 3.542ms
[7.149s][info][gc,marking  ] GC(171) Concurrent Rebuild Remembered Sets and Scrub Regions
[7.150s][info][gc,marking  ] GC(171) Concurrent Rebuild Remembered Sets and Scrub Regions 0.760ms
[7.150s][info][gc,start    ] GC(171) Pause Cleanup
[7.150s][info][gc          ] GC(171) Pause Cleanup 229M->229M(256M) 0.103ms
[7.150s][info][gc,cpu      ] GC(171) User=0.00s Sys=0.00s Real=0.00s
[7.150s][info][gc,marking  ] GC(171) Concurrent Clear Claimed Marks
[7.150s][info][gc,marking  ] GC(171) Concurrent Clear Claimed Marks 0.055ms
[7.150s][info][gc,marking  ] GC(171) Concurrent Cleanup for Next Mark
[7.151s][info][gc,marking  ] GC(171) Concurrent Cleanup for Next Mark 0.598ms
[7.151s][info][gc          ] GC(171) Concurrent Mark Cycle 5.673ms
[7.206s][info][gc,start    ] GC(172) Pause Young (Concurrent Start) (G1 Humongous Allocation)
[7.206s][info][gc,task     ] GC(172) Using 6 workers of 8 for evacuation
[7.207s][info][gc,phases   ] GC(172)   Pre Evacuate Collection Set: 0.2ms
[7.207s][info][gc,phases   ] GC(172)   Merge Heap Roots: 0.1ms
[7.207s][info][gc,phases   ] GC(172)   Evacuate Collection Set: 0.2ms
[7.207s][info][gc,phases   ] GC(172)   Post Evacuate Collection Set: 0.2ms
[7.207s][info][gc,phases   ] GC(172)   Other: 0.1ms
[7.208s][info][gc,heap     ] GC(172) Eden regions: 0->0(11)
[7.208s][info][gc,heap     ] GC(172) Survivor regions: 1->1(2)
[7.208s][info][gc,heap     ] GC(172) Old regions: 2->2
[7.208s][info][gc,heap     ] GC(172) Humongous regions: 228->228
[7.208s][info][gc,metaspace] GC(172) Metaspace: 381K(576K)->381K(576K) NonClass: 357K(448K)->357K(448K) Class: 24K(128K)->24K(128K)
[7.208s][info][gc          ] GC(172) Pause Young (Concurrent Start) (G1 Humongous Allocation) 229M->229M(256M) 1.295ms
[7.208s][info][gc,cpu      ] GC(172) User=0.00s Sys=0.00s Real=0.00s
[7.208s][info][gc          ] GC(173) Concurrent Mark Cycle
[7.208s][info][gc,marking  ] GC(173) Concurrent Scan Root Regions
[7.208s][info][gc,marking  ] GC(173) Concurrent Scan Root Regions 0.281ms
[7.208s][info][gc,marking  ] GC(173) Concurrent Mark
[7.208s][info][gc,marking  ] GC(173) Concurrent Mark From Roots
[7.208s][info][gc,task     ] GC(173) Using 2 workers of 2 for marking
[7.212s][info][gc,marking  ] GC(173) Concurrent Mark From Roots 3.137ms
[7.212s][info][gc,marking  ] GC(173) Concurrent Preclean
[7.212s][info][gc,marking  ] GC(173) Concurrent Preclean 0.032ms
[7.212s][info][gc,start    ] GC(173) Pause Remark
[7.212s][info][gc          ] GC(173) Pause Remark 231M->231M(256M) 0.589ms
[7.212s][info][gc,cpu      ] GC(173) User=0.00s Sys=0.00s Real=0.00s
[7.213s][info][gc,marking  ] GC(173) Concurrent Mark 4.103ms
[7.213s][info][gc,marking  ] GC(173) Concurrent Rebuild Remembered Sets and Scrub Regions
[7.213s][info][gc,marking  ] GC(173) Concurrent Rebuild Remembered Sets and Scrub Regions 0.708ms
[7.213s][info][gc,start    ] GC(173) Pause Cleanup
[7.213s][info][gc          ] GC(173) Pause Cleanup 231M->231M(256M) 0.118ms
[7.213s][info][gc,cpu      ] GC(173) User=0.00s Sys=0.00s Real=0.00s
[7.214s][info][gc,marking  ] GC(173) Concurrent Clear Claimed Marks
[7.214s][info][gc,marking  ] GC(173) Concurrent Clear Claimed Marks 0.027ms
[7.214s][info][gc,marking  ] GC(173) Concurrent Cleanup for Next Mark
[7.214s][info][gc,marking  ] GC(173) Concurrent Cleanup for Next Mark 0.606ms
[7.214s][info][gc          ] GC(173) Concurrent Mark Cycle 6.505ms
[7.269s][info][gc,start    ] GC(174) Pause Young (Concurrent Start) (G1 Humongous Allocation)
[7.270s][info][gc,task     ] GC(174) Using 6 workers of 8 for evacuation
[7.270s][info][gc,phases   ] GC(174)   Pre Evacuate Collection Set: 0.2ms
[7.270s][info][gc,phases   ] GC(174)   Merge Heap Roots: 0.1ms
[7.270s][info][gc,phases   ] GC(174)   Evacuate Collection Set: 0.2ms
[7.270s][info][gc,phases   ] GC(174)   Post Evacuate Collection Set: 0.2ms
[7.270s][info][gc,phases   ] GC(174)   Other: 0.1ms
[7.270s][info][gc,heap     ] GC(174) Eden regions: 0->0(11)
[7.270s][info][gc,heap     ] GC(174) Survivor regions: 1->1(2)
[7.270s][info][gc,heap     ] GC(174) Old regions: 2->2
[7.270s][info][gc,heap     ] GC(174) Humongous regions: 230->230
[7.270s][info][gc,metaspace] GC(174) Metaspace: 381K(576K)->381K(576K) NonClass: 357K(448K)->357K(448K) Class: 24K(128K)->24K(128K)
[7.271s][info][gc          ] GC(174) Pause Young (Concurrent Start) (G1 Humongous Allocation) 231M->231M(256M) 1.120ms
[7.271s][info][gc,cpu      ] GC(174) User=0.00s Sys=0.00s Real=0.00s
[7.271s][info][gc          ] GC(175) Concurrent Mark Cycle
[7.271s][info][gc,marking  ] GC(175) Concurrent Scan Root Regions
[7.271s][info][gc,marking  ] GC(175) Concurrent Scan Root Regions 0.126ms
[7.271s][info][gc,marking  ] GC(175) Concurrent Mark
[7.271s][info][gc,marking  ] GC(175) Concurrent Mark From Roots
[7.271s][info][gc,task     ] GC(175) Using 2 workers of 2 for marking
[7.274s][info][gc,marking  ] GC(175) Concurrent Mark From Roots 3.048ms
[7.274s][info][gc,marking  ] GC(175) Concurrent Preclean
[7.274s][info][gc,marking  ] GC(175) Concurrent Preclean 0.047ms
[7.274s][info][gc,start    ] GC(175) Pause Remark
[7.275s][info][gc          ] GC(175) Pause Remark 233M->233M(256M) 1.104ms
[7.275s][info][gc,cpu      ] GC(175) User=0.00s Sys=0.00s Real=0.00s
[7.276s][info][gc,marking  ] GC(175) Concurrent Mark 4.607ms
[7.276s][info][gc,marking  ] GC(175) Concurrent Rebuild Remembered Sets and Scrub Regions
[7.276s][info][gc,marking  ] GC(175) Concurrent Rebuild Remembered Sets and Scrub Regions 0.787ms
[7.277s][info][gc,start    ] GC(175) Pause Cleanup
[7.277s][info][gc          ] GC(175) Pause Cleanup 233M->233M(256M) 0.118ms
[7.277s][info][gc,cpu      ] GC(175) User=0.00s Sys=0.00s Real=0.00s
[7.277s][info][gc,marking  ] GC(175) Concurrent Clear Claimed Marks
[7.277s][info][gc,marking  ] GC(175) Concurrent Clear Claimed Marks 0.056ms
[7.277s][info][gc,marking  ] GC(175) Concurrent Cleanup for Next Mark
[7.278s][info][gc,marking  ] GC(175) Concurrent Cleanup for Next Mark 0.793ms
[7.278s][info][gc          ] GC(175) Concurrent Mark Cycle 7.083ms
[7.331s][info][gc,start    ] GC(176) Pause Young (Concurrent Start) (G1 Humongous Allocation)
[7.331s][info][gc,task     ] GC(176) Using 6 workers of 8 for evacuation
[7.332s][info][gc,phases   ] GC(176)   Pre Evacuate Collection Set: 0.2ms
[7.332s][info][gc,phases   ] GC(176)   Merge Heap Roots: 0.1ms
[7.332s][info][gc,phases   ] GC(176)   Evacuate Collection Set: 0.2ms
[7.332s][info][gc,phases   ] GC(176)   Post Evacuate Collection Set: 0.5ms
[7.332s][info][gc,phases   ] GC(176)   Other: 0.2ms
[7.332s][info][gc,heap     ] GC(176) Eden regions: 0->0(11)
[7.332s][info][gc,heap     ] GC(176) Survivor regions: 1->1(2)
[7.332s][info][gc,heap     ] GC(176) Old regions: 2->2
[7.332s][info][gc,heap     ] GC(176) Humongous regions: 232->232
[7.332s][info][gc,metaspace] GC(176) Metaspace: 381K(576K)->381K(576K) NonClass: 357K(448K)->357K(448K) Class: 24K(128K)->24K(128K)
[7.332s][info][gc          ] GC(176) Pause Young (Concurrent Start) (G1 Humongous Allocation) 233M->233M(256M) 1.518ms
[7.333s][info][gc,cpu      ] GC(176) User=0.00s Sys=0.00s Real=0.00s
[7.333s][info][gc          ] GC(177) Concurrent Mark Cycle
[7.333s][info][gc,marking  ] GC(177) Concurrent Scan Root Regions
[7.333s][info][gc,marking  ] GC(177) Concurrent Scan Root Regions 0.152ms
[7.333s][info][gc,marking  ] GC(177) Concurrent Mark
[7.333s][info][gc,marking  ] GC(177) Concurrent Mark From Roots
[7.333s][info][gc,task     ] GC(177) Using 2 workers of 2 for marking
[7.335s][info][gc,marking  ] GC(177) Concurrent Mark From Roots 1.819ms
[7.335s][info][gc,marking  ] GC(177) Concurrent Preclean
[7.335s][info][gc,marking  ] GC(177) Concurrent Preclean 0.031ms
[7.335s][info][gc,start    ] GC(177) Pause Remark
[7.336s][info][gc          ] GC(177) Pause Remark 235M->235M(256M) 1.239ms
[7.336s][info][gc,cpu      ] GC(177) User=0.00s Sys=0.00s Real=0.00s
[7.336s][info][gc,marking  ] GC(177) Concurrent Mark 3.456ms
[7.336s][info][gc,marking  ] GC(177) Concurrent Rebuild Remembered Sets and Scrub Regions
[7.337s][info][gc,marking  ] GC(177) Concurrent Rebuild Remembered Sets and Scrub Regions 0.801ms
[7.337s][info][gc,start    ] GC(177) Pause Cleanup
[7.338s][info][gc          ] GC(177) Pause Cleanup 235M->235M(256M) 0.198ms
[7.338s][info][gc,cpu      ] GC(177) User=0.00s Sys=0.00s Real=0.00s
[7.338s][info][gc,marking  ] GC(177) Concurrent Clear Claimed Marks
[7.338s][info][gc,marking  ] GC(177) Concurrent Clear Claimed Marks 0.044ms
[7.338s][info][gc,marking  ] GC(177) Concurrent Cleanup for Next Mark
[7.338s][info][gc,marking  ] GC(177) Concurrent Cleanup for Next Mark 0.656ms
[7.338s][info][gc          ] GC(177) Concurrent Mark Cycle 5.872ms
[7.392s][info][gc,start    ] GC(178) Pause Young (Concurrent Start) (G1 Humongous Allocation)
[7.392s][info][gc,task     ] GC(178) Using 6 workers of 8 for evacuation
[7.394s][info][gc,phases   ] GC(178)   Pre Evacuate Collection Set: 0.2ms
[7.394s][info][gc,phases   ] GC(178)   Merge Heap Roots: 0.3ms
[7.394s][info][gc,phases   ] GC(178)   Evacuate Collection Set: 0.3ms
[7.394s][info][gc,phases   ] GC(178)   Post Evacuate Collection Set: 0.4ms
[7.394s][info][gc,phases   ] GC(178)   Other: 0.2ms
[7.394s][info][gc,heap     ] GC(178) Eden regions: 0->0(11)
[7.394s][info][gc,heap     ] GC(178) Survivor regions: 1->1(2)
[7.394s][info][gc,heap     ] GC(178) Old regions: 2->2
[7.394s][info][gc,heap     ] GC(178) Humongous regions: 234->234
[7.394s][info][gc,metaspace] GC(178) Metaspace: 381K(576K)->381K(576K) NonClass: 357K(448K)->357K(448K) Class: 24K(128K)->24K(128K)
[7.394s][info][gc          ] GC(178) Pause Young (Concurrent Start) (G1 Humongous Allocation) 235M->235M(256M) 1.794ms
[7.394s][info][gc,cpu      ] GC(178) User=0.00s Sys=0.00s Real=0.00s
[7.394s][info][gc          ] GC(179) Concurrent Mark Cycle
[7.394s][info][gc,marking  ] GC(179) Concurrent Scan Root Regions
[7.394s][info][gc,marking  ] GC(179) Concurrent Scan Root Regions 0.103ms
[7.394s][info][gc,marking  ] GC(179) Concurrent Mark
[7.394s][info][gc,marking  ] GC(179) Concurrent Mark From Roots
[7.394s][info][gc,task     ] GC(179) Using 2 workers of 2 for marking
[7.397s][info][gc,marking  ] GC(179) Concurrent Mark From Roots 2.849ms
[7.397s][info][gc,marking  ] GC(179) Concurrent Preclean
[7.397s][info][gc,marking  ] GC(179) Concurrent Preclean 0.026ms
[7.397s][info][gc,start    ] GC(179) Pause Remark
[7.398s][info][gc          ] GC(179) Pause Remark 237M->237M(256M) 0.900ms
[7.398s][info][gc,cpu      ] GC(179) User=0.00s Sys=0.00s Real=0.00s
[7.398s][info][gc,marking  ] GC(179) Concurrent Mark 4.188ms
[7.398s][info][gc,marking  ] GC(179) Concurrent Rebuild Remembered Sets and Scrub Regions
[7.399s][info][gc,marking  ] GC(179) Concurrent Rebuild Remembered Sets and Scrub Regions 0.773ms
[7.399s][info][gc,start    ] GC(179) Pause Cleanup
[7.399s][info][gc          ] GC(179) Pause Cleanup 237M->237M(256M) 0.158ms
[7.399s][info][gc,cpu      ] GC(179) User=0.00s Sys=0.00s Real=0.00s
[7.400s][info][gc,marking  ] GC(179) Concurrent Clear Claimed Marks
[7.400s][info][gc,marking  ] GC(179) Concurrent Clear Claimed Marks 0.047ms
[7.400s][info][gc,marking  ] GC(179) Concurrent Cleanup for Next Mark
[7.400s][info][gc,marking  ] GC(179) Concurrent Cleanup for Next Mark 0.671ms
[7.400s][info][gc          ] GC(179) Concurrent Mark Cycle 6.494ms
[7.455s][info][gc,start    ] GC(180) Pause Young (Concurrent Start) (G1 Humongous Allocation)
[7.455s][info][gc,task     ] GC(180) Using 6 workers of 8 for evacuation
[7.455s][info][gc,phases   ] GC(180)   Pre Evacuate Collection Set: 0.2ms
[7.455s][info][gc,phases   ] GC(180)   Merge Heap Roots: 0.1ms
[7.455s][info][gc,phases   ] GC(180)   Evacuate Collection Set: 0.1ms
[7.455s][info][gc,phases   ] GC(180)   Post Evacuate Collection Set: 0.2ms
[7.455s][info][gc,phases   ] GC(180)   Other: 0.1ms
[7.455s][info][gc,heap     ] GC(180) Eden regions: 0->0(11)
[7.455s][info][gc,heap     ] GC(180) Survivor regions: 1->1(2)
[7.455s][info][gc,heap     ] GC(180) Old regions: 2->2
[7.455s][info][gc,heap     ] GC(180) Humongous regions: 236->236
[7.455s][info][gc,metaspace] GC(180) Metaspace: 381K(576K)->381K(576K) NonClass: 357K(448K)->357K(448K) Class: 24K(128K)->24K(128K)
[7.456s][info][gc          ] GC(180) Pause Young (Concurrent Start) (G1 Humongous Allocation) 237M->237M(256M) 0.974ms
[7.456s][info][gc,cpu      ] GC(180) User=0.00s Sys=0.00s Real=0.00s
[7.456s][info][gc          ] GC(181) Concurrent Mark Cycle
[7.456s][info][gc,marking  ] GC(181) Concurrent Scan Root Regions
[7.456s][info][gc,marking  ] GC(181) Concurrent Scan Root Regions 0.071ms
[7.456s][info][gc,marking  ] GC(181) Concurrent Mark
[7.456s][info][gc,marking  ] GC(181) Concurrent Mark From Roots
[7.456s][info][gc,task     ] GC(181) Using 2 workers of 2 for marking
[7.458s][info][gc,marking  ] GC(181) Concurrent Mark From Roots 1.779ms
[7.458s][info][gc,marking  ] GC(181) Concurrent Preclean
[7.458s][info][gc,marking  ] GC(181) Concurrent Preclean 0.034ms
[7.458s][info][gc,start    ] GC(181) Pause Remark
[7.459s][info][gc          ] GC(181) Pause Remark 239M->239M(256M) 0.931ms
[7.459s][info][gc,cpu      ] GC(181) User=0.00s Sys=0.00s Real=0.00s
[7.459s][info][gc,marking  ] GC(181) Concurrent Mark 3.171ms
[7.459s][info][gc,marking  ] GC(181) Concurrent Rebuild Remembered Sets and Scrub Regions
[7.460s][info][gc,marking  ] GC(181) Concurrent Rebuild Remembered Sets and Scrub Regions 1.205ms
[7.460s][info][gc,start    ] GC(181) Pause Cleanup
[7.461s][info][gc          ] GC(181) Pause Cleanup 239M->239M(256M) 0.261ms
[7.461s][info][gc,cpu      ] GC(181) User=0.00s Sys=0.00s Real=0.00s
[7.461s][info][gc,marking  ] GC(181) Concurrent Clear Claimed Marks
[7.461s][info][gc,marking  ] GC(181) Concurrent Clear Claimed Marks 0.068ms
[7.461s][info][gc,marking  ] GC(181) Concurrent Cleanup for Next Mark
[7.462s][info][gc,marking  ] GC(181) Concurrent Cleanup for Next Mark 1.229ms
[7.462s][info][gc          ] GC(181) Concurrent Mark Cycle 6.719ms
[7.517s][info][gc,start    ] GC(182) Pause Young (Concurrent Start) (G1 Humongous Allocation)
[7.517s][info][gc,task     ] GC(182) Using 6 workers of 8 for evacuation
[7.518s][info][gc,phases   ] GC(182)   Pre Evacuate Collection Set: 0.2ms
[7.518s][info][gc,phases   ] GC(182)   Merge Heap Roots: 0.1ms
[7.518s][info][gc,phases   ] GC(182)   Evacuate Collection Set: 0.2ms
[7.518s][info][gc,phases   ] GC(182)   Post Evacuate Collection Set: 0.3ms
[7.518s][info][gc,phases   ] GC(182)   Other: 0.2ms
[7.518s][info][gc,heap     ] GC(182) Eden regions: 0->0(11)
[7.518s][info][gc,heap     ] GC(182) Survivor regions: 1->1(2)
[7.518s][info][gc,heap     ] GC(182) Old regions: 2->2
[7.518s][info][gc,heap     ] GC(182) Humongous regions: 238->238
[7.518s][info][gc,metaspace] GC(182) Metaspace: 381K(576K)->381K(576K) NonClass: 357K(448K)->357K(448K) Class: 24K(128K)->24K(128K)
[7.518s][info][gc          ] GC(182) Pause Young (Concurrent Start) (G1 Humongous Allocation) 239M->239M(256M) 1.420ms
[7.518s][info][gc,cpu      ] GC(182) User=0.00s Sys=0.00s Real=0.00s
[7.518s][info][gc          ] GC(183) Concurrent Mark Cycle
[7.518s][info][gc,marking  ] GC(183) Concurrent Scan Root Regions
[7.519s][info][gc,marking  ] GC(183) Concurrent Scan Root Regions 0.116ms
[7.519s][info][gc,marking  ] GC(183) Concurrent Mark
[7.519s][info][gc,marking  ] GC(183) Concurrent Mark From Roots
[7.519s][info][gc,task     ] GC(183) Using 2 workers of 2 for marking
[7.521s][info][gc,marking  ] GC(183) Concurrent Mark From Roots 2.361ms
[7.521s][info][gc,marking  ] GC(183) Concurrent Preclean
[7.521s][info][gc,marking  ] GC(183) Concurrent Preclean 0.029ms
[7.521s][info][gc,start    ] GC(183) Pause Remark
[7.522s][info][gc          ] GC(183) Pause Remark 241M->241M(256M) 0.819ms
[7.522s][info][gc,cpu      ] GC(183) User=0.00s Sys=0.00s Real=0.00s
[7.522s][info][gc,marking  ] GC(183) Concurrent Mark 3.499ms
[7.522s][info][gc,marking  ] GC(183) Concurrent Rebuild Remembered Sets and Scrub Regions
[7.523s][info][gc,marking  ] GC(183) Concurrent Rebuild Remembered Sets and Scrub Regions 0.731ms
[7.523s][info][gc,start    ] GC(183) Pause Cleanup
[7.523s][info][gc          ] GC(183) Pause Cleanup 241M->241M(256M) 0.191ms
[7.523s][info][gc,cpu      ] GC(183) User=0.00s Sys=0.00s Real=0.00s
[7.523s][info][gc,marking  ] GC(183) Concurrent Clear Claimed Marks
[7.523s][info][gc,marking  ] GC(183) Concurrent Clear Claimed Marks 0.031ms
[7.523s][info][gc,marking  ] GC(183) Concurrent Cleanup for Next Mark
[7.524s][info][gc,marking  ] GC(183) Concurrent Cleanup for Next Mark 0.929ms
[7.524s][info][gc          ] GC(183) Concurrent Mark Cycle 5.877ms
[7.580s][info][gc,start    ] GC(184) Pause Young (Concurrent Start) (G1 Humongous Allocation)
[7.580s][info][gc,task     ] GC(184) Using 6 workers of 8 for evacuation
[7.582s][info][gc,phases   ] GC(184)   Pre Evacuate Collection Set: 0.3ms
[7.582s][info][gc,phases   ] GC(184)   Merge Heap Roots: 0.1ms
[7.582s][info][gc,phases   ] GC(184)   Evacuate Collection Set: 0.3ms
[7.582s][info][gc,phases   ] GC(184)   Post Evacuate Collection Set: 0.5ms
[7.582s][info][gc,phases   ] GC(184)   Other: 0.2ms
[7.582s][info][gc,heap     ] GC(184) Eden regions: 1->0(11)
[7.582s][info][gc,heap     ] GC(184) Survivor regions: 1->1(2)
[7.582s][info][gc,heap     ] GC(184) Old regions: 2->2
[7.582s][info][gc,heap     ] GC(184) Humongous regions: 240->240
[7.582s][info][gc,metaspace] GC(184) Metaspace: 381K(576K)->381K(576K) NonClass: 357K(448K)->357K(448K) Class: 24K(128K)->24K(128K)
[7.582s][info][gc          ] GC(184) Pause Young (Concurrent Start) (G1 Humongous Allocation) 241M->241M(256M) 1.750ms
[7.582s][info][gc,cpu      ] GC(184) User=0.00s Sys=0.00s Real=0.00s
[7.582s][info][gc          ] GC(185) Concurrent Mark Cycle
[7.582s][info][gc,marking  ] GC(185) Concurrent Scan Root Regions
[7.582s][info][gc,marking  ] GC(185) Concurrent Scan Root Regions 0.227ms
[7.582s][info][gc,marking  ] GC(185) Concurrent Mark
[7.582s][info][gc,marking  ] GC(185) Concurrent Mark From Roots
[7.582s][info][gc,task     ] GC(185) Using 2 workers of 2 for marking
[7.584s][info][gc,marking  ] GC(185) Concurrent Mark From Roots 2.083ms
[7.585s][info][gc,marking  ] GC(185) Concurrent Preclean
[7.585s][info][gc,marking  ] GC(185) Concurrent Preclean 0.028ms
[7.585s][info][gc,start    ] GC(185) Pause Remark
[7.586s][info][gc          ] GC(185) Pause Remark 243M->243M(256M) 0.986ms
[7.586s][info][gc,cpu      ] GC(185) User=0.00s Sys=0.00s Real=0.00s
[7.586s][info][gc,marking  ] GC(185) Concurrent Mark 3.412ms
[7.586s][info][gc,marking  ] GC(185) Concurrent Rebuild Remembered Sets and Scrub Regions
[7.586s][info][gc,marking  ] GC(185) Concurrent Rebuild Remembered Sets and Scrub Regions 0.627ms
[7.587s][info][gc,start    ] GC(185) Pause Cleanup
[7.587s][info][gc          ] GC(185) Pause Cleanup 243M->243M(256M) 0.151ms
[7.587s][info][gc,cpu      ] GC(185) User=0.00s Sys=0.00s Real=0.00s
[7.587s][info][gc,marking  ] GC(185) Concurrent Clear Claimed Marks
[7.587s][info][gc,marking  ] GC(185) Concurrent Clear Claimed Marks 0.035ms
[7.587s][info][gc,marking  ] GC(185) Concurrent Cleanup for Next Mark
[7.587s][info][gc,marking  ] GC(185) Concurrent Cleanup for Next Mark 0.648ms
[7.588s][info][gc          ] GC(185) Concurrent Mark Cycle 5.464ms
[7.643s][info][gc,start    ] GC(186) Pause Young (Concurrent Start) (G1 Humongous Allocation)
[7.643s][info][gc,task     ] GC(186) Using 6 workers of 8 for evacuation
[7.644s][info][gc,phases   ] GC(186)   Pre Evacuate Collection Set: 0.2ms
[7.644s][info][gc,phases   ] GC(186)   Merge Heap Roots: 0.1ms
[7.644s][info][gc,phases   ] GC(186)   Evacuate Collection Set: 0.3ms
[7.644s][info][gc,phases   ] GC(186)   Post Evacuate Collection Set: 0.2ms
[7.644s][info][gc,phases   ] GC(186)   Other: 0.1ms
[7.644s][info][gc,heap     ] GC(186) Eden regions: 0->0(10)
[7.644s][info][gc,heap     ] GC(186) Survivor regions: 1->1(2)
[7.644s][info][gc,heap     ] GC(186) Old regions: 2->2
[7.644s][info][gc,heap     ] GC(186) Humongous regions: 242->242
[7.644s][info][gc,metaspace] GC(186) Metaspace: 381K(576K)->381K(576K) NonClass: 357K(448K)->357K(448K) Class: 24K(128K)->24K(128K)
[7.644s][info][gc          ] GC(186) Pause Young (Concurrent Start) (G1 Humongous Allocation) 243M->243M(256M) 1.241ms
[7.644s][info][gc,cpu      ] GC(186) User=0.00s Sys=0.00s Real=0.00s
[7.644s][info][gc          ] GC(187) Concurrent Mark Cycle
[7.644s][info][gc,marking  ] GC(187) Concurrent Scan Root Regions
[7.644s][info][gc,marking  ] GC(187) Concurrent Scan Root Regions 0.128ms
[7.644s][info][gc,marking  ] GC(187) Concurrent Mark
[7.644s][info][gc,marking  ] GC(187) Concurrent Mark From Roots
[7.644s][info][gc,task     ] GC(187) Using 2 workers of 2 for marking
[7.647s][info][gc,marking  ] GC(187) Concurrent Mark From Roots 3.070ms
[7.647s][info][gc,marking  ] GC(187) Concurrent Preclean
[7.647s][info][gc,marking  ] GC(187) Concurrent Preclean 0.031ms
[7.648s][info][gc,start    ] GC(187) Pause Remark
[7.648s][info][gc          ] GC(187) Pause Remark 245M->245M(256M) 0.698ms
[7.648s][info][gc,cpu      ] GC(187) User=0.00s Sys=0.00s Real=0.00s
[7.648s][info][gc,marking  ] GC(187) Concurrent Mark 4.237ms
[7.648s][info][gc,marking  ] GC(187) Concurrent Rebuild Remembered Sets and Scrub Regions
[7.649s][info][gc,marking  ] GC(187) Concurrent Rebuild Remembered Sets and Scrub Regions 0.755ms
[7.649s][info][gc,start    ] GC(187) Pause Cleanup
[7.649s][info][gc          ] GC(187) Pause Cleanup 245M->245M(256M) 0.151ms
[7.649s][info][gc,cpu      ] GC(187) User=0.00s Sys=0.00s Real=0.00s
[7.650s][info][gc,marking  ] GC(187) Concurrent Clear Claimed Marks
[7.650s][info][gc,marking  ] GC(187) Concurrent Clear Claimed Marks 0.041ms
[7.650s][info][gc,marking  ] GC(187) Concurrent Cleanup for Next Mark
[7.650s][info][gc,marking  ] GC(187) Concurrent Cleanup for Next Mark 0.835ms
[7.651s][info][gc          ] GC(187) Concurrent Mark Cycle 6.656ms
[7.705s][info][gc,start    ] GC(188) Pause Young (Concurrent Start) (G1 Humongous Allocation)
[7.706s][info][gc,task     ] GC(188) Using 6 workers of 8 for evacuation
[7.707s][info][gc,phases   ] GC(188)   Pre Evacuate Collection Set: 0.3ms
[7.707s][info][gc,phases   ] GC(188)   Merge Heap Roots: 0.1ms
[7.707s][info][gc,phases   ] GC(188)   Evacuate Collection Set: 0.4ms
[7.707s][info][gc,phases   ] GC(188)   Post Evacuate Collection Set: 0.6ms
[7.708s][info][gc,phases   ] GC(188)   Other: 0.2ms
[7.708s][info][gc,heap     ] GC(188) Eden regions: 0->0(8)
[7.708s][info][gc,heap     ] GC(188) Survivor regions: 1->1(2)
[7.708s][info][gc,heap     ] GC(188) Old regions: 2->2
[7.708s][info][gc,heap     ] GC(188) Humongous regions: 244->244
[7.708s][info][gc,metaspace] GC(188) Metaspace: 381K(576K)->381K(576K) NonClass: 357K(448K)->357K(448K) Class: 24K(128K)->24K(128K)
[7.708s][info][gc          ] GC(188) Pause Young (Concurrent Start) (G1 Humongous Allocation) 245M->245M(256M) 2.435ms
[7.708s][info][gc,cpu      ] GC(188) User=0.00s Sys=0.00s Real=0.00s
[7.708s][info][gc          ] GC(189) Concurrent Mark Cycle
[7.708s][info][gc,marking  ] GC(189) Concurrent Scan Root Regions
[7.709s][info][gc,marking  ] GC(189) Concurrent Scan Root Regions 0.291ms
[7.709s][info][gc,marking  ] GC(189) Concurrent Mark
[7.709s][info][gc,marking  ] GC(189) Concurrent Mark From Roots
[7.709s][info][gc,task     ] GC(189) Using 2 workers of 2 for marking
[7.712s][info][gc,marking  ] GC(189) Concurrent Mark From Roots 3.783ms
[7.713s][info][gc,marking  ] GC(189) Concurrent Preclean
[7.713s][info][gc,marking  ] GC(189) Concurrent Preclean 0.044ms
[7.713s][info][gc,start    ] GC(189) Pause Remark
[7.714s][info][gc          ] GC(189) Pause Remark 247M->247M(256M) 1.167ms
[7.714s][info][gc,cpu      ] GC(189) User=0.00s Sys=0.00s Real=0.00s
[7.714s][info][gc,marking  ] GC(189) Concurrent Mark 5.519ms
[7.714s][info][gc,marking  ] GC(189) Concurrent Rebuild Remembered Sets and Scrub Regions
[7.715s][info][gc,marking  ] GC(189) Concurrent Rebuild Remembered Sets and Scrub Regions 1.200ms
[7.716s][info][gc,start    ] GC(189) Pause Cleanup
[7.716s][info][gc          ] GC(189) Pause Cleanup 247M->247M(256M) 0.193ms
[7.716s][info][gc,cpu      ] GC(189) User=0.00s Sys=0.00s Real=0.00s
[7.716s][info][gc,marking  ] GC(189) Concurrent Clear Claimed Marks
[7.716s][info][gc,marking  ] GC(189) Concurrent Clear Claimed Marks 0.041ms
[7.716s][info][gc,marking  ] GC(189) Concurrent Cleanup for Next Mark
[7.717s][info][gc,marking  ] GC(189) Concurrent Cleanup for Next Mark 0.598ms
[7.717s][info][gc          ] GC(189) Concurrent Mark Cycle 8.519ms
[7.768s][info][gc,start    ] GC(190) Pause Young (Concurrent Start) (G1 Humongous Allocation)
[7.768s][info][gc,task     ] GC(190) Using 6 workers of 8 for evacuation
[7.769s][info][gc,phases   ] GC(190)   Pre Evacuate Collection Set: 0.2ms
[7.769s][info][gc,phases   ] GC(190)   Merge Heap Roots: 0.2ms
[7.769s][info][gc,phases   ] GC(190)   Evacuate Collection Set: 0.3ms
[7.770s][info][gc,phases   ] GC(190)   Post Evacuate Collection Set: 0.6ms
[7.770s][info][gc,phases   ] GC(190)   Other: 0.2ms
[7.770s][info][gc,heap     ] GC(190) Eden regions: 0->0(6)
[7.770s][info][gc,heap     ] GC(190) Survivor regions: 1->1(2)
[7.770s][info][gc,heap     ] GC(190) Old regions: 2->2
[7.770s][info][gc,heap     ] GC(190) Humongous regions: 246->246
[7.770s][info][gc,metaspace] GC(190) Metaspace: 381K(576K)->381K(576K) NonClass: 357K(448K)->357K(448K) Class: 24K(128K)->24K(128K)
[7.770s][info][gc          ] GC(190) Pause Young (Concurrent Start) (G1 Humongous Allocation) 247M->247M(256M) 1.981ms
[7.770s][info][gc,cpu      ] GC(190) User=0.00s Sys=0.00s Real=0.00s
[7.770s][info][gc          ] GC(191) Concurrent Mark Cycle
[7.770s][info][gc,marking  ] GC(191) Concurrent Scan Root Regions
[7.770s][info][gc,marking  ] GC(191) Concurrent Scan Root Regions 0.113ms
[7.770s][info][gc,marking  ] GC(191) Concurrent Mark
[7.770s][info][gc,marking  ] GC(191) Concurrent Mark From Roots
[7.770s][info][gc,task     ] GC(191) Using 2 workers of 2 for marking
[7.772s][info][gc,marking  ] GC(191) Concurrent Mark From Roots 2.403ms
[7.773s][info][gc,marking  ] GC(191) Concurrent Preclean
[7.773s][info][gc,marking  ] GC(191) Concurrent Preclean 0.026ms
[7.773s][info][gc,start    ] GC(191) Pause Remark
[7.774s][info][gc          ] GC(191) Pause Remark 249M->249M(256M) 0.906ms
[7.774s][info][gc,cpu      ] GC(191) User=0.00s Sys=0.00s Real=0.00s
[7.774s][info][gc,marking  ] GC(191) Concurrent Mark 3.655ms
[7.774s][info][gc,marking  ] GC(191) Concurrent Rebuild Remembered Sets and Scrub Regions
[7.775s][info][gc,marking  ] GC(191) Concurrent Rebuild Remembered Sets and Scrub Regions 1.084ms
[7.775s][info][gc,start    ] GC(191) Pause Cleanup
[7.775s][info][gc          ] GC(191) Pause Cleanup 249M->249M(256M) 0.188ms
[7.775s][info][gc,cpu      ] GC(191) User=0.00s Sys=0.00s Real=0.00s
[7.775s][info][gc,marking  ] GC(191) Concurrent Clear Claimed Marks
[7.775s][info][gc,marking  ] GC(191) Concurrent Clear Claimed Marks 0.048ms
[7.775s][info][gc,marking  ] GC(191) Concurrent Cleanup for Next Mark
[7.776s][info][gc,marking  ] GC(191) Concurrent Cleanup for Next Mark 0.655ms
[7.776s][info][gc          ] GC(191) Concurrent Mark Cycle 6.260ms
[7.829s][info][gc,start    ] GC(192) Pause Young (Concurrent Start) (G1 Humongous Allocation)
[7.830s][info][gc,task     ] GC(192) Using 6 workers of 8 for evacuation
[7.832s][info][gc,phases   ] GC(192)   Pre Evacuate Collection Set: 0.3ms
[7.832s][info][gc,phases   ] GC(192)   Merge Heap Roots: 0.2ms
[7.832s][info][gc,phases   ] GC(192)   Evacuate Collection Set: 0.4ms
[7.832s][info][gc,phases   ] GC(192)   Post Evacuate Collection Set: 0.9ms
[7.832s][info][gc,phases   ] GC(192)   Other: 0.4ms
[7.832s][info][gc,heap     ] GC(192) Eden regions: 0->0(4)
[7.832s][info][gc,heap     ] GC(192) Survivor regions: 1->1(1)
[7.833s][info][gc,heap     ] GC(192) Old regions: 2->2
[7.833s][info][gc,heap     ] GC(192) Humongous regions: 248->248
[7.833s][info][gc,metaspace] GC(192) Metaspace: 381K(576K)->381K(576K) NonClass: 357K(448K)->357K(448K) Class: 24K(128K)->24K(128K)
[7.833s][info][gc          ] GC(192) Pause Young (Concurrent Start) (G1 Humongous Allocation) 249M->249M(256M) 3.404ms
[7.833s][info][gc,cpu      ] GC(192) User=0.00s Sys=0.00s Real=0.00s
[7.833s][info][gc          ] GC(193) Concurrent Mark Cycle
[7.833s][info][gc,marking  ] GC(193) Concurrent Scan Root Regions
[7.833s][info][gc,marking  ] GC(193) Concurrent Scan Root Regions 0.269ms
[7.834s][info][gc,marking  ] GC(193) Concurrent Mark
[7.834s][info][gc,marking  ] GC(193) Concurrent Mark From Roots
[7.834s][info][gc,task     ] GC(193) Using 2 workers of 2 for marking
[7.838s][info][gc,marking  ] GC(193) Concurrent Mark From Roots 4.823ms
[7.839s][info][gc,marking  ] GC(193) Concurrent Preclean
[7.839s][info][gc,marking  ] GC(193) Concurrent Preclean 0.045ms
[7.839s][info][gc,start    ] GC(193) Pause Remark
[7.840s][info][gc          ] GC(193) Pause Remark 251M->251M(256M) 1.751ms
[7.841s][info][gc,cpu      ] GC(193) User=0.00s Sys=0.00s Real=0.00s
[7.841s][info][gc,marking  ] GC(193) Concurrent Mark 7.144ms
[7.841s][info][gc,marking  ] GC(193) Concurrent Rebuild Remembered Sets and Scrub Regions
[7.842s][info][gc,marking  ] GC(193) Concurrent Rebuild Remembered Sets and Scrub Regions 0.964ms
[7.842s][info][gc,start    ] GC(193) Pause Cleanup
[7.842s][info][gc          ] GC(193) Pause Cleanup 251M->251M(256M) 0.230ms
[7.842s][info][gc,cpu      ] GC(193) User=0.00s Sys=0.00s Real=0.00s
[7.842s][info][gc,marking  ] GC(193) Concurrent Clear Claimed Marks
[7.842s][info][gc,marking  ] GC(193) Concurrent Clear Claimed Marks 0.049ms
[7.842s][info][gc,marking  ] GC(193) Concurrent Cleanup for Next Mark
[7.843s][info][gc,marking  ] GC(193) Concurrent Cleanup for Next Mark 0.589ms
[7.843s][info][gc          ] GC(193) Concurrent Mark Cycle 10.064ms
[7.890s][info][gc,start    ] GC(194) Pause Young (Concurrent Start) (G1 Humongous Allocation)
[7.891s][info][gc,task     ] GC(194) Using 6 workers of 8 for evacuation
[7.892s][info][gc,phases   ] GC(194)   Pre Evacuate Collection Set: 0.3ms
[7.892s][info][gc,phases   ] GC(194)   Merge Heap Roots: 0.2ms
[7.892s][info][gc,phases   ] GC(194)   Evacuate Collection Set: 0.3ms
[7.893s][info][gc,phases   ] GC(194)   Post Evacuate Collection Set: 0.7ms
[7.893s][info][gc,phases   ] GC(194)   Other: 0.4ms
[7.893s][info][gc,heap     ] GC(194) Eden regions: 0->0(4)
[7.893s][info][gc,heap     ] GC(194) Survivor regions: 1->0(1)
[7.893s][info][gc,heap     ] GC(194) Old regions: 2->2
[7.893s][info][gc,heap     ] GC(194) Humongous regions: 250->250
[7.893s][info][gc,metaspace] GC(194) Metaspace: 374K(576K)->374K(576K) NonClass: 352K(448K)->352K(448K) Class: 22K(128K)->22K(128K)
[7.893s][info][gc          ] GC(194) Pause Young (Concurrent Start) (G1 Humongous Allocation) 251M->251M(256M) 2.509ms
[7.893s][info][gc,cpu      ] GC(194) User=0.00s Sys=0.00s Real=0.00s
[7.893s][info][gc          ] GC(195) Concurrent Mark Cycle
[7.893s][info][gc,marking  ] GC(195) Concurrent Scan Root Regions
[7.893s][info][gc,marking  ] GC(195) Concurrent Scan Root Regions 0.263ms
[7.893s][info][gc,marking  ] GC(195) Concurrent Mark
[7.893s][info][gc,marking  ] GC(195) Concurrent Mark From Roots
[7.893s][info][gc,task     ] GC(195) Using 2 workers of 2 for marking
[7.896s][info][gc,marking  ] GC(195) Concurrent Mark From Roots 2.959ms
[7.896s][info][gc,marking  ] GC(195) Concurrent Preclean
[7.897s][info][gc,marking  ] GC(195) Concurrent Preclean 0.054ms
[7.897s][info][gc,start    ] GC(195) Pause Remark
[7.898s][info][gc          ] GC(195) Pause Remark 253M->253M(256M) 1.642ms
[7.898s][info][gc,cpu      ] GC(195) User=0.00s Sys=0.00s Real=0.00s
[7.899s][info][gc,marking  ] GC(195) Concurrent Mark 5.107ms
[7.899s][info][gc,marking  ] GC(195) Concurrent Rebuild Remembered Sets and Scrub Regions
[7.900s][info][gc,marking  ] GC(195) Concurrent Rebuild Remembered Sets and Scrub Regions 1.004ms
[7.900s][info][gc,start    ] GC(195) Pause Cleanup
[7.900s][info][gc          ] GC(195) Pause Cleanup 253M->253M(256M) 0.294ms
[7.900s][info][gc,cpu      ] GC(195) User=0.00s Sys=0.00s Real=0.00s
[7.900s][info][gc,marking  ] GC(195) Concurrent Clear Claimed Marks
[7.900s][info][gc,marking  ] GC(195) Concurrent Clear Claimed Marks 0.063ms
[7.900s][info][gc,marking  ] GC(195) Concurrent Cleanup for Next Mark
[7.901s][info][gc,marking  ] GC(195) Concurrent Cleanup for Next Mark 0.745ms
[7.901s][info][gc          ] GC(195) Concurrent Mark Cycle 8.198ms
[7.951s][info][gc,start    ] GC(196) Pause Young (Concurrent Start) (G1 Humongous Allocation)
[7.951s][info][gc,task     ] GC(196) Using 6 workers of 8 for evacuation
[7.952s][info][gc,phases   ] GC(196)   Pre Evacuate Collection Set: 0.3ms
[7.952s][info][gc,phases   ] GC(196)   Merge Heap Roots: 0.3ms
[7.952s][info][gc,phases   ] GC(196)   Evacuate Collection Set: 0.2ms
[7.952s][info][gc,phases   ] GC(196)   Post Evacuate Collection Set: 0.2ms
[7.952s][info][gc,phases   ] GC(196)   Other: 0.2ms
[7.953s][info][gc,heap     ] GC(196) Eden regions: 0->0(2)
[7.953s][info][gc,heap     ] GC(196) Survivor regions: 0->0(1)
[7.953s][info][gc,heap     ] GC(196) Old regions: 2->2
[7.953s][info][gc,heap     ] GC(196) Humongous regions: 252->252
[7.953s][info][gc,metaspace] GC(196) Metaspace: 374K(576K)->374K(576K) NonClass: 352K(448K)->352K(448K) Class: 22K(128K)->22K(128K)
[7.953s][info][gc          ] GC(196) Pause Young (Concurrent Start) (G1 Humongous Allocation) 253M->253M(256M) 2.031ms
[7.953s][info][gc,cpu      ] GC(196) User=0.00s Sys=0.00s Real=0.00s
[7.953s][info][gc          ] GC(197) Concurrent Mark Cycle
[7.953s][info][gc,marking  ] GC(197) Concurrent Scan Root Regions
[7.953s][info][gc,marking  ] GC(197) Concurrent Scan Root Regions 0.025ms
[7.953s][info][gc,marking  ] GC(197) Concurrent Mark
[7.953s][info][gc,marking  ] GC(197) Concurrent Mark From Roots
[7.953s][info][gc,task     ] GC(197) Using 2 workers of 2 for marking
[7.956s][info][gc,marking  ] GC(197) Concurrent Mark From Roots 2.376ms
[7.956s][info][gc,marking  ] GC(197) Concurrent Preclean
[7.956s][info][gc,marking  ] GC(197) Concurrent Preclean 0.059ms
[7.956s][info][gc,start    ] GC(197) Pause Remark
[7.957s][info][gc          ] GC(197) Pause Remark 255M->255M(256M) 1.101ms
[7.957s][info][gc,cpu      ] GC(197) User=0.00s Sys=0.00s Real=0.00s
[7.957s][info][gc,marking  ] GC(197) Concurrent Mark 3.933ms
[7.957s][info][gc,marking  ] GC(197) Concurrent Rebuild Remembered Sets and Scrub Regions
[7.959s][info][gc,marking  ] GC(197) Concurrent Rebuild Remembered Sets and Scrub Regions 1.439ms
[7.959s][info][gc,start    ] GC(197) Pause Cleanup
[7.959s][info][gc          ] GC(197) Pause Cleanup 255M->255M(256M) 0.221ms
[7.959s][info][gc,cpu      ] GC(197) User=0.00s Sys=0.00s Real=0.00s
[7.959s][info][gc,marking  ] GC(197) Concurrent Clear Claimed Marks
[7.959s][info][gc,marking  ] GC(197) Concurrent Clear Claimed Marks 0.054ms
[7.959s][info][gc,marking  ] GC(197) Concurrent Cleanup for Next Mark
[7.960s][info][gc,marking  ] GC(197) Concurrent Cleanup for Next Mark 0.936ms
[7.960s][info][gc          ] GC(197) Concurrent Mark Cycle 7.204ms
[8.013s][info][gc,start    ] GC(198) Pause Young (Concurrent Start) (G1 Humongous Allocation)
[8.013s][info][gc,task     ] GC(198) Using 6 workers of 8 for evacuation
[8.014s][info][gc,phases   ] GC(198)   Pre Evacuate Collection Set: 0.2ms
[8.015s][info][gc,phases   ] GC(198)   Merge Heap Roots: 0.2ms
[8.015s][info][gc,phases   ] GC(198)   Evacuate Collection Set: 0.3ms
[8.015s][info][gc,phases   ] GC(198)   Post Evacuate Collection Set: 0.4ms
[8.015s][info][gc,phases   ] GC(198)   Other: 0.2ms
[8.015s][info][gc,heap     ] GC(198) Eden regions: 0->0(0)
[8.015s][info][gc,heap     ] GC(198) Survivor regions: 0->0(0)
[8.015s][info][gc,heap     ] GC(198) Old regions: 2->2
[8.015s][info][gc,heap     ] GC(198) Humongous regions: 254->254
[8.015s][info][gc,metaspace] GC(198) Metaspace: 374K(576K)->374K(576K) NonClass: 352K(448K)->352K(448K) Class: 22K(128K)->22K(128K)
[8.015s][info][gc          ] GC(198) Pause Young (Concurrent Start) (G1 Humongous Allocation) 255M->255M(256M) 1.927ms
[8.015s][info][gc,cpu      ] GC(198) User=0.00s Sys=0.00s Real=0.00s
[8.015s][info][gc          ] GC(199) Concurrent Mark Cycle
[8.015s][info][gc,ergo     ] Attempting full compaction clearing soft references
[8.015s][info][gc,marking  ] GC(199) Concurrent Scan Root Regions
[8.015s][info][gc,start    ] GC(200) Pause Full (G1 Compaction Pause)
[8.015s][info][gc,marking  ] GC(199) Concurrent Scan Root Regions 0.138ms
[8.015s][info][gc,task     ] GC(200) Using 6 workers of 8 for full compaction
[8.015s][info][gc,marking  ] GC(199) Concurrent Mark
[8.015s][info][gc,marking  ] GC(199) Concurrent Mark From Roots
[8.016s][info][gc,task     ] GC(199) Using 2 workers of 2 for marking
[8.016s][info][gc,phases,start] GC(200) Phase 1: Mark live objects
[8.018s][info][gc,phases      ] GC(200) Phase 1: Mark live objects 1.574ms
[8.018s][info][gc,phases,start] GC(200) Phase 2: Prepare compaction
[8.019s][info][gc,phases      ] GC(200) Phase 2: Prepare compaction 0.677ms
[8.019s][info][gc,phases,start] GC(200) Phase 3: Adjust pointers
[8.019s][info][gc,phases      ] GC(200) Phase 3: Adjust pointers 0.799ms
[8.020s][info][gc,phases,start] GC(200) Phase 4: Compact heap
[8.020s][info][gc,phases      ] GC(200) Phase 4: Compact heap 0.602ms
[8.020s][info][gc,phases,start] GC(200) Phase 5: Reset Metadata
[8.020s][info][gc,phases      ] GC(200) Phase 5: Reset Metadata 0.197ms
[8.021s][info][gc,heap        ] GC(200) Eden regions: 0->0(1)
[8.021s][info][gc,heap        ] GC(200) Survivor regions: 0->0(0)
[8.021s][info][gc,heap        ] GC(200) Old regions: 2->1
[8.021s][info][gc,heap        ] GC(200) Humongous regions: 254->254
[8.021s][info][gc,metaspace   ] GC(200) Metaspace: 374K(576K)->374K(576K) NonClass: 352K(448K)->352K(448K) Class: 22K(128K)->22K(128K)
[8.022s][info][gc             ] GC(200) Pause Full (G1 Compaction Pause) 255M->254M(256M) 6.350ms
[8.022s][info][gc,cpu         ] GC(200) User=0.00s Sys=0.00s Real=0.01s
[8.022s][info][gc,start       ] GC(201) Pause Young (Normal) (G1 Humongous Allocation)
[8.022s][info][gc,task        ] GC(201) Using 6 workers of 8 for evacuation
[8.023s][info][gc,phases      ] GC(201)   Pre Evacuate Collection Set: 0.2ms
[8.023s][info][gc,phases      ] GC(201)   Merge Heap Roots: 0.1ms
[8.023s][info][gc,phases      ] GC(201)   Evacuate Collection Set: 0.1ms
[8.023s][info][gc,phases      ] GC(201)   Post Evacuate Collection Set: 0.4ms
[8.023s][info][gc,phases      ] GC(201)   Other: 0.1ms
[8.023s][info][gc,heap        ] GC(201) Eden regions: 0->0(1)
[8.023s][info][gc,heap        ] GC(201) Survivor regions: 0->0(1)
[8.023s][info][gc,heap        ] GC(201) Old regions: 1->1
[8.023s][info][gc,heap        ] GC(201) Humongous regions: 254->254
[8.023s][info][gc,metaspace   ] GC(201) Metaspace: 374K(576K)->374K(576K) NonClass: 352K(448K)->352K(448K) Class: 22K(128K)->22K(128K)
[8.023s][info][gc             ] GC(201) Pause Young (Normal) (G1 Humongous Allocation) 254M->254M(256M) 1.187ms
[8.023s][info][gc,cpu         ] GC(201) User=0.00s Sys=0.00s Real=0.00s
[8.023s][info][gc,ergo        ] Attempting full compaction
[8.023s][info][gc,start       ] GC(202) Pause Full (G1 Compaction Pause)
[8.023s][info][gc,task        ] GC(202) Using 6 workers of 8 for full compaction
[8.024s][info][gc,phases,start] GC(202) Phase 1: Mark live objects
[8.026s][info][gc,phases      ] GC(202) Phase 1: Mark live objects 1.848ms
[8.026s][info][gc,phases,start] GC(202) Phase 2: Prepare compaction
[8.026s][info][gc,phases      ] GC(202) Phase 2: Prepare compaction 0.407ms
[8.026s][info][gc,phases,start] GC(202) Phase 3: Adjust pointers
[8.027s][info][gc,phases      ] GC(202) Phase 3: Adjust pointers 0.707ms
[8.027s][info][gc,phases,start] GC(202) Phase 4: Compact heap
[8.027s][info][gc,phases      ] GC(202) Phase 4: Compact heap 0.357ms
[8.027s][info][gc,phases,start] GC(202) Phase 5: Reset Metadata
[8.027s][info][gc,phases      ] GC(202) Phase 5: Reset Metadata 0.147ms
[8.028s][info][gc,heap        ] GC(202) Eden regions: 0->0(1)
[8.028s][info][gc,heap        ] GC(202) Survivor regions: 0->0(1)
[8.028s][info][gc,heap        ] GC(202) Old regions: 1->1
[8.028s][info][gc,heap        ] GC(202) Humongous regions: 254->254
[8.028s][info][gc,metaspace   ] GC(202) Metaspace: 374K(576K)->374K(576K) NonClass: 352K(448K)->352K(448K) Class: 22K(128K)->22K(128K)
[8.029s][info][gc             ] GC(202) Pause Full (G1 Compaction Pause) 254M->254M(256M) 5.636ms
[8.029s][info][gc,cpu         ] GC(202) User=0.00s Sys=0.02s Real=0.01s
[8.029s][info][gc,ergo        ] Attempting maximal full compaction clearing soft references
[8.029s][info][gc,start       ] GC(203) Pause Full (G1 Compaction Pause)
[8.029s][info][gc,task        ] GC(203) Using 6 workers of 8 for full compaction
[8.029s][info][gc,phases,start] GC(203) Phase 1: Mark live objects
[8.030s][info][gc,phases      ] GC(203) Phase 1: Mark live objects 1.009ms
[8.030s][info][gc,phases,start] GC(203) Phase 2: Prepare compaction
[8.031s][info][gc,phases      ] GC(203) Phase 2: Prepare compaction 0.400ms
[8.031s][info][gc,phases,start] GC(203) Phase 3: Adjust pointers
[8.032s][info][gc,phases      ] GC(203) Phase 3: Adjust pointers 0.639ms
[8.032s][info][gc,phases,start] GC(203) Phase 4: Compact heap
[8.058s][info][gc,phases      ] GC(203) Phase 4: Compact heap 26.435ms
[8.058s][info][gc,phases,start] GC(203) Phase 5: Reset Metadata
[8.058s][info][gc,phases      ] GC(203) Phase 5: Reset Metadata 0.301ms
[8.060s][info][gc,heap        ] GC(203) Eden regions: 0->0(1)
[8.060s][info][gc,heap        ] GC(203) Survivor regions: 0->0(1)
[8.060s][info][gc,heap        ] GC(203) Old regions: 1->1
[8.060s][info][gc,heap        ] GC(203) Humongous regions: 254->254
[8.060s][info][gc,metaspace   ] GC(203) Metaspace: 374K(576K)->374K(576K) NonClass: 352K(448K)->352K(448K) Class: 22K(128K)->22K(128K)
[8.060s][info][gc             ] GC(203) Pause Full (G1 Compaction Pause) 254M->254M(256M) 31.157ms
[8.060s][info][gc,cpu         ] GC(203) User=0.02s Sys=0.02s Real=0.03s
[8.060s][info][gc,marking     ] GC(199) Concurrent Mark From Roots 44.434ms
[8.060s][info][gc,marking     ] GC(199) Concurrent Mark Abort
[8.060s][info][gc             ] GC(199) Concurrent Mark Cycle 45.027ms
[8.068s][info][gc,heap,exit   ] Heap
[8.068s][info][gc,heap,exit   ]  garbage-first heap   total 262144K, used 261172K [0x00000000f0000000, 0x0000000100000000)
[8.068s][info][gc,heap,exit   ]   region size 1024K, 1 young (1024K), 0 survivors (0K)
[8.068s][info][gc,heap,exit   ]  Metaspace       used 387K, committed 576K, reserved 1114112K
[8.068s][info][gc,heap,exit   ]   class space    used 24K, committed 128K, reserved 1048576K
