[0.012s][info][gc,init] CardTable entry size: 512
[0.012s][info][gc     ] Using G1
[0.015s][info][gc,init] Version: 21.0.9+7-LTS-338 (release)
[0.015s][info][gc,init] CPUs: 8 total, 8 available
[0.015s][info][gc,init] Memory: 7879M
[0.015s][info][gc,init] Large Page Support: Disabled
[0.015s][info][gc,init] NUMA Support: Disabled
[0.015s][info][gc,init] Compressed Oops: Enabled (32-bit)
[0.015s][info][gc,init] Heap Region Size: 1M
[0.015s][info][gc,init] Heap Min Capacity: 8M
[0.015s][info][gc,init] Heap Initial Capacity: 124M
[0.015s][info][gc,init] Heap Max Capacity: 256M
[0.015s][info][gc,init] Pre-touch: Disabled
[0.015s][info][gc,init] Parallel Workers: 8
[0.015s][info][gc,init] Concurrent Workers: 2
[0.015s][info][gc,init] Concurrent Refinement Workers: 8
[0.015s][info][gc,init] Periodic GC: Disabled
[0.024s][info][gc,metaspace] CDS archive(s) mapped at: [0x000001ea00000000-0x000001ea00c90000-0x000001ea00c90000), size 13172736, SharedBaseAddress: 0x000001ea00000000, ArchiveRelocationMode: 1.
[0.024s][info][gc,metaspace] Compressed class space mapped at: 0x000001ea01000000-0x000001ea41000000, reserved size: 1073741824
[0.024s][info][gc,metaspace] Narrow klass base: 0x000001ea00000000, Narrow klass shift: 0, Narrow klass range: 0x100000000
[1.887s][info][gc,start    ] GC(0) Pause Young (Concurrent Start) (G1 Humongous Allocation)
[1.889s][info][gc,task     ] GC(0) Using 2 workers of 8 for evacuation
[1.892s][info][gc,phases   ] GC(0)   Pre Evacuate Collection Set: 0.2ms
[1.892s][info][gc,phases   ] GC(0)   Merge Heap Roots: 0.1ms
[1.892s][info][gc,phases   ] GC(0)   Evacuate Collection Set: 1.7ms
[1.892s][info][gc,phases   ] GC(0)   Post Evacuate Collection Set: 0.5ms
[1.892s][info][gc,phases   ] GC(0)   Other: 0.6ms
[1.892s][info][gc,heap     ] GC(0) Eden regions: 3->0(18)
[1.892s][info][gc,heap     ] GC(0) Survivor regions: 0->2(3)
[1.892s][info][gc,heap     ] GC(0) Old regions: 0->0
[1.892s][info][gc,heap     ] GC(0) Humongous regions: 56->56
[1.892s][info][gc,metaspace] GC(0) Metaspace: 377K(576K)->377K(576K) NonClass: 353K(448K)->353K(448K) Class: 24K(128K)->24K(128K)
[1.892s][info][gc          ] GC(0) Pause Young (Concurrent Start) (G1 Humongous Allocation) 58M->57M(124M) 4.568ms
[1.892s][info][gc,cpu      ] GC(0) User=0.00s Sys=0.00s Real=0.00s
[1.892s][info][gc          ] GC(1) Concurrent Mark Cycle
[1.892s][info][gc,marking  ] GC(1) Concurrent Scan Root Regions
[1.893s][info][gc,marking  ] GC(1) Concurrent Scan Root Regions 1.050ms
[1.893s][info][gc,marking  ] GC(1) Concurrent Mark
[1.893s][info][gc,marking  ] GC(1) Concurrent Mark From Roots
[1.893s][info][gc,task     ] GC(1) Using 2 workers of 2 for marking
[1.894s][info][gc,marking  ] GC(1) Concurrent Mark From Roots 0.217ms
[1.894s][info][gc,marking  ] GC(1) Concurrent Preclean
[1.894s][info][gc,marking  ] GC(1) Concurrent Preclean 0.019ms
[1.894s][info][gc,start    ] GC(1) Pause Remark
[1.894s][info][gc          ] GC(1) Pause Remark 59M->59M(124M) 0.518ms
[1.894s][info][gc,cpu      ] GC(1) User=0.00s Sys=0.00s Real=0.00s
[1.894s][info][gc,marking  ] GC(1) Concurrent Mark 1.028ms
[1.894s][info][gc,marking  ] GC(1) Concurrent Rebuild Remembered Sets and Scrub Regions
[1.894s][info][gc,marking  ] GC(1) Concurrent Rebuild Remembered Sets and Scrub Regions 0.055ms
[1.895s][info][gc,start    ] GC(1) Pause Cleanup
[1.895s][info][gc          ] GC(1) Pause Cleanup 59M->59M(124M) 0.067ms
[1.895s][info][gc,cpu      ] GC(1) User=0.00s Sys=0.00s Real=0.00s
[1.895s][info][gc,marking  ] GC(1) Concurrent Clear Claimed Marks
[1.895s][info][gc,marking  ] GC(1) Concurrent Clear Claimed Marks 0.083ms
[1.895s][info][gc,marking  ] GC(1) Concurrent Cleanup for Next Mark
[1.897s][info][gc,marking  ] GC(1) Concurrent Cleanup for Next Mark 1.552ms
[1.897s][info][gc          ] GC(1) Concurrent Mark Cycle 4.783ms
[1.949s][info][gc,start    ] GC(2) Pause Young (Concurrent Start) (G1 Humongous Allocation)
[1.949s][info][gc,task     ] GC(2) Using 2 workers of 8 for evacuation
[1.951s][info][gc,phases   ] GC(2)   Pre Evacuate Collection Set: 0.1ms
[1.951s][info][gc,phases   ] GC(2)   Merge Heap Roots: 0.0ms
[1.951s][info][gc,phases   ] GC(2)   Evacuate Collection Set: 1.5ms
[1.951s][info][gc,phases   ] GC(2)   Post Evacuate Collection Set: 0.3ms
[1.951s][info][gc,phases   ] GC(2)   Other: 0.1ms
[1.951s][info][gc,heap     ] GC(2) Eden regions: 0->0(22)
[1.952s][info][gc,heap     ] GC(2) Survivor regions: 2->2(3)
[1.952s][info][gc,heap     ] GC(2) Old regions: 0->0
[1.952s][info][gc,heap     ] GC(2) Humongous regions: 58->58
[1.952s][info][gc,metaspace] GC(2) Metaspace: 377K(576K)->377K(576K) NonClass: 353K(448K)->353K(448K) Class: 24K(128K)->24K(128K)
[1.952s][info][gc          ] GC(2) Pause Young (Concurrent Start) (G1 Humongous Allocation) 59M->59M(124M) 2.399ms
[1.952s][info][gc,cpu      ] GC(2) User=0.00s Sys=0.00s Real=0.00s
[1.952s][info][gc          ] GC(3) Concurrent Mark Cycle
[1.952s][info][gc,marking  ] GC(3) Concurrent Scan Root Regions
[1.952s][info][gc,marking  ] GC(3) Concurrent Scan Root Regions 0.754ms
[1.953s][info][gc,marking  ] GC(3) Concurrent Mark
[1.953s][info][gc,marking  ] GC(3) Concurrent Mark From Roots
[1.953s][info][gc,task     ] GC(3) Using 2 workers of 2 for marking
[1.953s][info][gc,marking  ] GC(3) Concurrent Mark From Roots 0.184ms
[1.953s][info][gc,marking  ] GC(3) Concurrent Preclean
[1.953s][info][gc,marking  ] GC(3) Concurrent Preclean 0.026ms
[1.953s][info][gc,start    ] GC(3) Pause Remark
[1.953s][info][gc          ] GC(3) Pause Remark 61M->61M(124M) 0.463ms
[1.953s][info][gc,cpu      ] GC(3) User=0.00s Sys=0.00s Real=0.00s
[1.953s][info][gc,marking  ] GC(3) Concurrent Mark 0.909ms
[1.953s][info][gc,marking  ] GC(3) Concurrent Rebuild Remembered Sets and Scrub Regions
[1.954s][info][gc,marking  ] GC(3) Concurrent Rebuild Remembered Sets and Scrub Regions 0.080ms
[1.954s][info][gc,start    ] GC(3) Pause Cleanup
[1.954s][info][gc          ] GC(3) Pause Cleanup 61M->61M(124M) 0.037ms
[1.954s][info][gc,cpu      ] GC(3) User=0.00s Sys=0.00s Real=0.00s
[1.954s][info][gc,marking  ] GC(3) Concurrent Clear Claimed Marks
[1.954s][info][gc,marking  ] GC(3) Concurrent Clear Claimed Marks 0.042ms
[1.954s][info][gc,marking  ] GC(3) Concurrent Cleanup for Next Mark
[1.954s][info][gc,marking  ] GC(3) Concurrent Cleanup for Next Mark 0.275ms
[1.954s][info][gc          ] GC(3) Concurrent Mark Cycle 2.515ms
[2.013s][info][gc,start    ] GC(4) Pause Young (Concurrent Start) (G1 Humongous Allocation)
[2.013s][info][gc,task     ] GC(4) Using 2 workers of 8 for evacuation
[2.016s][info][gc,phases   ] GC(4)   Pre Evacuate Collection Set: 0.3ms
[2.016s][info][gc,phases   ] GC(4)   Merge Heap Roots: 0.1ms
[2.016s][info][gc,phases   ] GC(4)   Evacuate Collection Set: 2.0ms
[2.016s][info][gc,phases   ] GC(4)   Post Evacuate Collection Set: 0.3ms
[2.016s][info][gc,phases   ] GC(4)   Other: 0.2ms
[2.016s][info][gc,heap     ] GC(4) Eden regions: 1->0(29)
[2.016s][info][gc,heap     ] GC(4) Survivor regions: 2->2(3)
[2.016s][info][gc,heap     ] GC(4) Old regions: 0->0
[2.016s][info][gc,heap     ] GC(4) Humongous regions: 60->60
[2.016s][info][gc,metaspace] GC(4) Metaspace: 381K(576K)->381K(576K) NonClass: 356K(448K)->356K(448K) Class: 24K(128K)->24K(128K)
[2.016s][info][gc          ] GC(4) Pause Young (Concurrent Start) (G1 Humongous Allocation) 61M->61M(124M) 3.263ms
[2.016s][info][gc,cpu      ] GC(4) User=0.00s Sys=0.00s Real=0.00s
[2.016s][info][gc          ] GC(5) Concurrent Mark Cycle
[2.016s][info][gc,marking  ] GC(5) Concurrent Scan Root Regions
[2.017s][info][gc,marking  ] GC(5) Concurrent Scan Root Regions 0.801ms
[2.017s][info][gc,marking  ] GC(5) Concurrent Mark
[2.017s][info][gc,marking  ] GC(5) Concurrent Mark From Roots
[2.017s][info][gc,task     ] GC(5) Using 2 workers of 2 for marking
[2.017s][info][gc,marking  ] GC(5) Concurrent Mark From Roots 0.141ms
[2.017s][info][gc,marking  ] GC(5) Concurrent Preclean
[2.017s][info][gc,marking  ] GC(5) Concurrent Preclean 0.017ms
[2.017s][info][gc,start    ] GC(5) Pause Remark
[2.018s][info][gc          ] GC(5) Pause Remark 63M->63M(124M) 0.421ms
[2.018s][info][gc,cpu      ] GC(5) User=0.00s Sys=0.00s Real=0.00s
[2.018s][info][gc,marking  ] GC(5) Concurrent Mark 0.833ms
[2.018s][info][gc,marking  ] GC(5) Concurrent Rebuild Remembered Sets and Scrub Regions
[2.018s][info][gc,marking  ] GC(5) Concurrent Rebuild Remembered Sets and Scrub Regions 0.046ms
[2.018s][info][gc,start    ] GC(5) Pause Cleanup
[2.018s][info][gc          ] GC(5) Pause Cleanup 63M->63M(124M) 0.035ms
[2.018s][info][gc,cpu      ] GC(5) User=0.00s Sys=0.00s Real=0.00s
[2.018s][info][gc,marking  ] GC(5) Concurrent Clear Claimed Marks
[2.018s][info][gc,marking  ] GC(5) Concurrent Clear Claimed Marks 0.023ms
[2.018s][info][gc,marking  ] GC(5) Concurrent Cleanup for Next Mark
[2.018s][info][gc,marking  ] GC(5) Concurrent Cleanup for Next Mark 0.256ms
[2.018s][info][gc          ] GC(5) Concurrent Mark Cycle 2.303ms
[2.073s][info][gc,start    ] GC(6) Pause Young (Concurrent Start) (G1 Humongous Allocation)
[2.073s][info][gc,task     ] GC(6) Using 2 workers of 8 for evacuation
[2.077s][info][gc,phases   ] GC(6)   Pre Evacuate Collection Set: 0.2ms
[2.077s][info][gc,phases   ] GC(6)   Merge Heap Roots: 0.1ms
[2.077s][info][gc,phases   ] GC(6)   Evacuate Collection Set: 2.3ms
[2.077s][info][gc,phases   ] GC(6)   Post Evacuate Collection Set: 0.4ms
[2.077s][info][gc,phases   ] GC(6)   Other: 0.2ms
[2.077s][info][gc,heap     ] GC(6) Eden regions: 0->0(28)
[2.077s][info][gc,heap     ] GC(6) Survivor regions: 2->2(4)
[2.077s][info][gc,heap     ] GC(6) Old regions: 0->0
[2.077s][info][gc,heap     ] GC(6) Humongous regions: 62->62
[2.077s][info][gc,metaspace] GC(6) Metaspace: 381K(576K)->381K(576K) NonClass: 356K(448K)->356K(448K) Class: 24K(128K)->24K(128K)
[2.077s][info][gc          ] GC(6) Pause Young (Concurrent Start) (G1 Humongous Allocation) 63M->63M(124M) 3.783ms
[2.077s][info][gc,cpu      ] GC(6) User=0.00s Sys=0.00s Real=0.00s
[2.077s][info][gc          ] GC(7) Concurrent Mark Cycle
[2.077s][info][gc,marking  ] GC(7) Concurrent Scan Root Regions
[2.079s][info][gc,marking  ] GC(7) Concurrent Scan Root Regions 1.589ms
[2.079s][info][gc,marking  ] GC(7) Concurrent Mark
[2.079s][info][gc,marking  ] GC(7) Concurrent Mark From Roots
[2.079s][info][gc,task     ] GC(7) Using 2 workers of 2 for marking
[2.079s][info][gc,marking  ] GC(7) Concurrent Mark From Roots 0.380ms
[2.079s][info][gc,marking  ] GC(7) Concurrent Preclean
[2.079s][info][gc,marking  ] GC(7) Concurrent Preclean 0.038ms
[2.079s][info][gc,start    ] GC(7) Pause Remark
[2.080s][info][gc          ] GC(7) Pause Remark 65M->65M(124M) 0.932ms
[2.080s][info][gc,cpu      ] GC(7) User=0.00s Sys=0.00s Real=0.00s
[2.081s][info][gc,marking  ] GC(7) Concurrent Mark 1.730ms
[2.081s][info][gc,marking  ] GC(7) Concurrent Rebuild Remembered Sets and Scrub Regions
[2.081s][info][gc,marking  ] GC(7) Concurrent Rebuild Remembered Sets and Scrub Regions 0.098ms
[2.081s][info][gc,start    ] GC(7) Pause Cleanup
[2.081s][info][gc          ] GC(7) Pause Cleanup 65M->65M(124M) 0.072ms
[2.081s][info][gc,cpu      ] GC(7) User=0.00s Sys=0.00s Real=0.00s
[2.081s][info][gc,marking  ] GC(7) Concurrent Clear Claimed Marks
[2.081s][info][gc,marking  ] GC(7) Concurrent Clear Claimed Marks 0.050ms
[2.081s][info][gc,marking  ] GC(7) Concurrent Cleanup for Next Mark
[2.081s][info][gc,marking  ] GC(7) Concurrent Cleanup for Next Mark 0.310ms
[2.081s][info][gc          ] GC(7) Concurrent Mark Cycle 4.439ms
[2.135s][info][gc,start    ] GC(8) Pause Young (Concurrent Start) (G1 Humongous Allocation)
[2.135s][info][gc,task     ] GC(8) Using 2 workers of 8 for evacuation
[2.139s][info][gc,phases   ] GC(8)   Pre Evacuate Collection Set: 0.3ms
[2.139s][info][gc,phases   ] GC(8)   Merge Heap Roots: 0.1ms
[2.139s][info][gc,phases   ] GC(8)   Evacuate Collection Set: 2.6ms
[2.139s][info][gc,phases   ] GC(8)   Post Evacuate Collection Set: 0.7ms
[2.139s][info][gc,phases   ] GC(8)   Other: 0.2ms
[2.139s][info][gc,heap     ] GC(8) Eden regions: 0->0(27)
[2.140s][info][gc,heap     ] GC(8) Survivor regions: 2->2(4)
[2.140s][info][gc,heap     ] GC(8) Old regions: 0->0
[2.140s][info][gc,heap     ] GC(8) Humongous regions: 64->64
[2.140s][info][gc,metaspace] GC(8) Metaspace: 381K(576K)->381K(576K) NonClass: 356K(448K)->356K(448K) Class: 24K(128K)->24K(128K)
[2.140s][info][gc          ] GC(8) Pause Young (Concurrent Start) (G1 Humongous Allocation) 65M->65M(124M) 4.590ms
[2.140s][info][gc,cpu      ] GC(8) User=0.00s Sys=0.00s Real=0.00s
[2.140s][info][gc          ] GC(9) Concurrent Mark Cycle
[2.140s][info][gc,marking  ] GC(9) Concurrent Scan Root Regions
[2.141s][info][gc,marking  ] GC(9) Concurrent Scan Root Regions 0.933ms
[2.141s][info][gc,marking  ] GC(9) Concurrent Mark
[2.141s][info][gc,marking  ] GC(9) Concurrent Mark From Roots
[2.141s][info][gc,task     ] GC(9) Using 2 workers of 2 for marking
[2.141s][info][gc,marking  ] GC(9) Concurrent Mark From Roots 0.291ms
[2.141s][info][gc,marking  ] GC(9) Concurrent Preclean
[2.141s][info][gc,marking  ] GC(9) Concurrent Preclean 0.027ms
[2.141s][info][gc,start    ] GC(9) Pause Remark
[2.142s][info][gc          ] GC(9) Pause Remark 67M->67M(124M) 0.987ms
[2.142s][info][gc,cpu      ] GC(9) User=0.00s Sys=0.00s Real=0.00s
[2.142s][info][gc,marking  ] GC(9) Concurrent Mark 1.607ms
[2.143s][info][gc,marking  ] GC(9) Concurrent Rebuild Remembered Sets and Scrub Regions
[2.143s][info][gc,marking  ] GC(9) Concurrent Rebuild Remembered Sets and Scrub Regions 0.111ms
[2.143s][info][gc,start    ] GC(9) Pause Cleanup
[2.143s][info][gc          ] GC(9) Pause Cleanup 67M->67M(124M) 0.048ms
[2.143s][info][gc,cpu      ] GC(9) User=0.00s Sys=0.00s Real=0.00s
[2.143s][info][gc,marking  ] GC(9) Concurrent Clear Claimed Marks
[2.143s][info][gc,marking  ] GC(9) Concurrent Clear Claimed Marks 0.036ms
[2.143s][info][gc,marking  ] GC(9) Concurrent Cleanup for Next Mark
[2.143s][info][gc,marking  ] GC(9) Concurrent Cleanup for Next Mark 0.283ms
[2.143s][info][gc          ] GC(9) Concurrent Mark Cycle 3.485ms
[2.198s][info][gc,start    ] GC(10) Pause Young (Concurrent Start) (G1 Humongous Allocation)
[2.198s][info][gc,task     ] GC(10) Using 2 workers of 8 for evacuation
[2.200s][info][gc,phases   ] GC(10)   Pre Evacuate Collection Set: 0.2ms
[2.200s][info][gc,phases   ] GC(10)   Merge Heap Roots: 0.1ms
[2.200s][info][gc,phases   ] GC(10)   Evacuate Collection Set: 1.7ms
[2.200s][info][gc,phases   ] GC(10)   Post Evacuate Collection Set: 0.4ms
[2.201s][info][gc,phases   ] GC(10)   Other: 0.1ms
[2.201s][info][gc,heap     ] GC(10) Eden regions: 0->0(26)
[2.201s][info][gc,heap     ] GC(10) Survivor regions: 2->2(4)
[2.201s][info][gc,heap     ] GC(10) Old regions: 0->0
[2.201s][info][gc,heap     ] GC(10) Humongous regions: 66->66
[2.201s][info][gc,metaspace] GC(10) Metaspace: 381K(576K)->381K(576K) NonClass: 356K(448K)->356K(448K) Class: 24K(128K)->24K(128K)
[2.201s][info][gc          ] GC(10) Pause Young (Concurrent Start) (G1 Humongous Allocation) 67M->67M(124M) 2.900ms
[2.201s][info][gc,cpu      ] GC(10) User=0.00s Sys=0.00s Real=0.00s
[2.201s][info][gc          ] GC(11) Concurrent Mark Cycle
[2.201s][info][gc,marking  ] GC(11) Concurrent Scan Root Regions
[2.202s][info][gc,marking  ] GC(11) Concurrent Scan Root Regions 1.214ms
[2.202s][info][gc,marking  ] GC(11) Concurrent Mark
[2.202s][info][gc,marking  ] GC(11) Concurrent Mark From Roots
[2.202s][info][gc,task     ] GC(11) Using 2 workers of 2 for marking
[2.202s][info][gc,marking  ] GC(11) Concurrent Mark From Roots 0.206ms
[2.202s][info][gc,marking  ] GC(11) Concurrent Preclean
[2.202s][info][gc,marking  ] GC(11) Concurrent Preclean 0.026ms
[2.202s][info][gc,start    ] GC(11) Pause Remark
[2.203s][info][gc          ] GC(11) Pause Remark 69M->69M(124M) 0.773ms
[2.203s][info][gc,cpu      ] GC(11) User=0.00s Sys=0.00s Real=0.00s
[2.203s][info][gc,marking  ] GC(11) Concurrent Mark 1.298ms
[2.203s][info][gc,marking  ] GC(11) Concurrent Rebuild Remembered Sets and Scrub Regions
[2.203s][info][gc,marking  ] GC(11) Concurrent Rebuild Remembered Sets and Scrub Regions 0.070ms
[2.204s][info][gc,start    ] GC(11) Pause Cleanup
[2.204s][info][gc          ] GC(11) Pause Cleanup 69M->69M(124M) 0.165ms
[2.204s][info][gc,cpu      ] GC(11) User=0.00s Sys=0.00s Real=0.00s
[2.204s][info][gc,marking  ] GC(11) Concurrent Clear Claimed Marks
[2.204s][info][gc,marking  ] GC(11) Concurrent Clear Claimed Marks 0.045ms
[2.204s][info][gc,marking  ] GC(11) Concurrent Cleanup for Next Mark
[2.204s][info][gc,marking  ] GC(11) Concurrent Cleanup for Next Mark 0.293ms
[2.204s][info][gc          ] GC(11) Concurrent Mark Cycle 3.673ms
[2.263s][info][gc,start    ] GC(12) Pause Young (Concurrent Start) (G1 Humongous Allocation)
[2.263s][info][gc,task     ] GC(12) Using 2 workers of 8 for evacuation
[2.266s][info][gc,phases   ] GC(12)   Pre Evacuate Collection Set: 0.3ms
[2.266s][info][gc,phases   ] GC(12)   Merge Heap Roots: 0.1ms
[2.266s][info][gc,phases   ] GC(12)   Evacuate Collection Set: 1.5ms
[2.266s][info][gc,phases   ] GC(12)   Post Evacuate Collection Set: 0.7ms
[2.266s][info][gc,phases   ] GC(12)   Other: 0.3ms
[2.266s][info][gc,heap     ] GC(12) Eden regions: 1->0(33)
[2.266s][info][gc,heap     ] GC(12) Survivor regions: 2->1(4)
[2.266s][info][gc,heap     ] GC(12) Old regions: 0->0
[2.266s][info][gc,heap     ] GC(12) Humongous regions: 68->68
[2.266s][info][gc,metaspace] GC(12) Metaspace: 381K(576K)->381K(576K) NonClass: 356K(448K)->356K(448K) Class: 24K(128K)->24K(128K)
[2.266s][info][gc          ] GC(12) Pause Young (Concurrent Start) (G1 Humongous Allocation) 69M->69M(124M) 3.274ms
[2.266s][info][gc,cpu      ] GC(12) User=0.00s Sys=0.00s Real=0.00s
[2.266s][info][gc          ] GC(13) Concurrent Mark Cycle
[2.266s][info][gc,marking  ] GC(13) Concurrent Scan Root Regions
[2.267s][info][gc,marking  ] GC(13) Concurrent Scan Root Regions 0.842ms
[2.267s][info][gc,marking  ] GC(13) Concurrent Mark
[2.267s][info][gc,marking  ] GC(13) Concurrent Mark From Roots
[2.267s][info][gc,task     ] GC(13) Using 2 workers of 2 for marking
[2.268s][info][gc,marking  ] GC(13) Concurrent Mark From Roots 0.238ms
[2.268s][info][gc,marking  ] GC(13) Concurrent Preclean
[2.268s][info][gc,marking  ] GC(13) Concurrent Preclean 0.028ms
[2.268s][info][gc,start    ] GC(13) Pause Remark
[2.269s][info][gc          ] GC(13) Pause Remark 71M->71M(124M) 1.040ms
[2.269s][info][gc,cpu      ] GC(13) User=0.00s Sys=0.00s Real=0.00s
[2.269s][info][gc,marking  ] GC(13) Concurrent Mark 1.693ms
[2.269s][info][gc,marking  ] GC(13) Concurrent Rebuild Remembered Sets and Scrub Regions
[2.269s][info][gc,marking  ] GC(13) Concurrent Rebuild Remembered Sets and Scrub Regions 0.156ms
[2.269s][info][gc,start    ] GC(13) Pause Cleanup
[2.269s][info][gc          ] GC(13) Pause Cleanup 71M->71M(124M) 0.049ms
[2.269s][info][gc,cpu      ] GC(13) User=0.00s Sys=0.00s Real=0.00s
[2.270s][info][gc,marking  ] GC(13) Concurrent Clear Claimed Marks
[2.270s][info][gc,marking  ] GC(13) Concurrent Clear Claimed Marks 0.048ms
[2.270s][info][gc,marking  ] GC(13) Concurrent Cleanup for Next Mark
[2.270s][info][gc,marking  ] GC(13) Concurrent Cleanup for Next Mark 0.380ms
[2.270s][info][gc          ] GC(13) Concurrent Mark Cycle 3.690ms
[2.324s][info][gc,start    ] GC(14) Pause Young (Concurrent Start) (G1 Humongous Allocation)
[2.324s][info][gc,task     ] GC(14) Using 2 workers of 8 for evacuation
[2.327s][info][gc,phases   ] GC(14)   Pre Evacuate Collection Set: 0.5ms
[2.327s][info][gc,phases   ] GC(14)   Merge Heap Roots: 0.2ms
[2.327s][info][gc,phases   ] GC(14)   Evacuate Collection Set: 1.2ms
[2.327s][info][gc,phases   ] GC(14)   Post Evacuate Collection Set: 0.8ms
[2.327s][info][gc,phases   ] GC(14)   Other: 0.2ms
[2.327s][info][gc,heap     ] GC(14) Eden regions: 0->0(31)
[2.327s][info][gc,heap     ] GC(14) Survivor regions: 1->1(5)
[2.327s][info][gc,heap     ] GC(14) Old regions: 0->0
[2.327s][info][gc,heap     ] GC(14) Humongous regions: 70->70
[2.327s][info][gc,metaspace] GC(14) Metaspace: 381K(576K)->381K(576K) NonClass: 356K(448K)->356K(448K) Class: 24K(128K)->24K(128K)
[2.327s][info][gc          ] GC(14) Pause Young (Concurrent Start) (G1 Humongous Allocation) 71M->71M(124M) 3.287ms
[2.327s][info][gc,cpu      ] GC(14) User=0.00s Sys=0.00s Real=0.00s
[2.327s][info][gc          ] GC(15) Concurrent Mark Cycle
[2.327s][info][gc,marking  ] GC(15) Concurrent Scan Root Regions
[2.329s][info][gc,marking  ] GC(15) Concurrent Scan Root Regions 1.482ms
[2.329s][info][gc,marking  ] GC(15) Concurrent Mark
[2.329s][info][gc,marking  ] GC(15) Concurrent Mark From Roots
[2.329s][info][gc,task     ] GC(15) Using 2 workers of 2 for marking
[2.330s][info][gc,marking  ] GC(15) Concurrent Mark From Roots 0.503ms
[2.330s][info][gc,marking  ] GC(15) Concurrent Preclean
[2.330s][info][gc,marking  ] GC(15) Concurrent Preclean 0.018ms
[2.330s][info][gc,start    ] GC(15) Pause Remark
[2.331s][info][gc          ] GC(15) Pause Remark 73M->73M(124M) 1.265ms
[2.331s][info][gc,cpu      ] GC(15) User=0.00s Sys=0.00s Real=0.00s
[2.332s][info][gc,marking  ] GC(15) Concurrent Mark 2.362ms
[2.332s][info][gc,marking  ] GC(15) Concurrent Rebuild Remembered Sets and Scrub Regions
[2.332s][info][gc,marking  ] GC(15) Concurrent Rebuild Remembered Sets and Scrub Regions 0.231ms
[2.332s][info][gc,start    ] GC(15) Pause Cleanup
[2.332s][info][gc          ] GC(15) Pause Cleanup 73M->73M(124M) 0.081ms
[2.332s][info][gc,cpu      ] GC(15) User=0.00s Sys=0.00s Real=0.00s
[2.332s][info][gc,marking  ] GC(15) Concurrent Clear Claimed Marks
[2.332s][info][gc,marking  ] GC(15) Concurrent Clear Claimed Marks 0.036ms
[2.332s][info][gc,marking  ] GC(15) Concurrent Cleanup for Next Mark
[2.333s][info][gc,marking  ] GC(15) Concurrent Cleanup for Next Mark 0.501ms
[2.333s][info][gc          ] GC(15) Concurrent Mark Cycle 5.530ms
[2.386s][info][gc,start    ] GC(16) Pause Young (Concurrent Start) (G1 Humongous Allocation)
[2.386s][info][gc,task     ] GC(16) Using 2 workers of 8 for evacuation
[2.389s][info][gc,phases   ] GC(16)   Pre Evacuate Collection Set: 0.4ms
[2.389s][info][gc,phases   ] GC(16)   Merge Heap Roots: 0.1ms
[2.389s][info][gc,phases   ] GC(16)   Evacuate Collection Set: 1.8ms
[2.389s][info][gc,phases   ] GC(16)   Post Evacuate Collection Set: 0.5ms
[2.389s][info][gc,phases   ] GC(16)   Other: 0.3ms
[2.389s][info][gc,heap     ] GC(16) Eden regions: 0->0(30)
[2.389s][info][gc,heap     ] GC(16) Survivor regions: 1->2(4)
[2.389s][info][gc,heap     ] GC(16) Old regions: 0->0
[2.389s][info][gc,heap     ] GC(16) Humongous regions: 72->72
[2.389s][info][gc,metaspace] GC(16) Metaspace: 381K(576K)->381K(576K) NonClass: 356K(448K)->356K(448K) Class: 24K(128K)->24K(128K)
[2.389s][info][gc          ] GC(16) Pause Young (Concurrent Start) (G1 Humongous Allocation) 73M->73M(124M) 3.510ms
[2.390s][info][gc,cpu      ] GC(16) User=0.00s Sys=0.00s Real=0.00s
[2.390s][info][gc          ] GC(17) Concurrent Mark Cycle
[2.390s][info][gc,marking  ] GC(17) Concurrent Scan Root Regions
[2.390s][info][gc,marking  ] GC(17) Concurrent Scan Root Regions 0.861ms
[2.391s][info][gc,marking  ] GC(17) Concurrent Mark
[2.391s][info][gc,marking  ] GC(17) Concurrent Mark From Roots
[2.391s][info][gc,task     ] GC(17) Using 2 workers of 2 for marking
[2.391s][info][gc,marking  ] GC(17) Concurrent Mark From Roots 0.252ms
[2.391s][info][gc,marking  ] GC(17) Concurrent Preclean
[2.391s][info][gc,marking  ] GC(17) Concurrent Preclean 0.021ms
[2.391s][info][gc,start    ] GC(17) Pause Remark
[2.392s][info][gc          ] GC(17) Pause Remark 75M->75M(127M) 1.025ms
[2.392s][info][gc,cpu      ] GC(17) User=0.00s Sys=0.00s Real=0.00s
[2.392s][info][gc,marking  ] GC(17) Concurrent Mark 1.585ms
[2.392s][info][gc,marking  ] GC(17) Concurrent Rebuild Remembered Sets and Scrub Regions
[2.392s][info][gc,marking  ] GC(17) Concurrent Rebuild Remembered Sets and Scrub Regions 0.192ms
[2.392s][info][gc,start    ] GC(17) Pause Cleanup
[2.392s][info][gc          ] GC(17) Pause Cleanup 75M->75M(127M) 0.041ms
[2.393s][info][gc,cpu      ] GC(17) User=0.00s Sys=0.00s Real=0.00s
[2.393s][info][gc,marking  ] GC(17) Concurrent Clear Claimed Marks
[2.393s][info][gc,marking  ] GC(17) Concurrent Clear Claimed Marks 0.035ms
[2.393s][info][gc,marking  ] GC(17) Concurrent Cleanup for Next Mark
[2.393s][info][gc,marking  ] GC(17) Concurrent Cleanup for Next Mark 0.334ms
[2.393s][info][gc          ] GC(17) Concurrent Mark Cycle 3.509ms
[2.448s][info][gc,start    ] GC(18) Pause Young (Concurrent Start) (G1 Humongous Allocation)
[2.449s][info][gc,task     ] GC(18) Using 3 workers of 8 for evacuation
[2.452s][info][gc,phases   ] GC(18)   Pre Evacuate Collection Set: 0.3ms
[2.452s][info][gc,phases   ] GC(18)   Merge Heap Roots: 0.2ms
[2.452s][info][gc,phases   ] GC(18)   Evacuate Collection Set: 1.6ms
[2.452s][info][gc,phases   ] GC(18)   Post Evacuate Collection Set: 0.6ms
[2.452s][info][gc,phases   ] GC(18)   Other: 0.2ms
[2.452s][info][gc,heap     ] GC(18) Eden regions: 0->0(30)
[2.452s][info][gc,heap     ] GC(18) Survivor regions: 2->2(4)
[2.452s][info][gc,heap     ] GC(18) Old regions: 0->0
[2.452s][info][gc,heap     ] GC(18) Humongous regions: 74->74
[2.452s][info][gc,metaspace] GC(18) Metaspace: 381K(576K)->381K(576K) NonClass: 356K(448K)->356K(448K) Class: 24K(128K)->24K(128K)
[2.452s][info][gc          ] GC(18) Pause Young (Concurrent Start) (G1 Humongous Allocation) 75M->75M(127M) 3.414ms
[2.452s][info][gc,cpu      ] GC(18) User=0.00s Sys=0.00s Real=0.00s
[2.452s][info][gc          ] GC(19) Concurrent Mark Cycle
[2.452s][info][gc,marking  ] GC(19) Concurrent Scan Root Regions
[2.453s][info][gc,marking  ] GC(19) Concurrent Scan Root Regions 0.875ms
[2.453s][info][gc,marking  ] GC(19) Concurrent Mark
[2.453s][info][gc,marking  ] GC(19) Concurrent Mark From Roots
[2.453s][info][gc,task     ] GC(19) Using 2 workers of 2 for marking
[2.453s][info][gc,marking  ] GC(19) Concurrent Mark From Roots 0.289ms
[2.453s][info][gc,marking  ] GC(19) Concurrent Preclean
[2.453s][info][gc,marking  ] GC(19) Concurrent Preclean 0.023ms
[2.453s][info][gc,start    ] GC(19) Pause Remark
[2.455s][info][gc          ] GC(19) Pause Remark 77M->77M(130M) 1.110ms
[2.455s][info][gc,cpu      ] GC(19) User=0.00s Sys=0.00s Real=0.00s
[2.455s][info][gc,marking  ] GC(19) Concurrent Mark 1.683ms
[2.455s][info][gc,marking  ] GC(19) Concurrent Rebuild Remembered Sets and Scrub Regions
[2.455s][info][gc,marking  ] GC(19) Concurrent Rebuild Remembered Sets and Scrub Regions 0.183ms
[2.455s][info][gc,start    ] GC(19) Pause Cleanup
[2.455s][info][gc          ] GC(19) Pause Cleanup 77M->77M(130M) 0.058ms
[2.455s][info][gc,cpu      ] GC(19) User=0.00s Sys=0.00s Real=0.00s
[2.455s][info][gc,marking  ] GC(19) Concurrent Clear Claimed Marks
[2.455s][info][gc,marking  ] GC(19) Concurrent Clear Claimed Marks 0.042ms
[2.455s][info][gc,marking  ] GC(19) Concurrent Cleanup for Next Mark
[2.456s][info][gc,marking  ] GC(19) Concurrent Cleanup for Next Mark 0.401ms
[2.456s][info][gc          ] GC(19) Concurrent Mark Cycle 3.823ms
[2.510s][info][gc,start    ] GC(20) Pause Young (Concurrent Start) (G1 Humongous Allocation)
[2.510s][info][gc,task     ] GC(20) Using 3 workers of 8 for evacuation
[2.515s][info][gc,phases   ] GC(20)   Pre Evacuate Collection Set: 0.5ms
[2.515s][info][gc,phases   ] GC(20)   Merge Heap Roots: 0.3ms
[2.515s][info][gc,phases   ] GC(20)   Evacuate Collection Set: 2.2ms
[2.515s][info][gc,phases   ] GC(20)   Post Evacuate Collection Set: 1.6ms
[2.515s][info][gc,phases   ] GC(20)   Other: 0.2ms
[2.515s][info][gc,heap     ] GC(20) Eden regions: 0->0(31)
[2.515s][info][gc,heap     ] GC(20) Survivor regions: 2->2(4)
[2.515s][info][gc,heap     ] GC(20) Old regions: 0->0
[2.515s][info][gc,heap     ] GC(20) Humongous regions: 76->76
[2.515s][info][gc,metaspace] GC(20) Metaspace: 381K(576K)->381K(576K) NonClass: 356K(448K)->356K(448K) Class: 24K(128K)->24K(128K)
[2.515s][info][gc          ] GC(20) Pause Young (Concurrent Start) (G1 Humongous Allocation) 77M->77M(130M) 5.553ms
[2.515s][info][gc,cpu      ] GC(20) User=0.00s Sys=0.00s Real=0.01s
[2.515s][info][gc          ] GC(21) Concurrent Mark Cycle
[2.515s][info][gc,marking  ] GC(21) Concurrent Scan Root Regions
[2.516s][info][gc,marking  ] GC(21) Concurrent Scan Root Regions 0.927ms
[2.516s][info][gc,marking  ] GC(21) Concurrent Mark
[2.516s][info][gc,marking  ] GC(21) Concurrent Mark From Roots
[2.517s][info][gc,task     ] GC(21) Using 2 workers of 2 for marking
[2.517s][info][gc,marking  ] GC(21) Concurrent Mark From Roots 0.271ms
[2.517s][info][gc,marking  ] GC(21) Concurrent Preclean
[2.517s][info][gc,marking  ] GC(21) Concurrent Preclean 0.043ms
[2.517s][info][gc,start    ] GC(21) Pause Remark
[2.518s][info][gc          ] GC(21) Pause Remark 79M->79M(134M) 1.103ms
[2.518s][info][gc,cpu      ] GC(21) User=0.00s Sys=0.00s Real=0.00s
[2.518s][info][gc,marking  ] GC(21) Concurrent Mark 1.675ms
[2.518s][info][gc,marking  ] GC(21) Concurrent Rebuild Remembered Sets and Scrub Regions
[2.518s][info][gc,marking  ] GC(21) Concurrent Rebuild Remembered Sets and Scrub Regions 0.198ms
[2.519s][info][gc,start    ] GC(21) Pause Cleanup
[2.519s][info][gc          ] GC(21) Pause Cleanup 79M->79M(134M) 0.039ms
[2.519s][info][gc,cpu      ] GC(21) User=0.00s Sys=0.00s Real=0.00s
[2.519s][info][gc,marking  ] GC(21) Concurrent Clear Claimed Marks
[2.519s][info][gc,marking  ] GC(21) Concurrent Clear Claimed Marks 0.048ms
[2.519s][info][gc,marking  ] GC(21) Concurrent Cleanup for Next Mark
[2.519s][info][gc,marking  ] GC(21) Concurrent Cleanup for Next Mark 0.386ms
[2.519s][info][gc          ] GC(21) Concurrent Mark Cycle 3.825ms
[2.571s][info][gc,start    ] GC(22) Pause Young (Concurrent Start) (G1 Humongous Allocation)
[2.571s][info][gc,task     ] GC(22) Using 3 workers of 8 for evacuation
[2.574s][info][gc,phases   ] GC(22)   Pre Evacuate Collection Set: 0.2ms
[2.574s][info][gc,phases   ] GC(22)   Merge Heap Roots: 0.1ms
[2.574s][info][gc,phases   ] GC(22)   Evacuate Collection Set: 1.1ms
[2.574s][info][gc,phases   ] GC(22)   Post Evacuate Collection Set: 0.5ms
[2.574s][info][gc,phases   ] GC(22)   Other: 0.2ms
[2.574s][info][gc,heap     ] GC(22) Eden regions: 0->0(32)
[2.574s][info][gc,heap     ] GC(22) Survivor regions: 2->2(5)
[2.574s][info][gc,heap     ] GC(22) Old regions: 0->0
[2.574s][info][gc,heap     ] GC(22) Humongous regions: 78->78
[2.574s][info][gc,metaspace] GC(22) Metaspace: 381K(576K)->381K(576K) NonClass: 356K(448K)->356K(448K) Class: 24K(128K)->24K(128K)
[2.574s][info][gc          ] GC(22) Pause Young (Concurrent Start) (G1 Humongous Allocation) 79M->79M(134M) 2.625ms
[2.574s][info][gc,cpu      ] GC(22) User=0.00s Sys=0.00s Real=0.00s
[2.574s][info][gc          ] GC(23) Concurrent Mark Cycle
[2.574s][info][gc,marking  ] GC(23) Concurrent Scan Root Regions
[2.575s][info][gc,marking  ] GC(23) Concurrent Scan Root Regions 1.082ms
[2.575s][info][gc,marking  ] GC(23) Concurrent Mark
[2.575s][info][gc,marking  ] GC(23) Concurrent Mark From Roots
[2.575s][info][gc,task     ] GC(23) Using 2 workers of 2 for marking
[2.576s][info][gc,marking  ] GC(23) Concurrent Mark From Roots 0.228ms
[2.576s][info][gc,marking  ] GC(23) Concurrent Preclean
[2.576s][info][gc,marking  ] GC(23) Concurrent Preclean 0.019ms
[2.576s][info][gc,start    ] GC(23) Pause Remark
[2.577s][info][gc          ] GC(23) Pause Remark 81M->81M(139M) 1.369ms
[2.577s][info][gc,cpu      ] GC(23) User=0.00s Sys=0.00s Real=0.00s
[2.578s][info][gc,marking  ] GC(23) Concurrent Mark 2.372ms
[2.578s][info][gc,marking  ] GC(23) Concurrent Rebuild Remembered Sets and Scrub Regions
[2.578s][info][gc,marking  ] GC(23) Concurrent Rebuild Remembered Sets and Scrub Regions 0.096ms
[2.578s][info][gc,start    ] GC(23) Pause Cleanup
[2.578s][info][gc          ] GC(23) Pause Cleanup 81M->81M(139M) 0.112ms
[2.578s][info][gc,cpu      ] GC(23) User=0.00s Sys=0.00s Real=0.00s
[2.578s][info][gc,marking  ] GC(23) Concurrent Clear Claimed Marks
[2.578s][info][gc,marking  ] GC(23) Concurrent Clear Claimed Marks 0.056ms
[2.578s][info][gc,marking  ] GC(23) Concurrent Cleanup for Next Mark
[2.579s][info][gc,marking  ] GC(23) Concurrent Cleanup for Next Mark 0.505ms
[2.579s][info][gc          ] GC(23) Concurrent Mark Cycle 4.926ms
[2.635s][info][gc,start    ] GC(24) Pause Young (Concurrent Start) (G1 Humongous Allocation)
[2.635s][info][gc,task     ] GC(24) Using 3 workers of 8 for evacuation
[2.637s][info][gc,phases   ] GC(24)   Pre Evacuate Collection Set: 0.2ms
[2.637s][info][gc,phases   ] GC(24)   Merge Heap Roots: 0.2ms
[2.637s][info][gc,phases   ] GC(24)   Evacuate Collection Set: 1.3ms
[2.637s][info][gc,phases   ] GC(24)   Post Evacuate Collection Set: 0.6ms
[2.637s][info][gc,phases   ] GC(24)   Other: 0.2ms
[2.637s][info][gc,heap     ] GC(24) Eden regions: 1->0(37)
[2.637s][info][gc,heap     ] GC(24) Survivor regions: 2->2(5)
[2.637s][info][gc,heap     ] GC(24) Old regions: 0->0
[2.637s][info][gc,heap     ] GC(24) Humongous regions: 80->80
[2.638s][info][gc,metaspace] GC(24) Metaspace: 381K(576K)->381K(576K) NonClass: 357K(448K)->357K(448K) Class: 24K(128K)->24K(128K)
[2.638s][info][gc          ] GC(24) Pause Young (Concurrent Start) (G1 Humongous Allocation) 81M->81M(139M) 2.968ms
[2.638s][info][gc,cpu      ] GC(24) User=0.00s Sys=0.00s Real=0.00s
[2.638s][info][gc          ] GC(25) Concurrent Mark Cycle
[2.638s][info][gc,marking  ] GC(25) Concurrent Scan Root Regions
[2.639s][info][gc,marking  ] GC(25) Concurrent Scan Root Regions 0.908ms
[2.639s][info][gc,marking  ] GC(25) Concurrent Mark
[2.639s][info][gc,marking  ] GC(25) Concurrent Mark From Roots
[2.639s][info][gc,task     ] GC(25) Using 2 workers of 2 for marking
[2.639s][info][gc,marking  ] GC(25) Concurrent Mark From Roots 0.266ms
[2.639s][info][gc,marking  ] GC(25) Concurrent Preclean
[2.639s][info][gc,marking  ] GC(25) Concurrent Preclean 0.019ms
[2.639s][info][gc,start    ] GC(25) Pause Remark
[2.641s][info][gc          ] GC(25) Pause Remark 83M->83M(140M) 1.451ms
[2.641s][info][gc,cpu      ] GC(25) User=0.00s Sys=0.00s Real=0.00s
[2.641s][info][gc,marking  ] GC(25) Concurrent Mark 2.196ms
[2.641s][info][gc,marking  ] GC(25) Concurrent Rebuild Remembered Sets and Scrub Regions
[2.641s][info][gc,marking  ] GC(25) Concurrent Rebuild Remembered Sets and Scrub Regions 0.235ms
[2.641s][info][gc,start    ] GC(25) Pause Cleanup
[2.641s][info][gc          ] GC(25) Pause Cleanup 83M->83M(140M) 0.049ms
[2.641s][info][gc,cpu      ] GC(25) User=0.00s Sys=0.00s Real=0.00s
[2.642s][info][gc,marking  ] GC(25) Concurrent Clear Claimed Marks
[2.642s][info][gc,marking  ] GC(25) Concurrent Clear Claimed Marks 0.059ms
[2.642s][info][gc,marking  ] GC(25) Concurrent Cleanup for Next Mark
[2.642s][info][gc,marking  ] GC(25) Concurrent Cleanup for Next Mark 0.440ms
[2.642s][info][gc          ] GC(25) Concurrent Mark Cycle 4.495ms
[2.697s][info][gc,start    ] GC(26) Pause Young (Concurrent Start) (G1 Humongous Allocation)
[2.697s][info][gc,task     ] GC(26) Using 3 workers of 8 for evacuation
[2.698s][info][gc,phases   ] GC(26)   Pre Evacuate Collection Set: 0.2ms
[2.699s][info][gc,phases   ] GC(26)   Merge Heap Roots: 0.0ms
[2.699s][info][gc,phases   ] GC(26)   Evacuate Collection Set: 1.1ms
[2.699s][info][gc,phases   ] GC(26)   Post Evacuate Collection Set: 0.3ms
[2.699s][info][gc,phases   ] GC(26)   Other: 0.2ms
[2.699s][info][gc,heap     ] GC(26) Eden regions: 0->0(36)
[2.699s][info][gc,heap     ] GC(26) Survivor regions: 2->2(5)
[2.699s][info][gc,heap     ] GC(26) Old regions: 0->0
[2.699s][info][gc,heap     ] GC(26) Humongous regions: 82->82
[2.699s][info][gc,metaspace] GC(26) Metaspace: 381K(576K)->381K(576K) NonClass: 357K(448K)->357K(448K) Class: 24K(128K)->24K(128K)
[2.699s][info][gc          ] GC(26) Pause Young (Concurrent Start) (G1 Humongous Allocation) 83M->83M(140M) 2.096ms
[2.699s][info][gc,cpu      ] GC(26) User=0.00s Sys=0.00s Real=0.00s
[2.699s][info][gc          ] GC(27) Concurrent Mark Cycle
[2.699s][info][gc,marking  ] GC(27) Concurrent Scan Root Regions
[2.700s][info][gc,marking  ] GC(27) Concurrent Scan Root Regions 0.850ms
[2.700s][info][gc,marking  ] GC(27) Concurrent Mark
[2.700s][info][gc,marking  ] GC(27) Concurrent Mark From Roots
[2.700s][info][gc,task     ] GC(27) Using 2 workers of 2 for marking
[2.700s][info][gc,marking  ] GC(27) Concurrent Mark From Roots 0.149ms
[2.700s][info][gc,marking  ] GC(27) Concurrent Preclean
[2.700s][info][gc,marking  ] GC(27) Concurrent Preclean 0.022ms
[2.700s][info][gc,start    ] GC(27) Pause Remark
[2.701s][info][gc          ] GC(27) Pause Remark 85M->85M(144M) 0.691ms
[2.701s][info][gc,cpu      ] GC(27) User=0.00s Sys=0.00s Real=0.00s
[2.701s][info][gc,marking  ] GC(27) Concurrent Mark 1.087ms
[2.701s][info][gc,marking  ] GC(27) Concurrent Rebuild Remembered Sets and Scrub Regions
[2.701s][info][gc,marking  ] GC(27) Concurrent Rebuild Remembered Sets and Scrub Regions 0.043ms
[2.701s][info][gc,start    ] GC(27) Pause Cleanup
[2.701s][info][gc          ] GC(27) Pause Cleanup 85M->85M(144M) 0.030ms
[2.701s][info][gc,cpu      ] GC(27) User=0.00s Sys=0.00s Real=0.00s
[2.701s][info][gc,marking  ] GC(27) Concurrent Clear Claimed Marks
[2.701s][info][gc,marking  ] GC(27) Concurrent Clear Claimed Marks 0.022ms
[2.701s][info][gc,marking  ] GC(27) Concurrent Cleanup for Next Mark
[2.701s][info][gc,marking  ] GC(27) Concurrent Cleanup for Next Mark 0.270ms
[2.701s][info][gc          ] GC(27) Concurrent Mark Cycle 2.596ms
[2.762s][info][gc,start    ] GC(28) Pause Young (Concurrent Start) (G1 Humongous Allocation)
[2.762s][info][gc,task     ] GC(28) Using 3 workers of 8 for evacuation
[2.764s][info][gc,phases   ] GC(28)   Pre Evacuate Collection Set: 0.2ms
[2.764s][info][gc,phases   ] GC(28)   Merge Heap Roots: 0.0ms
[2.764s][info][gc,phases   ] GC(28)   Evacuate Collection Set: 1.5ms
[2.764s][info][gc,phases   ] GC(28)   Post Evacuate Collection Set: 0.5ms
[2.764s][info][gc,phases   ] GC(28)   Other: 0.1ms
[2.764s][info][gc,heap     ] GC(28) Eden regions: 0->0(38)
[2.764s][info][gc,heap     ] GC(28) Survivor regions: 2->2(5)
[2.764s][info][gc,heap     ] GC(28) Old regions: 0->0
[2.764s][info][gc,heap     ] GC(28) Humongous regions: 84->84
[2.764s][info][gc,metaspace] GC(28) Metaspace: 381K(576K)->381K(576K) NonClass: 357K(448K)->357K(448K) Class: 24K(128K)->24K(128K)
[2.764s][info][gc          ] GC(28) Pause Young (Concurrent Start) (G1 Humongous Allocation) 85M->85M(144M) 2.780ms
[2.764s][info][gc,cpu      ] GC(28) User=0.00s Sys=0.00s Real=0.00s
[2.765s][info][gc          ] GC(29) Concurrent Mark Cycle
[2.765s][info][gc,marking  ] GC(29) Concurrent Scan Root Regions
[2.766s][info][gc,marking  ] GC(29) Concurrent Scan Root Regions 1.073ms
[2.766s][info][gc,marking  ] GC(29) Concurrent Mark
[2.766s][info][gc,marking  ] GC(29) Concurrent Mark From Roots
[2.766s][info][gc,task     ] GC(29) Using 2 workers of 2 for marking
[2.766s][info][gc,marking  ] GC(29) Concurrent Mark From Roots 0.216ms
[2.766s][info][gc,marking  ] GC(29) Concurrent Preclean
[2.766s][info][gc,marking  ] GC(29) Concurrent Preclean 0.029ms
[2.775s][info][gc,start    ] GC(29) Pause Remark
[2.776s][info][gc          ] GC(29) Pause Remark 87M->87M(147M) 0.779ms
[2.776s][info][gc,cpu      ] GC(29) User=0.00s Sys=0.00s Real=0.00s
[2.776s][info][gc,marking  ] GC(29) Concurrent Mark 9.997ms
[2.776s][info][gc,marking  ] GC(29) Concurrent Rebuild Remembered Sets and Scrub Regions
[2.776s][info][gc,marking  ] GC(29) Concurrent Rebuild Remembered Sets and Scrub Regions 0.086ms
[2.776s][info][gc,start    ] GC(29) Pause Cleanup
[2.776s][info][gc          ] GC(29) Pause Cleanup 87M->87M(147M) 0.070ms
[2.776s][info][gc,cpu      ] GC(29) User=0.00s Sys=0.00s Real=0.00s
[2.776s][info][gc,marking  ] GC(29) Concurrent Clear Claimed Marks
[2.776s][info][gc,marking  ] GC(29) Concurrent Clear Claimed Marks 0.033ms
[2.776s][info][gc,marking  ] GC(29) Concurrent Cleanup for Next Mark
[2.777s][info][gc,marking  ] GC(29) Concurrent Cleanup for Next Mark 0.666ms
[2.777s][info][gc          ] GC(29) Concurrent Mark Cycle 12.520ms
[2.837s][info][gc,start    ] GC(30) Pause Young (Concurrent Start) (G1 Humongous Allocation)
[2.838s][info][gc,task     ] GC(30) Using 3 workers of 8 for evacuation
[2.839s][info][gc,phases   ] GC(30)   Pre Evacuate Collection Set: 0.1ms
[2.839s][info][gc,phases   ] GC(30)   Merge Heap Roots: 0.0ms
[2.839s][info][gc,phases   ] GC(30)   Evacuate Collection Set: 1.2ms
[2.839s][info][gc,phases   ] GC(30)   Post Evacuate Collection Set: 0.2ms
[2.839s][info][gc,phases   ] GC(30)   Other: 0.1ms
[2.839s][info][gc,heap     ] GC(30) Eden regions: 0->0(38)
[2.839s][info][gc,heap     ] GC(30) Survivor regions: 2->1(5)
[2.839s][info][gc,heap     ] GC(30) Old regions: 0->1
[2.839s][info][gc,heap     ] GC(30) Humongous regions: 86->86
[2.839s][info][gc,metaspace] GC(30) Metaspace: 381K(576K)->381K(576K) NonClass: 357K(448K)->357K(448K) Class: 24K(128K)->24K(128K)
[2.839s][info][gc          ] GC(30) Pause Young (Concurrent Start) (G1 Humongous Allocation) 87M->87M(147M) 1.971ms
[2.839s][info][gc,cpu      ] GC(30) User=0.00s Sys=0.00s Real=0.00s
[2.839s][info][gc          ] GC(31) Concurrent Mark Cycle
[2.839s][info][gc,marking  ] GC(31) Concurrent Scan Root Regions
[2.855s][info][gc,marking  ] GC(31) Concurrent Scan Root Regions 15.692ms
[2.855s][info][gc,marking  ] GC(31) Concurrent Mark
[2.855s][info][gc,marking  ] GC(31) Concurrent Mark From Roots
[2.855s][info][gc,task     ] GC(31) Using 2 workers of 2 for marking
[2.856s][info][gc,marking  ] GC(31) Concurrent Mark From Roots 0.379ms
[2.856s][info][gc,marking  ] GC(31) Concurrent Preclean
[2.856s][info][gc,marking  ] GC(31) Concurrent Preclean 0.027ms
[2.856s][info][gc,start    ] GC(31) Pause Remark
[2.857s][info][gc          ] GC(31) Pause Remark 89M->89M(150M) 0.710ms
[2.857s][info][gc,cpu      ] GC(31) User=0.00s Sys=0.00s Real=0.00s
[2.857s][info][gc,marking  ] GC(31) Concurrent Mark 1.628ms
[2.857s][info][gc,marking  ] GC(31) Concurrent Rebuild Remembered Sets and Scrub Regions
[2.857s][info][gc,marking  ] GC(31) Concurrent Rebuild Remembered Sets and Scrub Regions 0.460ms
[2.858s][info][gc,start    ] GC(31) Pause Cleanup
[2.858s][info][gc          ] GC(31) Pause Cleanup 89M->89M(150M) 0.061ms
[2.858s][info][gc,cpu      ] GC(31) User=0.00s Sys=0.00s Real=0.00s
[2.858s][info][gc,marking  ] GC(31) Concurrent Clear Claimed Marks
[2.858s][info][gc,marking  ] GC(31) Concurrent Clear Claimed Marks 0.050ms
[2.858s][info][gc,marking  ] GC(31) Concurrent Cleanup for Next Mark
[2.858s][info][gc,marking  ] GC(31) Concurrent Cleanup for Next Mark 0.367ms
[2.858s][info][gc          ] GC(31) Concurrent Mark Cycle 18.734ms
[2.915s][info][gc,start    ] GC(32) Pause Young (Concurrent Start) (G1 Humongous Allocation)
[2.915s][info][gc,task     ] GC(32) Using 3 workers of 8 for evacuation
[2.916s][info][gc,phases   ] GC(32)   Pre Evacuate Collection Set: 0.2ms
[2.916s][info][gc,phases   ] GC(32)   Merge Heap Roots: 0.1ms
[2.916s][info][gc,phases   ] GC(32)   Evacuate Collection Set: 0.3ms
[2.916s][info][gc,phases   ] GC(32)   Post Evacuate Collection Set: 0.3ms
[2.916s][info][gc,phases   ] GC(32)   Other: 0.1ms
[2.916s][info][gc,heap     ] GC(32) Eden regions: 0->0(13)
[2.916s][info][gc,heap     ] GC(32) Survivor regions: 1->1(5)
[2.917s][info][gc,heap     ] GC(32) Old regions: 1->1
[2.917s][info][gc,heap     ] GC(32) Humongous regions: 88->88
[2.917s][info][gc,metaspace] GC(32) Metaspace: 381K(576K)->381K(576K) NonClass: 357K(448K)->357K(448K) Class: 24K(128K)->24K(128K)
[2.917s][info][gc          ] GC(32) Pause Young (Concurrent Start) (G1 Humongous Allocation) 89M->89M(150M) 1.405ms
[2.917s][info][gc,cpu      ] GC(32) User=0.00s Sys=0.00s Real=0.00s
[2.917s][info][gc          ] GC(33) Concurrent Mark Cycle
[2.917s][info][gc,marking  ] GC(33) Concurrent Scan Root Regions
[2.917s][info][gc,marking  ] GC(33) Concurrent Scan Root Regions 0.154ms
[2.917s][info][gc,marking  ] GC(33) Concurrent Mark
[2.917s][info][gc,marking  ] GC(33) Concurrent Mark From Roots
[2.917s][info][gc,task     ] GC(33) Using 2 workers of 2 for marking
[2.920s][info][gc,marking  ] GC(33) Concurrent Mark From Roots 3.252ms
[2.921s][info][gc,marking  ] GC(33) Concurrent Preclean
[2.921s][info][gc,marking  ] GC(33) Concurrent Preclean 0.090ms
[2.921s][info][gc,start    ] GC(33) Pause Remark
[2.921s][info][gc          ] GC(33) Pause Remark 91M->91M(154M) 0.720ms
[2.922s][info][gc,cpu      ] GC(33) User=0.00s Sys=0.00s Real=0.00s
[2.922s][info][gc,marking  ] GC(33) Concurrent Mark 4.478ms
[2.922s][info][gc,marking  ] GC(33) Concurrent Rebuild Remembered Sets and Scrub Regions
[2.922s][info][gc,marking  ] GC(33) Concurrent Rebuild Remembered Sets and Scrub Regions 0.449ms
[2.922s][info][gc,start    ] GC(33) Pause Cleanup
[2.922s][info][gc          ] GC(33) Pause Cleanup 91M->91M(154M) 0.046ms
[2.922s][info][gc,cpu      ] GC(33) User=0.00s Sys=0.00s Real=0.00s
[2.922s][info][gc,marking  ] GC(33) Concurrent Clear Claimed Marks
[2.922s][info][gc,marking  ] GC(33) Concurrent Clear Claimed Marks 0.043ms
[2.922s][info][gc,marking  ] GC(33) Concurrent Cleanup for Next Mark
[2.923s][info][gc,marking  ] GC(33) Concurrent Cleanup for Next Mark 0.583ms
[2.923s][info][gc          ] GC(33) Concurrent Mark Cycle 6.277ms
[2.978s][info][gc,start    ] GC(34) Pause Young (Concurrent Start) (G1 Humongous Allocation)
[2.978s][info][gc,task     ] GC(34) Using 3 workers of 8 for evacuation
[2.979s][info][gc,phases   ] GC(34)   Pre Evacuate Collection Set: 0.1ms
[2.979s][info][gc,phases   ] GC(34)   Merge Heap Roots: 0.0ms
[2.979s][info][gc,phases   ] GC(34)   Evacuate Collection Set: 0.2ms
[2.979s][info][gc,phases   ] GC(34)   Post Evacuate Collection Set: 0.2ms
[2.979s][info][gc,phases   ] GC(34)   Other: 0.1ms
[2.979s][info][gc,heap     ] GC(34) Eden regions: 0->0(13)
[2.979s][info][gc,heap     ] GC(34) Survivor regions: 1->1(2)
[2.979s][info][gc,heap     ] GC(34) Old regions: 1->2
[2.979s][info][gc,heap     ] GC(34) Humongous regions: 90->90
[2.979s][info][gc,metaspace] GC(34) Metaspace: 381K(576K)->381K(576K) NonClass: 357K(448K)->357K(448K) Class: 24K(128K)->24K(128K)
[2.979s][info][gc          ] GC(34) Pause Young (Concurrent Start) (G1 Humongous Allocation) 91M->91M(154M) 1.157ms
[2.980s][info][gc,cpu      ] GC(34) User=0.00s Sys=0.00s Real=0.00s
[2.980s][info][gc          ] GC(35) Concurrent Mark Cycle
[2.980s][info][gc,marking  ] GC(35) Concurrent Scan Root Regions
[2.980s][info][gc,marking  ] GC(35) Concurrent Scan Root Regions 0.138ms
[2.980s][info][gc,marking  ] GC(35) Concurrent Mark
[2.980s][info][gc,marking  ] GC(35) Concurrent Mark From Roots
[2.980s][info][gc,task     ] GC(35) Using 2 workers of 2 for marking
[2.982s][info][gc,marking  ] GC(35) Concurrent Mark From Roots 2.337ms
[2.982s][info][gc,marking  ] GC(35) Concurrent Preclean
[2.982s][info][gc,marking  ] GC(35) Concurrent Preclean 0.032ms
[2.982s][info][gc,start    ] GC(35) Pause Remark
[2.983s][info][gc          ] GC(35) Pause Remark 93M->93M(159M) 0.589ms
[2.983s][info][gc,cpu      ] GC(35) User=0.00s Sys=0.00s Real=0.00s
[2.983s][info][gc,marking  ] GC(35) Concurrent Mark 3.306ms
[2.983s][info][gc,marking  ] GC(35) Concurrent Rebuild Remembered Sets and Scrub Regions
[2.984s][info][gc,marking  ] GC(35) Concurrent Rebuild Remembered Sets and Scrub Regions 0.786ms
[2.984s][info][gc,start    ] GC(35) Pause Cleanup
[2.984s][info][gc          ] GC(35) Pause Cleanup 93M->93M(159M) 0.143ms
[2.984s][info][gc,cpu      ] GC(35) User=0.00s Sys=0.00s Real=0.00s
[2.984s][info][gc,marking  ] GC(35) Concurrent Clear Claimed Marks
[2.985s][info][gc,marking  ] GC(35) Concurrent Clear Claimed Marks 0.036ms
[2.985s][info][gc,marking  ] GC(35) Concurrent Cleanup for Next Mark
[2.985s][info][gc,marking  ] GC(35) Concurrent Cleanup for Next Mark 0.455ms
[2.985s][info][gc          ] GC(35) Concurrent Mark Cycle 5.474ms
[3.042s][info][gc,start    ] GC(36) Pause Young (Concurrent Start) (G1 Humongous Allocation)
[3.042s][info][gc,task     ] GC(36) Using 3 workers of 8 for evacuation
[3.043s][info][gc,phases   ] GC(36)   Pre Evacuate Collection Set: 0.2ms
[3.043s][info][gc,phases   ] GC(36)   Merge Heap Roots: 0.1ms
[3.043s][info][gc,phases   ] GC(36)   Evacuate Collection Set: 0.1ms
[3.043s][info][gc,phases   ] GC(36)   Post Evacuate Collection Set: 0.4ms
[3.043s][info][gc,phases   ] GC(36)   Other: 0.1ms
[3.043s][info][gc,heap     ] GC(36) Eden regions: 0->0(15)
[3.043s][info][gc,heap     ] GC(36) Survivor regions: 1->1(2)
[3.043s][info][gc,heap     ] GC(36) Old regions: 2->2
[3.043s][info][gc,heap     ] GC(36) Humongous regions: 92->92
[3.043s][info][gc,metaspace] GC(36) Metaspace: 381K(576K)->381K(576K) NonClass: 357K(448K)->357K(448K) Class: 24K(128K)->24K(128K)
[3.043s][info][gc          ] GC(36) Pause Young (Concurrent Start) (G1 Humongous Allocation) 93M->93M(159M) 1.210ms
[3.043s][info][gc,cpu      ] GC(36) User=0.00s Sys=0.00s Real=0.00s
[3.043s][info][gc          ] GC(37) Concurrent Mark Cycle
[3.043s][info][gc,marking  ] GC(37) Concurrent Scan Root Regions
[3.044s][info][gc,marking  ] GC(37) Concurrent Scan Root Regions 0.242ms
[3.044s][info][gc,marking  ] GC(37) Concurrent Mark
[3.044s][info][gc,marking  ] GC(37) Concurrent Mark From Roots
[3.044s][info][gc,task     ] GC(37) Using 2 workers of 2 for marking
[3.046s][info][gc,marking  ] GC(37) Concurrent Mark From Roots 2.405ms
[3.046s][info][gc,marking  ] GC(37) Concurrent Preclean
[3.046s][info][gc,marking  ] GC(37) Concurrent Preclean 0.024ms
[3.047s][info][gc,start    ] GC(37) Pause Remark
[3.047s][info][gc          ] GC(37) Pause Remark 95M->95M(162M) 0.700ms
[3.047s][info][gc,cpu      ] GC(37) User=0.00s Sys=0.00s Real=0.00s
[3.047s][info][gc,marking  ] GC(37) Concurrent Mark 3.549ms
[3.047s][info][gc,marking  ] GC(37) Concurrent Rebuild Remembered Sets and Scrub Regions
[3.048s][info][gc,marking  ] GC(37) Concurrent Rebuild Remembered Sets and Scrub Regions 0.646ms
[3.048s][info][gc,start    ] GC(37) Pause Cleanup
[3.048s][info][gc          ] GC(37) Pause Cleanup 95M->95M(162M) 0.131ms
[3.048s][info][gc,cpu      ] GC(37) User=0.00s Sys=0.00s Real=0.00s
[3.048s][info][gc,marking  ] GC(37) Concurrent Clear Claimed Marks
[3.048s][info][gc,marking  ] GC(37) Concurrent Clear Claimed Marks 0.024ms
[3.048s][info][gc,marking  ] GC(37) Concurrent Cleanup for Next Mark
[3.049s][info][gc,marking  ] GC(37) Concurrent Cleanup for Next Mark 0.353ms
[3.049s][info][gc          ] GC(37) Concurrent Mark Cycle 5.391ms
[3.105s][info][gc,start    ] GC(38) Pause Young (Concurrent Start) (G1 Humongous Allocation)
[3.105s][info][gc,task     ] GC(38) Using 3 workers of 8 for evacuation
[3.107s][info][gc,phases   ] GC(38)   Pre Evacuate Collection Set: 0.2ms
[3.107s][info][gc,phases   ] GC(38)   Merge Heap Roots: 0.1ms
[3.107s][info][gc,phases   ] GC(38)   Evacuate Collection Set: 0.1ms
[3.107s][info][gc,phases   ] GC(38)   Post Evacuate Collection Set: 0.6ms
[3.107s][info][gc,phases   ] GC(38)   Other: 0.2ms
[3.107s][info][gc,heap     ] GC(38) Eden regions: 0->0(16)
[3.107s][info][gc,heap     ] GC(38) Survivor regions: 1->1(2)
[3.107s][info][gc,heap     ] GC(38) Old regions: 2->2
[3.107s][info][gc,heap     ] GC(38) Humongous regions: 94->94
[3.107s][info][gc,metaspace] GC(38) Metaspace: 381K(576K)->381K(576K) NonClass: 357K(448K)->357K(448K) Class: 24K(128K)->24K(128K)
[3.107s][info][gc          ] GC(38) Pause Young (Concurrent Start) (G1 Humongous Allocation) 95M->95M(162M) 1.610ms
[3.107s][info][gc,cpu      ] GC(38) User=0.00s Sys=0.00s Real=0.00s
[3.107s][info][gc          ] GC(39) Concurrent Mark Cycle
[3.107s][info][gc,marking  ] GC(39) Concurrent Scan Root Regions
[3.107s][info][gc,marking  ] GC(39) Concurrent Scan Root Regions 0.087ms
[3.107s][info][gc,marking  ] GC(39) Concurrent Mark
[3.107s][info][gc,marking  ] GC(39) Concurrent Mark From Roots
[3.107s][info][gc,task     ] GC(39) Using 2 workers of 2 for marking
[3.110s][info][gc,marking  ] GC(39) Concurrent Mark From Roots 2.758ms
[3.110s][info][gc,marking  ] GC(39) Concurrent Preclean
[3.110s][info][gc,marking  ] GC(39) Concurrent Preclean 0.032ms
[3.110s][info][gc,start    ] GC(39) Pause Remark
[3.111s][info][gc          ] GC(39) Pause Remark 97M->97M(165M) 0.773ms
[3.111s][info][gc,cpu      ] GC(39) User=0.00s Sys=0.00s Real=0.00s
[3.111s][info][gc,marking  ] GC(39) Concurrent Mark 3.948ms
[3.111s][info][gc,marking  ] GC(39) Concurrent Rebuild Remembered Sets and Scrub Regions
[3.112s][info][gc,marking  ] GC(39) Concurrent Rebuild Remembered Sets and Scrub Regions 1.071ms
[3.112s][info][gc,start    ] GC(39) Pause Cleanup
[3.113s][info][gc          ] GC(39) Pause Cleanup 97M->97M(165M) 0.155ms
[3.113s][info][gc,cpu      ] GC(39) User=0.00s Sys=0.00s Real=0.00s
[3.113s][info][gc,marking  ] GC(39) Concurrent Clear Claimed Marks
[3.113s][info][gc,marking  ] GC(39) Concurrent Clear Claimed Marks 0.040ms
[3.113s][info][gc,marking  ] GC(39) Concurrent Cleanup for Next Mark
[3.113s][info][gc,marking  ] GC(39) Concurrent Cleanup for Next Mark 0.376ms
[3.113s][info][gc          ] GC(39) Concurrent Mark Cycle 6.159ms
[3.168s][info][gc,start    ] GC(40) Pause Young (Concurrent Start) (G1 Humongous Allocation)
[3.168s][info][gc,task     ] GC(40) Using 3 workers of 8 for evacuation
[3.169s][info][gc,phases   ] GC(40)   Pre Evacuate Collection Set: 0.3ms
[3.169s][info][gc,phases   ] GC(40)   Merge Heap Roots: 0.1ms
[3.169s][info][gc,phases   ] GC(40)   Evacuate Collection Set: 0.1ms
[3.169s][info][gc,phases   ] GC(40)   Post Evacuate Collection Set: 0.3ms
[3.169s][info][gc,phases   ] GC(40)   Other: 0.2ms
[3.169s][info][gc,heap     ] GC(40) Eden regions: 0->0(16)
[3.169s][info][gc,heap     ] GC(40) Survivor regions: 1->1(3)
[3.169s][info][gc,heap     ] GC(40) Old regions: 2->2
[3.169s][info][gc,heap     ] GC(40) Humongous regions: 96->96
[3.169s][info][gc,metaspace] GC(40) Metaspace: 381K(576K)->381K(576K) NonClass: 357K(448K)->357K(448K) Class: 24K(128K)->24K(128K)
[3.169s][info][gc          ] GC(40) Pause Young (Concurrent Start) (G1 Humongous Allocation) 97M->97M(165M) 1.329ms
[3.169s][info][gc,cpu      ] GC(40) User=0.00s Sys=0.00s Real=0.00s
[3.169s][info][gc          ] GC(41) Concurrent Mark Cycle
[3.169s][info][gc,marking  ] GC(41) Concurrent Scan Root Regions
[3.169s][info][gc,marking  ] GC(41) Concurrent Scan Root Regions 0.093ms
[3.169s][info][gc,marking  ] GC(41) Concurrent Mark
[3.169s][info][gc,marking  ] GC(41) Concurrent Mark From Roots
[3.169s][info][gc,task     ] GC(41) Using 2 workers of 2 for marking
[3.172s][info][gc,marking  ] GC(41) Concurrent Mark From Roots 2.361ms
[3.172s][info][gc,marking  ] GC(41) Concurrent Preclean
[3.172s][info][gc,marking  ] GC(41) Concurrent Preclean 0.024ms
[3.172s][info][gc,start    ] GC(41) Pause Remark
[3.172s][info][gc          ] GC(41) Pause Remark 99M->99M(169M) 0.672ms
[3.172s][info][gc,cpu      ] GC(41) User=0.00s Sys=0.00s Real=0.00s
[3.172s][info][gc,marking  ] GC(41) Concurrent Mark 3.261ms
[3.172s][info][gc,marking  ] GC(41) Concurrent Rebuild Remembered Sets and Scrub Regions
[3.173s][info][gc,marking  ] GC(41) Concurrent Rebuild Remembered Sets and Scrub Regions 0.752ms
[3.173s][info][gc,start    ] GC(41) Pause Cleanup
[3.173s][info][gc          ] GC(41) Pause Cleanup 99M->99M(169M) 0.137ms
[3.173s][info][gc,cpu      ] GC(41) User=0.00s Sys=0.00s Real=0.00s
[3.173s][info][gc,marking  ] GC(41) Concurrent Clear Claimed Marks
[3.173s][info][gc,marking  ] GC(41) Concurrent Clear Claimed Marks 0.022ms
[3.173s][info][gc,marking  ] GC(41) Concurrent Cleanup for Next Mark
[3.174s][info][gc,marking  ] GC(41) Concurrent Cleanup for Next Mark 0.426ms
[3.174s][info][gc          ] GC(41) Concurrent Mark Cycle 5.014ms
[3.230s][info][gc,start    ] GC(42) Pause Young (Concurrent Start) (G1 Humongous Allocation)
[3.230s][info][gc,task     ] GC(42) Using 4 workers of 8 for evacuation
[3.232s][info][gc,phases   ] GC(42)   Pre Evacuate Collection Set: 0.5ms
[3.232s][info][gc,phases   ] GC(42)   Merge Heap Roots: 0.2ms
[3.233s][info][gc,phases   ] GC(42)   Evacuate Collection Set: 0.4ms
[3.233s][info][gc,phases   ] GC(42)   Post Evacuate Collection Set: 0.8ms
[3.233s][info][gc,phases   ] GC(42)   Other: 0.3ms
[3.233s][info][gc,heap     ] GC(42) Eden regions: 0->0(17)
[3.233s][info][gc,heap     ] GC(42) Survivor regions: 1->0(3)
[3.233s][info][gc,heap     ] GC(42) Old regions: 2->2
[3.233s][info][gc,heap     ] GC(42) Humongous regions: 98->98
[3.233s][info][gc,metaspace] GC(42) Metaspace: 381K(576K)->381K(576K) NonClass: 357K(448K)->357K(448K) Class: 24K(128K)->24K(128K)
[3.233s][info][gc          ] GC(42) Pause Young (Concurrent Start) (G1 Humongous Allocation) 99M->99M(169M) 2.716ms
[3.233s][info][gc,cpu      ] GC(42) User=0.00s Sys=0.00s Real=0.00s
[3.233s][info][gc          ] GC(43) Concurrent Mark Cycle
[3.233s][info][gc,marking  ] GC(43) Concurrent Scan Root Regions
[3.233s][info][gc,marking  ] GC(43) Concurrent Scan Root Regions 0.220ms
[3.233s][info][gc,marking  ] GC(43) Concurrent Mark
[3.233s][info][gc,marking  ] GC(43) Concurrent Mark From Roots
[3.233s][info][gc,task     ] GC(43) Using 2 workers of 2 for marking
[3.236s][info][gc,marking  ] GC(43) Concurrent Mark From Roots 2.587ms
[3.236s][info][gc,marking  ] GC(43) Concurrent Preclean
[3.236s][info][gc,marking  ] GC(43) Concurrent Preclean 0.030ms
[3.236s][info][gc,start    ] GC(43) Pause Remark
[3.238s][info][gc          ] GC(43) Pause Remark 101M->101M(172M) 1.358ms
[3.238s][info][gc,cpu      ] GC(43) User=0.00s Sys=0.00s Real=0.00s
[3.238s][info][gc,marking  ] GC(43) Concurrent Mark 4.346ms
[3.238s][info][gc,marking  ] GC(43) Concurrent Rebuild Remembered Sets and Scrub Regions
[3.239s][info][gc,marking  ] GC(43) Concurrent Rebuild Remembered Sets and Scrub Regions 0.839ms
[3.239s][info][gc,start    ] GC(43) Pause Cleanup
[3.239s][info][gc          ] GC(43) Pause Cleanup 101M->101M(172M) 0.234ms
[3.239s][info][gc,cpu      ] GC(43) User=0.00s Sys=0.00s Real=0.00s
[3.239s][info][gc,marking  ] GC(43) Concurrent Clear Claimed Marks
[3.239s][info][gc,marking  ] GC(43) Concurrent Clear Claimed Marks 0.042ms
[3.239s][info][gc,marking  ] GC(43) Concurrent Cleanup for Next Mark
[3.240s][info][gc,marking  ] GC(43) Concurrent Cleanup for Next Mark 0.473ms
[3.240s][info][gc          ] GC(43) Concurrent Mark Cycle 6.666ms
[3.291s][info][gc,start    ] GC(44) Pause Young (Concurrent Start) (G1 Humongous Allocation)
[3.292s][info][gc,task     ] GC(44) Using 4 workers of 8 for evacuation
[3.293s][info][gc,phases   ] GC(44)   Pre Evacuate Collection Set: 0.2ms
[3.293s][info][gc,phases   ] GC(44)   Merge Heap Roots: 0.1ms
[3.293s][info][gc,phases   ] GC(44)   Evacuate Collection Set: 0.3ms
[3.293s][info][gc,phases   ] GC(44)   Post Evacuate Collection Set: 0.7ms
[3.293s][info][gc,phases   ] GC(44)   Other: 0.3ms
[3.293s][info][gc,heap     ] GC(44) Eden regions: 1->0(26)
[3.293s][info][gc,heap     ] GC(44) Survivor regions: 0->1(3)
[3.293s][info][gc,heap     ] GC(44) Old regions: 2->2
[3.293s][info][gc,heap     ] GC(44) Humongous regions: 100->100
[3.293s][info][gc,metaspace] GC(44) Metaspace: 381K(576K)->381K(576K) NonClass: 357K(448K)->357K(448K) Class: 24K(128K)->24K(128K)
[3.293s][info][gc          ] GC(44) Pause Young (Concurrent Start) (G1 Humongous Allocation) 101M->101M(172M) 1.822ms
[3.293s][info][gc,cpu      ] GC(44) User=0.00s Sys=0.00s Real=0.00s
[3.293s][info][gc          ] GC(45) Concurrent Mark Cycle
[3.294s][info][gc,marking  ] GC(45) Concurrent Scan Root Regions
[3.294s][info][gc,marking  ] GC(45) Concurrent Scan Root Regions 0.340ms
[3.294s][info][gc,marking  ] GC(45) Concurrent Mark
[3.294s][info][gc,marking  ] GC(45) Concurrent Mark From Roots
[3.294s][info][gc,task     ] GC(45) Using 2 workers of 2 for marking
[3.297s][info][gc,marking  ] GC(45) Concurrent Mark From Roots 2.523ms
[3.297s][info][gc,marking  ] GC(45) Concurrent Preclean
[3.297s][info][gc,marking  ] GC(45) Concurrent Preclean 0.031ms
[3.297s][info][gc,start    ] GC(45) Pause Remark
[3.298s][info][gc          ] GC(45) Pause Remark 103M->103M(175M) 1.402ms
[3.298s][info][gc,cpu      ] GC(45) User=0.00s Sys=0.00s Real=0.00s
[3.298s][info][gc,marking  ] GC(45) Concurrent Mark 4.435ms
[3.299s][info][gc,marking  ] GC(45) Concurrent Rebuild Remembered Sets and Scrub Regions
[3.300s][info][gc,marking  ] GC(45) Concurrent Rebuild Remembered Sets and Scrub Regions 1.270ms
[3.300s][info][gc,start    ] GC(45) Pause Cleanup
[3.300s][info][gc          ] GC(45) Pause Cleanup 103M->103M(175M) 0.382ms
[3.300s][info][gc,cpu      ] GC(45) User=0.00s Sys=0.00s Real=0.00s
[3.301s][info][gc,marking  ] GC(45) Concurrent Clear Claimed Marks
[3.301s][info][gc,marking  ] GC(45) Concurrent Clear Claimed Marks 0.042ms
[3.301s][info][gc,marking  ] GC(45) Concurrent Cleanup for Next Mark
[3.301s][info][gc,marking  ] GC(45) Concurrent Cleanup for Next Mark 0.535ms
[3.301s][info][gc          ] GC(45) Concurrent Mark Cycle 7.988ms
[3.353s][info][gc,start    ] GC(46) Pause Young (Concurrent Start) (G1 Humongous Allocation)
[3.353s][info][gc,task     ] GC(46) Using 4 workers of 8 for evacuation
[3.355s][info][gc,phases   ] GC(46)   Pre Evacuate Collection Set: 0.3ms
[3.355s][info][gc,phases   ] GC(46)   Merge Heap Roots: 0.2ms
[3.355s][info][gc,phases   ] GC(46)   Evacuate Collection Set: 0.2ms
[3.355s][info][gc,phases   ] GC(46)   Post Evacuate Collection Set: 0.8ms
[3.355s][info][gc,phases   ] GC(46)   Other: 0.3ms
[3.355s][info][gc,heap     ] GC(46) Eden regions: 0->0(27)
[3.355s][info][gc,heap     ] GC(46) Survivor regions: 1->1(4)
[3.356s][info][gc,heap     ] GC(46) Old regions: 2->2
[3.356s][info][gc,heap     ] GC(46) Humongous regions: 102->102
[3.356s][info][gc,metaspace] GC(46) Metaspace: 381K(576K)->381K(576K) NonClass: 357K(448K)->357K(448K) Class: 24K(128K)->24K(128K)
[3.356s][info][gc          ] GC(46) Pause Young (Concurrent Start) (G1 Humongous Allocation) 103M->103M(181M) 2.417ms
[3.356s][info][gc,cpu      ] GC(46) User=0.00s Sys=0.00s Real=0.00s
[3.356s][info][gc          ] GC(47) Concurrent Mark Cycle
[3.356s][info][gc,marking  ] GC(47) Concurrent Scan Root Regions
[3.356s][info][gc,marking  ] GC(47) Concurrent Scan Root Regions 0.178ms
[3.356s][info][gc,marking  ] GC(47) Concurrent Mark
[3.356s][info][gc,marking  ] GC(47) Concurrent Mark From Roots
[3.356s][info][gc,task     ] GC(47) Using 2 workers of 2 for marking
[3.360s][info][gc,marking  ] GC(47) Concurrent Mark From Roots 3.573ms
[3.360s][info][gc,marking  ] GC(47) Concurrent Preclean
[3.360s][info][gc,marking  ] GC(47) Concurrent Preclean 0.106ms
[3.360s][info][gc,start    ] GC(47) Pause Remark
[3.362s][info][gc          ] GC(47) Pause Remark 105M->105M(181M) 1.461ms
[3.362s][info][gc,cpu      ] GC(47) User=0.00s Sys=0.00s Real=0.00s
[3.362s][info][gc,marking  ] GC(47) Concurrent Mark 5.759ms
[3.362s][info][gc,marking  ] GC(47) Concurrent Rebuild Remembered Sets and Scrub Regions
[3.363s][info][gc,marking  ] GC(47) Concurrent Rebuild Remembered Sets and Scrub Regions 0.798ms
[3.363s][info][gc,start    ] GC(47) Pause Cleanup
[3.363s][info][gc          ] GC(47) Pause Cleanup 105M->105M(181M) 0.324ms
[3.363s][info][gc,cpu      ] GC(47) User=0.00s Sys=0.00s Real=0.00s
[3.363s][info][gc,marking  ] GC(47) Concurrent Clear Claimed Marks
[3.363s][info][gc,marking  ] GC(47) Concurrent Clear Claimed Marks 0.039ms
[3.363s][info][gc,marking  ] GC(47) Concurrent Cleanup for Next Mark
[3.364s][info][gc,marking  ] GC(47) Concurrent Cleanup for Next Mark 0.414ms
[3.364s][info][gc          ] GC(47) Concurrent Mark Cycle 8.166ms
[3.415s][info][gc,start    ] GC(48) Pause Young (Concurrent Start) (G1 Humongous Allocation)
[3.415s][info][gc,task     ] GC(48) Using 4 workers of 8 for evacuation
[3.417s][info][gc,phases   ] GC(48)   Pre Evacuate Collection Set: 0.3ms
[3.417s][info][gc,phases   ] GC(48)   Merge Heap Roots: 0.2ms
[3.417s][info][gc,phases   ] GC(48)   Evacuate Collection Set: 0.3ms
[3.417s][info][gc,phases   ] GC(48)   Post Evacuate Collection Set: 0.6ms
[3.417s][info][gc,phases   ] GC(48)   Other: 0.2ms
[3.417s][info][gc,heap     ] GC(48) Eden regions: 0->0(31)
[3.417s][info][gc,heap     ] GC(48) Survivor regions: 1->1(4)
[3.417s][info][gc,heap     ] GC(48) Old regions: 2->2
[3.417s][info][gc,heap     ] GC(48) Humongous regions: 104->104
[3.417s][info][gc,metaspace] GC(48) Metaspace: 381K(576K)->381K(576K) NonClass: 357K(448K)->357K(448K) Class: 24K(128K)->24K(128K)
[3.417s][info][gc          ] GC(48) Pause Young (Concurrent Start) (G1 Humongous Allocation) 105M->105M(181M) 2.011ms
[3.417s][info][gc,cpu      ] GC(48) User=0.00s Sys=0.00s Real=0.00s
[3.417s][info][gc          ] GC(49) Concurrent Mark Cycle
[3.417s][info][gc,marking  ] GC(49) Concurrent Scan Root Regions
[3.418s][info][gc,marking  ] GC(49) Concurrent Scan Root Regions 0.122ms
[3.418s][info][gc,marking  ] GC(49) Concurrent Mark
[3.418s][info][gc,marking  ] GC(49) Concurrent Mark From Roots
[3.418s][info][gc,task     ] GC(49) Using 2 workers of 2 for marking
[3.420s][info][gc,marking  ] GC(49) Concurrent Mark From Roots 2.267ms
[3.420s][info][gc,marking  ] GC(49) Concurrent Preclean
[3.420s][info][gc,marking  ] GC(49) Concurrent Preclean 0.027ms
[3.420s][info][gc,start    ] GC(49) Pause Remark
[3.421s][info][gc          ] GC(49) Pause Remark 107M->107M(182M) 1.235ms
[3.421s][info][gc,cpu      ] GC(49) User=0.00s Sys=0.00s Real=0.00s
[3.422s][info][gc,marking  ] GC(49) Concurrent Mark 3.948ms
[3.422s][info][gc,marking  ] GC(49) Concurrent Rebuild Remembered Sets and Scrub Regions
[3.423s][info][gc,marking  ] GC(49) Concurrent Rebuild Remembered Sets and Scrub Regions 0.844ms
[3.423s][info][gc,start    ] GC(49) Pause Cleanup
[3.423s][info][gc          ] GC(49) Pause Cleanup 107M->107M(182M) 0.178ms
[3.423s][info][gc,cpu      ] GC(49) User=0.00s Sys=0.00s Real=0.00s
[3.423s][info][gc,marking  ] GC(49) Concurrent Clear Claimed Marks
[3.423s][info][gc,marking  ] GC(49) Concurrent Clear Claimed Marks 0.071ms
[3.423s][info][gc,marking  ] GC(49) Concurrent Cleanup for Next Mark
[3.423s][info][gc,marking  ] GC(49) Concurrent Cleanup for Next Mark 0.423ms
[3.424s][info][gc          ] GC(49) Concurrent Mark Cycle 6.108ms
[3.478s][info][gc,start    ] GC(50) Pause Young (Concurrent Start) (G1 Humongous Allocation)
[3.478s][info][gc,task     ] GC(50) Using 4 workers of 8 for evacuation
[3.479s][info][gc,phases   ] GC(50)   Pre Evacuate Collection Set: 0.1ms
[3.479s][info][gc,phases   ] GC(50)   Merge Heap Roots: 0.1ms
[3.479s][info][gc,phases   ] GC(50)   Evacuate Collection Set: 0.2ms
[3.479s][info][gc,phases   ] GC(50)   Post Evacuate Collection Set: 0.6ms
[3.479s][info][gc,phases   ] GC(50)   Other: 0.1ms
[3.479s][info][gc,heap     ] GC(50) Eden regions: 0->0(34)
[3.479s][info][gc,heap     ] GC(50) Survivor regions: 1->1(4)
[3.479s][info][gc,heap     ] GC(50) Old regions: 2->2
[3.479s][info][gc,heap     ] GC(50) Humongous regions: 106->106
[3.479s][info][gc,metaspace] GC(50) Metaspace: 381K(576K)->381K(576K) NonClass: 357K(448K)->357K(448K) Class: 24K(128K)->24K(128K)
[3.479s][info][gc          ] GC(50) Pause Young (Concurrent Start) (G1 Humongous Allocation) 107M->107M(182M) 1.511ms
[3.479s][info][gc,cpu      ] GC(50) User=0.00s Sys=0.00s Real=0.00s
[3.479s][info][gc          ] GC(51) Concurrent Mark Cycle
[3.479s][info][gc,marking  ] GC(51) Concurrent Scan Root Regions
[3.479s][info][gc,marking  ] GC(51) Concurrent Scan Root Regions 0.134ms
[3.479s][info][gc,marking  ] GC(51) Concurrent Mark
[3.479s][info][gc,marking  ] GC(51) Concurrent Mark From Roots
[3.479s][info][gc,task     ] GC(51) Using 2 workers of 2 for marking
[3.482s][info][gc,marking  ] GC(51) Concurrent Mark From Roots 2.119ms
[3.482s][info][gc,marking  ] GC(51) Concurrent Preclean
[3.482s][info][gc,marking  ] GC(51) Concurrent Preclean 0.026ms
[3.482s][info][gc,start    ] GC(51) Pause Remark
[3.483s][info][gc          ] GC(51) Pause Remark 109M->109M(185M) 1.512ms
[3.483s][info][gc,cpu      ] GC(51) User=0.00s Sys=0.00s Real=0.00s
[3.483s][info][gc,marking  ] GC(51) Concurrent Mark 4.089ms
[3.484s][info][gc,marking  ] GC(51) Concurrent Rebuild Remembered Sets and Scrub Regions
[3.484s][info][gc,marking  ] GC(51) Concurrent Rebuild Remembered Sets and Scrub Regions 0.832ms
[3.485s][info][gc,start    ] GC(51) Pause Cleanup
[3.485s][info][gc          ] GC(51) Pause Cleanup 109M->109M(185M) 0.177ms
[3.485s][info][gc,cpu      ] GC(51) User=0.00s Sys=0.00s Real=0.00s
[3.485s][info][gc,marking  ] GC(51) Concurrent Clear Claimed Marks
[3.485s][info][gc,marking  ] GC(51) Concurrent Clear Claimed Marks 0.110ms
[3.485s][info][gc,marking  ] GC(51) Concurrent Cleanup for Next Mark
[3.486s][info][gc,marking  ] GC(51) Concurrent Cleanup for Next Mark 0.669ms
[3.486s][info][gc          ] GC(51) Concurrent Mark Cycle 6.602ms
[3.542s][info][gc,start    ] GC(52) Pause Young (Concurrent Start) (G1 Humongous Allocation)
[3.542s][info][gc,task     ] GC(52) Using 4 workers of 8 for evacuation
[3.542s][info][gc,phases   ] GC(52)   Pre Evacuate Collection Set: 0.2ms
[3.542s][info][gc,phases   ] GC(52)   Merge Heap Roots: 0.0ms
[3.542s][info][gc,phases   ] GC(52)   Evacuate Collection Set: 0.2ms
[3.542s][info][gc,phases   ] GC(52)   Post Evacuate Collection Set: 0.2ms
[3.542s][info][gc,phases   ] GC(52)   Other: 0.1ms
[3.542s][info][gc,heap     ] GC(52) Eden regions: 0->0(37)
[3.542s][info][gc,heap     ] GC(52) Survivor regions: 1->1(5)
[3.543s][info][gc,heap     ] GC(52) Old regions: 2->2
[3.543s][info][gc,heap     ] GC(52) Humongous regions: 108->108
[3.543s][info][gc,metaspace] GC(52) Metaspace: 381K(576K)->381K(576K) NonClass: 357K(448K)->357K(448K) Class: 24K(128K)->24K(128K)
[3.543s][info][gc          ] GC(52) Pause Young (Concurrent Start) (G1 Humongous Allocation) 109M->109M(185M) 1.018ms
[3.543s][info][gc,cpu      ] GC(52) User=0.00s Sys=0.00s Real=0.00s
[3.543s][info][gc          ] GC(53) Concurrent Mark Cycle
[3.543s][info][gc,marking  ] GC(53) Concurrent Scan Root Regions
[3.543s][info][gc,marking  ] GC(53) Concurrent Scan Root Regions 0.080ms
[3.543s][info][gc,marking  ] GC(53) Concurrent Mark
[3.543s][info][gc,marking  ] GC(53) Concurrent Mark From Roots
[3.543s][info][gc,task     ] GC(53) Using 2 workers of 2 for marking
[3.546s][info][gc,marking  ] GC(53) Concurrent Mark From Roots 3.102ms
[3.546s][info][gc,marking  ] GC(53) Concurrent Preclean
[3.546s][info][gc,marking  ] GC(53) Concurrent Preclean 0.026ms
[3.546s][info][gc,start    ] GC(53) Pause Remark
[3.547s][info][gc          ] GC(53) Pause Remark 111M->111M(189M) 0.917ms
[3.547s][info][gc,cpu      ] GC(53) User=0.00s Sys=0.00s Real=0.00s
[3.547s][info][gc,marking  ] GC(53) Concurrent Mark 4.386ms
[3.547s][info][gc,marking  ] GC(53) Concurrent Rebuild Remembered Sets and Scrub Regions
[3.548s][info][gc,marking  ] GC(53) Concurrent Rebuild Remembered Sets and Scrub Regions 0.834ms
[3.548s][info][gc,start    ] GC(53) Pause Cleanup
[3.548s][info][gc          ] GC(53) Pause Cleanup 111M->111M(189M) 0.174ms
[3.548s][info][gc,cpu      ] GC(53) User=0.00s Sys=0.00s Real=0.00s
[3.548s][info][gc,marking  ] GC(53) Concurrent Clear Claimed Marks
[3.549s][info][gc,marking  ] GC(53) Concurrent Clear Claimed Marks 0.034ms
[3.549s][info][gc,marking  ] GC(53) Concurrent Cleanup for Next Mark
[3.549s][info][gc,marking  ] GC(53) Concurrent Cleanup for Next Mark 0.423ms
[3.549s][info][gc          ] GC(53) Concurrent Mark Cycle 6.404ms
[3.604s][info][gc,start    ] GC(54) Pause Young (Concurrent Start) (G1 Humongous Allocation)
[3.605s][info][gc,task     ] GC(54) Using 4 workers of 8 for evacuation
[3.607s][info][gc,phases   ] GC(54)   Pre Evacuate Collection Set: 0.3ms
[3.608s][info][gc,phases   ] GC(54)   Merge Heap Roots: 0.1ms
[3.608s][info][gc,phases   ] GC(54)   Evacuate Collection Set: 0.2ms
[3.608s][info][gc,phases   ] GC(54)   Post Evacuate Collection Set: 0.4ms
[3.608s][info][gc,phases   ] GC(54)   Other: 1.3ms
[3.608s][info][gc,heap     ] GC(54) Eden regions: 0->0(38)
[3.608s][info][gc,heap     ] GC(54) Survivor regions: 1->1(5)
[3.608s][info][gc,heap     ] GC(54) Old regions: 2->2
[3.608s][info][gc,heap     ] GC(54) Humongous regions: 110->110
[3.608s][info][gc,metaspace] GC(54) Metaspace: 381K(576K)->381K(576K) NonClass: 357K(448K)->357K(448K) Class: 24K(128K)->24K(128K)
[3.608s][info][gc          ] GC(54) Pause Young (Concurrent Start) (G1 Humongous Allocation) 111M->111M(195M) 3.757ms
[3.608s][info][gc,cpu      ] GC(54) User=0.00s Sys=0.00s Real=0.00s
[3.608s][info][gc          ] GC(55) Concurrent Mark Cycle
[3.608s][info][gc,marking  ] GC(55) Concurrent Scan Root Regions
[3.608s][info][gc,marking  ] GC(55) Concurrent Scan Root Regions 0.097ms
[3.608s][info][gc,marking  ] GC(55) Concurrent Mark
[3.608s][info][gc,marking  ] GC(55) Concurrent Mark From Roots
[3.608s][info][gc,task     ] GC(55) Using 2 workers of 2 for marking
[3.611s][info][gc,marking  ] GC(55) Concurrent Mark From Roots 3.028ms
[3.611s][info][gc,marking  ] GC(55) Concurrent Preclean
[3.611s][info][gc,marking  ] GC(55) Concurrent Preclean 0.037ms
[3.611s][info][gc,start    ] GC(55) Pause Remark
[3.612s][info][gc          ] GC(55) Pause Remark 113M->113M(195M) 0.543ms
[3.612s][info][gc,cpu      ] GC(55) User=0.00s Sys=0.00s Real=0.00s
[3.612s][info][gc,marking  ] GC(55) Concurrent Mark 3.928ms
[3.612s][info][gc,marking  ] GC(55) Concurrent Rebuild Remembered Sets and Scrub Regions
[3.613s][info][gc,marking  ] GC(55) Concurrent Rebuild Remembered Sets and Scrub Regions 0.743ms
[3.613s][info][gc,start    ] GC(55) Pause Cleanup
[3.613s][info][gc          ] GC(55) Pause Cleanup 113M->113M(195M) 0.109ms
[3.613s][info][gc,cpu      ] GC(55) User=0.00s Sys=0.00s Real=0.00s
[3.613s][info][gc,marking  ] GC(55) Concurrent Clear Claimed Marks
[3.613s][info][gc,marking  ] GC(55) Concurrent Clear Claimed Marks 0.043ms
[3.613s][info][gc,marking  ] GC(55) Concurrent Cleanup for Next Mark
[3.613s][info][gc,marking  ] GC(55) Concurrent Cleanup for Next Mark 0.469ms
[3.614s][info][gc          ] GC(55) Concurrent Mark Cycle 5.833ms
[3.667s][info][gc,start    ] GC(56) Pause Young (Concurrent Start) (G1 Humongous Allocation)
[3.667s][info][gc,task     ] GC(56) Using 4 workers of 8 for evacuation
[3.668s][info][gc,phases   ] GC(56)   Pre Evacuate Collection Set: 0.1ms
[3.668s][info][gc,phases   ] GC(56)   Merge Heap Roots: 0.0ms
[3.668s][info][gc,phases   ] GC(56)   Evacuate Collection Set: 0.2ms
[3.668s][info][gc,phases   ] GC(56)   Post Evacuate Collection Set: 0.3ms
[3.668s][info][gc,phases   ] GC(56)   Other: 0.2ms
[3.668s][info][gc,heap     ] GC(56) Eden regions: 0->0(40)
[3.668s][info][gc,heap     ] GC(56) Survivor regions: 1->1(5)
[3.668s][info][gc,heap     ] GC(56) Old regions: 2->2
[3.668s][info][gc,heap     ] GC(56) Humongous regions: 112->112
[3.668s][info][gc,metaspace] GC(56) Metaspace: 381K(576K)->381K(576K) NonClass: 357K(448K)->357K(448K) Class: 24K(128K)->24K(128K)
[3.668s][info][gc          ] GC(56) Pause Young (Concurrent Start) (G1 Humongous Allocation) 113M->113M(195M) 1.164ms
[3.668s][info][gc,cpu      ] GC(56) User=0.00s Sys=0.00s Real=0.00s
[3.668s][info][gc          ] GC(57) Concurrent Mark Cycle
[3.668s][info][gc,marking  ] GC(57) Concurrent Scan Root Regions
[3.668s][info][gc,marking  ] GC(57) Concurrent Scan Root Regions 0.066ms
[3.668s][info][gc,marking  ] GC(57) Concurrent Mark
[3.668s][info][gc,marking  ] GC(57) Concurrent Mark From Roots
[3.668s][info][gc,task     ] GC(57) Using 2 workers of 2 for marking
[3.670s][info][gc,marking  ] GC(57) Concurrent Mark From Roots 1.713ms
[3.670s][info][gc,marking  ] GC(57) Concurrent Preclean
[3.670s][info][gc,marking  ] GC(57) Concurrent Preclean 0.026ms
[3.670s][info][gc,start    ] GC(57) Pause Remark
[3.671s][info][gc          ] GC(57) Pause Remark 115M->115M(195M) 0.602ms
[3.671s][info][gc,cpu      ] GC(57) User=0.00s Sys=0.00s Real=0.00s
[3.671s][info][gc,marking  ] GC(57) Concurrent Mark 2.603ms
[3.671s][info][gc,marking  ] GC(57) Concurrent Rebuild Remembered Sets and Scrub Regions
[3.672s][info][gc,marking  ] GC(57) Concurrent Rebuild Remembered Sets and Scrub Regions 0.691ms
[3.672s][info][gc,start    ] GC(57) Pause Cleanup
[3.672s][info][gc          ] GC(57) Pause Cleanup 115M->115M(195M) 0.095ms
[3.672s][info][gc,cpu      ] GC(57) User=0.00s Sys=0.00s Real=0.00s
[3.672s][info][gc,marking  ] GC(57) Concurrent Clear Claimed Marks
[3.672s][info][gc,marking  ] GC(57) Concurrent Clear Claimed Marks 0.024ms
[3.672s][info][gc,marking  ] GC(57) Concurrent Cleanup for Next Mark
[3.672s][info][gc,marking  ] GC(57) Concurrent Cleanup for Next Mark 0.428ms
[3.672s][info][gc          ] GC(57) Concurrent Mark Cycle 4.258ms
[3.730s][info][gc,start    ] GC(58) Pause Young (Concurrent Start) (G1 Humongous Allocation)
[3.730s][info][gc,task     ] GC(58) Using 4 workers of 8 for evacuation
[3.731s][info][gc,phases   ] GC(58)   Pre Evacuate Collection Set: 0.3ms
[3.731s][info][gc,phases   ] GC(58)   Merge Heap Roots: 0.1ms
[3.732s][info][gc,phases   ] GC(58)   Evacuate Collection Set: 0.3ms
[3.732s][info][gc,phases   ] GC(58)   Post Evacuate Collection Set: 0.5ms
[3.732s][info][gc,phases   ] GC(58)   Other: 0.2ms
[3.732s][info][gc,heap     ] GC(58) Eden regions: 0->0(37)
[3.732s][info][gc,heap     ] GC(58) Survivor regions: 1->1(6)
[3.732s][info][gc,heap     ] GC(58) Old regions: 2->2
[3.732s][info][gc,heap     ] GC(58) Humongous regions: 114->114
[3.732s][info][gc,metaspace] GC(58) Metaspace: 381K(576K)->381K(576K) NonClass: 357K(448K)->357K(448K) Class: 24K(128K)->24K(128K)
[3.732s][info][gc          ] GC(58) Pause Young (Concurrent Start) (G1 Humongous Allocation) 115M->115M(195M) 2.047ms
[3.732s][info][gc,cpu      ] GC(58) User=0.00s Sys=0.00s Real=0.00s
[3.732s][info][gc          ] GC(59) Concurrent Mark Cycle
[3.732s][info][gc,marking  ] GC(59) Concurrent Scan Root Regions
[3.732s][info][gc,marking  ] GC(59) Concurrent Scan Root Regions 0.123ms
[3.732s][info][gc,marking  ] GC(59) Concurrent Mark
[3.732s][info][gc,marking  ] GC(59) Concurrent Mark From Roots
[3.732s][info][gc,task     ] GC(59) Using 2 workers of 2 for marking
[3.736s][info][gc,marking  ] GC(59) Concurrent Mark From Roots 3.530ms
[3.736s][info][gc,marking  ] GC(59) Concurrent Preclean
[3.736s][info][gc,marking  ] GC(59) Concurrent Preclean 0.042ms
[3.736s][info][gc,start    ] GC(59) Pause Remark
[3.737s][info][gc          ] GC(59) Pause Remark 117M->117M(199M) 1.385ms
[3.738s][info][gc,cpu      ] GC(59) User=0.00s Sys=0.00s Real=0.00s
[3.738s][info][gc,marking  ] GC(59) Concurrent Mark 5.344ms
[3.738s][info][gc,marking  ] GC(59) Concurrent Rebuild Remembered Sets and Scrub Regions
[3.739s][info][gc,marking  ] GC(59) Concurrent Rebuild Remembered Sets and Scrub Regions 1.411ms
[3.739s][info][gc,start    ] GC(59) Pause Cleanup
[3.740s][info][gc          ] GC(59) Pause Cleanup 117M->117M(199M) 0.224ms
[3.740s][info][gc,cpu      ] GC(59) User=0.00s Sys=0.00s Real=0.00s
[3.740s][info][gc,marking  ] GC(59) Concurrent Clear Claimed Marks
[3.740s][info][gc,marking  ] GC(59) Concurrent Clear Claimed Marks 0.081ms
[3.740s][info][gc,marking  ] GC(59) Concurrent Cleanup for Next Mark
[3.740s][info][gc,marking  ] GC(59) Concurrent Cleanup for Next Mark 0.626ms
[3.741s][info][gc          ] GC(59) Concurrent Mark Cycle 8.664ms
[3.792s][info][gc,start    ] GC(60) Pause Young (Concurrent Start) (G1 Humongous Allocation)
[3.793s][info][gc,task     ] GC(60) Using 4 workers of 8 for evacuation
[3.794s][info][gc,phases   ] GC(60)   Pre Evacuate Collection Set: 0.5ms
[3.794s][info][gc,phases   ] GC(60)   Merge Heap Roots: 0.1ms
[3.794s][info][gc,phases   ] GC(60)   Evacuate Collection Set: 0.3ms
[3.794s][info][gc,phases   ] GC(60)   Post Evacuate Collection Set: 0.3ms
[3.794s][info][gc,phases   ] GC(60)   Other: 0.2ms
[3.794s][info][gc,heap     ] GC(60) Eden regions: 0->0(37)
[3.794s][info][gc,heap     ] GC(60) Survivor regions: 1->1(5)
[3.794s][info][gc,heap     ] GC(60) Old regions: 2->2
[3.794s][info][gc,heap     ] GC(60) Humongous regions: 116->116
[3.795s][info][gc,metaspace] GC(60) Metaspace: 381K(576K)->381K(576K) NonClass: 357K(448K)->357K(448K) Class: 24K(128K)->24K(128K)
[3.795s][info][gc          ] GC(60) Pause Young (Concurrent Start) (G1 Humongous Allocation) 117M->117M(199M) 2.121ms
[3.795s][info][gc,cpu      ] GC(60) User=0.00s Sys=0.00s Real=0.00s
[3.795s][info][gc          ] GC(61) Concurrent Mark Cycle
[3.795s][info][gc,marking  ] GC(61) Concurrent Scan Root Regions
[3.795s][info][gc,marking  ] GC(61) Concurrent Scan Root Regions 0.121ms
[3.795s][info][gc,marking  ] GC(61) Concurrent Mark
[3.795s][info][gc,marking  ] GC(61) Concurrent Mark From Roots
[3.795s][info][gc,task     ] GC(61) Using 2 workers of 2 for marking
[3.798s][info][gc,marking  ] GC(61) Concurrent Mark From Roots 3.003ms
[3.798s][info][gc,marking  ] GC(61) Concurrent Preclean
[3.798s][info][gc,marking  ] GC(61) Concurrent Preclean 0.035ms
[3.798s][info][gc,start    ] GC(61) Pause Remark
[3.800s][info][gc          ] GC(61) Pause Remark 119M->119M(202M) 1.186ms
[3.800s][info][gc,cpu      ] GC(61) User=0.00s Sys=0.00s Real=0.00s
[3.800s][info][gc,marking  ] GC(61) Concurrent Mark 4.614ms
[3.800s][info][gc,marking  ] GC(61) Concurrent Rebuild Remembered Sets and Scrub Regions
[3.801s][info][gc,marking  ] GC(61) Concurrent Rebuild Remembered Sets and Scrub Regions 0.886ms
[3.801s][info][gc,start    ] GC(61) Pause Cleanup
[3.801s][info][gc          ] GC(61) Pause Cleanup 119M->119M(202M) 0.204ms
[3.801s][info][gc,cpu      ] GC(61) User=0.00s Sys=0.00s Real=0.00s
[3.801s][info][gc,marking  ] GC(61) Concurrent Clear Claimed Marks
[3.801s][info][gc,marking  ] GC(61) Concurrent Clear Claimed Marks 0.049ms
[3.801s][info][gc,marking  ] GC(61) Concurrent Cleanup for Next Mark
[3.802s][info][gc,marking  ] GC(61) Concurrent Cleanup for Next Mark 0.475ms
[3.802s][info][gc          ] GC(61) Concurrent Mark Cycle 6.944ms
[3.855s][info][gc,start    ] GC(62) Pause Young (Concurrent Start) (G1 Humongous Allocation)
[3.855s][info][gc,task     ] GC(62) Using 4 workers of 8 for evacuation
[3.857s][info][gc,phases   ] GC(62)   Pre Evacuate Collection Set: 0.4ms
[3.857s][info][gc,phases   ] GC(62)   Merge Heap Roots: 0.2ms
[3.857s][info][gc,phases   ] GC(62)   Evacuate Collection Set: 0.3ms
[3.857s][info][gc,phases   ] GC(62)   Post Evacuate Collection Set: 0.9ms
[3.857s][info][gc,phases   ] GC(62)   Other: 0.3ms
[3.857s][info][gc,heap     ] GC(62) Eden regions: 0->0(30)
[3.857s][info][gc,heap     ] GC(62) Survivor regions: 1->1(5)
[3.858s][info][gc,heap     ] GC(62) Old regions: 2->2
[3.858s][info][gc,heap     ] GC(62) Humongous regions: 118->118
[3.858s][info][gc,metaspace] GC(62) Metaspace: 381K(576K)->381K(576K) NonClass: 357K(448K)->357K(448K) Class: 24K(128K)->24K(128K)
[3.858s][info][gc          ] GC(62) Pause Young (Concurrent Start) (G1 Humongous Allocation) 119M->119M(202M) 2.714ms
[3.858s][info][gc,cpu      ] GC(62) User=0.00s Sys=0.00s Real=0.00s
[3.858s][info][gc          ] GC(63) Concurrent Mark Cycle
[3.858s][info][gc,marking  ] GC(63) Concurrent Scan Root Regions
[3.858s][info][gc,marking  ] GC(63) Concurrent Scan Root Regions 0.260ms
[3.858s][info][gc,marking  ] GC(63) Concurrent Mark
[3.858s][info][gc,marking  ] GC(63) Concurrent Mark From Roots
[3.858s][info][gc,task     ] GC(63) Using 2 workers of 2 for marking
[3.863s][info][gc,marking  ] GC(63) Concurrent Mark From Roots 5.013ms
[3.863s][info][gc,marking  ] GC(63) Concurrent Preclean
[3.864s][info][gc,marking  ] GC(63) Concurrent Preclean 0.084ms
[3.864s][info][gc,start    ] GC(63) Pause Remark
[3.865s][info][gc          ] GC(63) Pause Remark 121M->121M(207M) 1.657ms
[3.865s][info][gc,cpu      ] GC(63) User=0.00s Sys=0.00s Real=0.00s
[3.866s][info][gc,marking  ] GC(63) Concurrent Mark 7.360ms
[3.866s][info][gc,marking  ] GC(63) Concurrent Rebuild Remembered Sets and Scrub Regions
[3.867s][info][gc,marking  ] GC(63) Concurrent Rebuild Remembered Sets and Scrub Regions 1.428ms
[3.867s][info][gc,start    ] GC(63) Pause Cleanup
[3.868s][info][gc          ] GC(63) Pause Cleanup 121M->121M(207M) 0.286ms
[3.868s][info][gc,cpu      ] GC(63) User=0.00s Sys=0.00s Real=0.00s
[3.868s][info][gc,marking  ] GC(63) Concurrent Clear Claimed Marks
[3.868s][info][gc,marking  ] GC(63) Concurrent Clear Claimed Marks 0.090ms
[3.868s][info][gc,marking  ] GC(63) Concurrent Cleanup for Next Mark
[3.869s][info][gc,marking  ] GC(63) Concurrent Cleanup for Next Mark 0.594ms
[3.869s][info][gc          ] GC(63) Concurrent Mark Cycle 10.941ms
[3.916s][info][gc,start    ] GC(64) Pause Young (Concurrent Start) (G1 Humongous Allocation)
[3.916s][info][gc,task     ] GC(64) Using 4 workers of 8 for evacuation
[3.917s][info][gc,phases   ] GC(64)   Pre Evacuate Collection Set: 0.2ms
[3.918s][info][gc,phases   ] GC(64)   Merge Heap Roots: 0.1ms
[3.918s][info][gc,phases   ] GC(64)   Evacuate Collection Set: 0.2ms
[3.918s][info][gc,phases   ] GC(64)   Post Evacuate Collection Set: 0.5ms
[3.918s][info][gc,phases   ] GC(64)   Other: 0.2ms
[3.918s][info][gc,heap     ] GC(64) Eden regions: 1->0(42)
[3.918s][info][gc,heap     ] GC(64) Survivor regions: 1->1(4)
[3.918s][info][gc,heap     ] GC(64) Old regions: 2->2
[3.918s][info][gc,heap     ] GC(64) Humongous regions: 120->120
[3.918s][info][gc,metaspace] GC(64) Metaspace: 383K(576K)->383K(576K) NonClass: 359K(448K)->359K(448K) Class: 24K(128K)->24K(128K)
[3.918s][info][gc          ] GC(64) Pause Young (Concurrent Start) (G1 Humongous Allocation) 121M->121M(207M) 1.779ms
[3.918s][info][gc,cpu      ] GC(64) User=0.00s Sys=0.00s Real=0.00s
[3.918s][info][gc          ] GC(65) Concurrent Mark Cycle
[3.918s][info][gc,marking  ] GC(65) Concurrent Scan Root Regions
[3.918s][info][gc,marking  ] GC(65) Concurrent Scan Root Regions 0.135ms
[3.918s][info][gc,marking  ] GC(65) Concurrent Mark
[3.918s][info][gc,marking  ] GC(65) Concurrent Mark From Roots
[3.918s][info][gc,task     ] GC(65) Using 2 workers of 2 for marking
[3.920s][info][gc,marking  ] GC(65) Concurrent Mark From Roots 1.750ms
[3.920s][info][gc,marking  ] GC(65) Concurrent Preclean
[3.920s][info][gc,marking  ] GC(65) Concurrent Preclean 0.022ms
[3.920s][info][gc,start    ] GC(65) Pause Remark
[3.921s][info][gc          ] GC(65) Pause Remark 123M->123M(209M) 0.927ms
[3.921s][info][gc,cpu      ] GC(65) User=0.00s Sys=0.00s Real=0.00s
[3.921s][info][gc,marking  ] GC(65) Concurrent Mark 3.161ms
[3.921s][info][gc,marking  ] GC(65) Concurrent Rebuild Remembered Sets and Scrub Regions
[3.922s][info][gc,marking  ] GC(65) Concurrent Rebuild Remembered Sets and Scrub Regions 0.944ms
[3.922s][info][gc,start    ] GC(65) Pause Cleanup
[3.923s][info][gc          ] GC(65) Pause Cleanup 123M->123M(209M) 0.189ms
[3.923s][info][gc,cpu      ] GC(65) User=0.00s Sys=0.00s Real=0.00s
[3.923s][info][gc,marking  ] GC(65) Concurrent Clear Claimed Marks
[3.923s][info][gc,marking  ] GC(65) Concurrent Clear Claimed Marks 0.045ms
[3.923s][info][gc,marking  ] GC(65) Concurrent Cleanup for Next Mark
[3.923s][info][gc,marking  ] GC(65) Concurrent Cleanup for Next Mark 0.629ms
[3.923s][info][gc          ] GC(65) Concurrent Mark Cycle 5.608ms
[3.977s][info][gc,start    ] GC(66) Pause Young (Concurrent Start) (G1 Humongous Allocation)
[3.977s][info][gc,task     ] GC(66) Using 5 workers of 8 for evacuation
[3.979s][info][gc,phases   ] GC(66)   Pre Evacuate Collection Set: 0.3ms
[3.979s][info][gc,phases   ] GC(66)   Merge Heap Roots: 0.2ms
[3.979s][info][gc,phases   ] GC(66)   Evacuate Collection Set: 0.4ms
[3.979s][info][gc,phases   ] GC(66)   Post Evacuate Collection Set: 0.8ms
[3.979s][info][gc,phases   ] GC(66)   Other: 0.3ms
[3.979s][info][gc,heap     ] GC(66) Eden regions: 0->0(41)
[3.979s][info][gc,heap     ] GC(66) Survivor regions: 1->1(6)
[3.979s][info][gc,heap     ] GC(66) Old regions: 2->2
[3.979s][info][gc,heap     ] GC(66) Humongous regions: 122->122
[3.979s][info][gc,metaspace] GC(66) Metaspace: 383K(576K)->383K(576K) NonClass: 359K(448K)->359K(448K) Class: 24K(128K)->24K(128K)
[3.979s][info][gc          ] GC(66) Pause Young (Concurrent Start) (G1 Humongous Allocation) 123M->123M(209M) 2.626ms
[3.980s][info][gc,cpu      ] GC(66) User=0.00s Sys=0.00s Real=0.00s
[3.980s][info][gc          ] GC(67) Concurrent Mark Cycle
[3.980s][info][gc,marking  ] GC(67) Concurrent Scan Root Regions
[3.980s][info][gc,marking  ] GC(67) Concurrent Scan Root Regions 0.260ms
[3.980s][info][gc,marking  ] GC(67) Concurrent Mark
[3.980s][info][gc,marking  ] GC(67) Concurrent Mark From Roots
[3.980s][info][gc,task     ] GC(67) Using 2 workers of 2 for marking
[3.983s][info][gc,marking  ] GC(67) Concurrent Mark From Roots 3.173ms
[3.983s][info][gc,marking  ] GC(67) Concurrent Preclean
[3.983s][info][gc,marking  ] GC(67) Concurrent Preclean 0.030ms
[3.984s][info][gc,start    ] GC(67) Pause Remark
[3.985s][info][gc          ] GC(67) Pause Remark 125M->125M(212M) 1.043ms
[3.985s][info][gc,cpu      ] GC(67) User=0.00s Sys=0.00s Real=0.00s
[3.985s][info][gc,marking  ] GC(67) Concurrent Mark 4.575ms
[3.985s][info][gc,marking  ] GC(67) Concurrent Rebuild Remembered Sets and Scrub Regions
[3.986s][info][gc,marking  ] GC(67) Concurrent Rebuild Remembered Sets and Scrub Regions 0.939ms
[3.986s][info][gc,start    ] GC(67) Pause Cleanup
[3.986s][info][gc          ] GC(67) Pause Cleanup 125M->125M(212M) 0.198ms
[3.986s][info][gc,cpu      ] GC(67) User=0.00s Sys=0.00s Real=0.00s
[3.986s][info][gc,marking  ] GC(67) Concurrent Clear Claimed Marks
[3.986s][info][gc,marking  ] GC(67) Concurrent Clear Claimed Marks 0.038ms
[3.986s][info][gc,marking  ] GC(67) Concurrent Cleanup for Next Mark
[3.987s][info][gc,marking  ] GC(67) Concurrent Cleanup for Next Mark 0.522ms
[3.987s][info][gc          ] GC(67) Concurrent Mark Cycle 7.092ms
[4.040s][info][gc,start    ] GC(68) Pause Young (Concurrent Start) (G1 Humongous Allocation)
[4.040s][info][gc,task     ] GC(68) Using 5 workers of 8 for evacuation
[4.042s][info][gc,phases   ] GC(68)   Pre Evacuate Collection Set: 0.3ms
[4.042s][info][gc,phases   ] GC(68)   Merge Heap Roots: 0.2ms
[4.042s][info][gc,phases   ] GC(68)   Evacuate Collection Set: 0.3ms
[4.042s][info][gc,phases   ] GC(68)   Post Evacuate Collection Set: 0.8ms
[4.042s][info][gc,phases   ] GC(68)   Other: 0.3ms
[4.042s][info][gc,heap     ] GC(68) Eden regions: 0->0(33)
[4.042s][info][gc,heap     ] GC(68) Survivor regions: 1->1(6)
[4.042s][info][gc,heap     ] GC(68) Old regions: 2->2
[4.042s][info][gc,heap     ] GC(68) Humongous regions: 124->124
[4.043s][info][gc,metaspace] GC(68) Metaspace: 383K(576K)->383K(576K) NonClass: 359K(448K)->359K(448K) Class: 24K(128K)->24K(128K)
[4.043s][info][gc          ] GC(68) Pause Young (Concurrent Start) (G1 Humongous Allocation) 125M->125M(214M) 2.758ms
[4.043s][info][gc,cpu      ] GC(68) User=0.00s Sys=0.00s Real=0.00s
[4.043s][info][gc          ] GC(69) Concurrent Mark Cycle
[4.043s][info][gc,marking  ] GC(69) Concurrent Scan Root Regions
[4.043s][info][gc,marking  ] GC(69) Concurrent Scan Root Regions 0.194ms
[4.043s][info][gc,marking  ] GC(69) Concurrent Mark
[4.043s][info][gc,marking  ] GC(69) Concurrent Mark From Roots
[4.043s][info][gc,task     ] GC(69) Using 2 workers of 2 for marking
[4.047s][info][gc,marking  ] GC(69) Concurrent Mark From Roots 4.068ms
[4.048s][info][gc,marking  ] GC(69) Concurrent Preclean
[4.048s][info][gc,marking  ] GC(69) Concurrent Preclean 0.051ms
[4.048s][info][gc,start    ] GC(69) Pause Remark
[4.049s][info][gc          ] GC(69) Pause Remark 127M->127M(215M) 1.336ms
[4.049s][info][gc,cpu      ] GC(69) User=0.00s Sys=0.00s Real=0.00s
[4.049s][info][gc,marking  ] GC(69) Concurrent Mark 6.083ms
[4.049s][info][gc,marking  ] GC(69) Concurrent Rebuild Remembered Sets and Scrub Regions
[4.051s][info][gc,marking  ] GC(69) Concurrent Rebuild Remembered Sets and Scrub Regions 1.482ms
[4.051s][info][gc,start    ] GC(69) Pause Cleanup
[4.051s][info][gc          ] GC(69) Pause Cleanup 127M->127M(215M) 0.294ms
[4.052s][info][gc,cpu      ] GC(69) User=0.00s Sys=0.00s Real=0.00s
[4.052s][info][gc,marking  ] GC(69) Concurrent Clear Claimed Marks
[4.052s][info][gc,marking  ] GC(69) Concurrent Clear Claimed Marks 0.089ms
[4.052s][info][gc,marking  ] GC(69) Concurrent Cleanup for Next Mark
[4.052s][info][gc,marking  ] GC(69) Concurrent Cleanup for Next Mark 0.608ms
[4.053s][info][gc          ] GC(69) Concurrent Mark Cycle 9.708ms
[4.102s][info][gc,start    ] GC(70) Pause Young (Concurrent Start) (G1 Humongous Allocation)
[4.102s][info][gc,task     ] GC(70) Using 5 workers of 8 for evacuation
[4.103s][info][gc,phases   ] GC(70)   Pre Evacuate Collection Set: 0.2ms
[4.103s][info][gc,phases   ] GC(70)   Merge Heap Roots: 0.0ms
[4.103s][info][gc,phases   ] GC(70)   Evacuate Collection Set: 0.2ms
[4.103s][info][gc,phases   ] GC(70)   Post Evacuate Collection Set: 0.3ms
[4.103s][info][gc,phases   ] GC(70)   Other: 0.2ms
[4.103s][info][gc,heap     ] GC(70) Eden regions: 0->0(38)
[4.103s][info][gc,heap     ] GC(70) Survivor regions: 1->1(5)
[4.103s][info][gc,heap     ] GC(70) Old regions: 2->2
[4.103s][info][gc,heap     ] GC(70) Humongous regions: 126->126
[4.103s][info][gc,metaspace] GC(70) Metaspace: 383K(576K)->383K(576K) NonClass: 359K(448K)->359K(448K) Class: 24K(128K)->24K(128K)
[4.103s][info][gc          ] GC(70) Pause Young (Concurrent Start) (G1 Humongous Allocation) 127M->127M(215M) 1.175ms
[4.103s][info][gc,cpu      ] GC(70) User=0.00s Sys=0.00s Real=0.00s
[4.103s][info][gc          ] GC(71) Concurrent Mark Cycle
[4.103s][info][gc,marking  ] GC(71) Concurrent Scan Root Regions
[4.103s][info][gc,marking  ] GC(71) Concurrent Scan Root Regions 0.093ms
[4.103s][info][gc,marking  ] GC(71) Concurrent Mark
[4.103s][info][gc,marking  ] GC(71) Concurrent Mark From Roots
[4.103s][info][gc,task     ] GC(71) Using 2 workers of 2 for marking
[4.106s][info][gc,marking  ] GC(71) Concurrent Mark From Roots 2.624ms
[4.106s][info][gc,marking  ] GC(71) Concurrent Preclean
[4.106s][info][gc,marking  ] GC(71) Concurrent Preclean 0.026ms
[4.106s][info][gc,start    ] GC(71) Pause Remark
[4.107s][info][gc          ] GC(71) Pause Remark 129M->129M(219M) 1.010ms
[4.107s][info][gc,cpu      ] GC(71) User=0.00s Sys=0.00s Real=0.00s
[4.107s][info][gc,marking  ] GC(71) Concurrent Mark 3.944ms
[4.107s][info][gc,marking  ] GC(71) Concurrent Rebuild Remembered Sets and Scrub Regions
[4.108s][info][gc,marking  ] GC(71) Concurrent Rebuild Remembered Sets and Scrub Regions 0.985ms
[4.109s][info][gc,start    ] GC(71) Pause Cleanup
[4.109s][info][gc          ] GC(71) Pause Cleanup 129M->129M(219M) 0.183ms
[4.109s][info][gc,cpu      ] GC(71) User=0.00s Sys=0.00s Real=0.00s
[4.109s][info][gc,marking  ] GC(71) Concurrent Clear Claimed Marks
[4.109s][info][gc,marking  ] GC(71) Concurrent Clear Claimed Marks 0.029ms
[4.109s][info][gc,marking  ] GC(71) Concurrent Cleanup for Next Mark
[4.110s][info][gc,marking  ] GC(71) Concurrent Cleanup for Next Mark 1.005ms
[4.110s][info][gc          ] GC(71) Concurrent Mark Cycle 6.644ms
[4.165s][info][gc,start    ] GC(72) Pause Young (Concurrent Start) (G1 Humongous Allocation)
[4.165s][info][gc,task     ] GC(72) Using 5 workers of 8 for evacuation
[4.167s][info][gc,phases   ] GC(72)   Pre Evacuate Collection Set: 0.3ms
[4.167s][info][gc,phases   ] GC(72)   Merge Heap Roots: 0.1ms
[4.167s][info][gc,phases   ] GC(72)   Evacuate Collection Set: 0.3ms
[4.167s][info][gc,phases   ] GC(72)   Post Evacuate Collection Set: 0.4ms
[4.167s][info][gc,phases   ] GC(72)   Other: 0.2ms
[4.167s][info][gc,heap     ] GC(72) Eden regions: 0->0(41)
[4.167s][info][gc,heap     ] GC(72) Survivor regions: 1->1(5)
[4.167s][info][gc,heap     ] GC(72) Old regions: 2->2
[4.167s][info][gc,heap     ] GC(72) Humongous regions: 128->128
[4.167s][info][gc,metaspace] GC(72) Metaspace: 383K(576K)->383K(576K) NonClass: 359K(448K)->359K(448K) Class: 24K(128K)->24K(128K)
[4.167s][info][gc          ] GC(72) Pause Young (Concurrent Start) (G1 Humongous Allocation) 129M->129M(219M) 1.941ms
[4.167s][info][gc,cpu      ] GC(72) User=0.00s Sys=0.00s Real=0.00s
[4.167s][info][gc          ] GC(73) Concurrent Mark Cycle
[4.167s][info][gc,marking  ] GC(73) Concurrent Scan Root Regions
[4.168s][info][gc,marking  ] GC(73) Concurrent Scan Root Regions 0.190ms
[4.168s][info][gc,marking  ] GC(73) Concurrent Mark
[4.168s][info][gc,marking  ] GC(73) Concurrent Mark From Roots
[4.168s][info][gc,task     ] GC(73) Using 2 workers of 2 for marking
[4.172s][info][gc,marking  ] GC(73) Concurrent Mark From Roots 3.931ms
[4.172s][info][gc,marking  ] GC(73) Concurrent Preclean
[4.172s][info][gc,marking  ] GC(73) Concurrent Preclean 0.045ms
[4.172s][info][gc,start    ] GC(73) Pause Remark
[4.174s][info][gc          ] GC(73) Pause Remark 131M->131M(222M) 1.569ms
[4.174s][info][gc,cpu      ] GC(73) User=0.00s Sys=0.00s Real=0.00s
[4.174s][info][gc,marking  ] GC(73) Concurrent Mark 6.064ms
[4.174s][info][gc,marking  ] GC(73) Concurrent Rebuild Remembered Sets and Scrub Regions
[4.175s][info][gc,marking  ] GC(73) Concurrent Rebuild Remembered Sets and Scrub Regions 1.438ms
[4.175s][info][gc,start    ] GC(73) Pause Cleanup
[4.176s][info][gc          ] GC(73) Pause Cleanup 131M->131M(222M) 0.232ms
[4.176s][info][gc,cpu      ] GC(73) User=0.00s Sys=0.00s Real=0.00s
[4.176s][info][gc,marking  ] GC(73) Concurrent Clear Claimed Marks
[4.176s][info][gc,marking  ] GC(73) Concurrent Clear Claimed Marks 0.093ms
[4.176s][info][gc,marking  ] GC(73) Concurrent Cleanup for Next Mark
[4.177s][info][gc,marking  ] GC(73) Concurrent Cleanup for Next Mark 0.739ms
[4.177s][info][gc          ] GC(73) Concurrent Mark Cycle 9.685ms
[4.228s][info][gc,start    ] GC(74) Pause Young (Concurrent Start) (G1 Humongous Allocation)
[4.228s][info][gc,task     ] GC(74) Using 5 workers of 8 for evacuation
[4.230s][info][gc,phases   ] GC(74)   Pre Evacuate Collection Set: 0.3ms
[4.230s][info][gc,phases   ] GC(74)   Merge Heap Roots: 0.1ms
[4.230s][info][gc,phases   ] GC(74)   Evacuate Collection Set: 0.3ms
[4.230s][info][gc,phases   ] GC(74)   Post Evacuate Collection Set: 0.8ms
[4.230s][info][gc,phases   ] GC(74)   Other: 0.2ms
[4.230s][info][gc,heap     ] GC(74) Eden regions: 0->0(48)
[4.230s][info][gc,heap     ] GC(74) Survivor regions: 1->0(6)
[4.230s][info][gc,heap     ] GC(74) Old regions: 2->2
[4.230s][info][gc,heap     ] GC(74) Humongous regions: 130->130
[4.230s][info][gc,metaspace] GC(74) Metaspace: 383K(576K)->383K(576K) NonClass: 359K(448K)->359K(448K) Class: 24K(128K)->24K(128K)
[4.230s][info][gc          ] GC(74) Pause Young (Concurrent Start) (G1 Humongous Allocation) 131M->131M(222M) 2.097ms
[4.230s][info][gc,cpu      ] GC(74) User=0.00s Sys=0.00s Real=0.00s
[4.230s][info][gc          ] GC(75) Concurrent Mark Cycle
[4.230s][info][gc,marking  ] GC(75) Concurrent Scan Root Regions
[4.231s][info][gc,marking  ] GC(75) Concurrent Scan Root Regions 0.239ms
[4.231s][info][gc,marking  ] GC(75) Concurrent Mark
[4.231s][info][gc,marking  ] GC(75) Concurrent Mark From Roots
[4.231s][info][gc,task     ] GC(75) Using 2 workers of 2 for marking
[4.233s][info][gc,marking  ] GC(75) Concurrent Mark From Roots 2.663ms
[4.233s][info][gc,marking  ] GC(75) Concurrent Preclean
[4.233s][info][gc,marking  ] GC(75) Concurrent Preclean 0.029ms
[4.234s][info][gc,start    ] GC(75) Pause Remark
[4.235s][info][gc          ] GC(75) Pause Remark 133M->133M(224M) 1.278ms
[4.235s][info][gc,cpu      ] GC(75) User=0.00s Sys=0.00s Real=0.00s
[4.235s][info][gc,marking  ] GC(75) Concurrent Mark 4.369ms
[4.235s][info][gc,marking  ] GC(75) Concurrent Rebuild Remembered Sets and Scrub Regions
[4.236s][info][gc,marking  ] GC(75) Concurrent Rebuild Remembered Sets and Scrub Regions 0.841ms
[4.236s][info][gc,start    ] GC(75) Pause Cleanup
[4.236s][info][gc          ] GC(75) Pause Cleanup 133M->133M(224M) 0.196ms
[4.236s][info][gc,cpu      ] GC(75) User=0.00s Sys=0.00s Real=0.00s
[4.236s][info][gc,marking  ] GC(75) Concurrent Clear Claimed Marks
[4.236s][info][gc,marking  ] GC(75) Concurrent Clear Claimed Marks 0.036ms
[4.236s][info][gc,marking  ] GC(75) Concurrent Cleanup for Next Mark
[4.237s][info][gc,marking  ] GC(75) Concurrent Cleanup for Next Mark 0.618ms
[4.237s][info][gc          ] GC(75) Concurrent Mark Cycle 6.869ms
[4.292s][info][gc,start    ] GC(76) Pause Young (Concurrent Start) (G1 Humongous Allocation)
[4.292s][info][gc,task     ] GC(76) Using 5 workers of 8 for evacuation
[4.294s][info][gc,phases   ] GC(76)   Pre Evacuate Collection Set: 0.6ms
[4.294s][info][gc,phases   ] GC(76)   Merge Heap Roots: 0.2ms
[4.294s][info][gc,phases   ] GC(76)   Evacuate Collection Set: 0.4ms
[4.294s][info][gc,phases   ] GC(76)   Post Evacuate Collection Set: 0.3ms
[4.294s][info][gc,phases   ] GC(76)   Other: 0.3ms
[4.294s][info][gc,heap     ] GC(76) Eden regions: 0->0(48)
[4.294s][info][gc,heap     ] GC(76) Survivor regions: 0->0(6)
[4.294s][info][gc,heap     ] GC(76) Old regions: 2->2
[4.294s][info][gc,heap     ] GC(76) Humongous regions: 132->132
[4.294s][info][gc,metaspace] GC(76) Metaspace: 383K(576K)->383K(576K) NonClass: 359K(448K)->359K(448K) Class: 24K(128K)->24K(128K)
[4.294s][info][gc          ] GC(76) Pause Young (Concurrent Start) (G1 Humongous Allocation) 133M->133M(224M) 2.542ms
[4.294s][info][gc,cpu      ] GC(76) User=0.00s Sys=0.00s Real=0.00s
[4.294s][info][gc          ] GC(77) Concurrent Mark Cycle
[4.294s][info][gc,marking  ] GC(77) Concurrent Scan Root Regions
[4.295s][info][gc,marking  ] GC(77) Concurrent Scan Root Regions 0.029ms
[4.295s][info][gc,marking  ] GC(77) Concurrent Mark
[4.295s][info][gc,marking  ] GC(77) Concurrent Mark From Roots
[4.295s][info][gc,task     ] GC(77) Using 2 workers of 2 for marking
[4.297s][info][gc,marking  ] GC(77) Concurrent Mark From Roots 2.125ms
[4.297s][info][gc,marking  ] GC(77) Concurrent Preclean
[4.297s][info][gc,marking  ] GC(77) Concurrent Preclean 0.023ms
[4.297s][info][gc,start    ] GC(77) Pause Remark
[4.298s][info][gc          ] GC(77) Pause Remark 135M->135M(227M) 0.782ms
[4.298s][info][gc,cpu      ] GC(77) User=0.00s Sys=0.00s Real=0.00s
[4.298s][info][gc,marking  ] GC(77) Concurrent Mark 3.177ms
[4.298s][info][gc,marking  ] GC(77) Concurrent Rebuild Remembered Sets and Scrub Regions
[4.299s][info][gc,marking  ] GC(77) Concurrent Rebuild Remembered Sets and Scrub Regions 0.825ms
[4.299s][info][gc,start    ] GC(77) Pause Cleanup
[4.299s][info][gc          ] GC(77) Pause Cleanup 135M->135M(227M) 0.163ms
[4.299s][info][gc,cpu      ] GC(77) User=0.00s Sys=0.00s Real=0.00s
[4.299s][info][gc,marking  ] GC(77) Concurrent Clear Claimed Marks
[4.299s][info][gc,marking  ] GC(77) Concurrent Clear Claimed Marks 0.040ms
[4.299s][info][gc,marking  ] GC(77) Concurrent Cleanup for Next Mark
[4.300s][info][gc,marking  ] GC(77) Concurrent Cleanup for Next Mark 0.492ms
[4.300s][info][gc          ] GC(77) Concurrent Mark Cycle 5.147ms
[4.352s][info][gc,start    ] GC(78) Pause Young (Concurrent Start) (G1 Humongous Allocation)
[4.352s][info][gc,task     ] GC(78) Using 5 workers of 8 for evacuation
[4.354s][info][gc,phases   ] GC(78)   Pre Evacuate Collection Set: 0.3ms
[4.354s][info][gc,phases   ] GC(78)   Merge Heap Roots: 0.2ms
[4.354s][info][gc,phases   ] GC(78)   Evacuate Collection Set: 0.3ms
[4.354s][info][gc,phases   ] GC(78)   Post Evacuate Collection Set: 0.8ms
[4.354s][info][gc,phases   ] GC(78)   Other: 0.2ms
[4.354s][info][gc,heap     ] GC(78) Eden regions: 0->0(48)
[4.354s][info][gc,heap     ] GC(78) Survivor regions: 0->0(6)
[4.354s][info][gc,heap     ] GC(78) Old regions: 2->2
[4.354s][info][gc,heap     ] GC(78) Humongous regions: 134->134
[4.354s][info][gc,metaspace] GC(78) Metaspace: 383K(576K)->383K(576K) NonClass: 359K(448K)->359K(448K) Class: 24K(128K)->24K(128K)
[4.354s][info][gc          ] GC(78) Pause Young (Concurrent Start) (G1 Humongous Allocation) 135M->135M(229M) 2.255ms
[4.355s][info][gc,cpu      ] GC(78) User=0.00s Sys=0.00s Real=0.00s
[4.355s][info][gc          ] GC(79) Concurrent Mark Cycle
[4.355s][info][gc,marking  ] GC(79) Concurrent Scan Root Regions
[4.355s][info][gc,marking  ] GC(79) Concurrent Scan Root Regions 0.029ms
[4.355s][info][gc,marking  ] GC(79) Concurrent Mark
[4.355s][info][gc,marking  ] GC(79) Concurrent Mark From Roots
[4.355s][info][gc,task     ] GC(79) Using 2 workers of 2 for marking
[4.357s][info][gc,marking  ] GC(79) Concurrent Mark From Roots 2.688ms
[4.357s][info][gc,marking  ] GC(79) Concurrent Preclean
[4.357s][info][gc,marking  ] GC(79) Concurrent Preclean 0.026ms
[4.358s][info][gc,start    ] GC(79) Pause Remark
[4.358s][info][gc          ] GC(79) Pause Remark 137M->137M(230M) 0.765ms
[4.358s][info][gc,cpu      ] GC(79) User=0.00s Sys=0.00s Real=0.00s
[4.358s][info][gc,marking  ] GC(79) Concurrent Mark 3.744ms
[4.358s][info][gc,marking  ] GC(79) Concurrent Rebuild Remembered Sets and Scrub Regions
[4.360s][info][gc,marking  ] GC(79) Concurrent Rebuild Remembered Sets and Scrub Regions 1.051ms
[4.360s][info][gc,start    ] GC(79) Pause Cleanup
[4.360s][info][gc          ] GC(79) Pause Cleanup 137M->137M(230M) 0.199ms
[4.360s][info][gc,cpu      ] GC(79) User=0.00s Sys=0.00s Real=0.00s
[4.360s][info][gc,marking  ] GC(79) Concurrent Clear Claimed Marks
[4.360s][info][gc,marking  ] GC(79) Concurrent Clear Claimed Marks 0.080ms
[4.360s][info][gc,marking  ] GC(79) Concurrent Cleanup for Next Mark
[4.361s][info][gc,marking  ] GC(79) Concurrent Cleanup for Next Mark 0.830ms
[4.361s][info][gc          ] GC(79) Concurrent Mark Cycle 6.501ms
[4.414s][info][gc,start    ] GC(80) Pause Young (Concurrent Start) (G1 Humongous Allocation)
[4.414s][info][gc,task     ] GC(80) Using 5 workers of 8 for evacuation
[4.416s][info][gc,phases   ] GC(80)   Pre Evacuate Collection Set: 0.3ms
[4.416s][info][gc,phases   ] GC(80)   Merge Heap Roots: 0.1ms
[4.416s][info][gc,phases   ] GC(80)   Evacuate Collection Set: 0.3ms
[4.416s][info][gc,phases   ] GC(80)   Post Evacuate Collection Set: 0.9ms
[4.416s][info][gc,phases   ] GC(80)   Other: 0.1ms
[4.416s][info][gc,heap     ] GC(80) Eden regions: 0->0(48)
[4.416s][info][gc,heap     ] GC(80) Survivor regions: 0->0(6)
[4.416s][info][gc,heap     ] GC(80) Old regions: 2->2
[4.416s][info][gc,heap     ] GC(80) Humongous regions: 136->136
[4.416s][info][gc,metaspace] GC(80) Metaspace: 383K(576K)->383K(576K) NonClass: 359K(448K)->359K(448K) Class: 24K(128K)->24K(128K)
[4.416s][info][gc          ] GC(80) Pause Young (Concurrent Start) (G1 Humongous Allocation) 137M->137M(230M) 2.139ms
[4.416s][info][gc,cpu      ] GC(80) User=0.00s Sys=0.00s Real=0.00s
[4.416s][info][gc          ] GC(81) Concurrent Mark Cycle
[4.416s][info][gc,marking  ] GC(81) Concurrent Scan Root Regions
[4.416s][info][gc,marking  ] GC(81) Concurrent Scan Root Regions 0.022ms
[4.417s][info][gc,marking  ] GC(81) Concurrent Mark
[4.417s][info][gc,marking  ] GC(81) Concurrent Mark From Roots
[4.417s][info][gc,task     ] GC(81) Using 2 workers of 2 for marking
[4.418s][info][gc,marking  ] GC(81) Concurrent Mark From Roots 1.857ms
[4.418s][info][gc,marking  ] GC(81) Concurrent Preclean
[4.418s][info][gc,marking  ] GC(81) Concurrent Preclean 0.023ms
[4.419s][info][gc,start    ] GC(81) Pause Remark
[4.420s][info][gc          ] GC(81) Pause Remark 139M->139M(234M) 1.151ms
[4.420s][info][gc,cpu      ] GC(81) User=0.00s Sys=0.00s Real=0.00s
[4.420s][info][gc,marking  ] GC(81) Concurrent Mark 3.364ms
[4.420s][info][gc,marking  ] GC(81) Concurrent Rebuild Remembered Sets and Scrub Regions
[4.421s][info][gc,marking  ] GC(81) Concurrent Rebuild Remembered Sets and Scrub Regions 0.901ms
[4.421s][info][gc,start    ] GC(81) Pause Cleanup
[4.421s][info][gc          ] GC(81) Pause Cleanup 139M->139M(234M) 0.255ms
[4.421s][info][gc,cpu      ] GC(81) User=0.00s Sys=0.00s Real=0.00s
[4.421s][info][gc,marking  ] GC(81) Concurrent Clear Claimed Marks
[4.421s][info][gc,marking  ] GC(81) Concurrent Clear Claimed Marks 0.065ms
[4.421s][info][gc,marking  ] GC(81) Concurrent Cleanup for Next Mark
[4.422s][info][gc,marking  ] GC(81) Concurrent Cleanup for Next Mark 0.629ms
[4.422s][info][gc          ] GC(81) Concurrent Mark Cycle 5.743ms
[4.476s][info][gc,start    ] GC(82) Pause Young (Concurrent Start) (G1 Humongous Allocation)
[4.476s][info][gc,task     ] GC(82) Using 5 workers of 8 for evacuation
[4.478s][info][gc,phases   ] GC(82)   Pre Evacuate Collection Set: 0.3ms
[4.478s][info][gc,phases   ] GC(82)   Merge Heap Roots: 0.2ms
[4.478s][info][gc,phases   ] GC(82)   Evacuate Collection Set: 0.3ms
[4.478s][info][gc,phases   ] GC(82)   Post Evacuate Collection Set: 0.6ms
[4.478s][info][gc,phases   ] GC(82)   Other: 0.3ms
[4.478s][info][gc,heap     ] GC(82) Eden regions: 0->0(48)
[4.478s][info][gc,heap     ] GC(82) Survivor regions: 0->0(6)
[4.478s][info][gc,heap     ] GC(82) Old regions: 2->2
[4.478s][info][gc,heap     ] GC(82) Humongous regions: 138->138
[4.478s][info][gc,metaspace] GC(82) Metaspace: 383K(576K)->383K(576K) NonClass: 359K(448K)->359K(448K) Class: 24K(128K)->24K(128K)
[4.478s][info][gc          ] GC(82) Pause Young (Concurrent Start) (G1 Humongous Allocation) 139M->139M(234M) 2.273ms
[4.478s][info][gc,cpu      ] GC(82) User=0.02s Sys=0.00s Real=0.00s
[4.478s][info][gc          ] GC(83) Concurrent Mark Cycle
[4.478s][info][gc,marking  ] GC(83) Concurrent Scan Root Regions
[4.478s][info][gc,marking  ] GC(83) Concurrent Scan Root Regions 0.021ms
[4.478s][info][gc,marking  ] GC(83) Concurrent Mark
[4.478s][info][gc,marking  ] GC(83) Concurrent Mark From Roots
[4.478s][info][gc,task     ] GC(83) Using 2 workers of 2 for marking
[4.480s][info][gc,marking  ] GC(83) Concurrent Mark From Roots 2.344ms
[4.481s][info][gc,marking  ] GC(83) Concurrent Preclean
[4.481s][info][gc,marking  ] GC(83) Concurrent Preclean 0.027ms
[4.481s][info][gc,start    ] GC(83) Pause Remark
[4.482s][info][gc          ] GC(83) Pause Remark 141M->141M(239M) 1.377ms
[4.482s][info][gc,cpu      ] GC(83) User=0.00s Sys=0.00s Real=0.00s
[4.482s][info][gc,marking  ] GC(83) Concurrent Mark 4.099ms
[4.482s][info][gc,marking  ] GC(83) Concurrent Rebuild Remembered Sets and Scrub Regions
[4.483s][info][gc,marking  ] GC(83) Concurrent Rebuild Remembered Sets and Scrub Regions 0.821ms
[4.483s][info][gc,start    ] GC(83) Pause Cleanup
[4.484s][info][gc          ] GC(83) Pause Cleanup 141M->141M(239M) 0.360ms
[4.484s][info][gc,cpu      ] GC(83) User=0.00s Sys=0.00s Real=0.00s
[4.484s][info][gc,marking  ] GC(83) Concurrent Clear Claimed Marks
[4.484s][info][gc,marking  ] GC(83) Concurrent Clear Claimed Marks 0.030ms
[4.484s][info][gc,marking  ] GC(83) Concurrent Cleanup for Next Mark
[4.484s][info][gc,marking  ] GC(83) Concurrent Cleanup for Next Mark 0.573ms
[4.484s][info][gc          ] GC(83) Concurrent Mark Cycle 6.360ms
[4.537s][info][gc,start    ] GC(84) Pause Young (Concurrent Start) (G1 Humongous Allocation)
[4.537s][info][gc,task     ] GC(84) Using 5 workers of 8 for evacuation
[4.539s][info][gc,phases   ] GC(84)   Pre Evacuate Collection Set: 0.3ms
[4.539s][info][gc,phases   ] GC(84)   Merge Heap Roots: 0.3ms
[4.539s][info][gc,phases   ] GC(84)   Evacuate Collection Set: 0.5ms
[4.539s][info][gc,phases   ] GC(84)   Post Evacuate Collection Set: 0.9ms
[4.539s][info][gc,phases   ] GC(84)   Other: 0.3ms
[4.540s][info][gc,heap     ] GC(84) Eden regions: 1->0(61)
[4.540s][info][gc,heap     ] GC(84) Survivor regions: 0->0(6)
[4.540s][info][gc,heap     ] GC(84) Old regions: 2->2
[4.540s][info][gc,heap     ] GC(84) Humongous regions: 140->140
[4.540s][info][gc,metaspace] GC(84) Metaspace: 383K(576K)->383K(576K) NonClass: 359K(448K)->359K(448K) Class: 24K(128K)->24K(128K)
[4.540s][info][gc          ] GC(84) Pause Young (Concurrent Start) (G1 Humongous Allocation) 141M->141M(239M) 3.098ms
[4.540s][info][gc,cpu      ] GC(84) User=0.00s Sys=0.02s Real=0.00s
[4.540s][info][gc          ] GC(85) Concurrent Mark Cycle
[4.540s][info][gc,marking  ] GC(85) Concurrent Scan Root Regions
[4.540s][info][gc,marking  ] GC(85) Concurrent Scan Root Regions 0.038ms
[4.540s][info][gc,marking  ] GC(85) Concurrent Mark
[4.540s][info][gc,marking  ] GC(85) Concurrent Mark From Roots
[4.540s][info][gc,task     ] GC(85) Using 2 workers of 2 for marking
[4.545s][info][gc,marking  ] GC(85) Concurrent Mark From Roots 4.524ms
[4.545s][info][gc,marking  ] GC(85) Concurrent Preclean
[4.545s][info][gc,marking  ] GC(85) Concurrent Preclean 0.029ms
[4.545s][info][gc,start    ] GC(85) Pause Remark
[4.546s][info][gc          ] GC(85) Pause Remark 143M->143M(240M) 0.989ms
[4.546s][info][gc,cpu      ] GC(85) User=0.00s Sys=0.00s Real=0.00s
[4.546s][info][gc,marking  ] GC(85) Concurrent Mark 5.962ms
[4.546s][info][gc,marking  ] GC(85) Concurrent Rebuild Remembered Sets and Scrub Regions
[4.547s][info][gc,marking  ] GC(85) Concurrent Rebuild Remembered Sets and Scrub Regions 0.952ms
[4.547s][info][gc,start    ] GC(85) Pause Cleanup
[4.548s][info][gc          ] GC(85) Pause Cleanup 143M->143M(240M) 0.296ms
[4.548s][info][gc,cpu      ] GC(85) User=0.00s Sys=0.00s Real=0.00s
[4.548s][info][gc,marking  ] GC(85) Concurrent Clear Claimed Marks
[4.548s][info][gc,marking  ] GC(85) Concurrent Clear Claimed Marks 0.047ms
[4.548s][info][gc,marking  ] GC(85) Concurrent Cleanup for Next Mark
[4.548s][info][gc,marking  ] GC(85) Concurrent Cleanup for Next Mark 0.543ms
[4.548s][info][gc          ] GC(85) Concurrent Mark Cycle 8.447ms
[4.600s][info][gc,start    ] GC(86) Pause Young (Concurrent Start) (G1 Humongous Allocation)
[4.600s][info][gc,task     ] GC(86) Using 5 workers of 8 for evacuation
[4.602s][info][gc,phases   ] GC(86)   Pre Evacuate Collection Set: 0.5ms
[4.602s][info][gc,phases   ] GC(86)   Merge Heap Roots: 0.3ms
[4.602s][info][gc,phases   ] GC(86)   Evacuate Collection Set: 0.4ms
[4.602s][info][gc,phases   ] GC(86)   Post Evacuate Collection Set: 0.8ms
[4.602s][info][gc,phases   ] GC(86)   Other: 0.5ms
[4.602s][info][gc,heap     ] GC(86) Eden regions: 0->0(61)
[4.602s][info][gc,heap     ] GC(86) Survivor regions: 0->0(8)
[4.602s][info][gc,heap     ] GC(86) Old regions: 2->2
[4.602s][info][gc,heap     ] GC(86) Humongous regions: 142->142
[4.602s][info][gc,metaspace] GC(86) Metaspace: 383K(576K)->383K(576K) NonClass: 359K(448K)->359K(448K) Class: 24K(128K)->24K(128K)
[4.602s][info][gc          ] GC(86) Pause Young (Concurrent Start) (G1 Humongous Allocation) 143M->143M(243M) 2.925ms
[4.603s][info][gc,cpu      ] GC(86) User=0.00s Sys=0.00s Real=0.00s
[4.603s][info][gc          ] GC(87) Concurrent Mark Cycle
[4.603s][info][gc,marking  ] GC(87) Concurrent Scan Root Regions
[4.603s][info][gc,marking  ] GC(87) Concurrent Scan Root Regions 0.026ms
[4.603s][info][gc,marking  ] GC(87) Concurrent Mark
[4.603s][info][gc,marking  ] GC(87) Concurrent Mark From Roots
[4.603s][info][gc,task     ] GC(87) Using 2 workers of 2 for marking
[4.605s][info][gc,marking  ] GC(87) Concurrent Mark From Roots 2.540ms
[4.605s][info][gc,marking  ] GC(87) Concurrent Preclean
[4.605s][info][gc,marking  ] GC(87) Concurrent Preclean 0.024ms
[4.605s][info][gc,start    ] GC(87) Pause Remark
[4.607s][info][gc          ] GC(87) Pause Remark 145M->145M(244M) 1.063ms
[4.607s][info][gc,cpu      ] GC(87) User=0.00s Sys=0.00s Real=0.00s
[4.607s][info][gc,marking  ] GC(87) Concurrent Mark 3.955ms
[4.607s][info][gc,marking  ] GC(87) Concurrent Rebuild Remembered Sets and Scrub Regions
[4.607s][info][gc,marking  ] GC(87) Concurrent Rebuild Remembered Sets and Scrub Regions 0.779ms
[4.608s][info][gc,start    ] GC(87) Pause Cleanup
[4.608s][info][gc          ] GC(87) Pause Cleanup 145M->145M(244M) 0.259ms
[4.608s][info][gc,cpu      ] GC(87) User=0.00s Sys=0.00s Real=0.00s
[4.608s][info][gc,marking  ] GC(87) Concurrent Clear Claimed Marks
[4.608s][info][gc,marking  ] GC(87) Concurrent Clear Claimed Marks 0.036ms
[4.608s][info][gc,marking  ] GC(87) Concurrent Cleanup for Next Mark
[4.609s][info][gc,marking  ] GC(87) Concurrent Cleanup for Next Mark 0.852ms
[4.609s][info][gc          ] GC(87) Concurrent Mark Cycle 6.348ms
[4.662s][info][gc,start    ] GC(88) Pause Young (Concurrent Start) (G1 Humongous Allocation)
[4.663s][info][gc,task     ] GC(88) Using 5 workers of 8 for evacuation
[4.664s][info][gc,phases   ] GC(88)   Pre Evacuate Collection Set: 0.4ms
[4.664s][info][gc,phases   ] GC(88)   Merge Heap Roots: 0.1ms
[4.664s][info][gc,phases   ] GC(88)   Evacuate Collection Set: 0.3ms
[4.664s][info][gc,phases   ] GC(88)   Post Evacuate Collection Set: 0.6ms
[4.665s][info][gc,phases   ] GC(88)   Other: 0.3ms
[4.665s][info][gc,heap     ] GC(88) Eden regions: 0->0(61)
[4.665s][info][gc,heap     ] GC(88) Survivor regions: 0->0(8)
[4.665s][info][gc,heap     ] GC(88) Old regions: 2->2
[4.665s][info][gc,heap     ] GC(88) Humongous regions: 144->144
[4.665s][info][gc,metaspace] GC(88) Metaspace: 383K(576K)->383K(576K) NonClass: 359K(448K)->359K(448K) Class: 24K(128K)->24K(128K)
[4.665s][info][gc          ] GC(88) Pause Young (Concurrent Start) (G1 Humongous Allocation) 145M->145M(244M) 2.384ms
[4.665s][info][gc,cpu      ] GC(88) User=0.00s Sys=0.02s Real=0.00s
[4.665s][info][gc          ] GC(89) Concurrent Mark Cycle
[4.665s][info][gc,marking  ] GC(89) Concurrent Scan Root Regions
[4.665s][info][gc,marking  ] GC(89) Concurrent Scan Root Regions 0.031ms
[4.665s][info][gc,marking  ] GC(89) Concurrent Mark
[4.665s][info][gc,marking  ] GC(89) Concurrent Mark From Roots
[4.665s][info][gc,task     ] GC(89) Using 2 workers of 2 for marking
[4.667s][info][gc,marking  ] GC(89) Concurrent Mark From Roots 1.972ms
[4.667s][info][gc,marking  ] GC(89) Concurrent Preclean
[4.667s][info][gc,marking  ] GC(89) Concurrent Preclean 0.025ms
[4.667s][info][gc,start    ] GC(89) Pause Remark
[4.668s][info][gc          ] GC(89) Pause Remark 147M->147M(247M) 1.087ms
[4.668s][info][gc,cpu      ] GC(89) User=0.00s Sys=0.00s Real=0.00s
[4.668s][info][gc,marking  ] GC(89) Concurrent Mark 3.404ms
[4.668s][info][gc,marking  ] GC(89) Concurrent Rebuild Remembered Sets and Scrub Regions
[4.669s][info][gc,marking  ] GC(89) Concurrent Rebuild Remembered Sets and Scrub Regions 0.667ms
[4.669s][info][gc,start    ] GC(89) Pause Cleanup
[4.670s][info][gc          ] GC(89) Pause Cleanup 147M->147M(247M) 0.265ms
[4.670s][info][gc,cpu      ] GC(89) User=0.00s Sys=0.00s Real=0.00s
[4.670s][info][gc,marking  ] GC(89) Concurrent Clear Claimed Marks
[4.670s][info][gc,marking  ] GC(89) Concurrent Clear Claimed Marks 0.029ms
[4.670s][info][gc,marking  ] GC(89) Concurrent Cleanup for Next Mark
[4.670s][info][gc,marking  ] GC(89) Concurrent Cleanup for Next Mark 0.569ms
[4.670s][info][gc          ] GC(89) Concurrent Mark Cycle 5.486ms
[4.726s][info][gc,start    ] GC(90) Pause Young (Concurrent Start) (G1 Humongous Allocation)
[4.726s][info][gc,task     ] GC(90) Using 5 workers of 8 for evacuation
[4.728s][info][gc,phases   ] GC(90)   Pre Evacuate Collection Set: 0.3ms
[4.728s][info][gc,phases   ] GC(90)   Merge Heap Roots: 0.2ms
[4.728s][info][gc,phases   ] GC(90)   Evacuate Collection Set: 0.4ms
[4.728s][info][gc,phases   ] GC(90)   Post Evacuate Collection Set: 0.5ms
[4.728s][info][gc,phases   ] GC(90)   Other: 0.1ms
[4.728s][info][gc,heap     ] GC(90) Eden regions: 0->0(61)
[4.728s][info][gc,heap     ] GC(90) Survivor regions: 0->0(8)
[4.728s][info][gc,heap     ] GC(90) Old regions: 2->2
[4.728s][info][gc,heap     ] GC(90) Humongous regions: 146->146
[4.728s][info][gc,metaspace] GC(90) Metaspace: 383K(576K)->383K(576K) NonClass: 359K(448K)->359K(448K) Class: 24K(128K)->24K(128K)
[4.728s][info][gc          ] GC(90) Pause Young (Concurrent Start) (G1 Humongous Allocation) 147M->147M(247M) 2.023ms
[4.728s][info][gc,cpu      ] GC(90) User=0.03s Sys=0.00s Real=0.00s
[4.728s][info][gc          ] GC(91) Concurrent Mark Cycle
[4.728s][info][gc,marking  ] GC(91) Concurrent Scan Root Regions
[4.729s][info][gc,marking  ] GC(91) Concurrent Scan Root Regions 0.031ms
[4.729s][info][gc,marking  ] GC(91) Concurrent Mark
[4.729s][info][gc,marking  ] GC(91) Concurrent Mark From Roots
[4.729s][info][gc,task     ] GC(91) Using 2 workers of 2 for marking
[4.731s][info][gc,marking  ] GC(91) Concurrent Mark From Roots 2.175ms
[4.731s][info][gc,marking  ] GC(91) Concurrent Preclean
[4.731s][info][gc,marking  ] GC(91) Concurrent Preclean 0.027ms
[4.731s][info][gc,start    ] GC(91) Pause Remark
[4.733s][info][gc          ] GC(91) Pause Remark 149M->149M(252M) 1.812ms
[4.733s][info][gc,cpu      ] GC(91) User=0.00s Sys=0.00s Real=0.00s
[4.733s][info][gc,marking  ] GC(91) Concurrent Mark 4.379ms
[4.733s][info][gc,marking  ] GC(91) Concurrent Rebuild Remembered Sets and Scrub Regions
[4.734s][info][gc,marking  ] GC(91) Concurrent Rebuild Remembered Sets and Scrub Regions 0.921ms
[4.734s][info][gc,start    ] GC(91) Pause Cleanup
[4.734s][info][gc          ] GC(91) Pause Cleanup 149M->149M(252M) 0.263ms
[4.734s][info][gc,cpu      ] GC(91) User=0.00s Sys=0.00s Real=0.00s
[4.734s][info][gc,marking  ] GC(91) Concurrent Clear Claimed Marks
[4.735s][info][gc,marking  ] GC(91) Concurrent Clear Claimed Marks 0.037ms
[4.735s][info][gc,marking  ] GC(91) Concurrent Cleanup for Next Mark
[4.735s][info][gc,marking  ] GC(91) Concurrent Cleanup for Next Mark 0.727ms
[4.735s][info][gc          ] GC(91) Concurrent Mark Cycle 7.009ms
[4.788s][info][gc,start    ] GC(92) Pause Young (Concurrent Start) (G1 Humongous Allocation)
[4.788s][info][gc,task     ] GC(92) Using 6 workers of 8 for evacuation
[4.790s][info][gc,phases   ] GC(92)   Pre Evacuate Collection Set: 0.4ms
[4.790s][info][gc,phases   ] GC(92)   Merge Heap Roots: 0.1ms
[4.790s][info][gc,phases   ] GC(92)   Evacuate Collection Set: 0.2ms
[4.790s][info][gc,phases   ] GC(92)   Post Evacuate Collection Set: 0.7ms
[4.790s][info][gc,phases   ] GC(92)   Other: 0.5ms
[4.790s][info][gc,heap     ] GC(92) Eden regions: 1->0(84)
[4.790s][info][gc,heap     ] GC(92) Survivor regions: 0->1(8)
[4.790s][info][gc,heap     ] GC(92) Old regions: 2->2
[4.790s][info][gc,heap     ] GC(92) Humongous regions: 148->148
[4.790s][info][gc,metaspace] GC(92) Metaspace: 383K(576K)->383K(576K) NonClass: 359K(448K)->359K(448K) Class: 24K(128K)->24K(128K)
[4.790s][info][gc          ] GC(92) Pause Young (Concurrent Start) (G1 Humongous Allocation) 149M->149M(252M) 2.245ms
[4.790s][info][gc,cpu      ] GC(92) User=0.00s Sys=0.00s Real=0.00s
[4.790s][info][gc          ] GC(93) Concurrent Mark Cycle
[4.790s][info][gc,marking  ] GC(93) Concurrent Scan Root Regions
[4.791s][info][gc,marking  ] GC(93) Concurrent Scan Root Regions 0.163ms
[4.791s][info][gc,marking  ] GC(93) Concurrent Mark
[4.791s][info][gc,marking  ] GC(93) Concurrent Mark From Roots
[4.791s][info][gc,task     ] GC(93) Using 2 workers of 2 for marking
[4.793s][info][gc,marking  ] GC(93) Concurrent Mark From Roots 2.677ms
[4.793s][info][gc,marking  ] GC(93) Concurrent Preclean
[4.793s][info][gc,marking  ] GC(93) Concurrent Preclean 0.034ms
[4.794s][info][gc,start    ] GC(93) Pause Remark
[4.795s][info][gc          ] GC(93) Pause Remark 151M->151M(255M) 1.551ms
[4.795s][info][gc,cpu      ] GC(93) User=0.00s Sys=0.00s Real=0.00s
[4.795s][info][gc,marking  ] GC(93) Concurrent Mark 4.577ms
[4.795s][info][gc,marking  ] GC(93) Concurrent Rebuild Remembered Sets and Scrub Regions
[4.796s][info][gc,marking  ] GC(93) Concurrent Rebuild Remembered Sets and Scrub Regions 0.741ms
[4.796s][info][gc,start    ] GC(93) Pause Cleanup
[4.796s][info][gc          ] GC(93) Pause Cleanup 151M->151M(255M) 0.298ms
[4.797s][info][gc,cpu      ] GC(93) User=0.00s Sys=0.00s Real=0.00s
[4.797s][info][gc,marking  ] GC(93) Concurrent Clear Claimed Marks
[4.797s][info][gc,marking  ] GC(93) Concurrent Clear Claimed Marks 0.039ms
[4.797s][info][gc,marking  ] GC(93) Concurrent Cleanup for Next Mark
[4.797s][info][gc,marking  ] GC(93) Concurrent Cleanup for Next Mark 0.616ms
[4.797s][info][gc          ] GC(93) Concurrent Mark Cycle 7.005ms
[4.850s][info][gc,start    ] GC(94) Pause Young (Concurrent Start) (G1 Humongous Allocation)
[4.850s][info][gc,task     ] GC(94) Using 6 workers of 8 for evacuation
[4.852s][info][gc,phases   ] GC(94)   Pre Evacuate Collection Set: 0.4ms
[4.853s][info][gc,phases   ] GC(94)   Merge Heap Roots: 0.2ms
[4.853s][info][gc,phases   ] GC(94)   Evacuate Collection Set: 0.5ms
[4.853s][info][gc,phases   ] GC(94)   Post Evacuate Collection Set: 0.9ms
[4.853s][info][gc,phases   ] GC(94)   Other: 0.3ms
[4.853s][info][gc,heap     ] GC(94) Eden regions: 0->0(76)
[4.853s][info][gc,heap     ] GC(94) Survivor regions: 1->1(11)
[4.853s][info][gc,heap     ] GC(94) Old regions: 2->2
[4.853s][info][gc,heap     ] GC(94) Humongous regions: 150->150
[4.853s][info][gc,metaspace] GC(94) Metaspace: 383K(576K)->383K(576K) NonClass: 359K(448K)->359K(448K) Class: 24K(128K)->24K(128K)
[4.853s][info][gc          ] GC(94) Pause Young (Concurrent Start) (G1 Humongous Allocation) 151M->151M(256M) 2.974ms
[4.853s][info][gc,cpu      ] GC(94) User=0.00s Sys=0.00s Real=0.00s
[4.853s][info][gc          ] GC(95) Concurrent Mark Cycle
[4.853s][info][gc,marking  ] GC(95) Concurrent Scan Root Regions
[4.853s][info][gc,marking  ] GC(95) Concurrent Scan Root Regions 0.279ms
[4.853s][info][gc,marking  ] GC(95) Concurrent Mark
[4.853s][info][gc,marking  ] GC(95) Concurrent Mark From Roots
[4.854s][info][gc,task     ] GC(95) Using 2 workers of 2 for marking
[4.856s][info][gc,marking  ] GC(95) Concurrent Mark From Roots 2.799ms
[4.856s][info][gc,marking  ] GC(95) Concurrent Preclean
[4.856s][info][gc,marking  ] GC(95) Concurrent Preclean 0.033ms
[4.857s][info][gc,start    ] GC(95) Pause Remark
[4.858s][info][gc          ] GC(95) Pause Remark 153M->153M(256M) 1.163ms
[4.858s][info][gc,cpu      ] GC(95) User=0.00s Sys=0.00s Real=0.00s
[4.858s][info][gc,marking  ] GC(95) Concurrent Mark 4.424ms
[4.858s][info][gc,marking  ] GC(95) Concurrent Rebuild Remembered Sets and Scrub Regions
[4.859s][info][gc,marking  ] GC(95) Concurrent Rebuild Remembered Sets and Scrub Regions 0.859ms
[4.859s][info][gc,start    ] GC(95) Pause Cleanup
[4.859s][info][gc          ] GC(95) Pause Cleanup 153M->153M(256M) 0.271ms
[4.859s][info][gc,cpu      ] GC(95) User=0.00s Sys=0.00s Real=0.00s
[4.859s][info][gc,marking  ] GC(95) Concurrent Clear Claimed Marks
[4.859s][info][gc,marking  ] GC(95) Concurrent Clear Claimed Marks 0.043ms
[4.860s][info][gc,marking  ] GC(95) Concurrent Cleanup for Next Mark
[4.861s][info][gc,marking  ] GC(95) Concurrent Cleanup for Next Mark 0.975ms
[4.861s][info][gc          ] GC(95) Concurrent Mark Cycle 7.579ms
[4.912s][info][gc,start    ] GC(96) Pause Young (Concurrent Start) (G1 Humongous Allocation)
[4.912s][info][gc,task     ] GC(96) Using 6 workers of 8 for evacuation
[4.914s][info][gc,phases   ] GC(96)   Pre Evacuate Collection Set: 0.3ms
[4.914s][info][gc,phases   ] GC(96)   Merge Heap Roots: 0.2ms
[4.914s][info][gc,phases   ] GC(96)   Evacuate Collection Set: 0.3ms
[4.914s][info][gc,phases   ] GC(96)   Post Evacuate Collection Set: 0.7ms
[4.914s][info][gc,phases   ] GC(96)   Other: 0.3ms
[4.914s][info][gc,heap     ] GC(96) Eden regions: 0->0(84)
[4.914s][info][gc,heap     ] GC(96) Survivor regions: 1->1(10)
[4.914s][info][gc,heap     ] GC(96) Old regions: 2->2
[4.914s][info][gc,heap     ] GC(96) Humongous regions: 152->152
[4.914s][info][gc,metaspace] GC(96) Metaspace: 383K(576K)->383K(576K) NonClass: 359K(448K)->359K(448K) Class: 24K(128K)->24K(128K)
[4.914s][info][gc          ] GC(96) Pause Young (Concurrent Start) (G1 Humongous Allocation) 153M->153M(256M) 2.250ms
[4.914s][info][gc,cpu      ] GC(96) User=0.03s Sys=0.00s Real=0.00s
[4.914s][info][gc          ] GC(97) Concurrent Mark Cycle
[4.915s][info][gc,marking  ] GC(97) Concurrent Scan Root Regions
[4.915s][info][gc,marking  ] GC(97) Concurrent Scan Root Regions 0.146ms
[4.915s][info][gc,marking  ] GC(97) Concurrent Mark
[4.915s][info][gc,marking  ] GC(97) Concurrent Mark From Roots
[4.915s][info][gc,task     ] GC(97) Using 2 workers of 2 for marking
[4.917s][info][gc,marking  ] GC(97) Concurrent Mark From Roots 2.374ms
[4.917s][info][gc,marking  ] GC(97) Concurrent Preclean
[4.917s][info][gc,marking  ] GC(97) Concurrent Preclean 0.046ms
[4.917s][info][gc,start    ] GC(97) Pause Remark
[4.919s][info][gc          ] GC(97) Pause Remark 155M->155M(256M) 1.225ms
[4.919s][info][gc,cpu      ] GC(97) User=0.00s Sys=0.00s Real=0.00s
[4.919s][info][gc,marking  ] GC(97) Concurrent Mark 3.997ms
[4.919s][info][gc,marking  ] GC(97) Concurrent Rebuild Remembered Sets and Scrub Regions
[4.919s][info][gc,marking  ] GC(97) Concurrent Rebuild Remembered Sets and Scrub Regions 0.679ms
[4.920s][info][gc,start    ] GC(97) Pause Cleanup
[4.920s][info][gc          ] GC(97) Pause Cleanup 155M->155M(256M) 0.293ms
[4.920s][info][gc,cpu      ] GC(97) User=0.00s Sys=0.00s Real=0.00s
[4.920s][info][gc,marking  ] GC(97) Concurrent Clear Claimed Marks
[4.920s][info][gc,marking  ] GC(97) Concurrent Clear Claimed Marks 0.041ms
[4.920s][info][gc,marking  ] GC(97) Concurrent Cleanup for Next Mark
[4.921s][info][gc,marking  ] GC(97) Concurrent Cleanup for Next Mark 0.754ms
[4.921s][info][gc          ] GC(97) Concurrent Mark Cycle 6.486ms
[4.976s][info][gc,start    ] GC(98) Pause Young (Concurrent Start) (G1 Humongous Allocation)
[4.976s][info][gc,task     ] GC(98) Using 6 workers of 8 for evacuation
[4.978s][info][gc,phases   ] GC(98)   Pre Evacuate Collection Set: 0.3ms
[4.978s][info][gc,phases   ] GC(98)   Merge Heap Roots: 0.1ms
[4.978s][info][gc,phases   ] GC(98)   Evacuate Collection Set: 0.5ms
[4.978s][info][gc,phases   ] GC(98)   Post Evacuate Collection Set: 0.7ms
[4.978s][info][gc,phases   ] GC(98)   Other: 0.3ms
[4.978s][info][gc,heap     ] GC(98) Eden regions: 0->0(82)
[4.978s][info][gc,heap     ] GC(98) Survivor regions: 1->1(11)
[4.978s][info][gc,heap     ] GC(98) Old regions: 2->2
[4.978s][info][gc,heap     ] GC(98) Humongous regions: 154->154
[4.978s][info][gc,metaspace] GC(98) Metaspace: 383K(576K)->383K(576K) NonClass: 359K(448K)->359K(448K) Class: 24K(128K)->24K(128K)
[4.978s][info][gc          ] GC(98) Pause Young (Concurrent Start) (G1 Humongous Allocation) 155M->155M(256M) 2.742ms
[4.978s][info][gc,cpu      ] GC(98) User=0.08s Sys=0.00s Real=0.00s
[4.978s][info][gc          ] GC(99) Concurrent Mark Cycle
[4.978s][info][gc,marking  ] GC(99) Concurrent Scan Root Regions
[4.979s][info][gc,marking  ] GC(99) Concurrent Scan Root Regions 0.228ms
[4.979s][info][gc,marking  ] GC(99) Concurrent Mark
[4.979s][info][gc,marking  ] GC(99) Concurrent Mark From Roots
[4.979s][info][gc,task     ] GC(99) Using 2 workers of 2 for marking
[4.982s][info][gc,marking  ] GC(99) Concurrent Mark From Roots 2.817ms
[4.982s][info][gc,marking  ] GC(99) Concurrent Preclean
[4.982s][info][gc,marking  ] GC(99) Concurrent Preclean 0.025ms
[4.982s][info][gc,start    ] GC(99) Pause Remark
[4.983s][info][gc          ] GC(99) Pause Remark 157M->157M(256M) 0.916ms
[4.983s][info][gc,cpu      ] GC(99) User=0.00s Sys=0.00s Real=0.00s
[4.983s][info][gc,marking  ] GC(99) Concurrent Mark 4.076ms
[4.983s][info][gc,marking  ] GC(99) Concurrent Rebuild Remembered Sets and Scrub Regions
[4.984s][info][gc,marking  ] GC(99) Concurrent Rebuild Remembered Sets and Scrub Regions 0.808ms
[4.984s][info][gc,start    ] GC(99) Pause Cleanup
[4.984s][info][gc          ] GC(99) Pause Cleanup 157M->157M(256M) 0.231ms
[4.984s][info][gc,cpu      ] GC(99) User=0.00s Sys=0.00s Real=0.00s
[4.984s][info][gc,marking  ] GC(99) Concurrent Clear Claimed Marks
[4.984s][info][gc,marking  ] GC(99) Concurrent Clear Claimed Marks 0.062ms
[4.984s][info][gc,marking  ] GC(99) Concurrent Cleanup for Next Mark
[4.985s][info][gc,marking  ] GC(99) Concurrent Cleanup for Next Mark 0.839ms
[4.985s][info][gc          ] GC(99) Concurrent Mark Cycle 6.838ms
[5.038s][info][gc,start    ] GC(100) Pause Young (Concurrent Start) (G1 Humongous Allocation)
[5.038s][info][gc,task     ] GC(100) Using 6 workers of 8 for evacuation
[5.040s][info][gc,phases   ] GC(100)   Pre Evacuate Collection Set: 0.3ms
[5.040s][info][gc,phases   ] GC(100)   Merge Heap Roots: 0.1ms
[5.040s][info][gc,phases   ] GC(100)   Evacuate Collection Set: 0.3ms
[5.040s][info][gc,phases   ] GC(100)   Post Evacuate Collection Set: 0.6ms
[5.040s][info][gc,phases   ] GC(100)   Other: 0.2ms
[5.040s][info][gc,heap     ] GC(100) Eden regions: 0->0(81)
[5.040s][info][gc,heap     ] GC(100) Survivor regions: 1->1(11)
[5.040s][info][gc,heap     ] GC(100) Old regions: 2->2
[5.040s][info][gc,heap     ] GC(100) Humongous regions: 156->156
[5.040s][info][gc,metaspace] GC(100) Metaspace: 383K(576K)->383K(576K) NonClass: 359K(448K)->359K(448K) Class: 24K(128K)->24K(128K)
[5.040s][info][gc          ] GC(100) Pause Young (Concurrent Start) (G1 Humongous Allocation) 157M->157M(256M) 1.787ms
[5.040s][info][gc,cpu      ] GC(100) User=0.02s Sys=0.00s Real=0.00s
[5.040s][info][gc          ] GC(101) Concurrent Mark Cycle
[5.040s][info][gc,marking  ] GC(101) Concurrent Scan Root Regions
[5.040s][info][gc,marking  ] GC(101) Concurrent Scan Root Regions 0.200ms
[5.040s][info][gc,marking  ] GC(101) Concurrent Mark
[5.040s][info][gc,marking  ] GC(101) Concurrent Mark From Roots
[5.040s][info][gc,task     ] GC(101) Using 2 workers of 2 for marking
[5.043s][info][gc,marking  ] GC(101) Concurrent Mark From Roots 2.910ms
[5.043s][info][gc,marking  ] GC(101) Concurrent Preclean
[5.043s][info][gc,marking  ] GC(101) Concurrent Preclean 0.029ms
[5.044s][info][gc,start    ] GC(101) Pause Remark
[5.045s][info][gc          ] GC(101) Pause Remark 159M->159M(256M) 1.324ms
[5.045s][info][gc,cpu      ] GC(101) User=0.00s Sys=0.00s Real=0.00s
[5.045s][info][gc,marking  ] GC(101) Concurrent Mark 4.970ms
[5.045s][info][gc,marking  ] GC(101) Concurrent Rebuild Remembered Sets and Scrub Regions
[5.046s][info][gc,marking  ] GC(101) Concurrent Rebuild Remembered Sets and Scrub Regions 1.201ms
[5.047s][info][gc,start    ] GC(101) Pause Cleanup
[5.047s][info][gc          ] GC(101) Pause Cleanup 159M->159M(256M) 0.456ms
[5.047s][info][gc,cpu      ] GC(101) User=0.00s Sys=0.00s Real=0.00s
[5.047s][info][gc,marking  ] GC(101) Concurrent Clear Claimed Marks
[5.047s][info][gc,marking  ] GC(101) Concurrent Clear Claimed Marks 0.042ms
[5.047s][info][gc,marking  ] GC(101) Concurrent Cleanup for Next Mark
[5.048s][info][gc,marking  ] GC(101) Concurrent Cleanup for Next Mark 0.633ms
[5.048s][info][gc          ] GC(101) Concurrent Mark Cycle 8.164ms
[5.100s][info][gc,start    ] GC(102) Pause Young (Concurrent Start) (G1 Humongous Allocation)
[5.100s][info][gc,task     ] GC(102) Using 6 workers of 8 for evacuation
[5.102s][info][gc,phases   ] GC(102)   Pre Evacuate Collection Set: 0.3ms
[5.102s][info][gc,phases   ] GC(102)   Merge Heap Roots: 0.1ms
[5.102s][info][gc,phases   ] GC(102)   Evacuate Collection Set: 0.3ms
[5.102s][info][gc,phases   ] GC(102)   Post Evacuate Collection Set: 0.5ms
[5.102s][info][gc,phases   ] GC(102)   Other: 0.2ms
[5.102s][info][gc,heap     ] GC(102) Eden regions: 0->0(79)
[5.102s][info][gc,heap     ] GC(102) Survivor regions: 1->1(11)
[5.102s][info][gc,heap     ] GC(102) Old regions: 2->2
[5.102s][info][gc,heap     ] GC(102) Humongous regions: 158->158
[5.102s][info][gc,metaspace] GC(102) Metaspace: 383K(576K)->383K(576K) NonClass: 359K(448K)->359K(448K) Class: 24K(128K)->24K(128K)
[5.102s][info][gc          ] GC(102) Pause Young (Concurrent Start) (G1 Humongous Allocation) 159M->159M(256M) 1.807ms
[5.102s][info][gc,cpu      ] GC(102) User=0.00s Sys=0.00s Real=0.00s
[5.102s][info][gc          ] GC(103) Concurrent Mark Cycle
[5.102s][info][gc,marking  ] GC(103) Concurrent Scan Root Regions
[5.102s][info][gc,marking  ] GC(103) Concurrent Scan Root Regions 0.101ms
[5.103s][info][gc,marking  ] GC(103) Concurrent Mark
[5.103s][info][gc,marking  ] GC(103) Concurrent Mark From Roots
[5.103s][info][gc,task     ] GC(103) Using 2 workers of 2 for marking
[5.105s][info][gc,marking  ] GC(103) Concurrent Mark From Roots 2.179ms
[5.105s][info][gc,marking  ] GC(103) Concurrent Preclean
[5.105s][info][gc,marking  ] GC(103) Concurrent Preclean 0.028ms
[5.105s][info][gc,start    ] GC(103) Pause Remark
[5.106s][info][gc          ] GC(103) Pause Remark 161M->161M(256M) 1.088ms
[5.106s][info][gc,cpu      ] GC(103) User=0.00s Sys=0.00s Real=0.00s
[5.106s][info][gc,marking  ] GC(103) Concurrent Mark 3.703ms
[5.106s][info][gc,marking  ] GC(103) Concurrent Rebuild Remembered Sets and Scrub Regions
[5.107s][info][gc,marking  ] GC(103) Concurrent Rebuild Remembered Sets and Scrub Regions 0.883ms
[5.107s][info][gc,start    ] GC(103) Pause Cleanup
[5.108s][info][gc          ] GC(103) Pause Cleanup 161M->161M(256M) 0.350ms
[5.108s][info][gc,cpu      ] GC(103) User=0.00s Sys=0.00s Real=0.00s
[5.108s][info][gc,marking  ] GC(103) Concurrent Clear Claimed Marks
[5.108s][info][gc,marking  ] GC(103) Concurrent Clear Claimed Marks 0.072ms
[5.108s][info][gc,marking  ] GC(103) Concurrent Cleanup for Next Mark
[5.109s][info][gc,marking  ] GC(103) Concurrent Cleanup for Next Mark 0.771ms
[5.109s][info][gc          ] GC(103) Concurrent Mark Cycle 6.497ms
[5.163s][info][gc,start    ] GC(104) Pause Young (Concurrent Start) (G1 Humongous Allocation)
[5.163s][info][gc,task     ] GC(104) Using 6 workers of 8 for evacuation
[5.165s][info][gc,phases   ] GC(104)   Pre Evacuate Collection Set: 0.3ms
[5.165s][info][gc,phases   ] GC(104)   Merge Heap Roots: 0.2ms
[5.165s][info][gc,phases   ] GC(104)   Evacuate Collection Set: 0.3ms
[5.165s][info][gc,phases   ] GC(104)   Post Evacuate Collection Set: 0.8ms
[5.165s][info][gc,phases   ] GC(104)   Other: 0.2ms
[5.165s][info][gc,heap     ] GC(104) Eden regions: 1->0(78)
[5.165s][info][gc,heap     ] GC(104) Survivor regions: 1->1(10)
[5.165s][info][gc,heap     ] GC(104) Old regions: 2->2
[5.165s][info][gc,heap     ] GC(104) Humongous regions: 160->160
[5.165s][info][gc,metaspace] GC(104) Metaspace: 383K(576K)->383K(576K) NonClass: 359K(448K)->359K(448K) Class: 24K(128K)->24K(128K)
[5.165s][info][gc          ] GC(104) Pause Young (Concurrent Start) (G1 Humongous Allocation) 161M->161M(256M) 2.289ms
[5.165s][info][gc,cpu      ] GC(104) User=0.00s Sys=0.00s Real=0.00s
[5.165s][info][gc          ] GC(105) Concurrent Mark Cycle
[5.165s][info][gc,marking  ] GC(105) Concurrent Scan Root Regions
[5.165s][info][gc,marking  ] GC(105) Concurrent Scan Root Regions 0.232ms
[5.165s][info][gc,marking  ] GC(105) Concurrent Mark
[5.165s][info][gc,marking  ] GC(105) Concurrent Mark From Roots
[5.165s][info][gc,task     ] GC(105) Using 2 workers of 2 for marking
[5.167s][info][gc,marking  ] GC(105) Concurrent Mark From Roots 1.851ms
[5.167s][info][gc,marking  ] GC(105) Concurrent Preclean
[5.167s][info][gc,marking  ] GC(105) Concurrent Preclean 0.038ms
[5.168s][info][gc,start    ] GC(105) Pause Remark
[5.169s][info][gc          ] GC(105) Pause Remark 163M->163M(256M) 1.574ms
[5.169s][info][gc,cpu      ] GC(105) User=0.00s Sys=0.00s Real=0.00s
[5.169s][info][gc,marking  ] GC(105) Concurrent Mark 3.862ms
[5.169s][info][gc,marking  ] GC(105) Concurrent Rebuild Remembered Sets and Scrub Regions
[5.170s][info][gc,marking  ] GC(105) Concurrent Rebuild Remembered Sets and Scrub Regions 0.718ms
[5.170s][info][gc,start    ] GC(105) Pause Cleanup
[5.170s][info][gc          ] GC(105) Pause Cleanup 163M->163M(256M) 0.325ms
[5.171s][info][gc,cpu      ] GC(105) User=0.00s Sys=0.00s Real=0.00s
[5.171s][info][gc,marking  ] GC(105) Concurrent Clear Claimed Marks
[5.171s][info][gc,marking  ] GC(105) Concurrent Clear Claimed Marks 0.084ms
[5.171s][info][gc,marking  ] GC(105) Concurrent Cleanup for Next Mark
[5.171s][info][gc,marking  ] GC(105) Concurrent Cleanup for Next Mark 0.666ms
[5.171s][info][gc          ] GC(105) Concurrent Mark Cycle 6.429ms
[5.226s][info][gc,start    ] GC(106) Pause Young (Concurrent Start) (G1 Humongous Allocation)
[5.226s][info][gc,task     ] GC(106) Using 6 workers of 8 for evacuation
[5.228s][info][gc,phases   ] GC(106)   Pre Evacuate Collection Set: 0.3ms
[5.228s][info][gc,phases   ] GC(106)   Merge Heap Roots: 0.2ms
[5.228s][info][gc,phases   ] GC(106)   Evacuate Collection Set: 0.5ms
[5.228s][info][gc,phases   ] GC(106)   Post Evacuate Collection Set: 0.7ms
[5.228s][info][gc,phases   ] GC(106)   Other: 0.1ms
[5.228s][info][gc,heap     ] GC(106) Eden regions: 0->0(76)
[5.228s][info][gc,heap     ] GC(106) Survivor regions: 1->1(10)
[5.228s][info][gc,heap     ] GC(106) Old regions: 2->2
[5.228s][info][gc,heap     ] GC(106) Humongous regions: 162->162
[5.228s][info][gc,metaspace] GC(106) Metaspace: 383K(576K)->383K(576K) NonClass: 359K(448K)->359K(448K) Class: 24K(128K)->24K(128K)
[5.228s][info][gc          ] GC(106) Pause Young (Concurrent Start) (G1 Humongous Allocation) 163M->163M(256M) 2.215ms
[5.228s][info][gc,cpu      ] GC(106) User=0.02s Sys=0.03s Real=0.00s
[5.228s][info][gc          ] GC(107) Concurrent Mark Cycle
[5.228s][info][gc,marking  ] GC(107) Concurrent Scan Root Regions
[5.228s][info][gc,marking  ] GC(107) Concurrent Scan Root Regions 0.171ms
[5.228s][info][gc,marking  ] GC(107) Concurrent Mark
[5.228s][info][gc,marking  ] GC(107) Concurrent Mark From Roots
[5.228s][info][gc,task     ] GC(107) Using 2 workers of 2 for marking
[5.230s][info][gc,marking  ] GC(107) Concurrent Mark From Roots 1.996ms
[5.230s][info][gc,marking  ] GC(107) Concurrent Preclean
[5.230s][info][gc,marking  ] GC(107) Concurrent Preclean 0.023ms
[5.230s][info][gc,start    ] GC(107) Pause Remark
[5.232s][info][gc          ] GC(107) Pause Remark 165M->165M(256M) 1.067ms
[5.232s][info][gc,cpu      ] GC(107) User=0.00s Sys=0.00s Real=0.00s
[5.232s][info][gc,marking  ] GC(107) Concurrent Mark 3.401ms
[5.232s][info][gc,marking  ] GC(107) Concurrent Rebuild Remembered Sets and Scrub Regions
[5.232s][info][gc,marking  ] GC(107) Concurrent Rebuild Remembered Sets and Scrub Regions 0.689ms
[5.233s][info][gc,start    ] GC(107) Pause Cleanup
[5.233s][info][gc          ] GC(107) Pause Cleanup 165M->165M(256M) 0.426ms
[5.233s][info][gc,cpu      ] GC(107) User=0.00s Sys=0.00s Real=0.00s
[5.233s][info][gc,marking  ] GC(107) Concurrent Clear Claimed Marks
[5.233s][info][gc,marking  ] GC(107) Concurrent Clear Claimed Marks 0.039ms
[5.233s][info][gc,marking  ] GC(107) Concurrent Cleanup for Next Mark
[5.234s][info][gc,marking  ] GC(107) Concurrent Cleanup for Next Mark 0.866ms
[5.234s][info][gc          ] GC(107) Concurrent Mark Cycle 6.150ms
[5.288s][info][gc,start    ] GC(108) Pause Young (Concurrent Start) (G1 Humongous Allocation)
[5.288s][info][gc,task     ] GC(108) Using 6 workers of 8 for evacuation
[5.289s][info][gc,phases   ] GC(108)   Pre Evacuate Collection Set: 0.3ms
[5.289s][info][gc,phases   ] GC(108)   Merge Heap Roots: 0.2ms
[5.289s][info][gc,phases   ] GC(108)   Evacuate Collection Set: 0.3ms
[5.289s][info][gc,phases   ] GC(108)   Post Evacuate Collection Set: 0.7ms
[5.290s][info][gc,phases   ] GC(108)   Other: 0.2ms
[5.290s][info][gc,heap     ] GC(108) Eden regions: 0->0(74)
[5.290s][info][gc,heap     ] GC(108) Survivor regions: 1->1(10)
[5.290s][info][gc,heap     ] GC(108) Old regions: 2->2
[5.290s][info][gc,heap     ] GC(108) Humongous regions: 164->164
[5.290s][info][gc,metaspace] GC(108) Metaspace: 383K(576K)->383K(576K) NonClass: 359K(448K)->359K(448K) Class: 24K(128K)->24K(128K)
[5.290s][info][gc          ] GC(108) Pause Young (Concurrent Start) (G1 Humongous Allocation) 165M->165M(256M) 2.054ms
[5.290s][info][gc,cpu      ] GC(108) User=0.00s Sys=0.00s Real=0.00s
[5.290s][info][gc          ] GC(109) Concurrent Mark Cycle
[5.290s][info][gc,marking  ] GC(109) Concurrent Scan Root Regions
[5.290s][info][gc,marking  ] GC(109) Concurrent Scan Root Regions 0.198ms
[5.290s][info][gc,marking  ] GC(109) Concurrent Mark
[5.290s][info][gc,marking  ] GC(109) Concurrent Mark From Roots
[5.290s][info][gc,task     ] GC(109) Using 2 workers of 2 for marking
[5.293s][info][gc,marking  ] GC(109) Concurrent Mark From Roots 2.688ms
[5.293s][info][gc,marking  ] GC(109) Concurrent Preclean
[5.293s][info][gc,marking  ] GC(109) Concurrent Preclean 0.032ms
[5.293s][info][gc,start    ] GC(109) Pause Remark
[5.295s][info][gc          ] GC(109) Pause Remark 167M->167M(256M) 1.834ms
[5.295s][info][gc,cpu      ] GC(109) User=0.00s Sys=0.00s Real=0.00s
[5.295s][info][gc,marking  ] GC(109) Concurrent Mark 5.019ms
[5.295s][info][gc,marking  ] GC(109) Concurrent Rebuild Remembered Sets and Scrub Regions
[5.296s][info][gc,marking  ] GC(109) Concurrent Rebuild Remembered Sets and Scrub Regions 0.761ms
[5.296s][info][gc,start    ] GC(109) Pause Cleanup
[5.296s][info][gc          ] GC(109) Pause Cleanup 167M->167M(256M) 0.282ms
[5.296s][info][gc,cpu      ] GC(109) User=0.00s Sys=0.00s Real=0.00s
[5.297s][info][gc,marking  ] GC(109) Concurrent Clear Claimed Marks
[5.297s][info][gc,marking  ] GC(109) Concurrent Clear Claimed Marks 0.045ms
[5.297s][info][gc,marking  ] GC(109) Concurrent Cleanup for Next Mark
[5.297s][info][gc,marking  ] GC(109) Concurrent Cleanup for Next Mark 0.523ms
[5.297s][info][gc          ] GC(109) Concurrent Mark Cycle 7.389ms
[5.349s][info][gc,start    ] GC(110) Pause Young (Concurrent Start) (G1 Humongous Allocation)
[5.350s][info][gc,task     ] GC(110) Using 6 workers of 8 for evacuation
[5.351s][info][gc,phases   ] GC(110)   Pre Evacuate Collection Set: 0.3ms
[5.351s][info][gc,phases   ] GC(110)   Merge Heap Roots: 0.1ms
[5.351s][info][gc,phases   ] GC(110)   Evacuate Collection Set: 0.1ms
[5.351s][info][gc,phases   ] GC(110)   Post Evacuate Collection Set: 0.6ms
[5.351s][info][gc,phases   ] GC(110)   Other: 0.2ms
[5.351s][info][gc,heap     ] GC(110) Eden regions: 0->0(72)
[5.351s][info][gc,heap     ] GC(110) Survivor regions: 1->1(10)
[5.351s][info][gc,heap     ] GC(110) Old regions: 2->2
[5.351s][info][gc,heap     ] GC(110) Humongous regions: 166->166
[5.351s][info][gc,metaspace] GC(110) Metaspace: 383K(576K)->383K(576K) NonClass: 359K(448K)->359K(448K) Class: 24K(128K)->24K(128K)
[5.351s][info][gc          ] GC(110) Pause Young (Concurrent Start) (G1 Humongous Allocation) 167M->167M(256M) 1.709ms
[5.351s][info][gc,cpu      ] GC(110) User=0.00s Sys=0.00s Real=0.00s
[5.351s][info][gc          ] GC(111) Concurrent Mark Cycle
[5.351s][info][gc,marking  ] GC(111) Concurrent Scan Root Regions
[5.352s][info][gc,marking  ] GC(111) Concurrent Scan Root Regions 0.192ms
[5.352s][info][gc,marking  ] GC(111) Concurrent Mark
[5.352s][info][gc,marking  ] GC(111) Concurrent Mark From Roots
[5.352s][info][gc,task     ] GC(111) Using 2 workers of 2 for marking
[5.353s][info][gc,marking  ] GC(111) Concurrent Mark From Roots 1.777ms
[5.353s][info][gc,marking  ] GC(111) Concurrent Preclean
[5.353s][info][gc,marking  ] GC(111) Concurrent Preclean 0.027ms
[5.354s][info][gc,start    ] GC(111) Pause Remark
[5.355s][info][gc          ] GC(111) Pause Remark 169M->169M(256M) 1.208ms
[5.355s][info][gc,cpu      ] GC(111) User=0.00s Sys=0.00s Real=0.00s
[5.355s][info][gc,marking  ] GC(111) Concurrent Mark 3.352ms
[5.355s][info][gc,marking  ] GC(111) Concurrent Rebuild Remembered Sets and Scrub Regions
[5.356s][info][gc,marking  ] GC(111) Concurrent Rebuild Remembered Sets and Scrub Regions 0.784ms
[5.356s][info][gc,start    ] GC(111) Pause Cleanup
[5.356s][info][gc          ] GC(111) Pause Cleanup 169M->169M(256M) 0.375ms
[5.356s][info][gc,cpu      ] GC(111) User=0.00s Sys=0.00s Real=0.00s
[5.357s][info][gc,marking  ] GC(111) Concurrent Clear Claimed Marks
[5.357s][info][gc,marking  ] GC(111) Concurrent Clear Claimed Marks 0.039ms
[5.357s][info][gc,marking  ] GC(111) Concurrent Cleanup for Next Mark
[5.357s][info][gc,marking  ] GC(111) Concurrent Cleanup for Next Mark 0.813ms
[5.358s][info][gc          ] GC(111) Concurrent Mark Cycle 6.336ms
[5.413s][info][gc,start    ] GC(112) Pause Young (Concurrent Start) (G1 Humongous Allocation)
[5.413s][info][gc,task     ] GC(112) Using 6 workers of 8 for evacuation
[5.415s][info][gc,phases   ] GC(112)   Pre Evacuate Collection Set: 0.3ms
[5.415s][info][gc,phases   ] GC(112)   Merge Heap Roots: 0.2ms
[5.415s][info][gc,phases   ] GC(112)   Evacuate Collection Set: 0.3ms
[5.415s][info][gc,phases   ] GC(112)   Post Evacuate Collection Set: 0.7ms
[5.415s][info][gc,phases   ] GC(112)   Other: 0.3ms
[5.415s][info][gc,heap     ] GC(112) Eden regions: 0->0(70)
[5.415s][info][gc,heap     ] GC(112) Survivor regions: 1->1(10)
[5.415s][info][gc,heap     ] GC(112) Old regions: 2->2
[5.415s][info][gc,heap     ] GC(112) Humongous regions: 168->168
[5.415s][info][gc,metaspace] GC(112) Metaspace: 383K(576K)->383K(576K) NonClass: 359K(448K)->359K(448K) Class: 24K(128K)->24K(128K)
[5.415s][info][gc          ] GC(112) Pause Young (Concurrent Start) (G1 Humongous Allocation) 169M->169M(256M) 2.389ms
[5.415s][info][gc,cpu      ] GC(112) User=0.03s Sys=0.00s Real=0.00s
[5.415s][info][gc          ] GC(113) Concurrent Mark Cycle
[5.415s][info][gc,marking  ] GC(113) Concurrent Scan Root Regions
[5.415s][info][gc,marking  ] GC(113) Concurrent Scan Root Regions 0.108ms
[5.415s][info][gc,marking  ] GC(113) Concurrent Mark
[5.415s][info][gc,marking  ] GC(113) Concurrent Mark From Roots
[5.415s][info][gc,task     ] GC(113) Using 2 workers of 2 for marking
[5.418s][info][gc,marking  ] GC(113) Concurrent Mark From Roots 2.553ms
[5.418s][info][gc,marking  ] GC(113) Concurrent Preclean
[5.418s][info][gc,marking  ] GC(113) Concurrent Preclean 0.032ms
[5.418s][info][gc,start    ] GC(113) Pause Remark
[5.419s][info][gc          ] GC(113) Pause Remark 171M->171M(256M) 1.185ms
[5.419s][info][gc,cpu      ] GC(113) User=0.00s Sys=0.00s Real=0.00s
[5.420s][info][gc,marking  ] GC(113) Concurrent Mark 4.108ms
[5.420s][info][gc,marking  ] GC(113) Concurrent Rebuild Remembered Sets and Scrub Regions
[5.420s][info][gc,marking  ] GC(113) Concurrent Rebuild Remembered Sets and Scrub Regions 0.716ms
[5.420s][info][gc,start    ] GC(113) Pause Cleanup
[5.421s][info][gc          ] GC(113) Pause Cleanup 171M->171M(256M) 0.220ms
[5.421s][info][gc,cpu      ] GC(113) User=0.00s Sys=0.00s Real=0.00s
[5.421s][info][gc,marking  ] GC(113) Concurrent Clear Claimed Marks
[5.421s][info][gc,marking  ] GC(113) Concurrent Clear Claimed Marks 0.044ms
[5.421s][info][gc,marking  ] GC(113) Concurrent Cleanup for Next Mark
[5.422s][info][gc,marking  ] GC(113) Concurrent Cleanup for Next Mark 0.769ms
[5.422s][info][gc          ] GC(113) Concurrent Mark Cycle 6.555ms
[5.475s][info][gc,start    ] GC(114) Pause Young (Concurrent Start) (G1 Humongous Allocation)
[5.476s][info][gc,task     ] GC(114) Using 6 workers of 8 for evacuation
[5.478s][info][gc,phases   ] GC(114)   Pre Evacuate Collection Set: 0.4ms
[5.478s][info][gc,phases   ] GC(114)   Merge Heap Roots: 0.2ms
[5.478s][info][gc,phases   ] GC(114)   Evacuate Collection Set: 0.6ms
[5.478s][info][gc,phases   ] GC(114)   Post Evacuate Collection Set: 1.1ms
[5.478s][info][gc,phases   ] GC(114)   Other: 0.4ms
[5.478s][info][gc,heap     ] GC(114) Eden regions: 0->0(68)
[5.478s][info][gc,heap     ] GC(114) Survivor regions: 1->1(9)
[5.479s][info][gc,heap     ] GC(114) Old regions: 2->2
[5.479s][info][gc,heap     ] GC(114) Humongous regions: 170->170
[5.479s][info][gc,metaspace] GC(114) Metaspace: 383K(576K)->383K(576K) NonClass: 359K(448K)->359K(448K) Class: 24K(128K)->24K(128K)
[5.479s][info][gc          ] GC(114) Pause Young (Concurrent Start) (G1 Humongous Allocation) 171M->171M(256M) 3.230ms
[5.479s][info][gc,cpu      ] GC(114) User=0.00s Sys=0.00s Real=0.00s
[5.479s][info][gc          ] GC(115) Concurrent Mark Cycle
[5.479s][info][gc,marking  ] GC(115) Concurrent Scan Root Regions
[5.479s][info][gc,marking  ] GC(115) Concurrent Scan Root Regions 0.213ms
[5.479s][info][gc,marking  ] GC(115) Concurrent Mark
[5.479s][info][gc,marking  ] GC(115) Concurrent Mark From Roots
[5.479s][info][gc,task     ] GC(115) Using 2 workers of 2 for marking
[5.482s][info][gc,marking  ] GC(115) Concurrent Mark From Roots 2.587ms
[5.482s][info][gc,marking  ] GC(115) Concurrent Preclean
[5.482s][info][gc,marking  ] GC(115) Concurrent Preclean 0.022ms
[5.482s][info][gc,start    ] GC(115) Pause Remark
[5.483s][info][gc          ] GC(115) Pause Remark 173M->173M(256M) 0.789ms
[5.483s][info][gc,cpu      ] GC(115) User=0.00s Sys=0.00s Real=0.00s
[5.483s][info][gc,marking  ] GC(115) Concurrent Mark 3.694ms
[5.483s][info][gc,marking  ] GC(115) Concurrent Rebuild Remembered Sets and Scrub Regions
[5.484s][info][gc,marking  ] GC(115) Concurrent Rebuild Remembered Sets and Scrub Regions 0.720ms
[5.484s][info][gc,start    ] GC(115) Pause Cleanup
[5.484s][info][gc          ] GC(115) Pause Cleanup 173M->173M(256M) 0.201ms
[5.484s][info][gc,cpu      ] GC(115) User=0.00s Sys=0.00s Real=0.00s
[5.484s][info][gc,marking  ] GC(115) Concurrent Clear Claimed Marks
[5.484s][info][gc,marking  ] GC(115) Concurrent Clear Claimed Marks 0.040ms
[5.484s][info][gc,marking  ] GC(115) Concurrent Cleanup for Next Mark
[5.485s][info][gc,marking  ] GC(115) Concurrent Cleanup for Next Mark 0.616ms
[5.485s][info][gc          ] GC(115) Concurrent Mark Cycle 6.002ms
[5.539s][info][gc,start    ] GC(116) Pause Young (Concurrent Start) (G1 Humongous Allocation)
[5.540s][info][gc,task     ] GC(116) Using 6 workers of 8 for evacuation
[5.541s][info][gc,phases   ] GC(116)   Pre Evacuate Collection Set: 0.4ms
[5.541s][info][gc,phases   ] GC(116)   Merge Heap Roots: 0.2ms
[5.541s][info][gc,phases   ] GC(116)   Evacuate Collection Set: 0.3ms
[5.541s][info][gc,phases   ] GC(116)   Post Evacuate Collection Set: 0.6ms
[5.541s][info][gc,phases   ] GC(116)   Other: 0.2ms
[5.542s][info][gc,heap     ] GC(116) Eden regions: 0->0(66)
[5.542s][info][gc,heap     ] GC(116) Survivor regions: 1->1(9)
[5.542s][info][gc,heap     ] GC(116) Old regions: 2->2
[5.542s][info][gc,heap     ] GC(116) Humongous regions: 172->172
[5.542s][info][gc,metaspace] GC(116) Metaspace: 383K(576K)->383K(576K) NonClass: 359K(448K)->359K(448K) Class: 24K(128K)->24K(128K)
[5.542s][info][gc          ] GC(116) Pause Young (Concurrent Start) (G1 Humongous Allocation) 173M->173M(256M) 2.336ms
[5.542s][info][gc,cpu      ] GC(116) User=0.00s Sys=0.00s Real=0.00s
[5.542s][info][gc          ] GC(117) Concurrent Mark Cycle
[5.542s][info][gc,marking  ] GC(117) Concurrent Scan Root Regions
[5.542s][info][gc,marking  ] GC(117) Concurrent Scan Root Regions 0.185ms
[5.542s][info][gc,marking  ] GC(117) Concurrent Mark
[5.542s][info][gc,marking  ] GC(117) Concurrent Mark From Roots
[5.542s][info][gc,task     ] GC(117) Using 2 workers of 2 for marking
[5.545s][info][gc,marking  ] GC(117) Concurrent Mark From Roots 2.443ms
[5.545s][info][gc,marking  ] GC(117) Concurrent Preclean
[5.545s][info][gc,marking  ] GC(117) Concurrent Preclean 0.026ms
[5.545s][info][gc,start    ] GC(117) Pause Remark
[5.546s][info][gc          ] GC(117) Pause Remark 175M->175M(256M) 1.178ms
[5.546s][info][gc,cpu      ] GC(117) User=0.00s Sys=0.00s Real=0.00s
[5.546s][info][gc,marking  ] GC(117) Concurrent Mark 4.024ms
[5.546s][info][gc,marking  ] GC(117) Concurrent Rebuild Remembered Sets and Scrub Regions
[5.547s][info][gc,marking  ] GC(117) Concurrent Rebuild Remembered Sets and Scrub Regions 0.785ms
[5.547s][info][gc,start    ] GC(117) Pause Cleanup
[5.547s][info][gc          ] GC(117) Pause Cleanup 175M->175M(256M) 0.177ms
[5.548s][info][gc,cpu      ] GC(117) User=0.00s Sys=0.00s Real=0.00s
[5.548s][info][gc,marking  ] GC(117) Concurrent Clear Claimed Marks
[5.548s][info][gc,marking  ] GC(117) Concurrent Clear Claimed Marks 0.039ms
[5.548s][info][gc,marking  ] GC(117) Concurrent Cleanup for Next Mark
[5.548s][info][gc,marking  ] GC(117) Concurrent Cleanup for Next Mark 0.597ms
[5.548s][info][gc          ] GC(117) Concurrent Mark Cycle 6.466ms
[5.601s][info][gc,start    ] GC(118) Pause Young (Concurrent Start) (G1 Humongous Allocation)
[5.601s][info][gc,task     ] GC(118) Using 6 workers of 8 for evacuation
[5.603s][info][gc,phases   ] GC(118)   Pre Evacuate Collection Set: 0.4ms
[5.603s][info][gc,phases   ] GC(118)   Merge Heap Roots: 0.1ms
[5.603s][info][gc,phases   ] GC(118)   Evacuate Collection Set: 0.3ms
[5.603s][info][gc,phases   ] GC(118)   Post Evacuate Collection Set: 0.8ms
[5.603s][info][gc,phases   ] GC(118)   Other: 0.2ms
[5.603s][info][gc,heap     ] GC(118) Eden regions: 0->0(64)
[5.603s][info][gc,heap     ] GC(118) Survivor regions: 1->1(9)
[5.603s][info][gc,heap     ] GC(118) Old regions: 2->2
[5.603s][info][gc,heap     ] GC(118) Humongous regions: 174->174
[5.603s][info][gc,metaspace] GC(118) Metaspace: 383K(576K)->383K(576K) NonClass: 359K(448K)->359K(448K) Class: 24K(128K)->24K(128K)
[5.603s][info][gc          ] GC(118) Pause Young (Concurrent Start) (G1 Humongous Allocation) 175M->175M(256M) 2.141ms
[5.603s][info][gc,cpu      ] GC(118) User=0.02s Sys=0.00s Real=0.00s
[5.604s][info][gc          ] GC(119) Concurrent Mark Cycle
[5.604s][info][gc,marking  ] GC(119) Concurrent Scan Root Regions
[5.604s][info][gc,marking  ] GC(119) Concurrent Scan Root Regions 0.161ms
[5.604s][info][gc,marking  ] GC(119) Concurrent Mark
[5.604s][info][gc,marking  ] GC(119) Concurrent Mark From Roots
[5.604s][info][gc,task     ] GC(119) Using 2 workers of 2 for marking
[5.607s][info][gc,marking  ] GC(119) Concurrent Mark From Roots 3.177ms
[5.607s][info][gc,marking  ] GC(119) Concurrent Preclean
[5.607s][info][gc,marking  ] GC(119) Concurrent Preclean 0.027ms
[5.607s][info][gc,start    ] GC(119) Pause Remark
[5.608s][info][gc          ] GC(119) Pause Remark 177M->177M(256M) 1.032ms
[5.608s][info][gc,cpu      ] GC(119) User=0.00s Sys=0.00s Real=0.00s
[5.609s][info][gc,marking  ] GC(119) Concurrent Mark 4.648ms
[5.609s][info][gc,marking  ] GC(119) Concurrent Rebuild Remembered Sets and Scrub Regions
[5.610s][info][gc,marking  ] GC(119) Concurrent Rebuild Remembered Sets and Scrub Regions 1.424ms
[5.610s][info][gc,start    ] GC(119) Pause Cleanup
[5.610s][info][gc          ] GC(119) Pause Cleanup 177M->177M(256M) 0.210ms
[5.610s][info][gc,cpu      ] GC(119) User=0.00s Sys=0.00s Real=0.00s
[5.611s][info][gc,marking  ] GC(119) Concurrent Clear Claimed Marks
[5.611s][info][gc,marking  ] GC(119) Concurrent Clear Claimed Marks 0.043ms
[5.611s][info][gc,marking  ] GC(119) Concurrent Cleanup for Next Mark
[5.611s][info][gc,marking  ] GC(119) Concurrent Cleanup for Next Mark 0.671ms
[5.611s][info][gc          ] GC(119) Concurrent Mark Cycle 7.831ms
[5.663s][info][gc,start    ] GC(120) Pause Young (Concurrent Start) (G1 Humongous Allocation)
[5.663s][info][gc,task     ] GC(120) Using 6 workers of 8 for evacuation
[5.664s][info][gc,phases   ] GC(120)   Pre Evacuate Collection Set: 0.3ms
[5.664s][info][gc,phases   ] GC(120)   Merge Heap Roots: 0.1ms
[5.664s][info][gc,phases   ] GC(120)   Evacuate Collection Set: 0.3ms
[5.664s][info][gc,phases   ] GC(120)   Post Evacuate Collection Set: 0.6ms
[5.664s][info][gc,phases   ] GC(120)   Other: 0.2ms
[5.664s][info][gc,heap     ] GC(120) Eden regions: 0->0(62)
[5.664s][info][gc,heap     ] GC(120) Survivor regions: 1->1(9)
[5.664s][info][gc,heap     ] GC(120) Old regions: 2->2
[5.664s][info][gc,heap     ] GC(120) Humongous regions: 176->176
[5.664s][info][gc,metaspace] GC(120) Metaspace: 383K(576K)->383K(576K) NonClass: 359K(448K)->359K(448K) Class: 24K(128K)->24K(128K)
[5.664s][info][gc          ] GC(120) Pause Young (Concurrent Start) (G1 Humongous Allocation) 177M->177M(256M) 1.765ms
[5.664s][info][gc,cpu      ] GC(120) User=0.00s Sys=0.00s Real=0.00s
[5.664s][info][gc          ] GC(121) Concurrent Mark Cycle
[5.664s][info][gc,marking  ] GC(121) Concurrent Scan Root Regions
[5.665s][info][gc,marking  ] GC(121) Concurrent Scan Root Regions 0.105ms
[5.665s][info][gc,marking  ] GC(121) Concurrent Mark
[5.665s][info][gc,marking  ] GC(121) Concurrent Mark From Roots
[5.665s][info][gc,task     ] GC(121) Using 2 workers of 2 for marking
[5.667s][info][gc,marking  ] GC(121) Concurrent Mark From Roots 1.911ms
[5.667s][info][gc,marking  ] GC(121) Concurrent Preclean
[5.667s][info][gc,marking  ] GC(121) Concurrent Preclean 0.033ms
[5.667s][info][gc,start    ] GC(121) Pause Remark
[5.668s][info][gc          ] GC(121) Pause Remark 179M->179M(256M) 0.957ms
[5.668s][info][gc,cpu      ] GC(121) User=0.00s Sys=0.00s Real=0.00s
[5.668s][info][gc,marking  ] GC(121) Concurrent Mark 3.313ms
[5.668s][info][gc,marking  ] GC(121) Concurrent Rebuild Remembered Sets and Scrub Regions
[5.669s][info][gc,marking  ] GC(121) Concurrent Rebuild Remembered Sets and Scrub Regions 0.933ms
[5.669s][info][gc,start    ] GC(121) Pause Cleanup
[5.669s][info][gc          ] GC(121) Pause Cleanup 179M->179M(256M) 0.174ms
[5.669s][info][gc,cpu      ] GC(121) User=0.00s Sys=0.00s Real=0.00s
[5.669s][info][gc,marking  ] GC(121) Concurrent Clear Claimed Marks
[5.669s][info][gc,marking  ] GC(121) Concurrent Clear Claimed Marks 0.065ms
[5.670s][info][gc,marking  ] GC(121) Concurrent Cleanup for Next Mark
[5.670s][info][gc,marking  ] GC(121) Concurrent Cleanup for Next Mark 0.630ms
[5.670s][info][gc          ] GC(121) Concurrent Mark Cycle 5.800ms
[5.725s][info][gc,start    ] GC(122) Pause Young (Concurrent Start) (G1 Humongous Allocation)
[5.725s][info][gc,task     ] GC(122) Using 6 workers of 8 for evacuation
[5.727s][info][gc,phases   ] GC(122)   Pre Evacuate Collection Set: 0.3ms
[5.727s][info][gc,phases   ] GC(122)   Merge Heap Roots: 0.2ms
[5.727s][info][gc,phases   ] GC(122)   Evacuate Collection Set: 0.4ms
[5.727s][info][gc,phases   ] GC(122)   Post Evacuate Collection Set: 0.6ms
[5.727s][info][gc,phases   ] GC(122)   Other: 0.2ms
[5.727s][info][gc,heap     ] GC(122) Eden regions: 0->0(62)
[5.727s][info][gc,heap     ] GC(122) Survivor regions: 1->0(8)
[5.727s][info][gc,heap     ] GC(122) Old regions: 2->2
[5.727s][info][gc,heap     ] GC(122) Humongous regions: 178->178
[5.727s][info][gc,metaspace] GC(122) Metaspace: 383K(576K)->383K(576K) NonClass: 359K(448K)->359K(448K) Class: 24K(128K)->24K(128K)
[5.727s][info][gc          ] GC(122) Pause Young (Concurrent Start) (G1 Humongous Allocation) 179M->179M(256M) 2.053ms
[5.727s][info][gc,cpu      ] GC(122) User=0.00s Sys=0.02s Real=0.00s
[5.727s][info][gc          ] GC(123) Concurrent Mark Cycle
[5.727s][info][gc,marking  ] GC(123) Concurrent Scan Root Regions
[5.728s][info][gc,marking  ] GC(123) Concurrent Scan Root Regions 0.226ms
[5.728s][info][gc,marking  ] GC(123) Concurrent Mark
[5.728s][info][gc,marking  ] GC(123) Concurrent Mark From Roots
[5.728s][info][gc,task     ] GC(123) Using 2 workers of 2 for marking
[5.730s][info][gc,marking  ] GC(123) Concurrent Mark From Roots 2.093ms
[5.730s][info][gc,marking  ] GC(123) Concurrent Preclean
[5.730s][info][gc,marking  ] GC(123) Concurrent Preclean 0.024ms
[5.730s][info][gc,start    ] GC(123) Pause Remark
[5.731s][info][gc          ] GC(123) Pause Remark 181M->181M(256M) 1.162ms
[5.731s][info][gc,cpu      ] GC(123) User=0.00s Sys=0.00s Real=0.00s
[5.731s][info][gc,marking  ] GC(123) Concurrent Mark 3.744ms
[5.732s][info][gc,marking  ] GC(123) Concurrent Rebuild Remembered Sets and Scrub Regions
[5.732s][info][gc,marking  ] GC(123) Concurrent Rebuild Remembered Sets and Scrub Regions 0.901ms
[5.733s][info][gc,start    ] GC(123) Pause Cleanup
[5.733s][info][gc          ] GC(123) Pause Cleanup 181M->181M(256M) 0.292ms
[5.733s][info][gc,cpu      ] GC(123) User=0.00s Sys=0.00s Real=0.00s
[5.733s][info][gc,marking  ] GC(123) Concurrent Clear Claimed Marks
[5.733s][info][gc,marking  ] GC(123) Concurrent Clear Claimed Marks 0.036ms
[5.733s][info][gc,marking  ] GC(123) Concurrent Cleanup for Next Mark
[5.734s][info][gc,marking  ] GC(123) Concurrent Cleanup for Next Mark 0.694ms
[5.734s][info][gc          ] GC(123) Concurrent Mark Cycle 6.356ms
[5.787s][info][gc,start    ] GC(124) Pause Young (Concurrent Start) (G1 Humongous Allocation)
[5.787s][info][gc,task     ] GC(124) Using 6 workers of 8 for evacuation
[5.789s][info][gc,phases   ] GC(124)   Pre Evacuate Collection Set: 0.3ms
[5.789s][info][gc,phases   ] GC(124)   Merge Heap Roots: 0.1ms
[5.789s][info][gc,phases   ] GC(124)   Evacuate Collection Set: 0.4ms
[5.789s][info][gc,phases   ] GC(124)   Post Evacuate Collection Set: 0.6ms
[5.789s][info][gc,phases   ] GC(124)   Other: 0.3ms
[5.789s][info][gc,heap     ] GC(124) Eden regions: 1->0(60)
[5.789s][info][gc,heap     ] GC(124) Survivor regions: 0->0(8)
[5.789s][info][gc,heap     ] GC(124) Old regions: 2->2
[5.789s][info][gc,heap     ] GC(124) Humongous regions: 180->180
[5.789s][info][gc,metaspace] GC(124) Metaspace: 383K(576K)->383K(576K) NonClass: 359K(448K)->359K(448K) Class: 24K(128K)->24K(128K)
[5.789s][info][gc          ] GC(124) Pause Young (Concurrent Start) (G1 Humongous Allocation) 181M->181M(256M) 2.105ms
[5.789s][info][gc,cpu      ] GC(124) User=0.00s Sys=0.00s Real=0.00s
[5.789s][info][gc          ] GC(125) Concurrent Mark Cycle
[5.789s][info][gc,marking  ] GC(125) Concurrent Scan Root Regions
[5.789s][info][gc,marking  ] GC(125) Concurrent Scan Root Regions 0.018ms
[5.789s][info][gc,marking  ] GC(125) Concurrent Mark
[5.789s][info][gc,marking  ] GC(125) Concurrent Mark From Roots
[5.789s][info][gc,task     ] GC(125) Using 2 workers of 2 for marking
[5.791s][info][gc,marking  ] GC(125) Concurrent Mark From Roots 2.225ms
[5.792s][info][gc,marking  ] GC(125) Concurrent Preclean
[5.792s][info][gc,marking  ] GC(125) Concurrent Preclean 0.040ms
[5.792s][info][gc,start    ] GC(125) Pause Remark
[5.793s][info][gc          ] GC(125) Pause Remark 183M->183M(256M) 1.215ms
[5.793s][info][gc,cpu      ] GC(125) User=0.00s Sys=0.00s Real=0.00s
[5.794s][info][gc,marking  ] GC(125) Concurrent Mark 4.367ms
[5.794s][info][gc,marking  ] GC(125) Concurrent Rebuild Remembered Sets and Scrub Regions
[5.794s][info][gc,marking  ] GC(125) Concurrent Rebuild Remembered Sets and Scrub Regions 0.838ms
[5.795s][info][gc,start    ] GC(125) Pause Cleanup
[5.795s][info][gc          ] GC(125) Pause Cleanup 183M->183M(256M) 0.397ms
[5.795s][info][gc,cpu      ] GC(125) User=0.00s Sys=0.00s Real=0.00s
[5.795s][info][gc,marking  ] GC(125) Concurrent Clear Claimed Marks
[5.795s][info][gc,marking  ] GC(125) Concurrent Clear Claimed Marks 0.045ms
[5.795s][info][gc,marking  ] GC(125) Concurrent Cleanup for Next Mark
[5.796s][info][gc,marking  ] GC(125) Concurrent Cleanup for Next Mark 0.574ms
[5.796s][info][gc          ] GC(125) Concurrent Mark Cycle 6.848ms
[5.850s][info][gc,start    ] GC(126) Pause Young (Concurrent Start) (G1 Humongous Allocation)
[5.850s][info][gc,task     ] GC(126) Using 6 workers of 8 for evacuation
[5.851s][info][gc,phases   ] GC(126)   Pre Evacuate Collection Set: 0.3ms
[5.851s][info][gc,phases   ] GC(126)   Merge Heap Roots: 0.2ms
[5.851s][info][gc,phases   ] GC(126)   Evacuate Collection Set: 0.1ms
[5.851s][info][gc,phases   ] GC(126)   Post Evacuate Collection Set: 0.6ms
[5.851s][info][gc,phases   ] GC(126)   Other: 0.2ms
[5.851s][info][gc,heap     ] GC(126) Eden regions: 0->0(58)
[5.851s][info][gc,heap     ] GC(126) Survivor regions: 0->0(8)
[5.851s][info][gc,heap     ] GC(126) Old regions: 2->2
[5.851s][info][gc,heap     ] GC(126) Humongous regions: 182->182
[5.851s][info][gc,metaspace] GC(126) Metaspace: 383K(576K)->383K(576K) NonClass: 359K(448K)->359K(448K) Class: 24K(128K)->24K(128K)
[5.852s][info][gc          ] GC(126) Pause Young (Concurrent Start) (G1 Humongous Allocation) 183M->183M(256M) 1.818ms
[5.852s][info][gc,cpu      ] GC(126) User=0.00s Sys=0.00s Real=0.00s
[5.852s][info][gc          ] GC(127) Concurrent Mark Cycle
[5.852s][info][gc,marking  ] GC(127) Concurrent Scan Root Regions
[5.852s][info][gc,marking  ] GC(127) Concurrent Scan Root Regions 0.018ms
[5.852s][info][gc,marking  ] GC(127) Concurrent Mark
[5.852s][info][gc,marking  ] GC(127) Concurrent Mark From Roots
[5.852s][info][gc,task     ] GC(127) Using 2 workers of 2 for marking
[5.855s][info][gc,marking  ] GC(127) Concurrent Mark From Roots 3.338ms
[5.855s][info][gc,marking  ] GC(127) Concurrent Preclean
[5.855s][info][gc,marking  ] GC(127) Concurrent Preclean 0.023ms
[5.855s][info][gc,start    ] GC(127) Pause Remark
[5.856s][info][gc          ] GC(127) Pause Remark 185M->185M(256M) 1.144ms
[5.856s][info][gc,cpu      ] GC(127) User=0.00s Sys=0.00s Real=0.00s
[5.857s][info][gc,marking  ] GC(127) Concurrent Mark 4.765ms
[5.857s][info][gc,marking  ] GC(127) Concurrent Rebuild Remembered Sets and Scrub Regions
[5.857s][info][gc,marking  ] GC(127) Concurrent Rebuild Remembered Sets and Scrub Regions 0.686ms
[5.857s][info][gc,start    ] GC(127) Pause Cleanup
[5.858s][info][gc          ] GC(127) Pause Cleanup 185M->185M(256M) 0.128ms
[5.858s][info][gc,cpu      ] GC(127) User=0.00s Sys=0.00s Real=0.00s
[5.858s][info][gc,marking  ] GC(127) Concurrent Clear Claimed Marks
[5.858s][info][gc,marking  ] GC(127) Concurrent Clear Claimed Marks 0.035ms
[5.858s][info][gc,marking  ] GC(127) Concurrent Cleanup for Next Mark
[5.859s][info][gc,marking  ] GC(127) Concurrent Cleanup for Next Mark 0.784ms
[5.859s][info][gc          ] GC(127) Concurrent Mark Cycle 6.982ms
[5.912s][info][gc,start    ] GC(128) Pause Young (Concurrent Start) (G1 Humongous Allocation)
[5.912s][info][gc,task     ] GC(128) Using 6 workers of 8 for evacuation
[5.914s][info][gc,phases   ] GC(128)   Pre Evacuate Collection Set: 0.3ms
[5.914s][info][gc,phases   ] GC(128)   Merge Heap Roots: 0.2ms
[5.914s][info][gc,phases   ] GC(128)   Evacuate Collection Set: 0.3ms
[5.914s][info][gc,phases   ] GC(128)   Post Evacuate Collection Set: 0.7ms
[5.914s][info][gc,phases   ] GC(128)   Other: 0.3ms
[5.914s][info][gc,heap     ] GC(128) Eden regions: 0->0(56)
[5.914s][info][gc,heap     ] GC(128) Survivor regions: 0->0(8)
[5.914s][info][gc,heap     ] GC(128) Old regions: 2->2
[5.914s][info][gc,heap     ] GC(128) Humongous regions: 184->184
[5.914s][info][gc,metaspace] GC(128) Metaspace: 383K(576K)->383K(576K) NonClass: 359K(448K)->359K(448K) Class: 24K(128K)->24K(128K)
[5.914s][info][gc          ] GC(128) Pause Young (Concurrent Start) (G1 Humongous Allocation) 185M->185M(256M) 2.084ms
[5.914s][info][gc,cpu      ] GC(128) User=0.00s Sys=0.00s Real=0.00s
[5.914s][info][gc          ] GC(129) Concurrent Mark Cycle
[5.914s][info][gc,marking  ] GC(129) Concurrent Scan Root Regions
[5.914s][info][gc,marking  ] GC(129) Concurrent Scan Root Regions 0.020ms
[5.915s][info][gc,marking  ] GC(129) Concurrent Mark
[5.915s][info][gc,marking  ] GC(129) Concurrent Mark From Roots
[5.915s][info][gc,task     ] GC(129) Using 2 workers of 2 for marking
[5.917s][info][gc,marking  ] GC(129) Concurrent Mark From Roots 2.054ms
[5.917s][info][gc,marking  ] GC(129) Concurrent Preclean
[5.917s][info][gc,marking  ] GC(129) Concurrent Preclean 0.028ms
[5.917s][info][gc,start    ] GC(129) Pause Remark
[5.918s][info][gc          ] GC(129) Pause Remark 187M->187M(256M) 0.970ms
[5.918s][info][gc,cpu      ] GC(129) User=0.00s Sys=0.00s Real=0.00s
[5.918s][info][gc,marking  ] GC(129) Concurrent Mark 3.363ms
[5.918s][info][gc,marking  ] GC(129) Concurrent Rebuild Remembered Sets and Scrub Regions
[5.919s][info][gc,marking  ] GC(129) Concurrent Rebuild Remembered Sets and Scrub Regions 0.790ms
[5.919s][info][gc,start    ] GC(129) Pause Cleanup
[5.919s][info][gc          ] GC(129) Pause Cleanup 187M->187M(256M) 0.264ms
[5.919s][info][gc,cpu      ] GC(129) User=0.00s Sys=0.00s Real=0.00s
[5.919s][info][gc,marking  ] GC(129) Concurrent Clear Claimed Marks
[5.919s][info][gc,marking  ] GC(129) Concurrent Clear Claimed Marks 0.033ms
[5.919s][info][gc,marking  ] GC(129) Concurrent Cleanup for Next Mark
[5.920s][info][gc,marking  ] GC(129) Concurrent Cleanup for Next Mark 0.694ms
[5.920s][info][gc          ] GC(129) Concurrent Mark Cycle 5.642ms
[5.976s][info][gc,start    ] GC(130) Pause Young (Concurrent Start) (G1 Humongous Allocation)
[5.977s][info][gc,task     ] GC(130) Using 6 workers of 8 for evacuation
[5.978s][info][gc,phases   ] GC(130)   Pre Evacuate Collection Set: 0.3ms
[5.978s][info][gc,phases   ] GC(130)   Merge Heap Roots: 0.2ms
[5.979s][info][gc,phases   ] GC(130)   Evacuate Collection Set: 0.3ms
[5.979s][info][gc,phases   ] GC(130)   Post Evacuate Collection Set: 0.8ms
[5.979s][info][gc,phases   ] GC(130)   Other: 0.3ms
[5.979s][info][gc,heap     ] GC(130) Eden regions: 0->0(54)
[5.979s][info][gc,heap     ] GC(130) Survivor regions: 0->0(7)
[5.979s][info][gc,heap     ] GC(130) Old regions: 2->2
[5.979s][info][gc,heap     ] GC(130) Humongous regions: 186->186
[5.979s][info][gc,metaspace] GC(130) Metaspace: 383K(576K)->383K(576K) NonClass: 359K(448K)->359K(448K) Class: 24K(128K)->24K(128K)
[5.979s][info][gc          ] GC(130) Pause Young (Concurrent Start) (G1 Humongous Allocation) 187M->187M(256M) 2.366ms
[5.979s][info][gc,cpu      ] GC(130) User=0.02s Sys=0.00s Real=0.00s
[5.979s][info][gc          ] GC(131) Concurrent Mark Cycle
[5.979s][info][gc,marking  ] GC(131) Concurrent Scan Root Regions
[5.979s][info][gc,marking  ] GC(131) Concurrent Scan Root Regions 0.027ms
[5.979s][info][gc,marking  ] GC(131) Concurrent Mark
[5.979s][info][gc,marking  ] GC(131) Concurrent Mark From Roots
[5.979s][info][gc,task     ] GC(131) Using 2 workers of 2 for marking
[5.981s][info][gc,marking  ] GC(131) Concurrent Mark From Roots 2.337ms
[5.982s][info][gc,marking  ] GC(131) Concurrent Preclean
[5.982s][info][gc,marking  ] GC(131) Concurrent Preclean 0.025ms
[5.982s][info][gc,start    ] GC(131) Pause Remark
[5.983s][info][gc          ] GC(131) Pause Remark 189M->189M(256M) 1.118ms
[5.983s][info][gc,cpu      ] GC(131) User=0.00s Sys=0.00s Real=0.00s
[5.983s][info][gc,marking  ] GC(131) Concurrent Mark 3.898ms
[5.983s][info][gc,marking  ] GC(131) Concurrent Rebuild Remembered Sets and Scrub Regions
[5.984s][info][gc,marking  ] GC(131) Concurrent Rebuild Remembered Sets and Scrub Regions 0.965ms
[5.984s][info][gc,start    ] GC(131) Pause Cleanup
[5.984s][info][gc          ] GC(131) Pause Cleanup 189M->189M(256M) 0.202ms
[5.984s][info][gc,cpu      ] GC(131) User=0.00s Sys=0.00s Real=0.00s
[5.985s][info][gc,marking  ] GC(131) Concurrent Clear Claimed Marks
[5.985s][info][gc,marking  ] GC(131) Concurrent Clear Claimed Marks 0.042ms
[5.985s][info][gc,marking  ] GC(131) Concurrent Cleanup for Next Mark
[5.985s][info][gc,marking  ] GC(131) Concurrent Cleanup for Next Mark 0.648ms
[5.985s][info][gc          ] GC(131) Concurrent Mark Cycle 6.323ms
[6.037s][info][gc,start    ] GC(132) Pause Young (Concurrent Start) (G1 Humongous Allocation)
[6.037s][info][gc,task     ] GC(132) Using 6 workers of 8 for evacuation
[6.038s][info][gc,phases   ] GC(132)   Pre Evacuate Collection Set: 0.1ms
[6.038s][info][gc,phases   ] GC(132)   Merge Heap Roots: 0.2ms
[6.038s][info][gc,phases   ] GC(132)   Evacuate Collection Set: 0.3ms
[6.038s][info][gc,phases   ] GC(132)   Post Evacuate Collection Set: 0.5ms
[6.039s][info][gc,phases   ] GC(132)   Other: 0.2ms
[6.039s][info][gc,heap     ] GC(132) Eden regions: 0->0(52)
[6.039s][info][gc,heap     ] GC(132) Survivor regions: 0->0(7)
[6.039s][info][gc,heap     ] GC(132) Old regions: 2->2
[6.039s][info][gc,heap     ] GC(132) Humongous regions: 188->188
[6.039s][info][gc,metaspace] GC(132) Metaspace: 383K(576K)->383K(576K) NonClass: 359K(448K)->359K(448K) Class: 24K(128K)->24K(128K)
[6.039s][info][gc          ] GC(132) Pause Young (Concurrent Start) (G1 Humongous Allocation) 189M->189M(256M) 1.652ms
[6.039s][info][gc,cpu      ] GC(132) User=0.00s Sys=0.00s Real=0.00s
[6.039s][info][gc          ] GC(133) Concurrent Mark Cycle
[6.039s][info][gc,marking  ] GC(133) Concurrent Scan Root Regions
[6.039s][info][gc,marking  ] GC(133) Concurrent Scan Root Regions 0.168ms
[6.039s][info][gc,marking  ] GC(133) Concurrent Mark
[6.039s][info][gc,marking  ] GC(133) Concurrent Mark From Roots
[6.039s][info][gc,task     ] GC(133) Using 2 workers of 2 for marking
[6.041s][info][gc,marking  ] GC(133) Concurrent Mark From Roots 2.335ms
[6.042s][info][gc,marking  ] GC(133) Concurrent Preclean
[6.042s][info][gc,marking  ] GC(133) Concurrent Preclean 0.037ms
[6.042s][info][gc,start    ] GC(133) Pause Remark
[6.044s][info][gc          ] GC(133) Pause Remark 191M->191M(256M) 1.934ms
[6.044s][info][gc,cpu      ] GC(133) User=0.00s Sys=0.00s Real=0.00s
[6.044s][info][gc,marking  ] GC(133) Concurrent Mark 4.856ms
[6.044s][info][gc,marking  ] GC(133) Concurrent Rebuild Remembered Sets and Scrub Regions
[6.045s][info][gc,marking  ] GC(133) Concurrent Rebuild Remembered Sets and Scrub Regions 0.945ms
[6.045s][info][gc,start    ] GC(133) Pause Cleanup
[6.045s][info][gc          ] GC(133) Pause Cleanup 191M->191M(256M) 0.195ms
[6.045s][info][gc,cpu      ] GC(133) User=0.00s Sys=0.00s Real=0.00s
[6.045s][info][gc,marking  ] GC(133) Concurrent Clear Claimed Marks
[6.046s][info][gc,marking  ] GC(133) Concurrent Clear Claimed Marks 0.080ms
[6.046s][info][gc,marking  ] GC(133) Concurrent Cleanup for Next Mark
[6.046s][info][gc,marking  ] GC(133) Concurrent Cleanup for Next Mark 0.641ms
[6.046s][info][gc          ] GC(133) Concurrent Mark Cycle 7.548ms
[6.099s][info][gc,start    ] GC(134) Pause Young (Concurrent Start) (G1 Humongous Allocation)
[6.099s][info][gc,task     ] GC(134) Using 6 workers of 8 for evacuation
[6.100s][info][gc,phases   ] GC(134)   Pre Evacuate Collection Set: 0.2ms
[6.100s][info][gc,phases   ] GC(134)   Merge Heap Roots: 0.1ms
[6.100s][info][gc,phases   ] GC(134)   Evacuate Collection Set: 0.2ms
[6.100s][info][gc,phases   ] GC(134)   Post Evacuate Collection Set: 0.6ms
[6.100s][info][gc,phases   ] GC(134)   Other: 0.2ms
[6.100s][info][gc,heap     ] GC(134) Eden regions: 0->0(50)
[6.100s][info][gc,heap     ] GC(134) Survivor regions: 0->0(7)
[6.100s][info][gc,heap     ] GC(134) Old regions: 2->2
[6.100s][info][gc,heap     ] GC(134) Humongous regions: 190->190
[6.100s][info][gc,metaspace] GC(134) Metaspace: 383K(576K)->383K(576K) NonClass: 359K(448K)->359K(448K) Class: 24K(128K)->24K(128K)
[6.100s][info][gc          ] GC(134) Pause Young (Concurrent Start) (G1 Humongous Allocation) 191M->191M(256M) 1.753ms
[6.101s][info][gc,cpu      ] GC(134) User=0.00s Sys=0.00s Real=0.00s
[6.101s][info][gc          ] GC(135) Concurrent Mark Cycle
[6.101s][info][gc,marking  ] GC(135) Concurrent Scan Root Regions
[6.101s][info][gc,marking  ] GC(135) Concurrent Scan Root Regions 0.027ms
[6.101s][info][gc,marking  ] GC(135) Concurrent Mark
[6.101s][info][gc,marking  ] GC(135) Concurrent Mark From Roots
[6.101s][info][gc,task     ] GC(135) Using 2 workers of 2 for marking
[6.104s][info][gc,marking  ] GC(135) Concurrent Mark From Roots 2.832ms
[6.104s][info][gc,marking  ] GC(135) Concurrent Preclean
[6.104s][info][gc,marking  ] GC(135) Concurrent Preclean 0.041ms
[6.104s][info][gc,start    ] GC(135) Pause Remark
[6.104s][info][gc          ] GC(135) Pause Remark 193M->193M(256M) 0.611ms
[6.104s][info][gc,cpu      ] GC(135) User=0.00s Sys=0.00s Real=0.00s
[6.105s][info][gc,marking  ] GC(135) Concurrent Mark 3.851ms
[6.105s][info][gc,marking  ] GC(135) Concurrent Rebuild Remembered Sets and Scrub Regions
[6.105s][info][gc,marking  ] GC(135) Concurrent Rebuild Remembered Sets and Scrub Regions 0.785ms
[6.105s][info][gc,start    ] GC(135) Pause Cleanup
[6.106s][info][gc          ] GC(135) Pause Cleanup 193M->193M(256M) 0.177ms
[6.106s][info][gc,cpu      ] GC(135) User=0.00s Sys=0.00s Real=0.00s
[6.106s][info][gc,marking  ] GC(135) Concurrent Clear Claimed Marks
[6.106s][info][gc,marking  ] GC(135) Concurrent Clear Claimed Marks 0.065ms
[6.106s][info][gc,marking  ] GC(135) Concurrent Cleanup for Next Mark
[6.107s][info][gc,marking  ] GC(135) Concurrent Cleanup for Next Mark 0.684ms
[6.107s][info][gc          ] GC(135) Concurrent Mark Cycle 6.059ms
[6.163s][info][gc,start    ] GC(136) Pause Young (Concurrent Start) (G1 Humongous Allocation)
[6.163s][info][gc,task     ] GC(136) Using 6 workers of 8 for evacuation
[6.163s][info][gc,phases   ] GC(136)   Pre Evacuate Collection Set: 0.1ms
[6.163s][info][gc,phases   ] GC(136)   Merge Heap Roots: 0.1ms
[6.163s][info][gc,phases   ] GC(136)   Evacuate Collection Set: 0.2ms
[6.163s][info][gc,phases   ] GC(136)   Post Evacuate Collection Set: 0.2ms
[6.163s][info][gc,phases   ] GC(136)   Other: 0.1ms
[6.163s][info][gc,heap     ] GC(136) Eden regions: 0->0(48)
[6.164s][info][gc,heap     ] GC(136) Survivor regions: 0->0(7)
[6.164s][info][gc,heap     ] GC(136) Old regions: 2->2
[6.164s][info][gc,heap     ] GC(136) Humongous regions: 192->192
[6.164s][info][gc,metaspace] GC(136) Metaspace: 383K(576K)->383K(576K) NonClass: 359K(448K)->359K(448K) Class: 24K(128K)->24K(128K)
[6.164s][info][gc          ] GC(136) Pause Young (Concurrent Start) (G1 Humongous Allocation) 193M->193M(256M) 1.023ms
[6.164s][info][gc,cpu      ] GC(136) User=0.00s Sys=0.00s Real=0.00s
[6.164s][info][gc          ] GC(137) Concurrent Mark Cycle
[6.164s][info][gc,marking  ] GC(137) Concurrent Scan Root Regions
[6.164s][info][gc,marking  ] GC(137) Concurrent Scan Root Regions 0.024ms
[6.164s][info][gc,marking  ] GC(137) Concurrent Mark
[6.164s][info][gc,marking  ] GC(137) Concurrent Mark From Roots
[6.164s][info][gc,task     ] GC(137) Using 2 workers of 2 for marking
[6.166s][info][gc,marking  ] GC(137) Concurrent Mark From Roots 2.083ms
[6.166s][info][gc,marking  ] GC(137) Concurrent Preclean
[6.166s][info][gc,marking  ] GC(137) Concurrent Preclean 0.039ms
[6.166s][info][gc,start    ] GC(137) Pause Remark
[6.167s][info][gc          ] GC(137) Pause Remark 195M->195M(256M) 0.532ms
[6.167s][info][gc,cpu      ] GC(137) User=0.00s Sys=0.00s Real=0.00s
[6.167s][info][gc,marking  ] GC(137) Concurrent Mark 2.962ms
[6.167s][info][gc,marking  ] GC(137) Concurrent Rebuild Remembered Sets and Scrub Regions
[6.167s][info][gc,marking  ] GC(137) Concurrent Rebuild Remembered Sets and Scrub Regions 0.660ms
[6.167s][info][gc,start    ] GC(137) Pause Cleanup
[6.168s][info][gc          ] GC(137) Pause Cleanup 195M->195M(256M) 0.121ms
[6.168s][info][gc,cpu      ] GC(137) User=0.00s Sys=0.00s Real=0.00s
[6.168s][info][gc,marking  ] GC(137) Concurrent Clear Claimed Marks
[6.168s][info][gc,marking  ] GC(137) Concurrent Clear Claimed Marks 0.036ms
[6.168s][info][gc,marking  ] GC(137) Concurrent Cleanup for Next Mark
[6.168s][info][gc,marking  ] GC(137) Concurrent Cleanup for Next Mark 0.675ms
[6.169s][info][gc          ] GC(137) Concurrent Mark Cycle 4.890ms
[6.225s][info][gc,start    ] GC(138) Pause Young (Concurrent Start) (G1 Humongous Allocation)
[6.225s][info][gc,task     ] GC(138) Using 6 workers of 8 for evacuation
[6.227s][info][gc,phases   ] GC(138)   Pre Evacuate Collection Set: 0.5ms
[6.227s][info][gc,phases   ] GC(138)   Merge Heap Roots: 0.2ms
[6.227s][info][gc,phases   ] GC(138)   Evacuate Collection Set: 0.2ms
[6.227s][info][gc,phases   ] GC(138)   Post Evacuate Collection Set: 0.2ms
[6.227s][info][gc,phases   ] GC(138)   Other: 0.2ms
[6.227s][info][gc,heap     ] GC(138) Eden regions: 0->0(46)
[6.227s][info][gc,heap     ] GC(138) Survivor regions: 0->0(6)
[6.227s][info][gc,heap     ] GC(138) Old regions: 2->2
[6.227s][info][gc,heap     ] GC(138) Humongous regions: 194->194
[6.227s][info][gc,metaspace] GC(138) Metaspace: 383K(576K)->383K(576K) NonClass: 359K(448K)->359K(448K) Class: 24K(128K)->24K(128K)
[6.227s][info][gc          ] GC(138) Pause Young (Concurrent Start) (G1 Humongous Allocation) 195M->195M(256M) 1.876ms
[6.227s][info][gc,cpu      ] GC(138) User=0.02s Sys=0.00s Real=0.00s
[6.227s][info][gc          ] GC(139) Concurrent Mark Cycle
[6.227s][info][gc,marking  ] GC(139) Concurrent Scan Root Regions
[6.227s][info][gc,marking  ] GC(139) Concurrent Scan Root Regions 0.028ms
[6.227s][info][gc,marking  ] GC(139) Concurrent Mark
[6.227s][info][gc,marking  ] GC(139) Concurrent Mark From Roots
[6.227s][info][gc,task     ] GC(139) Using 2 workers of 2 for marking
[6.229s][info][gc,marking  ] GC(139) Concurrent Mark From Roots 2.246ms
[6.229s][info][gc,marking  ] GC(139) Concurrent Preclean
[6.229s][info][gc,marking  ] GC(139) Concurrent Preclean 0.025ms
[6.230s][info][gc,start    ] GC(139) Pause Remark
[6.230s][info][gc          ] GC(139) Pause Remark 197M->197M(256M) 0.503ms
[6.230s][info][gc,cpu      ] GC(139) User=0.00s Sys=0.00s Real=0.00s
[6.230s][info][gc,marking  ] GC(139) Concurrent Mark 3.081ms
[6.230s][info][gc,marking  ] GC(139) Concurrent Rebuild Remembered Sets and Scrub Regions
[6.231s][info][gc,marking  ] GC(139) Concurrent Rebuild Remembered Sets and Scrub Regions 0.737ms
[6.231s][info][gc,start    ] GC(139) Pause Cleanup
[6.231s][info][gc          ] GC(139) Pause Cleanup 197M->197M(256M) 0.111ms
[6.231s][info][gc,cpu      ] GC(139) User=0.00s Sys=0.00s Real=0.00s
[6.231s][info][gc,marking  ] GC(139) Concurrent Clear Claimed Marks
[6.231s][info][gc,marking  ] GC(139) Concurrent Clear Claimed Marks 0.029ms
[6.231s][info][gc,marking  ] GC(139) Concurrent Cleanup for Next Mark
[6.232s][info][gc,marking  ] GC(139) Concurrent Cleanup for Next Mark 0.541ms
[6.232s][info][gc          ] GC(139) Concurrent Mark Cycle 4.917ms
[6.287s][info][gc,start    ] GC(140) Pause Young (Concurrent Start) (G1 Humongous Allocation)
[6.287s][info][gc,task     ] GC(140) Using 6 workers of 8 for evacuation
[6.288s][info][gc,phases   ] GC(140)   Pre Evacuate Collection Set: 0.1ms
[6.288s][info][gc,phases   ] GC(140)   Merge Heap Roots: 0.1ms
[6.288s][info][gc,phases   ] GC(140)   Evacuate Collection Set: 0.2ms
[6.288s][info][gc,phases   ] GC(140)   Post Evacuate Collection Set: 0.2ms
[6.288s][info][gc,phases   ] GC(140)   Other: 0.1ms
[6.288s][info][gc,heap     ] GC(140) Eden regions: 0->0(44)
[6.288s][info][gc,heap     ] GC(140) Survivor regions: 0->0(6)
[6.288s][info][gc,heap     ] GC(140) Old regions: 2->2
[6.288s][info][gc,heap     ] GC(140) Humongous regions: 196->196
[6.288s][info][gc,metaspace] GC(140) Metaspace: 383K(576K)->383K(576K) NonClass: 359K(448K)->359K(448K) Class: 24K(128K)->24K(128K)
[6.288s][info][gc          ] GC(140) Pause Young (Concurrent Start) (G1 Humongous Allocation) 197M->197M(256M) 0.963ms
[6.288s][info][gc,cpu      ] GC(140) User=0.00s Sys=0.00s Real=0.00s
[6.288s][info][gc          ] GC(141) Concurrent Mark Cycle
[6.288s][info][gc,marking  ] GC(141) Concurrent Scan Root Regions
[6.288s][info][gc,marking  ] GC(141) Concurrent Scan Root Regions 0.028ms
[6.288s][info][gc,marking  ] GC(141) Concurrent Mark
[6.288s][info][gc,marking  ] GC(141) Concurrent Mark From Roots
[6.288s][info][gc,task     ] GC(141) Using 2 workers of 2 for marking
[6.291s][info][gc,marking  ] GC(141) Concurrent Mark From Roots 2.675ms
[6.291s][info][gc,marking  ] GC(141) Concurrent Preclean
[6.291s][info][gc,marking  ] GC(141) Concurrent Preclean 0.029ms
[6.291s][info][gc,start    ] GC(141) Pause Remark
[6.293s][info][gc          ] GC(141) Pause Remark 199M->199M(256M) 1.477ms
[6.293s][info][gc,cpu      ] GC(141) User=0.00s Sys=0.00s Real=0.00s
[6.293s][info][gc,marking  ] GC(141) Concurrent Mark 4.514ms
[6.293s][info][gc,marking  ] GC(141) Concurrent Rebuild Remembered Sets and Scrub Regions
[6.294s][info][gc,marking  ] GC(141) Concurrent Rebuild Remembered Sets and Scrub Regions 0.857ms
[6.294s][info][gc,start    ] GC(141) Pause Cleanup
[6.294s][info][gc          ] GC(141) Pause Cleanup 199M->199M(256M) 0.209ms
[6.294s][info][gc,cpu      ] GC(141) User=0.00s Sys=0.00s Real=0.00s
[6.294s][info][gc,marking  ] GC(141) Concurrent Clear Claimed Marks
[6.294s][info][gc,marking  ] GC(141) Concurrent Clear Claimed Marks 0.039ms
[6.294s][info][gc,marking  ] GC(141) Concurrent Cleanup for Next Mark
[6.295s][info][gc,marking  ] GC(141) Concurrent Cleanup for Next Mark 1.245ms
[6.296s][info][gc          ] GC(141) Concurrent Mark Cycle 7.522ms
[6.350s][info][gc,start    ] GC(142) Pause Young (Concurrent Start) (G1 Humongous Allocation)
[6.351s][info][gc,task     ] GC(142) Using 6 workers of 8 for evacuation
[6.352s][info][gc,phases   ] GC(142)   Pre Evacuate Collection Set: 0.3ms
[6.352s][info][gc,phases   ] GC(142)   Merge Heap Roots: 0.2ms
[6.352s][info][gc,phases   ] GC(142)   Evacuate Collection Set: 0.3ms
[6.352s][info][gc,phases   ] GC(142)   Post Evacuate Collection Set: 0.3ms
[6.352s][info][gc,phases   ] GC(142)   Other: 0.2ms
[6.352s][info][gc,heap     ] GC(142) Eden regions: 0->0(42)
[6.353s][info][gc,heap     ] GC(142) Survivor regions: 0->0(6)
[6.353s][info][gc,heap     ] GC(142) Old regions: 2->2
[6.353s][info][gc,heap     ] GC(142) Humongous regions: 198->198
[6.353s][info][gc,metaspace] GC(142) Metaspace: 383K(576K)->383K(576K) NonClass: 359K(448K)->359K(448K) Class: 24K(128K)->24K(128K)
[6.353s][info][gc          ] GC(142) Pause Young (Concurrent Start) (G1 Humongous Allocation) 199M->199M(256M) 2.286ms
[6.353s][info][gc,cpu      ] GC(142) User=0.00s Sys=0.02s Real=0.00s
[6.353s][info][gc          ] GC(143) Concurrent Mark Cycle
[6.353s][info][gc,marking  ] GC(143) Concurrent Scan Root Regions
[6.353s][info][gc,marking  ] GC(143) Concurrent Scan Root Regions 0.038ms
[6.353s][info][gc,marking  ] GC(143) Concurrent Mark
[6.353s][info][gc,marking  ] GC(143) Concurrent Mark From Roots
[6.353s][info][gc,task     ] GC(143) Using 2 workers of 2 for marking
[6.357s][info][gc,marking  ] GC(143) Concurrent Mark From Roots 3.848ms
[6.357s][info][gc,marking  ] GC(143) Concurrent Preclean
[6.357s][info][gc,marking  ] GC(143) Concurrent Preclean 0.043ms
[6.357s][info][gc,start    ] GC(143) Pause Remark
[6.358s][info][gc          ] GC(143) Pause Remark 202M->202M(256M) 0.773ms
[6.358s][info][gc,cpu      ] GC(143) User=0.00s Sys=0.00s Real=0.00s
[6.358s][info][gc,marking  ] GC(143) Concurrent Mark 5.070ms
[6.358s][info][gc,marking  ] GC(143) Concurrent Rebuild Remembered Sets and Scrub Regions
[6.359s][info][gc,marking  ] GC(143) Concurrent Rebuild Remembered Sets and Scrub Regions 1.096ms
[6.359s][info][gc,start    ] GC(143) Pause Cleanup
[6.360s][info][gc          ] GC(143) Pause Cleanup 202M->202M(256M) 0.202ms
[6.360s][info][gc,cpu      ] GC(143) User=0.00s Sys=0.00s Real=0.00s
[6.360s][info][gc,marking  ] GC(143) Concurrent Clear Claimed Marks
[6.360s][info][gc,marking  ] GC(143) Concurrent Clear Claimed Marks 0.050ms
[6.360s][info][gc,marking  ] GC(143) Concurrent Cleanup for Next Mark
[6.360s][info][gc,marking  ] GC(143) Concurrent Cleanup for Next Mark 0.496ms
[6.360s][info][gc          ] GC(143) Concurrent Mark Cycle 7.460ms
[6.412s][info][gc,start    ] GC(144) Pause Young (Concurrent Start) (G1 Humongous Allocation)
[6.413s][info][gc,task     ] GC(144) Using 6 workers of 8 for evacuation
[6.414s][info][gc,phases   ] GC(144)   Pre Evacuate Collection Set: 0.3ms
[6.414s][info][gc,phases   ] GC(144)   Merge Heap Roots: 0.2ms
[6.414s][info][gc,phases   ] GC(144)   Evacuate Collection Set: 0.2ms
[6.414s][info][gc,phases   ] GC(144)   Post Evacuate Collection Set: 0.4ms
[6.414s][info][gc,phases   ] GC(144)   Other: 0.2ms
[6.414s][info][gc,heap     ] GC(144) Eden regions: 1->0(38)
[6.414s][info][gc,heap     ] GC(144) Survivor regions: 0->1(6)
[6.414s][info][gc,heap     ] GC(144) Old regions: 2->2
[6.414s][info][gc,heap     ] GC(144) Humongous regions: 200->200
[6.414s][info][gc,metaspace] GC(144) Metaspace: 385K(576K)->385K(576K) NonClass: 360K(448K)->360K(448K) Class: 24K(128K)->24K(128K)
[6.414s][info][gc          ] GC(144) Pause Young (Concurrent Start) (G1 Humongous Allocation) 202M->201M(256M) 1.808ms
[6.414s][info][gc,cpu      ] GC(144) User=0.00s Sys=0.00s Real=0.00s
[6.414s][info][gc          ] GC(145) Concurrent Mark Cycle
[6.414s][info][gc,marking  ] GC(145) Concurrent Scan Root Regions
[6.414s][info][gc,marking  ] GC(145) Concurrent Scan Root Regions 0.066ms
[6.414s][info][gc,marking  ] GC(145) Concurrent Mark
[6.414s][info][gc,marking  ] GC(145) Concurrent Mark From Roots
[6.414s][info][gc,task     ] GC(145) Using 2 workers of 2 for marking
[6.416s][info][gc,marking  ] GC(145) Concurrent Mark From Roots 1.820ms
[6.416s][info][gc,marking  ] GC(145) Concurrent Preclean
[6.416s][info][gc,marking  ] GC(145) Concurrent Preclean 0.022ms
[6.416s][info][gc,start    ] GC(145) Pause Remark
[6.417s][info][gc          ] GC(145) Pause Remark 203M->203M(256M) 0.683ms
[6.417s][info][gc,cpu      ] GC(145) User=0.00s Sys=0.00s Real=0.00s
[6.417s][info][gc,marking  ] GC(145) Concurrent Mark 2.757ms
[6.417s][info][gc,marking  ] GC(145) Concurrent Rebuild Remembered Sets and Scrub Regions
[6.418s][info][gc,marking  ] GC(145) Concurrent Rebuild Remembered Sets and Scrub Regions 0.717ms
[6.418s][info][gc,start    ] GC(145) Pause Cleanup
[6.418s][info][gc          ] GC(145) Pause Cleanup 203M->203M(256M) 0.161ms
[6.418s][info][gc,cpu      ] GC(145) User=0.00s Sys=0.00s Real=0.00s
[6.418s][info][gc,marking  ] GC(145) Concurrent Clear Claimed Marks
[6.418s][info][gc,marking  ] GC(145) Concurrent Clear Claimed Marks 0.063ms
[6.418s][info][gc,marking  ] GC(145) Concurrent Cleanup for Next Mark
[6.419s][info][gc,marking  ] GC(145) Concurrent Cleanup for Next Mark 0.592ms
[6.419s][info][gc          ] GC(145) Concurrent Mark Cycle 4.850ms
[6.474s][info][gc,start    ] GC(146) Pause Young (Concurrent Start) (G1 Humongous Allocation)
[6.474s][info][gc,task     ] GC(146) Using 6 workers of 8 for evacuation
[6.475s][info][gc,phases   ] GC(146)   Pre Evacuate Collection Set: 0.3ms
[6.475s][info][gc,phases   ] GC(146)   Merge Heap Roots: 0.2ms
[6.475s][info][gc,phases   ] GC(146)   Evacuate Collection Set: 0.2ms
[6.475s][info][gc,phases   ] GC(146)   Post Evacuate Collection Set: 0.6ms
[6.475s][info][gc,phases   ] GC(146)   Other: 0.2ms
[6.475s][info][gc,heap     ] GC(146) Eden regions: 0->0(36)
[6.475s][info][gc,heap     ] GC(146) Survivor regions: 1->1(5)
[6.475s][info][gc,heap     ] GC(146) Old regions: 2->2
[6.475s][info][gc,heap     ] GC(146) Humongous regions: 202->202
[6.475s][info][gc,metaspace] GC(146) Metaspace: 385K(576K)->385K(576K) NonClass: 360K(448K)->360K(448K) Class: 24K(128K)->24K(128K)
[6.475s][info][gc          ] GC(146) Pause Young (Concurrent Start) (G1 Humongous Allocation) 203M->203M(256M) 1.921ms
[6.475s][info][gc,cpu      ] GC(146) User=0.00s Sys=0.00s Real=0.00s
[6.476s][info][gc          ] GC(147) Concurrent Mark Cycle
[6.476s][info][gc,marking  ] GC(147) Concurrent Scan Root Regions
[6.476s][info][gc,marking  ] GC(147) Concurrent Scan Root Regions 0.156ms
[6.476s][info][gc,marking  ] GC(147) Concurrent Mark
[6.476s][info][gc,marking  ] GC(147) Concurrent Mark From Roots
[6.476s][info][gc,task     ] GC(147) Using 2 workers of 2 for marking
[6.478s][info][gc,marking  ] GC(147) Concurrent Mark From Roots 1.960ms
[6.478s][info][gc,marking  ] GC(147) Concurrent Preclean
[6.478s][info][gc,marking  ] GC(147) Concurrent Preclean 0.020ms
[6.478s][info][gc,start    ] GC(147) Pause Remark
[6.479s][info][gc          ] GC(147) Pause Remark 205M->205M(256M) 0.787ms
[6.479s][info][gc,cpu      ] GC(147) User=0.00s Sys=0.00s Real=0.00s
[6.479s][info][gc,marking  ] GC(147) Concurrent Mark 3.013ms
[6.479s][info][gc,marking  ] GC(147) Concurrent Rebuild Remembered Sets and Scrub Regions
[6.479s][info][gc,marking  ] GC(147) Concurrent Rebuild Remembered Sets and Scrub Regions 0.624ms
[6.480s][info][gc,start    ] GC(147) Pause Cleanup
[6.480s][info][gc          ] GC(147) Pause Cleanup 205M->205M(256M) 0.189ms
[6.480s][info][gc,cpu      ] GC(147) User=0.00s Sys=0.00s Real=0.00s
[6.480s][info][gc,marking  ] GC(147) Concurrent Clear Claimed Marks
[6.480s][info][gc,marking  ] GC(147) Concurrent Clear Claimed Marks 0.040ms
[6.480s][info][gc,marking  ] GC(147) Concurrent Cleanup for Next Mark
[6.480s][info][gc,marking  ] GC(147) Concurrent Cleanup for Next Mark 0.535ms
[6.480s][info][gc          ] GC(147) Concurrent Mark Cycle 4.964ms
[6.535s][info][gc,start    ] GC(148) Pause Young (Concurrent Start) (G1 Humongous Allocation)
[6.535s][info][gc,task     ] GC(148) Using 6 workers of 8 for evacuation
[6.537s][info][gc,phases   ] GC(148)   Pre Evacuate Collection Set: 0.4ms
[6.537s][info][gc,phases   ] GC(148)   Merge Heap Roots: 0.3ms
[6.537s][info][gc,phases   ] GC(148)   Evacuate Collection Set: 0.2ms
[6.537s][info][gc,phases   ] GC(148)   Post Evacuate Collection Set: 0.6ms
[6.537s][info][gc,phases   ] GC(148)   Other: 0.4ms
[6.537s][info][gc,heap     ] GC(148) Eden regions: 0->0(34)
[6.537s][info][gc,heap     ] GC(148) Survivor regions: 1->1(5)
[6.537s][info][gc,heap     ] GC(148) Old regions: 2->2
[6.537s][info][gc,heap     ] GC(148) Humongous regions: 204->204
[6.537s][info][gc,metaspace] GC(148) Metaspace: 385K(576K)->385K(576K) NonClass: 360K(448K)->360K(448K) Class: 24K(128K)->24K(128K)
[6.537s][info][gc          ] GC(148) Pause Young (Concurrent Start) (G1 Humongous Allocation) 205M->205M(256M) 2.443ms
[6.537s][info][gc,cpu      ] GC(148) User=0.00s Sys=0.00s Real=0.00s
[6.537s][info][gc          ] GC(149) Concurrent Mark Cycle
[6.537s][info][gc,marking  ] GC(149) Concurrent Scan Root Regions
[6.537s][info][gc,marking  ] GC(149) Concurrent Scan Root Regions 0.170ms
[6.537s][info][gc,marking  ] GC(149) Concurrent Mark
[6.537s][info][gc,marking  ] GC(149) Concurrent Mark From Roots
[6.537s][info][gc,task     ] GC(149) Using 2 workers of 2 for marking
[6.540s][info][gc,marking  ] GC(149) Concurrent Mark From Roots 2.321ms
[6.540s][info][gc,marking  ] GC(149) Concurrent Preclean
[6.540s][info][gc,marking  ] GC(149) Concurrent Preclean 0.026ms
[6.540s][info][gc,start    ] GC(149) Pause Remark
[6.541s][info][gc          ] GC(149) Pause Remark 207M->207M(256M) 0.847ms
[6.541s][info][gc,cpu      ] GC(149) User=0.00s Sys=0.00s Real=0.00s
[6.541s][info][gc,marking  ] GC(149) Concurrent Mark 3.531ms
[6.541s][info][gc,marking  ] GC(149) Concurrent Rebuild Remembered Sets and Scrub Regions
[6.542s][info][gc,marking  ] GC(149) Concurrent Rebuild Remembered Sets and Scrub Regions 1.168ms
[6.542s][info][gc,start    ] GC(149) Pause Cleanup
[6.543s][info][gc          ] GC(149) Pause Cleanup 207M->207M(256M) 0.230ms
[6.543s][info][gc,cpu      ] GC(149) User=0.00s Sys=0.00s Real=0.00s
[6.543s][info][gc,marking  ] GC(149) Concurrent Clear Claimed Marks
[6.543s][info][gc,marking  ] GC(149) Concurrent Clear Claimed Marks 0.037ms
[6.543s][info][gc,marking  ] GC(149) Concurrent Cleanup for Next Mark
[6.543s][info][gc,marking  ] GC(149) Concurrent Cleanup for Next Mark 0.704ms
[6.543s][info][gc          ] GC(149) Concurrent Mark Cycle 6.413ms
[6.597s][info][gc,start    ] GC(150) Pause Young (Concurrent Start) (G1 Humongous Allocation)
[6.597s][info][gc,task     ] GC(150) Using 6 workers of 8 for evacuation
[6.599s][info][gc,phases   ] GC(150)   Pre Evacuate Collection Set: 0.3ms
[6.599s][info][gc,phases   ] GC(150)   Merge Heap Roots: 0.2ms
[6.599s][info][gc,phases   ] GC(150)   Evacuate Collection Set: 0.2ms
[6.599s][info][gc,phases   ] GC(150)   Post Evacuate Collection Set: 0.6ms
[6.599s][info][gc,phases   ] GC(150)   Other: 0.2ms
[6.600s][info][gc,heap     ] GC(150) Eden regions: 0->0(32)
[6.600s][info][gc,heap     ] GC(150) Survivor regions: 1->1(5)
[6.600s][info][gc,heap     ] GC(150) Old regions: 2->2
[6.600s][info][gc,heap     ] GC(150) Humongous regions: 206->206
[6.600s][info][gc,metaspace] GC(150) Metaspace: 385K(576K)->385K(576K) NonClass: 360K(448K)->360K(448K) Class: 24K(128K)->24K(128K)
[6.600s][info][gc          ] GC(150) Pause Young (Concurrent Start) (G1 Humongous Allocation) 207M->207M(256M) 2.378ms
[6.600s][info][gc,cpu      ] GC(150) User=0.00s Sys=0.00s Real=0.00s
[6.600s][info][gc          ] GC(151) Concurrent Mark Cycle
[6.600s][info][gc,marking  ] GC(151) Concurrent Scan Root Regions
[6.600s][info][gc,marking  ] GC(151) Concurrent Scan Root Regions 0.321ms
[6.600s][info][gc,marking  ] GC(151) Concurrent Mark
[6.600s][info][gc,marking  ] GC(151) Concurrent Mark From Roots
[6.600s][info][gc,task     ] GC(151) Using 2 workers of 2 for marking
[6.602s][info][gc,marking  ] GC(151) Concurrent Mark From Roots 2.017ms
[6.602s][info][gc,marking  ] GC(151) Concurrent Preclean
[6.602s][info][gc,marking  ] GC(151) Concurrent Preclean 0.027ms
[6.603s][info][gc,start    ] GC(151) Pause Remark
[6.604s][info][gc          ] GC(151) Pause Remark 209M->209M(256M) 1.222ms
[6.604s][info][gc,cpu      ] GC(151) User=0.00s Sys=0.00s Real=0.00s
[6.604s][info][gc,marking  ] GC(151) Concurrent Mark 3.648ms
[6.604s][info][gc,marking  ] GC(151) Concurrent Rebuild Remembered Sets and Scrub Regions
[6.605s][info][gc,marking  ] GC(151) Concurrent Rebuild Remembered Sets and Scrub Regions 0.694ms
[6.605s][info][gc,start    ] GC(151) Pause Cleanup
[6.605s][info][gc          ] GC(151) Pause Cleanup 209M->209M(256M) 0.315ms
[6.605s][info][gc,cpu      ] GC(151) User=0.00s Sys=0.00s Real=0.00s
[6.605s][info][gc,marking  ] GC(151) Concurrent Clear Claimed Marks
[6.605s][info][gc,marking  ] GC(151) Concurrent Clear Claimed Marks 0.037ms
[6.605s][info][gc,marking  ] GC(151) Concurrent Cleanup for Next Mark
[6.606s][info][gc,marking  ] GC(151) Concurrent Cleanup for Next Mark 0.784ms
[6.606s][info][gc          ] GC(151) Concurrent Mark Cycle 6.549ms
[6.659s][info][gc,start    ] GC(152) Pause Young (Concurrent Start) (G1 Humongous Allocation)
[6.659s][info][gc,task     ] GC(152) Using 6 workers of 8 for evacuation
[6.661s][info][gc,phases   ] GC(152)   Pre Evacuate Collection Set: 0.4ms
[6.661s][info][gc,phases   ] GC(152)   Merge Heap Roots: 0.2ms
[6.661s][info][gc,phases   ] GC(152)   Evacuate Collection Set: 0.4ms
[6.661s][info][gc,phases   ] GC(152)   Post Evacuate Collection Set: 0.7ms
[6.661s][info][gc,phases   ] GC(152)   Other: 0.2ms
[6.661s][info][gc,heap     ] GC(152) Eden regions: 0->0(30)
[6.661s][info][gc,heap     ] GC(152) Survivor regions: 1->1(5)
[6.661s][info][gc,heap     ] GC(152) Old regions: 2->2
[6.661s][info][gc,heap     ] GC(152) Humongous regions: 208->208
[6.661s][info][gc,metaspace] GC(152) Metaspace: 385K(576K)->385K(576K) NonClass: 360K(448K)->360K(448K) Class: 24K(128K)->24K(128K)
[6.661s][info][gc          ] GC(152) Pause Young (Concurrent Start) (G1 Humongous Allocation) 209M->209M(256M) 2.130ms
[6.661s][info][gc,cpu      ] GC(152) User=0.00s Sys=0.00s Real=0.00s
[6.661s][info][gc          ] GC(153) Concurrent Mark Cycle
[6.661s][info][gc,marking  ] GC(153) Concurrent Scan Root Regions
[6.662s][info][gc,marking  ] GC(153) Concurrent Scan Root Regions 0.134ms
[6.662s][info][gc,marking  ] GC(153) Concurrent Mark
[6.662s][info][gc,marking  ] GC(153) Concurrent Mark From Roots
[6.662s][info][gc,task     ] GC(153) Using 2 workers of 2 for marking
[6.664s][info][gc,marking  ] GC(153) Concurrent Mark From Roots 1.860ms
[6.664s][info][gc,marking  ] GC(153) Concurrent Preclean
[6.664s][info][gc,marking  ] GC(153) Concurrent Preclean 0.025ms
[6.664s][info][gc,start    ] GC(153) Pause Remark
[6.665s][info][gc          ] GC(153) Pause Remark 211M->211M(256M) 1.259ms
[6.665s][info][gc,cpu      ] GC(153) User=0.02s Sys=0.00s Real=0.00s
[6.665s][info][gc,marking  ] GC(153) Concurrent Mark 3.479ms
[6.665s][info][gc,marking  ] GC(153) Concurrent Rebuild Remembered Sets and Scrub Regions
[6.666s][info][gc,marking  ] GC(153) Concurrent Rebuild Remembered Sets and Scrub Regions 0.832ms
[6.666s][info][gc,start    ] GC(153) Pause Cleanup
[6.667s][info][gc          ] GC(153) Pause Cleanup 211M->211M(256M) 0.243ms
[6.667s][info][gc,cpu      ] GC(153) User=0.00s Sys=0.00s Real=0.00s
[6.667s][info][gc,marking  ] GC(153) Concurrent Clear Claimed Marks
[6.667s][info][gc,marking  ] GC(153) Concurrent Clear Claimed Marks 0.041ms
[6.667s][info][gc,marking  ] GC(153) Concurrent Cleanup for Next Mark
[6.667s][info][gc,marking  ] GC(153) Concurrent Cleanup for Next Mark 0.648ms
[6.667s][info][gc          ] GC(153) Concurrent Mark Cycle 6.041ms
[6.723s][info][gc,start    ] GC(154) Pause Young (Concurrent Start) (G1 Humongous Allocation)
[6.723s][info][gc,task     ] GC(154) Using 6 workers of 8 for evacuation
[6.725s][info][gc,phases   ] GC(154)   Pre Evacuate Collection Set: 0.4ms
[6.725s][info][gc,phases   ] GC(154)   Merge Heap Roots: 0.3ms
[6.725s][info][gc,phases   ] GC(154)   Evacuate Collection Set: 0.4ms
[6.725s][info][gc,phases   ] GC(154)   Post Evacuate Collection Set: 0.6ms
[6.725s][info][gc,phases   ] GC(154)   Other: 0.2ms
[6.725s][info][gc,heap     ] GC(154) Eden regions: 0->0(28)
[6.725s][info][gc,heap     ] GC(154) Survivor regions: 1->1(4)
[6.725s][info][gc,heap     ] GC(154) Old regions: 2->2
[6.725s][info][gc,heap     ] GC(154) Humongous regions: 210->210
[6.725s][info][gc,metaspace] GC(154) Metaspace: 385K(576K)->385K(576K) NonClass: 360K(448K)->360K(448K) Class: 24K(128K)->24K(128K)
[6.725s][info][gc          ] GC(154) Pause Young (Concurrent Start) (G1 Humongous Allocation) 211M->211M(256M) 2.544ms
[6.725s][info][gc,cpu      ] GC(154) User=0.00s Sys=0.00s Real=0.00s
[6.725s][info][gc          ] GC(155) Concurrent Mark Cycle
[6.725s][info][gc,marking  ] GC(155) Concurrent Scan Root Regions
[6.726s][info][gc,marking  ] GC(155) Concurrent Scan Root Regions 0.269ms
[6.726s][info][gc,marking  ] GC(155) Concurrent Mark
[6.726s][info][gc,marking  ] GC(155) Concurrent Mark From Roots
[6.726s][info][gc,task     ] GC(155) Using 2 workers of 2 for marking
[6.729s][info][gc,marking  ] GC(155) Concurrent Mark From Roots 2.985ms
[6.729s][info][gc,marking  ] GC(155) Concurrent Preclean
[6.729s][info][gc,marking  ] GC(155) Concurrent Preclean 0.035ms
[6.729s][info][gc,start    ] GC(155) Pause Remark
[6.730s][info][gc          ] GC(155) Pause Remark 213M->213M(256M) 1.274ms
[6.730s][info][gc,cpu      ] GC(155) User=0.00s Sys=0.00s Real=0.00s
[6.730s][info][gc,marking  ] GC(155) Concurrent Mark 4.746ms
[6.731s][info][gc,marking  ] GC(155) Concurrent Rebuild Remembered Sets and Scrub Regions
[6.731s][info][gc,marking  ] GC(155) Concurrent Rebuild Remembered Sets and Scrub Regions 0.814ms
[6.732s][info][gc,start    ] GC(155) Pause Cleanup
[6.732s][info][gc          ] GC(155) Pause Cleanup 213M->213M(256M) 0.349ms
[6.732s][info][gc,cpu      ] GC(155) User=0.00s Sys=0.00s Real=0.00s
[6.732s][info][gc,marking  ] GC(155) Concurrent Clear Claimed Marks
[6.732s][info][gc,marking  ] GC(155) Concurrent Clear Claimed Marks 0.038ms
[6.732s][info][gc,marking  ] GC(155) Concurrent Cleanup for Next Mark
[6.733s][info][gc,marking  ] GC(155) Concurrent Cleanup for Next Mark 0.753ms
[6.733s][info][gc          ] GC(155) Concurrent Mark Cycle 7.654ms
[6.785s][info][gc,start    ] GC(156) Pause Young (Concurrent Start) (G1 Humongous Allocation)
[6.785s][info][gc,task     ] GC(156) Using 6 workers of 8 for evacuation
[6.787s][info][gc,phases   ] GC(156)   Pre Evacuate Collection Set: 0.2ms
[6.787s][info][gc,phases   ] GC(156)   Merge Heap Roots: 0.3ms
[6.787s][info][gc,phases   ] GC(156)   Evacuate Collection Set: 0.2ms
[6.787s][info][gc,phases   ] GC(156)   Post Evacuate Collection Set: 0.4ms
[6.787s][info][gc,phases   ] GC(156)   Other: 0.2ms
[6.787s][info][gc,heap     ] GC(156) Eden regions: 0->0(26)
[6.787s][info][gc,heap     ] GC(156) Survivor regions: 1->1(4)
[6.787s][info][gc,heap     ] GC(156) Old regions: 2->2
[6.787s][info][gc,heap     ] GC(156) Humongous regions: 212->212
[6.787s][info][gc,metaspace] GC(156) Metaspace: 385K(576K)->385K(576K) NonClass: 360K(448K)->360K(448K) Class: 24K(128K)->24K(128K)
[6.787s][info][gc          ] GC(156) Pause Young (Concurrent Start) (G1 Humongous Allocation) 213M->213M(256M) 1.785ms
[6.787s][info][gc,cpu      ] GC(156) User=0.00s Sys=0.00s Real=0.00s
[6.787s][info][gc          ] GC(157) Concurrent Mark Cycle
[6.787s][info][gc,marking  ] GC(157) Concurrent Scan Root Regions
[6.787s][info][gc,marking  ] GC(157) Concurrent Scan Root Regions 0.107ms
[6.787s][info][gc,marking  ] GC(157) Concurrent Mark
[6.787s][info][gc,marking  ] GC(157) Concurrent Mark From Roots
[6.787s][info][gc,task     ] GC(157) Using 2 workers of 2 for marking
[6.791s][info][gc,marking  ] GC(157) Concurrent Mark From Roots 4.045ms
[6.792s][info][gc,marking  ] GC(157) Concurrent Preclean
[6.792s][info][gc,marking  ] GC(157) Concurrent Preclean 0.043ms
[6.792s][info][gc,start    ] GC(157) Pause Remark
[6.793s][info][gc          ] GC(157) Pause Remark 215M->215M(256M) 1.269ms
[6.793s][info][gc,cpu      ] GC(157) User=0.00s Sys=0.00s Real=0.00s
[6.793s][info][gc,marking  ] GC(157) Concurrent Mark 5.863ms
[6.793s][info][gc,marking  ] GC(157) Concurrent Rebuild Remembered Sets and Scrub Regions
[6.794s][info][gc,marking  ] GC(157) Concurrent Rebuild Remembered Sets and Scrub Regions 1.012ms
[6.795s][info][gc,start    ] GC(157) Pause Cleanup
[6.795s][info][gc          ] GC(157) Pause Cleanup 215M->215M(256M) 0.196ms
[6.795s][info][gc,cpu      ] GC(157) User=0.00s Sys=0.00s Real=0.00s
[6.795s][info][gc,marking  ] GC(157) Concurrent Clear Claimed Marks
[6.795s][info][gc,marking  ] GC(157) Concurrent Clear Claimed Marks 0.050ms
[6.795s][info][gc,marking  ] GC(157) Concurrent Cleanup for Next Mark
[6.796s][info][gc,marking  ] GC(157) Concurrent Cleanup for Next Mark 0.858ms
[6.796s][info][gc          ] GC(157) Concurrent Mark Cycle 8.717ms
[6.848s][info][gc,start    ] GC(158) Pause Young (Concurrent Start) (G1 Humongous Allocation)
[6.848s][info][gc,task     ] GC(158) Using 6 workers of 8 for evacuation
[6.849s][info][gc,phases   ] GC(158)   Pre Evacuate Collection Set: 0.2ms
[6.849s][info][gc,phases   ] GC(158)   Merge Heap Roots: 0.1ms
[6.849s][info][gc,phases   ] GC(158)   Evacuate Collection Set: 0.2ms
[6.849s][info][gc,phases   ] GC(158)   Post Evacuate Collection Set: 0.2ms
[6.849s][info][gc,phases   ] GC(158)   Other: 0.1ms
[6.849s][info][gc,heap     ] GC(158) Eden regions: 0->0(24)
[6.849s][info][gc,heap     ] GC(158) Survivor regions: 1->1(4)
[6.849s][info][gc,heap     ] GC(158) Old regions: 2->2
[6.849s][info][gc,heap     ] GC(158) Humongous regions: 214->214
[6.849s][info][gc,metaspace] GC(158) Metaspace: 385K(576K)->385K(576K) NonClass: 360K(448K)->360K(448K) Class: 24K(128K)->24K(128K)
[6.849s][info][gc          ] GC(158) Pause Young (Concurrent Start) (G1 Humongous Allocation) 215M->215M(256M) 1.639ms
[6.849s][info][gc,cpu      ] GC(158) User=0.00s Sys=0.00s Real=0.00s
[6.849s][info][gc          ] GC(159) Concurrent Mark Cycle
[6.849s][info][gc,marking  ] GC(159) Concurrent Scan Root Regions
[6.849s][info][gc,marking  ] GC(159) Concurrent Scan Root Regions 0.067ms
[6.850s][info][gc,marking  ] GC(159) Concurrent Mark
[6.850s][info][gc,marking  ] GC(159) Concurrent Mark From Roots
[6.850s][info][gc,task     ] GC(159) Using 2 workers of 2 for marking
[6.851s][info][gc,marking  ] GC(159) Concurrent Mark From Roots 1.930ms
[6.852s][info][gc,marking  ] GC(159) Concurrent Preclean
[6.852s][info][gc,marking  ] GC(159) Concurrent Preclean 0.045ms
[6.852s][info][gc,start    ] GC(159) Pause Remark
[6.852s][info][gc          ] GC(159) Pause Remark 217M->217M(256M) 0.527ms
[6.852s][info][gc,cpu      ] GC(159) User=0.00s Sys=0.00s Real=0.00s
[6.852s][info][gc,marking  ] GC(159) Concurrent Mark 2.796ms
[6.852s][info][gc,marking  ] GC(159) Concurrent Rebuild Remembered Sets and Scrub Regions
[6.853s][info][gc,marking  ] GC(159) Concurrent Rebuild Remembered Sets and Scrub Regions 0.794ms
[6.853s][info][gc,start    ] GC(159) Pause Cleanup
[6.853s][info][gc          ] GC(159) Pause Cleanup 217M->217M(256M) 0.141ms
[6.853s][info][gc,cpu      ] GC(159) User=0.00s Sys=0.00s Real=0.00s
[6.853s][info][gc,marking  ] GC(159) Concurrent Clear Claimed Marks
[6.854s][info][gc,marking  ] GC(159) Concurrent Clear Claimed Marks 0.048ms
[6.854s][info][gc,marking  ] GC(159) Concurrent Cleanup for Next Mark
[6.854s][info][gc,marking  ] GC(159) Concurrent Cleanup for Next Mark 0.660ms
[6.854s][info][gc          ] GC(159) Concurrent Mark Cycle 4.939ms
[6.910s][info][gc,start    ] GC(160) Pause Young (Concurrent Start) (G1 Humongous Allocation)
[6.910s][info][gc,task     ] GC(160) Using 6 workers of 8 for evacuation
[6.912s][info][gc,phases   ] GC(160)   Pre Evacuate Collection Set: 0.3ms
[6.912s][info][gc,phases   ] GC(160)   Merge Heap Roots: 0.2ms
[6.912s][info][gc,phases   ] GC(160)   Evacuate Collection Set: 0.3ms
[6.912s][info][gc,phases   ] GC(160)   Post Evacuate Collection Set: 0.3ms
[6.912s][info][gc,phases   ] GC(160)   Other: 0.2ms
[6.912s][info][gc,heap     ] GC(160) Eden regions: 0->0(12)
[6.912s][info][gc,heap     ] GC(160) Survivor regions: 1->1(4)
[6.912s][info][gc,heap     ] GC(160) Old regions: 2->2
[6.912s][info][gc,heap     ] GC(160) Humongous regions: 216->216
[6.912s][info][gc,metaspace] GC(160) Metaspace: 385K(576K)->385K(576K) NonClass: 360K(448K)->360K(448K) Class: 24K(128K)->24K(128K)
[6.912s][info][gc          ] GC(160) Pause Young (Concurrent Start) (G1 Humongous Allocation) 217M->217M(256M) 2.070ms
[6.912s][info][gc,cpu      ] GC(160) User=0.00s Sys=0.00s Real=0.00s
[6.912s][info][gc          ] GC(161) Concurrent Mark Cycle
[6.912s][info][gc,marking  ] GC(161) Concurrent Scan Root Regions
[6.913s][info][gc,marking  ] GC(161) Concurrent Scan Root Regions 0.263ms
[6.913s][info][gc,marking  ] GC(161) Concurrent Mark
[6.913s][info][gc,marking  ] GC(161) Concurrent Mark From Roots
[6.913s][info][gc,task     ] GC(161) Using 2 workers of 2 for marking
[6.915s][info][gc,marking  ] GC(161) Concurrent Mark From Roots 2.095ms
[6.915s][info][gc,marking  ] GC(161) Concurrent Preclean
[6.915s][info][gc,marking  ] GC(161) Concurrent Preclean 0.025ms
[6.915s][info][gc,start    ] GC(161) Pause Remark
[6.916s][info][gc          ] GC(161) Pause Remark 219M->219M(256M) 0.537ms
[6.916s][info][gc,cpu      ] GC(161) User=0.00s Sys=0.00s Real=0.00s
[6.916s][info][gc,marking  ] GC(161) Concurrent Mark 2.958ms
[6.916s][info][gc,marking  ] GC(161) Concurrent Rebuild Remembered Sets and Scrub Regions
[6.916s][info][gc,marking  ] GC(161) Concurrent Rebuild Remembered Sets and Scrub Regions 0.695ms
[6.917s][info][gc,start    ] GC(161) Pause Cleanup
[6.917s][info][gc          ] GC(161) Pause Cleanup 219M->219M(256M) 0.133ms
[6.917s][info][gc,cpu      ] GC(161) User=0.00s Sys=0.00s Real=0.00s
[6.917s][info][gc,marking  ] GC(161) Concurrent Clear Claimed Marks
[6.917s][info][gc,marking  ] GC(161) Concurrent Clear Claimed Marks 0.028ms
[6.917s][info][gc,marking  ] GC(161) Concurrent Cleanup for Next Mark
[6.917s][info][gc,marking  ] GC(161) Concurrent Cleanup for Next Mark 0.583ms
[6.917s][info][gc          ] GC(161) Concurrent Mark Cycle 5.374ms
[6.972s][info][gc,start    ] GC(162) Pause Young (Concurrent Start) (G1 Humongous Allocation)
[6.972s][info][gc,task     ] GC(162) Using 6 workers of 8 for evacuation
[6.973s][info][gc,phases   ] GC(162)   Pre Evacuate Collection Set: 0.3ms
[6.974s][info][gc,phases   ] GC(162)   Merge Heap Roots: 0.2ms
[6.974s][info][gc,phases   ] GC(162)   Evacuate Collection Set: 0.2ms
[6.974s][info][gc,phases   ] GC(162)   Post Evacuate Collection Set: 0.2ms
[6.974s][info][gc,phases   ] GC(162)   Other: 0.1ms
[6.974s][info][gc,heap     ] GC(162) Eden regions: 0->0(14)
[6.974s][info][gc,heap     ] GC(162) Survivor regions: 1->1(2)
[6.974s][info][gc,heap     ] GC(162) Old regions: 2->2
[6.974s][info][gc,heap     ] GC(162) Humongous regions: 218->218
[6.974s][info][gc,metaspace] GC(162) Metaspace: 385K(576K)->385K(576K) NonClass: 360K(448K)->360K(448K) Class: 24K(128K)->24K(128K)
[6.974s][info][gc          ] GC(162) Pause Young (Concurrent Start) (G1 Humongous Allocation) 219M->219M(256M) 1.775ms
[6.974s][info][gc,cpu      ] GC(162) User=0.00s Sys=0.00s Real=0.00s
[6.974s][info][gc          ] GC(163) Concurrent Mark Cycle
[6.974s][info][gc,marking  ] GC(163) Concurrent Scan Root Regions
[6.974s][info][gc,marking  ] GC(163) Concurrent Scan Root Regions 0.091ms
[6.975s][info][gc,marking  ] GC(163) Concurrent Mark
[6.975s][info][gc,marking  ] GC(163) Concurrent Mark From Roots
[6.975s][info][gc,task     ] GC(163) Using 2 workers of 2 for marking
[6.978s][info][gc,marking  ] GC(163) Concurrent Mark From Roots 3.177ms
[6.978s][info][gc,marking  ] GC(163) Concurrent Preclean
[6.978s][info][gc,marking  ] GC(163) Concurrent Preclean 0.032ms
[6.978s][info][gc,start    ] GC(163) Pause Remark
[6.978s][info][gc          ] GC(163) Pause Remark 221M->221M(256M) 0.488ms
[6.978s][info][gc,cpu      ] GC(163) User=0.00s Sys=0.00s Real=0.00s
[6.979s][info][gc,marking  ] GC(163) Concurrent Mark 4.021ms
[6.979s][info][gc,marking  ] GC(163) Concurrent Rebuild Remembered Sets and Scrub Regions
[6.979s][info][gc,marking  ] GC(163) Concurrent Rebuild Remembered Sets and Scrub Regions 0.715ms
[6.979s][info][gc,start    ] GC(163) Pause Cleanup
[6.980s][info][gc          ] GC(163) Pause Cleanup 221M->221M(256M) 0.112ms
[6.980s][info][gc,cpu      ] GC(163) User=0.00s Sys=0.00s Real=0.00s
[6.980s][info][gc,marking  ] GC(163) Concurrent Clear Claimed Marks
[6.980s][info][gc,marking  ] GC(163) Concurrent Clear Claimed Marks 0.030ms
[6.980s][info][gc,marking  ] GC(163) Concurrent Cleanup for Next Mark
[6.980s][info][gc,marking  ] GC(163) Concurrent Cleanup for Next Mark 0.530ms
[6.980s][info][gc          ] GC(163) Concurrent Mark Cycle 6.101ms
[7.034s][info][gc,start    ] GC(164) Pause Young (Concurrent Start) (G1 Humongous Allocation)
[7.034s][info][gc,task     ] GC(164) Using 6 workers of 8 for evacuation
[7.035s][info][gc,phases   ] GC(164)   Pre Evacuate Collection Set: 0.2ms
[7.035s][info][gc,phases   ] GC(164)   Merge Heap Roots: 0.2ms
[7.035s][info][gc,phases   ] GC(164)   Evacuate Collection Set: 0.2ms
[7.035s][info][gc,phases   ] GC(164)   Post Evacuate Collection Set: 0.3ms
[7.035s][info][gc,phases   ] GC(164)   Other: 0.3ms
[7.035s][info][gc,heap     ] GC(164) Eden regions: 1->0(18)
[7.035s][info][gc,heap     ] GC(164) Survivor regions: 1->1(2)
[7.035s][info][gc,heap     ] GC(164) Old regions: 2->2
[7.035s][info][gc,heap     ] GC(164) Humongous regions: 220->220
[7.035s][info][gc,metaspace] GC(164) Metaspace: 385K(576K)->385K(576K) NonClass: 360K(448K)->360K(448K) Class: 24K(128K)->24K(128K)
[7.035s][info][gc          ] GC(164) Pause Young (Concurrent Start) (G1 Humongous Allocation) 221M->221M(256M) 1.577ms
[7.035s][info][gc,cpu      ] GC(164) User=0.00s Sys=0.00s Real=0.00s
[7.035s][info][gc          ] GC(165) Concurrent Mark Cycle
[7.035s][info][gc,marking  ] GC(165) Concurrent Scan Root Regions
[7.036s][info][gc,marking  ] GC(165) Concurrent Scan Root Regions 0.128ms
[7.036s][info][gc,marking  ] GC(165) Concurrent Mark
[7.036s][info][gc,marking  ] GC(165) Concurrent Mark From Roots
[7.036s][info][gc,task     ] GC(165) Using 2 workers of 2 for marking
[7.037s][info][gc,marking  ] GC(165) Concurrent Mark From Roots 1.794ms
[7.037s][info][gc,marking  ] GC(165) Concurrent Preclean
[7.037s][info][gc,marking  ] GC(165) Concurrent Preclean 0.023ms
[7.037s][info][gc,start    ] GC(165) Pause Remark
[7.038s][info][gc          ] GC(165) Pause Remark 223M->223M(256M) 0.606ms
[7.038s][info][gc,cpu      ] GC(165) User=0.00s Sys=0.00s Real=0.00s
[7.038s][info][gc,marking  ] GC(165) Concurrent Mark 2.696ms
[7.038s][info][gc,marking  ] GC(165) Concurrent Rebuild Remembered Sets and Scrub Regions
[7.039s][info][gc,marking  ] GC(165) Concurrent Rebuild Remembered Sets and Scrub Regions 0.718ms
[7.039s][info][gc,start    ] GC(165) Pause Cleanup
[7.039s][info][gc          ] GC(165) Pause Cleanup 223M->223M(256M) 0.188ms
[7.039s][info][gc,cpu      ] GC(165) User=0.00s Sys=0.00s Real=0.00s
[7.039s][info][gc,marking  ] GC(165) Concurrent Clear Claimed Marks
[7.039s][info][gc,marking  ] GC(165) Concurrent Clear Claimed Marks 0.050ms
[7.039s][info][gc,marking  ] GC(165) Concurrent Cleanup for Next Mark
[7.040s][info][gc,marking  ] GC(165) Concurrent Cleanup for Next Mark 0.943ms
[7.041s][info][gc          ] GC(165) Concurrent Mark Cycle 5.220ms
[7.096s][info][gc,start    ] GC(166) Pause Young (Concurrent Start) (G1 Humongous Allocation)
[7.096s][info][gc,task     ] GC(166) Using 6 workers of 8 for evacuation
[7.097s][info][gc,phases   ] GC(166)   Pre Evacuate Collection Set: 0.2ms
[7.097s][info][gc,phases   ] GC(166)   Merge Heap Roots: 0.1ms
[7.097s][info][gc,phases   ] GC(166)   Evacuate Collection Set: 0.2ms
[7.097s][info][gc,phases   ] GC(166)   Post Evacuate Collection Set: 0.2ms
[7.097s][info][gc,phases   ] GC(166)   Other: 0.1ms
[7.097s][info][gc,heap     ] GC(166) Eden regions: 0->0(16)
[7.097s][info][gc,heap     ] GC(166) Survivor regions: 1->1(3)
[7.098s][info][gc,heap     ] GC(166) Old regions: 2->2
[7.098s][info][gc,heap     ] GC(166) Humongous regions: 222->222
[7.098s][info][gc,metaspace] GC(166) Metaspace: 385K(576K)->385K(576K) NonClass: 360K(448K)->360K(448K) Class: 24K(128K)->24K(128K)
[7.098s][info][gc          ] GC(166) Pause Young (Concurrent Start) (G1 Humongous Allocation) 223M->223M(256M) 1.283ms
[7.098s][info][gc,cpu      ] GC(166) User=0.00s Sys=0.00s Real=0.00s
[7.098s][info][gc          ] GC(167) Concurrent Mark Cycle
[7.098s][info][gc,marking  ] GC(167) Concurrent Scan Root Regions
[7.098s][info][gc,marking  ] GC(167) Concurrent Scan Root Regions 0.139ms
[7.098s][info][gc,marking  ] GC(167) Concurrent Mark
[7.098s][info][gc,marking  ] GC(167) Concurrent Mark From Roots
[7.098s][info][gc,task     ] GC(167) Using 2 workers of 2 for marking
[7.100s][info][gc,marking  ] GC(167) Concurrent Mark From Roots 2.269ms
[7.100s][info][gc,marking  ] GC(167) Concurrent Preclean
[7.100s][info][gc,marking  ] GC(167) Concurrent Preclean 0.036ms
[7.100s][info][gc,start    ] GC(167) Pause Remark
[7.101s][info][gc          ] GC(167) Pause Remark 225M->225M(256M) 0.596ms
[7.101s][info][gc,cpu      ] GC(167) User=0.00s Sys=0.00s Real=0.00s
[7.101s][info][gc,marking  ] GC(167) Concurrent Mark 3.159ms
[7.101s][info][gc,marking  ] GC(167) Concurrent Rebuild Remembered Sets and Scrub Regions
[7.102s][info][gc,marking  ] GC(167) Concurrent Rebuild Remembered Sets and Scrub Regions 0.671ms
[7.102s][info][gc,start    ] GC(167) Pause Cleanup
[7.102s][info][gc          ] GC(167) Pause Cleanup 225M->225M(256M) 0.109ms
[7.102s][info][gc,cpu      ] GC(167) User=0.00s Sys=0.00s Real=0.00s
[7.102s][info][gc,marking  ] GC(167) Concurrent Clear Claimed Marks
[7.102s][info][gc,marking  ] GC(167) Concurrent Clear Claimed Marks 0.054ms
[7.102s][info][gc,marking  ] GC(167) Concurrent Cleanup for Next Mark
[7.103s][info][gc,marking  ] GC(167) Concurrent Cleanup for Next Mark 0.533ms
[7.103s][info][gc          ] GC(167) Concurrent Mark Cycle 5.084ms
[7.159s][info][gc,start    ] GC(168) Pause Young (Concurrent Start) (G1 Humongous Allocation)
[7.159s][info][gc,task     ] GC(168) Using 6 workers of 8 for evacuation
[7.160s][info][gc,phases   ] GC(168)   Pre Evacuate Collection Set: 0.2ms
[7.160s][info][gc,phases   ] GC(168)   Merge Heap Roots: 0.1ms
[7.160s][info][gc,phases   ] GC(168)   Evacuate Collection Set: 0.2ms
[7.160s][info][gc,phases   ] GC(168)   Post Evacuate Collection Set: 0.3ms
[7.160s][info][gc,phases   ] GC(168)   Other: 0.1ms
[7.160s][info][gc,heap     ] GC(168) Eden regions: 0->0(14)
[7.160s][info][gc,heap     ] GC(168) Survivor regions: 1->1(3)
[7.160s][info][gc,heap     ] GC(168) Old regions: 2->2
[7.160s][info][gc,heap     ] GC(168) Humongous regions: 224->224
[7.160s][info][gc,metaspace] GC(168) Metaspace: 385K(576K)->385K(576K) NonClass: 360K(448K)->360K(448K) Class: 24K(128K)->24K(128K)
[7.160s][info][gc          ] GC(168) Pause Young (Concurrent Start) (G1 Humongous Allocation) 225M->225M(256M) 1.225ms
[7.160s][info][gc,cpu      ] GC(168) User=0.00s Sys=0.00s Real=0.00s
[7.160s][info][gc          ] GC(169) Concurrent Mark Cycle
[7.160s][info][gc,marking  ] GC(169) Concurrent Scan Root Regions
[7.161s][info][gc,marking  ] GC(169) Concurrent Scan Root Regions 0.166ms
[7.161s][info][gc,marking  ] GC(169) Concurrent Mark
[7.161s][info][gc,marking  ] GC(169) Concurrent Mark From Roots
[7.161s][info][gc,task     ] GC(169) Using 2 workers of 2 for marking
[7.163s][info][gc,marking  ] GC(169) Concurrent Mark From Roots 2.438ms
[7.163s][info][gc,marking  ] GC(169) Concurrent Preclean
[7.163s][info][gc,marking  ] GC(169) Concurrent Preclean 0.033ms
[7.163s][info][gc,start    ] GC(169) Pause Remark
[7.164s][info][gc          ] GC(169) Pause Remark 227M->227M(256M) 0.561ms
[7.164s][info][gc,cpu      ] GC(169) User=0.00s Sys=0.00s Real=0.00s
[7.164s][info][gc,marking  ] GC(169) Concurrent Mark 3.277ms
[7.164s][info][gc,marking  ] GC(169) Concurrent Rebuild Remembered Sets and Scrub Regions
[7.165s][info][gc,marking  ] GC(169) Concurrent Rebuild Remembered Sets and Scrub Regions 0.736ms
[7.165s][info][gc,start    ] GC(169) Pause Cleanup
[7.165s][info][gc          ] GC(169) Pause Cleanup 227M->227M(256M) 0.139ms
[7.165s][info][gc,cpu      ] GC(169) User=0.00s Sys=0.00s Real=0.00s
[7.165s][info][gc,marking  ] GC(169) Concurrent Clear Claimed Marks
[7.165s][info][gc,marking  ] GC(169) Concurrent Clear Claimed Marks 0.047ms
[7.165s][info][gc,marking  ] GC(169) Concurrent Cleanup for Next Mark
[7.166s][info][gc,marking  ] GC(169) Concurrent Cleanup for Next Mark 0.688ms
[7.166s][info][gc          ] GC(169) Concurrent Mark Cycle 5.507ms
[7.222s][info][gc,start    ] GC(170) Pause Young (Concurrent Start) (G1 Humongous Allocation)
[7.222s][info][gc,task     ] GC(170) Using 6 workers of 8 for evacuation
[7.223s][info][gc,phases   ] GC(170)   Pre Evacuate Collection Set: 0.2ms
[7.223s][info][gc,phases   ] GC(170)   Merge Heap Roots: 0.1ms
[7.223s][info][gc,phases   ] GC(170)   Evacuate Collection Set: 0.3ms
[7.223s][info][gc,phases   ] GC(170)   Post Evacuate Collection Set: 0.5ms
[7.223s][info][gc,phases   ] GC(170)   Other: 0.2ms
[7.223s][info][gc,heap     ] GC(170) Eden regions: 0->0(12)
[7.224s][info][gc,heap     ] GC(170) Survivor regions: 1->1(2)
[7.224s][info][gc,heap     ] GC(170) Old regions: 2->2
[7.224s][info][gc,heap     ] GC(170) Humongous regions: 226->226
[7.224s][info][gc,metaspace] GC(170) Metaspace: 385K(576K)->385K(576K) NonClass: 360K(448K)->360K(448K) Class: 24K(128K)->24K(128K)
[7.224s][info][gc          ] GC(170) Pause Young (Concurrent Start) (G1 Humongous Allocation) 227M->227M(256M) 1.693ms
[7.224s][info][gc,cpu      ] GC(170) User=0.00s Sys=0.00s Real=0.00s
[7.224s][info][gc          ] GC(171) Concurrent Mark Cycle
[7.224s][info][gc,marking  ] GC(171) Concurrent Scan Root Regions
[7.224s][info][gc,marking  ] GC(171) Concurrent Scan Root Regions 0.159ms
[7.224s][info][gc,marking  ] GC(171) Concurrent Mark
[7.224s][info][gc,marking  ] GC(171) Concurrent Mark From Roots
[7.224s][info][gc,task     ] GC(171) Using 2 workers of 2 for marking
[7.226s][info][gc,marking  ] GC(171) Concurrent Mark From Roots 1.879ms
[7.226s][info][gc,marking  ] GC(171) Concurrent Preclean
[7.226s][info][gc,marking  ] GC(171) Concurrent Preclean 0.021ms
[7.226s][info][gc,start    ] GC(171) Pause Remark
[7.227s][info][gc          ] GC(171) Pause Remark 229M->229M(256M) 0.688ms
[7.227s][info][gc,cpu      ] GC(171) User=0.02s Sys=0.02s Real=0.00s
[7.227s][info][gc,marking  ] GC(171) Concurrent Mark 2.831ms
[7.227s][info][gc,marking  ] GC(171) Concurrent Rebuild Remembered Sets and Scrub Regions
[7.228s][info][gc,marking  ] GC(171) Concurrent Rebuild Remembered Sets and Scrub Regions 0.819ms
[7.228s][info][gc,start    ] GC(171) Pause Cleanup
[7.228s][info][gc          ] GC(171) Pause Cleanup 229M->229M(256M) 0.190ms
[7.228s][info][gc,cpu      ] GC(171) User=0.00s Sys=0.00s Real=0.00s
[7.228s][info][gc,marking  ] GC(171) Concurrent Clear Claimed Marks
[7.228s][info][gc,marking  ] GC(171) Concurrent Clear Claimed Marks 0.039ms
[7.228s][info][gc,marking  ] GC(171) Concurrent Cleanup for Next Mark
[7.229s][info][gc,marking  ] GC(171) Concurrent Cleanup for Next Mark 0.523ms
[7.229s][info][gc          ] GC(171) Concurrent Mark Cycle 5.138ms
[7.285s][info][gc,start    ] GC(172) Pause Young (Concurrent Start) (G1 Humongous Allocation)
[7.285s][info][gc,task     ] GC(172) Using 6 workers of 8 for evacuation
[7.287s][info][gc,phases   ] GC(172)   Pre Evacuate Collection Set: 0.3ms
[7.287s][info][gc,phases   ] GC(172)   Merge Heap Roots: 0.2ms
[7.287s][info][gc,phases   ] GC(172)   Evacuate Collection Set: 0.4ms
[7.287s][info][gc,phases   ] GC(172)   Post Evacuate Collection Set: 0.6ms
[7.287s][info][gc,phases   ] GC(172)   Other: 0.3ms
[7.287s][info][gc,heap     ] GC(172) Eden regions: 0->0(11)
[7.287s][info][gc,heap     ] GC(172) Survivor regions: 1->1(2)
[7.287s][info][gc,heap     ] GC(172) Old regions: 2->2
[7.287s][info][gc,heap     ] GC(172) Humongous regions: 228->228
[7.287s][info][gc,metaspace] GC(172) Metaspace: 385K(576K)->385K(576K) NonClass: 360K(448K)->360K(448K) Class: 24K(128K)->24K(128K)
[7.287s][info][gc          ] GC(172) Pause Young (Concurrent Start) (G1 Humongous Allocation) 229M->229M(256M) 2.111ms
[7.287s][info][gc,cpu      ] GC(172) User=0.00s Sys=0.00s Real=0.00s
[7.287s][info][gc          ] GC(173) Concurrent Mark Cycle
[7.287s][info][gc,marking  ] GC(173) Concurrent Scan Root Regions
[7.287s][info][gc,marking  ] GC(173) Concurrent Scan Root Regions 0.200ms
[7.287s][info][gc,marking  ] GC(173) Concurrent Mark
[7.287s][info][gc,marking  ] GC(173) Concurrent Mark From Roots
[7.287s][info][gc,task     ] GC(173) Using 2 workers of 2 for marking
[7.289s][info][gc,marking  ] GC(173) Concurrent Mark From Roots 1.897ms
[7.289s][info][gc,marking  ] GC(173) Concurrent Preclean
[7.289s][info][gc,marking  ] GC(173) Concurrent Preclean 0.023ms
[7.290s][info][gc,start    ] GC(173) Pause Remark
[7.291s][info][gc          ] GC(173) Pause Remark 231M->231M(256M) 1.734ms
[7.291s][info][gc,cpu      ] GC(173) User=0.00s Sys=0.00s Real=0.00s
[7.292s][info][gc,marking  ] GC(173) Concurrent Mark 4.061ms
[7.292s][info][gc,marking  ] GC(173) Concurrent Rebuild Remembered Sets and Scrub Regions
[7.293s][info][gc,marking  ] GC(173) Concurrent Rebuild Remembered Sets and Scrub Regions 1.054ms
[7.293s][info][gc,start    ] GC(173) Pause Cleanup
[7.293s][info][gc          ] GC(173) Pause Cleanup 231M->231M(256M) 0.345ms
[7.293s][info][gc,cpu      ] GC(173) User=0.00s Sys=0.00s Real=0.00s
[7.293s][info][gc,marking  ] GC(173) Concurrent Clear Claimed Marks
[7.293s][info][gc,marking  ] GC(173) Concurrent Clear Claimed Marks 0.038ms
[7.293s][info][gc,marking  ] GC(173) Concurrent Cleanup for Next Mark
[7.294s][info][gc,marking  ] GC(173) Concurrent Cleanup for Next Mark 0.544ms
[7.294s][info][gc          ] GC(173) Concurrent Mark Cycle 6.831ms
[7.346s][info][gc,start    ] GC(174) Pause Young (Concurrent Start) (G1 Humongous Allocation)
[7.346s][info][gc,task     ] GC(174) Using 6 workers of 8 for evacuation
[7.348s][info][gc,phases   ] GC(174)   Pre Evacuate Collection Set: 0.3ms
[7.348s][info][gc,phases   ] GC(174)   Merge Heap Roots: 0.2ms
[7.348s][info][gc,phases   ] GC(174)   Evacuate Collection Set: 0.3ms
[7.348s][info][gc,phases   ] GC(174)   Post Evacuate Collection Set: 0.4ms
[7.348s][info][gc,phases   ] GC(174)   Other: 0.2ms
[7.348s][info][gc,heap     ] GC(174) Eden regions: 0->0(11)
[7.348s][info][gc,heap     ] GC(174) Survivor regions: 1->1(2)
[7.348s][info][gc,heap     ] GC(174) Old regions: 2->2
[7.348s][info][gc,heap     ] GC(174) Humongous regions: 230->230
[7.348s][info][gc,metaspace] GC(174) Metaspace: 385K(576K)->385K(576K) NonClass: 360K(448K)->360K(448K) Class: 24K(128K)->24K(128K)
[7.348s][info][gc          ] GC(174) Pause Young (Concurrent Start) (G1 Humongous Allocation) 231M->231M(256M) 1.682ms
[7.348s][info][gc,cpu      ] GC(174) User=0.00s Sys=0.00s Real=0.00s
[7.348s][info][gc          ] GC(175) Concurrent Mark Cycle
[7.348s][info][gc,marking  ] GC(175) Concurrent Scan Root Regions
[7.348s][info][gc,marking  ] GC(175) Concurrent Scan Root Regions 0.151ms
[7.348s][info][gc,marking  ] GC(175) Concurrent Mark
[7.348s][info][gc,marking  ] GC(175) Concurrent Mark From Roots
[7.348s][info][gc,task     ] GC(175) Using 2 workers of 2 for marking
[7.352s][info][gc,marking  ] GC(175) Concurrent Mark From Roots 3.469ms
[7.352s][info][gc,marking  ] GC(175) Concurrent Preclean
[7.352s][info][gc,marking  ] GC(175) Concurrent Preclean 0.025ms
[7.352s][info][gc,start    ] GC(175) Pause Remark
[7.353s][info][gc          ] GC(175) Pause Remark 233M->233M(256M) 1.151ms
[7.353s][info][gc,cpu      ] GC(175) User=0.00s Sys=0.00s Real=0.00s
[7.353s][info][gc,marking  ] GC(175) Concurrent Mark 5.079ms
[7.353s][info][gc,marking  ] GC(175) Concurrent Rebuild Remembered Sets and Scrub Regions
[7.354s][info][gc,marking  ] GC(175) Concurrent Rebuild Remembered Sets and Scrub Regions 0.833ms
[7.354s][info][gc,start    ] GC(175) Pause Cleanup
[7.355s][info][gc          ] GC(175) Pause Cleanup 233M->233M(256M) 0.403ms
[7.355s][info][gc,cpu      ] GC(175) User=0.00s Sys=0.00s Real=0.00s
[7.355s][info][gc,marking  ] GC(175) Concurrent Clear Claimed Marks
[7.355s][info][gc,marking  ] GC(175) Concurrent Clear Claimed Marks 0.040ms
[7.355s][info][gc,marking  ] GC(175) Concurrent Cleanup for Next Mark
[7.356s][info][gc,marking  ] GC(175) Concurrent Cleanup for Next Mark 0.803ms
[7.356s][info][gc          ] GC(175) Concurrent Mark Cycle 7.741ms
[7.409s][info][gc,start    ] GC(176) Pause Young (Concurrent Start) (G1 Humongous Allocation)
[7.409s][info][gc,task     ] GC(176) Using 6 workers of 8 for evacuation
[7.411s][info][gc,phases   ] GC(176)   Pre Evacuate Collection Set: 0.3ms
[7.411s][info][gc,phases   ] GC(176)   Merge Heap Roots: 0.2ms
[7.411s][info][gc,phases   ] GC(176)   Evacuate Collection Set: 0.2ms
[7.411s][info][gc,phases   ] GC(176)   Post Evacuate Collection Set: 0.9ms
[7.411s][info][gc,phases   ] GC(176)   Other: 0.3ms
[7.411s][info][gc,heap     ] GC(176) Eden regions: 0->0(11)
[7.411s][info][gc,heap     ] GC(176) Survivor regions: 1->1(2)
[7.411s][info][gc,heap     ] GC(176) Old regions: 2->2
[7.411s][info][gc,heap     ] GC(176) Humongous regions: 232->232
[7.411s][info][gc,metaspace] GC(176) Metaspace: 385K(576K)->385K(576K) NonClass: 360K(448K)->360K(448K) Class: 24K(128K)->24K(128K)
[7.411s][info][gc          ] GC(176) Pause Young (Concurrent Start) (G1 Humongous Allocation) 233M->233M(256M) 2.558ms
[7.411s][info][gc,cpu      ] GC(176) User=0.00s Sys=0.00s Real=0.00s
[7.411s][info][gc          ] GC(177) Concurrent Mark Cycle
[7.411s][info][gc,marking  ] GC(177) Concurrent Scan Root Regions
[7.412s][info][gc,marking  ] GC(177) Concurrent Scan Root Regions 0.269ms
[7.412s][info][gc,marking  ] GC(177) Concurrent Mark
[7.412s][info][gc,marking  ] GC(177) Concurrent Mark From Roots
[7.412s][info][gc,task     ] GC(177) Using 2 workers of 2 for marking
[7.415s][info][gc,marking  ] GC(177) Concurrent Mark From Roots 2.992ms
[7.415s][info][gc,marking  ] GC(177) Concurrent Preclean
[7.415s][info][gc,marking  ] GC(177) Concurrent Preclean 0.023ms
[7.415s][info][gc,start    ] GC(177) Pause Remark
[7.416s][info][gc          ] GC(177) Pause Remark 235M->235M(256M) 0.914ms
[7.416s][info][gc,cpu      ] GC(177) User=0.00s Sys=0.00s Real=0.00s
[7.416s][info][gc,marking  ] GC(177) Concurrent Mark 4.231ms
[7.416s][info][gc,marking  ] GC(177) Concurrent Rebuild Remembered Sets and Scrub Regions
[7.417s][info][gc,marking  ] GC(177) Concurrent Rebuild Remembered Sets and Scrub Regions 0.724ms
[7.417s][info][gc,start    ] GC(177) Pause Cleanup
[7.417s][info][gc          ] GC(177) Pause Cleanup 235M->235M(256M) 0.202ms
[7.417s][info][gc,cpu      ] GC(177) User=0.00s Sys=0.00s Real=0.00s
[7.417s][info][gc,marking  ] GC(177) Concurrent Clear Claimed Marks
[7.417s][info][gc,marking  ] GC(177) Concurrent Clear Claimed Marks 0.043ms
[7.417s][info][gc,marking  ] GC(177) Concurrent Cleanup for Next Mark
[7.418s][info][gc,marking  ] GC(177) Concurrent Cleanup for Next Mark 0.617ms
[7.418s][info][gc          ] GC(177) Concurrent Mark Cycle 6.612ms
[7.472s][info][gc,start    ] GC(178) Pause Young (Concurrent Start) (G1 Humongous Allocation)
[7.472s][info][gc,task     ] GC(178) Using 6 workers of 8 for evacuation
[7.474s][info][gc,phases   ] GC(178)   Pre Evacuate Collection Set: 0.5ms
[7.474s][info][gc,phases   ] GC(178)   Merge Heap Roots: 0.1ms
[7.474s][info][gc,phases   ] GC(178)   Evacuate Collection Set: 0.4ms
[7.474s][info][gc,phases   ] GC(178)   Post Evacuate Collection Set: 0.6ms
[7.474s][info][gc,phases   ] GC(178)   Other: 0.3ms
[7.474s][info][gc,heap     ] GC(178) Eden regions: 0->0(11)
[7.474s][info][gc,heap     ] GC(178) Survivor regions: 1->1(2)
[7.474s][info][gc,heap     ] GC(178) Old regions: 2->2
[7.474s][info][gc,heap     ] GC(178) Humongous regions: 234->234
[7.474s][info][gc,metaspace] GC(178) Metaspace: 385K(576K)->385K(576K) NonClass: 360K(448K)->360K(448K) Class: 24K(128K)->24K(128K)
[7.475s][info][gc          ] GC(178) Pause Young (Concurrent Start) (G1 Humongous Allocation) 235M->235M(256M) 2.740ms
[7.475s][info][gc,cpu      ] GC(178) User=0.00s Sys=0.00s Real=0.00s
[7.475s][info][gc          ] GC(179) Concurrent Mark Cycle
[7.475s][info][gc,marking  ] GC(179) Concurrent Scan Root Regions
[7.475s][info][gc,marking  ] GC(179) Concurrent Scan Root Regions 0.235ms
[7.475s][info][gc,marking  ] GC(179) Concurrent Mark
[7.475s][info][gc,marking  ] GC(179) Concurrent Mark From Roots
[7.475s][info][gc,task     ] GC(179) Using 2 workers of 2 for marking
[7.480s][info][gc,marking  ] GC(179) Concurrent Mark From Roots 4.953ms
[7.480s][info][gc,marking  ] GC(179) Concurrent Preclean
[7.480s][info][gc,marking  ] GC(179) Concurrent Preclean 0.038ms
[7.481s][info][gc,start    ] GC(179) Pause Remark
[7.482s][info][gc          ] GC(179) Pause Remark 237M->237M(256M) 1.324ms
[7.482s][info][gc,cpu      ] GC(179) User=0.00s Sys=0.00s Real=0.00s
[7.482s][info][gc,marking  ] GC(179) Concurrent Mark 6.780ms
[7.482s][info][gc,marking  ] GC(179) Concurrent Rebuild Remembered Sets and Scrub Regions
[7.483s][info][gc,marking  ] GC(179) Concurrent Rebuild Remembered Sets and Scrub Regions 0.792ms
[7.483s][info][gc,start    ] GC(179) Pause Cleanup
[7.483s][info][gc          ] GC(179) Pause Cleanup 237M->237M(256M) 0.228ms
[7.483s][info][gc,cpu      ] GC(179) User=0.00s Sys=0.00s Real=0.00s
[7.484s][info][gc,marking  ] GC(179) Concurrent Clear Claimed Marks
[7.484s][info][gc,marking  ] GC(179) Concurrent Clear Claimed Marks 0.053ms
[7.484s][info][gc,marking  ] GC(179) Concurrent Cleanup for Next Mark
[7.484s][info][gc,marking  ] GC(179) Concurrent Cleanup for Next Mark 0.714ms
[7.485s][info][gc          ] GC(179) Concurrent Mark Cycle 9.580ms
[7.533s][info][gc,start    ] GC(180) Pause Young (Concurrent Start) (G1 Humongous Allocation)
[7.533s][info][gc,task     ] GC(180) Using 6 workers of 8 for evacuation
[7.535s][info][gc,phases   ] GC(180)   Pre Evacuate Collection Set: 0.3ms
[7.535s][info][gc,phases   ] GC(180)   Merge Heap Roots: 0.2ms
[7.535s][info][gc,phases   ] GC(180)   Evacuate Collection Set: 0.4ms
[7.535s][info][gc,phases   ] GC(180)   Post Evacuate Collection Set: 0.8ms
[7.535s][info][gc,phases   ] GC(180)   Other: 0.2ms
[7.535s][info][gc,heap     ] GC(180) Eden regions: 0->0(11)
[7.535s][info][gc,heap     ] GC(180) Survivor regions: 1->1(2)
[7.535s][info][gc,heap     ] GC(180) Old regions: 2->2
[7.535s][info][gc,heap     ] GC(180) Humongous regions: 236->236
[7.535s][info][gc,metaspace] GC(180) Metaspace: 385K(576K)->385K(576K) NonClass: 360K(448K)->360K(448K) Class: 24K(128K)->24K(128K)
[7.535s][info][gc          ] GC(180) Pause Young (Concurrent Start) (G1 Humongous Allocation) 237M->237M(256M) 2.208ms
[7.535s][info][gc,cpu      ] GC(180) User=0.00s Sys=0.00s Real=0.00s
[7.535s][info][gc          ] GC(181) Concurrent Mark Cycle
[7.535s][info][gc,marking  ] GC(181) Concurrent Scan Root Regions
[7.536s][info][gc,marking  ] GC(181) Concurrent Scan Root Regions 0.219ms
[7.536s][info][gc,marking  ] GC(181) Concurrent Mark
[7.536s][info][gc,marking  ] GC(181) Concurrent Mark From Roots
[7.536s][info][gc,task     ] GC(181) Using 2 workers of 2 for marking
[7.539s][info][gc,marking  ] GC(181) Concurrent Mark From Roots 3.299ms
[7.539s][info][gc,marking  ] GC(181) Concurrent Preclean
[7.539s][info][gc,marking  ] GC(181) Concurrent Preclean 0.036ms
[7.539s][info][gc,start    ] GC(181) Pause Remark
[7.540s][info][gc          ] GC(181) Pause Remark 239M->239M(256M) 1.103ms
[7.540s][info][gc,cpu      ] GC(181) User=0.00s Sys=0.00s Real=0.00s
[7.541s][info][gc,marking  ] GC(181) Concurrent Mark 4.856ms
[7.541s][info][gc,marking  ] GC(181) Concurrent Rebuild Remembered Sets and Scrub Regions
[7.542s][info][gc,marking  ] GC(181) Concurrent Rebuild Remembered Sets and Scrub Regions 1.566ms
[7.542s][info][gc,start    ] GC(181) Pause Cleanup
[7.543s][info][gc          ] GC(181) Pause Cleanup 239M->239M(256M) 0.355ms
[7.543s][info][gc,cpu      ] GC(181) User=0.00s Sys=0.00s Real=0.00s
[7.543s][info][gc,marking  ] GC(181) Concurrent Clear Claimed Marks
[7.543s][info][gc,marking  ] GC(181) Concurrent Clear Claimed Marks 0.060ms
[7.543s][info][gc,marking  ] GC(181) Concurrent Cleanup for Next Mark
[7.544s][info][gc,marking  ] GC(181) Concurrent Cleanup for Next Mark 1.249ms
[7.544s][info][gc          ] GC(181) Concurrent Mark Cycle 9.092ms
[7.596s][info][gc,start    ] GC(182) Pause Young (Concurrent Start) (G1 Humongous Allocation)
[7.596s][info][gc,task     ] GC(182) Using 6 workers of 8 for evacuation
[7.597s][info][gc,phases   ] GC(182)   Pre Evacuate Collection Set: 0.4ms
[7.597s][info][gc,phases   ] GC(182)   Merge Heap Roots: 0.1ms
[7.598s][info][gc,phases   ] GC(182)   Evacuate Collection Set: 0.3ms
[7.598s][info][gc,phases   ] GC(182)   Post Evacuate Collection Set: 0.7ms
[7.598s][info][gc,phases   ] GC(182)   Other: 0.3ms
[7.598s][info][gc,heap     ] GC(182) Eden regions: 0->0(11)
[7.598s][info][gc,heap     ] GC(182) Survivor regions: 1->1(2)
[7.598s][info][gc,heap     ] GC(182) Old regions: 2->2
[7.598s][info][gc,heap     ] GC(182) Humongous regions: 238->238
[7.598s][info][gc,metaspace] GC(182) Metaspace: 385K(576K)->385K(576K) NonClass: 360K(448K)->360K(448K) Class: 24K(128K)->24K(128K)
[7.598s][info][gc          ] GC(182) Pause Young (Concurrent Start) (G1 Humongous Allocation) 239M->239M(256M) 2.224ms
[7.598s][info][gc,cpu      ] GC(182) User=0.00s Sys=0.00s Real=0.00s
[7.598s][info][gc          ] GC(183) Concurrent Mark Cycle
[7.598s][info][gc,marking  ] GC(183) Concurrent Scan Root Regions
[7.598s][info][gc,marking  ] GC(183) Concurrent Scan Root Regions 0.185ms
[7.598s][info][gc,marking  ] GC(183) Concurrent Mark
[7.598s][info][gc,marking  ] GC(183) Concurrent Mark From Roots
[7.598s][info][gc,task     ] GC(183) Using 2 workers of 2 for marking
[7.602s][info][gc,marking  ] GC(183) Concurrent Mark From Roots 3.703ms
[7.602s][info][gc,marking  ] GC(183) Concurrent Preclean
[7.602s][info][gc,marking  ] GC(183) Concurrent Preclean 0.021ms
[7.602s][info][gc,start    ] GC(183) Pause Remark
[7.603s][info][gc          ] GC(183) Pause Remark 241M->241M(256M) 1.174ms
[7.603s][info][gc,cpu      ] GC(183) User=0.00s Sys=0.00s Real=0.00s
[7.604s][info][gc,marking  ] GC(183) Concurrent Mark 5.324ms
[7.604s][info][gc,marking  ] GC(183) Concurrent Rebuild Remembered Sets and Scrub Regions
[7.604s][info][gc,marking  ] GC(183) Concurrent Rebuild Remembered Sets and Scrub Regions 0.737ms
[7.605s][info][gc,start    ] GC(183) Pause Cleanup
[7.605s][info][gc          ] GC(183) Pause Cleanup 241M->241M(256M) 0.416ms
[7.605s][info][gc,cpu      ] GC(183) User=0.00s Sys=0.00s Real=0.00s
[7.605s][info][gc,marking  ] GC(183) Concurrent Clear Claimed Marks
[7.605s][info][gc,marking  ] GC(183) Concurrent Clear Claimed Marks 0.031ms
[7.605s][info][gc,marking  ] GC(183) Concurrent Cleanup for Next Mark
[7.606s][info][gc,marking  ] GC(183) Concurrent Cleanup for Next Mark 0.940ms
[7.606s][info][gc          ] GC(183) Concurrent Mark Cycle 8.283ms
[7.659s][info][gc,start    ] GC(184) Pause Young (Concurrent Start) (G1 Humongous Allocation)
[7.659s][info][gc,task     ] GC(184) Using 6 workers of 8 for evacuation
[7.660s][info][gc,phases   ] GC(184)   Pre Evacuate Collection Set: 0.4ms
[7.660s][info][gc,phases   ] GC(184)   Merge Heap Roots: 0.2ms
[7.660s][info][gc,phases   ] GC(184)   Evacuate Collection Set: 0.1ms
[7.660s][info][gc,phases   ] GC(184)   Post Evacuate Collection Set: 0.7ms
[7.660s][info][gc,phases   ] GC(184)   Other: 0.2ms
[7.661s][info][gc,heap     ] GC(184) Eden regions: 1->0(11)
[7.661s][info][gc,heap     ] GC(184) Survivor regions: 1->1(2)
[7.661s][info][gc,heap     ] GC(184) Old regions: 2->2
[7.661s][info][gc,heap     ] GC(184) Humongous regions: 240->240
[7.661s][info][gc,metaspace] GC(184) Metaspace: 385K(576K)->385K(576K) NonClass: 360K(448K)->360K(448K) Class: 24K(128K)->24K(128K)
[7.661s][info][gc          ] GC(184) Pause Young (Concurrent Start) (G1 Humongous Allocation) 241M->241M(256M) 1.887ms
[7.661s][info][gc,cpu      ] GC(184) User=0.00s Sys=0.00s Real=0.00s
[7.661s][info][gc          ] GC(185) Concurrent Mark Cycle
[7.661s][info][gc,marking  ] GC(185) Concurrent Scan Root Regions
[7.661s][info][gc,marking  ] GC(185) Concurrent Scan Root Regions 0.262ms
[7.661s][info][gc,marking  ] GC(185) Concurrent Mark
[7.661s][info][gc,marking  ] GC(185) Concurrent Mark From Roots
[7.661s][info][gc,task     ] GC(185) Using 2 workers of 2 for marking
[7.663s][info][gc,marking  ] GC(185) Concurrent Mark From Roots 1.927ms
[7.663s][info][gc,marking  ] GC(185) Concurrent Preclean
[7.663s][info][gc,marking  ] GC(185) Concurrent Preclean 0.077ms
[7.663s][info][gc,start    ] GC(185) Pause Remark
[7.665s][info][gc          ] GC(185) Pause Remark 243M->243M(256M) 1.581ms
[7.665s][info][gc,cpu      ] GC(185) User=0.00s Sys=0.00s Real=0.00s
[7.665s][info][gc,marking  ] GC(185) Concurrent Mark 3.943ms
[7.665s][info][gc,marking  ] GC(185) Concurrent Rebuild Remembered Sets and Scrub Regions
[7.666s][info][gc,marking  ] GC(185) Concurrent Rebuild Remembered Sets and Scrub Regions 0.808ms
[7.666s][info][gc,start    ] GC(185) Pause Cleanup
[7.666s][info][gc          ] GC(185) Pause Cleanup 243M->243M(256M) 0.302ms
[7.666s][info][gc,cpu      ] GC(185) User=0.00s Sys=0.00s Real=0.00s
[7.667s][info][gc,marking  ] GC(185) Concurrent Clear Claimed Marks
[7.667s][info][gc,marking  ] GC(185) Concurrent Clear Claimed Marks 0.048ms
[7.667s][info][gc,marking  ] GC(185) Concurrent Cleanup for Next Mark
[7.667s][info][gc,marking  ] GC(185) Concurrent Cleanup for Next Mark 0.720ms
[7.667s][info][gc          ] GC(185) Concurrent Mark Cycle 6.631ms
[7.721s][info][gc,start    ] GC(186) Pause Young (Concurrent Start) (G1 Humongous Allocation)
[7.721s][info][gc,task     ] GC(186) Using 6 workers of 8 for evacuation
[7.722s][info][gc,phases   ] GC(186)   Pre Evacuate Collection Set: 0.3ms
[7.722s][info][gc,phases   ] GC(186)   Merge Heap Roots: 0.1ms
[7.722s][info][gc,phases   ] GC(186)   Evacuate Collection Set: 0.2ms
[7.722s][info][gc,phases   ] GC(186)   Post Evacuate Collection Set: 0.3ms
[7.722s][info][gc,phases   ] GC(186)   Other: 0.2ms
[7.723s][info][gc,heap     ] GC(186) Eden regions: 0->0(10)
[7.723s][info][gc,heap     ] GC(186) Survivor regions: 1->1(2)
[7.723s][info][gc,heap     ] GC(186) Old regions: 2->2
[7.723s][info][gc,heap     ] GC(186) Humongous regions: 242->242
[7.723s][info][gc,metaspace] GC(186) Metaspace: 385K(576K)->385K(576K) NonClass: 360K(448K)->360K(448K) Class: 24K(128K)->24K(128K)
[7.723s][info][gc          ] GC(186) Pause Young (Concurrent Start) (G1 Humongous Allocation) 243M->243M(256M) 1.601ms
[7.723s][info][gc,cpu      ] GC(186) User=0.00s Sys=0.00s Real=0.00s
[7.723s][info][gc          ] GC(187) Concurrent Mark Cycle
[7.723s][info][gc,marking  ] GC(187) Concurrent Scan Root Regions
[7.723s][info][gc,marking  ] GC(187) Concurrent Scan Root Regions 0.217ms
[7.723s][info][gc,marking  ] GC(187) Concurrent Mark
[7.723s][info][gc,marking  ] GC(187) Concurrent Mark From Roots
[7.723s][info][gc,task     ] GC(187) Using 2 workers of 2 for marking
[7.727s][info][gc,marking  ] GC(187) Concurrent Mark From Roots 4.021ms
[7.727s][info][gc,marking  ] GC(187) Concurrent Preclean
[7.728s][info][gc,marking  ] GC(187) Concurrent Preclean 0.053ms
[7.728s][info][gc,start    ] GC(187) Pause Remark
[7.728s][info][gc          ] GC(187) Pause Remark 245M->245M(256M) 0.672ms
[7.728s][info][gc,cpu      ] GC(187) User=0.00s Sys=0.00s Real=0.00s
[7.729s][info][gc,marking  ] GC(187) Concurrent Mark 5.267ms
[7.729s][info][gc,marking  ] GC(187) Concurrent Rebuild Remembered Sets and Scrub Regions
[7.730s][info][gc,marking  ] GC(187) Concurrent Rebuild Remembered Sets and Scrub Regions 0.999ms
[7.730s][info][gc,start    ] GC(187) Pause Cleanup
[7.730s][info][gc          ] GC(187) Pause Cleanup 245M->245M(256M) 0.150ms
[7.730s][info][gc,cpu      ] GC(187) User=0.00s Sys=0.00s Real=0.00s
[7.730s][info][gc,marking  ] GC(187) Concurrent Clear Claimed Marks
[7.730s][info][gc,marking  ] GC(187) Concurrent Clear Claimed Marks 0.035ms
[7.730s][info][gc,marking  ] GC(187) Concurrent Cleanup for Next Mark
[7.731s][info][gc,marking  ] GC(187) Concurrent Cleanup for Next Mark 0.625ms
[7.731s][info][gc          ] GC(187) Concurrent Mark Cycle 7.871ms
[7.784s][info][gc,start    ] GC(188) Pause Young (Concurrent Start) (G1 Humongous Allocation)
[7.784s][info][gc,task     ] GC(188) Using 6 workers of 8 for evacuation
[7.785s][info][gc,phases   ] GC(188)   Pre Evacuate Collection Set: 0.3ms
[7.785s][info][gc,phases   ] GC(188)   Merge Heap Roots: 0.2ms
[7.785s][info][gc,phases   ] GC(188)   Evacuate Collection Set: 0.2ms
[7.785s][info][gc,phases   ] GC(188)   Post Evacuate Collection Set: 0.6ms
[7.785s][info][gc,phases   ] GC(188)   Other: 0.2ms
[7.785s][info][gc,heap     ] GC(188) Eden regions: 0->0(8)
[7.785s][info][gc,heap     ] GC(188) Survivor regions: 1->1(2)
[7.785s][info][gc,heap     ] GC(188) Old regions: 2->2
[7.785s][info][gc,heap     ] GC(188) Humongous regions: 244->244
[7.786s][info][gc,metaspace] GC(188) Metaspace: 385K(576K)->385K(576K) NonClass: 360K(448K)->360K(448K) Class: 24K(128K)->24K(128K)
[7.786s][info][gc          ] GC(188) Pause Young (Concurrent Start) (G1 Humongous Allocation) 245M->245M(256M) 1.887ms
[7.786s][info][gc,cpu      ] GC(188) User=0.00s Sys=0.00s Real=0.00s
[7.786s][info][gc          ] GC(189) Concurrent Mark Cycle
[7.786s][info][gc,marking  ] GC(189) Concurrent Scan Root Regions
[7.786s][info][gc,marking  ] GC(189) Concurrent Scan Root Regions 0.210ms
[7.786s][info][gc,marking  ] GC(189) Concurrent Mark
[7.786s][info][gc,marking  ] GC(189) Concurrent Mark From Roots
[7.786s][info][gc,task     ] GC(189) Using 2 workers of 2 for marking
[7.788s][info][gc,marking  ] GC(189) Concurrent Mark From Roots 1.768ms
[7.788s][info][gc,marking  ] GC(189) Concurrent Preclean
[7.788s][info][gc,marking  ] GC(189) Concurrent Preclean 0.059ms
[7.788s][info][gc,start    ] GC(189) Pause Remark
[7.789s][info][gc          ] GC(189) Pause Remark 247M->247M(256M) 0.883ms
[7.789s][info][gc,cpu      ] GC(189) User=0.00s Sys=0.00s Real=0.00s
[7.789s][info][gc,marking  ] GC(189) Concurrent Mark 3.074ms
[7.789s][info][gc,marking  ] GC(189) Concurrent Rebuild Remembered Sets and Scrub Regions
[7.790s][info][gc,marking  ] GC(189) Concurrent Rebuild Remembered Sets and Scrub Regions 1.313ms
[7.791s][info][gc,start    ] GC(189) Pause Cleanup
[7.791s][info][gc          ] GC(189) Pause Cleanup 247M->247M(256M) 0.205ms
[7.791s][info][gc,cpu      ] GC(189) User=0.00s Sys=0.00s Real=0.00s
[7.791s][info][gc,marking  ] GC(189) Concurrent Clear Claimed Marks
[7.791s][info][gc,marking  ] GC(189) Concurrent Clear Claimed Marks 0.079ms
[7.791s][info][gc,marking  ] GC(189) Concurrent Cleanup for Next Mark
[7.792s][info][gc,marking  ] GC(189) Concurrent Cleanup for Next Mark 0.730ms
[7.792s][info][gc          ] GC(189) Concurrent Mark Cycle 6.488ms
[7.845s][info][gc,start    ] GC(190) Pause Young (Concurrent Start) (G1 Humongous Allocation)
[7.845s][info][gc,task     ] GC(190) Using 6 workers of 8 for evacuation
[7.846s][info][gc,phases   ] GC(190)   Pre Evacuate Collection Set: 0.3ms
[7.846s][info][gc,phases   ] GC(190)   Merge Heap Roots: 0.1ms
[7.846s][info][gc,phases   ] GC(190)   Evacuate Collection Set: 0.2ms
[7.846s][info][gc,phases   ] GC(190)   Post Evacuate Collection Set: 0.6ms
[7.846s][info][gc,phases   ] GC(190)   Other: 0.3ms
[7.846s][info][gc,heap     ] GC(190) Eden regions: 0->0(6)
[7.846s][info][gc,heap     ] GC(190) Survivor regions: 1->1(2)
[7.846s][info][gc,heap     ] GC(190) Old regions: 2->2
[7.847s][info][gc,heap     ] GC(190) Humongous regions: 246->246
[7.847s][info][gc,metaspace] GC(190) Metaspace: 385K(576K)->385K(576K) NonClass: 360K(448K)->360K(448K) Class: 24K(128K)->24K(128K)
[7.847s][info][gc          ] GC(190) Pause Young (Concurrent Start) (G1 Humongous Allocation) 247M->247M(256M) 1.800ms
[7.847s][info][gc,cpu      ] GC(190) User=0.00s Sys=0.00s Real=0.00s
[7.847s][info][gc          ] GC(191) Concurrent Mark Cycle
[7.847s][info][gc,marking  ] GC(191) Concurrent Scan Root Regions
[7.847s][info][gc,marking  ] GC(191) Concurrent Scan Root Regions 0.215ms
[7.847s][info][gc,marking  ] GC(191) Concurrent Mark
[7.847s][info][gc,marking  ] GC(191) Concurrent Mark From Roots
[7.847s][info][gc,task     ] GC(191) Using 2 workers of 2 for marking
[7.849s][info][gc,marking  ] GC(191) Concurrent Mark From Roots 1.841ms
[7.849s][info][gc,marking  ] GC(191) Concurrent Preclean
[7.849s][info][gc,marking  ] GC(191) Concurrent Preclean 0.022ms
[7.849s][info][gc,start    ] GC(191) Pause Remark
[7.850s][info][gc          ] GC(191) Pause Remark 249M->249M(256M) 1.016ms
[7.850s][info][gc,cpu      ] GC(191) User=0.00s Sys=0.00s Real=0.00s
[7.850s][info][gc,marking  ] GC(191) Concurrent Mark 3.156ms
[7.850s][info][gc,marking  ] GC(191) Concurrent Rebuild Remembered Sets and Scrub Regions
[7.851s][info][gc,marking  ] GC(191) Concurrent Rebuild Remembered Sets and Scrub Regions 0.681ms
[7.851s][info][gc,start    ] GC(191) Pause Cleanup
[7.851s][info][gc          ] GC(191) Pause Cleanup 249M->249M(256M) 0.175ms
[7.851s][info][gc,cpu      ] GC(191) User=0.00s Sys=0.00s Real=0.00s
[7.851s][info][gc,marking  ] GC(191) Concurrent Clear Claimed Marks
[7.851s][info][gc,marking  ] GC(191) Concurrent Clear Claimed Marks 0.039ms
[7.851s][info][gc,marking  ] GC(191) Concurrent Cleanup for Next Mark
[7.852s][info][gc,marking  ] GC(191) Concurrent Cleanup for Next Mark 0.641ms
[7.852s][info][gc          ] GC(191) Concurrent Mark Cycle 5.427ms
[7.907s][info][gc,start    ] GC(192) Pause Young (Concurrent Start) (G1 Humongous Allocation)
[7.907s][info][gc,task     ] GC(192) Using 6 workers of 8 for evacuation
[7.909s][info][gc,phases   ] GC(192)   Pre Evacuate Collection Set: 0.6ms
[7.909s][info][gc,phases   ] GC(192)   Merge Heap Roots: 0.2ms
[7.910s][info][gc,phases   ] GC(192)   Evacuate Collection Set: 0.3ms
[7.910s][info][gc,phases   ] GC(192)   Post Evacuate Collection Set: 0.7ms
[7.910s][info][gc,phases   ] GC(192)   Other: 0.3ms
[7.910s][info][gc,heap     ] GC(192) Eden regions: 0->0(4)
[7.910s][info][gc,heap     ] GC(192) Survivor regions: 1->1(1)
[7.910s][info][gc,heap     ] GC(192) Old regions: 2->2
[7.910s][info][gc,heap     ] GC(192) Humongous regions: 248->248
[7.910s][info][gc,metaspace] GC(192) Metaspace: 385K(576K)->385K(576K) NonClass: 360K(448K)->360K(448K) Class: 24K(128K)->24K(128K)
[7.910s][info][gc          ] GC(192) Pause Young (Concurrent Start) (G1 Humongous Allocation) 249M->249M(256M) 2.664ms
[7.910s][info][gc,cpu      ] GC(192) User=0.00s Sys=0.00s Real=0.00s
[7.910s][info][gc          ] GC(193) Concurrent Mark Cycle
[7.910s][info][gc,marking  ] GC(193) Concurrent Scan Root Regions
[7.910s][info][gc,marking  ] GC(193) Concurrent Scan Root Regions 0.280ms
[7.910s][info][gc,marking  ] GC(193) Concurrent Mark
[7.910s][info][gc,marking  ] GC(193) Concurrent Mark From Roots
[7.910s][info][gc,task     ] GC(193) Using 2 workers of 2 for marking
[7.913s][info][gc,marking  ] GC(193) Concurrent Mark From Roots 2.378ms
[7.913s][info][gc,marking  ] GC(193) Concurrent Preclean
[7.913s][info][gc,marking  ] GC(193) Concurrent Preclean 0.038ms
[7.913s][info][gc,start    ] GC(193) Pause Remark
[7.915s][info][gc          ] GC(193) Pause Remark 251M->251M(256M) 1.575ms
[7.915s][info][gc,cpu      ] GC(193) User=0.09s Sys=0.00s Real=0.00s
[7.915s][info][gc,marking  ] GC(193) Concurrent Mark 4.439ms
[7.915s][info][gc,marking  ] GC(193) Concurrent Rebuild Remembered Sets and Scrub Regions
[7.916s][info][gc,marking  ] GC(193) Concurrent Rebuild Remembered Sets and Scrub Regions 0.767ms
[7.916s][info][gc,start    ] GC(193) Pause Cleanup
[7.916s][info][gc          ] GC(193) Pause Cleanup 251M->251M(256M) 0.186ms
[7.916s][info][gc,cpu      ] GC(193) User=0.00s Sys=0.00s Real=0.00s
[7.916s][info][gc,marking  ] GC(193) Concurrent Clear Claimed Marks
[7.916s][info][gc,marking  ] GC(193) Concurrent Clear Claimed Marks 0.089ms
[7.916s][info][gc,marking  ] GC(193) Concurrent Cleanup for Next Mark
[7.917s][info][gc,marking  ] GC(193) Concurrent Cleanup for Next Mark 0.657ms
[7.917s][info][gc          ] GC(193) Concurrent Mark Cycle 6.987ms
[7.969s][info][gc,start    ] GC(194) Pause Young (Concurrent Start) (G1 Humongous Allocation)
[7.969s][info][gc,task     ] GC(194) Using 6 workers of 8 for evacuation
[7.971s][info][gc,phases   ] GC(194)   Pre Evacuate Collection Set: 0.2ms
[7.971s][info][gc,phases   ] GC(194)   Merge Heap Roots: 0.1ms
[7.971s][info][gc,phases   ] GC(194)   Evacuate Collection Set: 0.3ms
[7.971s][info][gc,phases   ] GC(194)   Post Evacuate Collection Set: 0.8ms
[7.971s][info][gc,phases   ] GC(194)   Other: 0.2ms
[7.971s][info][gc,heap     ] GC(194) Eden regions: 0->0(4)
[7.971s][info][gc,heap     ] GC(194) Survivor regions: 1->0(1)
[7.971s][info][gc,heap     ] GC(194) Old regions: 2->2
[7.971s][info][gc,heap     ] GC(194) Humongous regions: 250->250
[7.971s][info][gc,metaspace] GC(194) Metaspace: 378K(576K)->378K(576K) NonClass: 355K(448K)->355K(448K) Class: 22K(128K)->22K(128K)
[7.971s][info][gc          ] GC(194) Pause Young (Concurrent Start) (G1 Humongous Allocation) 251M->251M(256M) 2.052ms
[7.971s][info][gc,cpu      ] GC(194) User=0.00s Sys=0.00s Real=0.00s
[7.971s][info][gc          ] GC(195) Concurrent Mark Cycle
[7.971s][info][gc,marking  ] GC(195) Concurrent Scan Root Regions
[7.971s][info][gc,marking  ] GC(195) Concurrent Scan Root Regions 0.190ms
[7.971s][info][gc,marking  ] GC(195) Concurrent Mark
[7.971s][info][gc,marking  ] GC(195) Concurrent Mark From Roots
[7.971s][info][gc,task     ] GC(195) Using 2 workers of 2 for marking
[7.975s][info][gc,marking  ] GC(195) Concurrent Mark From Roots 3.912ms
[7.975s][info][gc,marking  ] GC(195) Concurrent Preclean
[7.975s][info][gc,marking  ] GC(195) Concurrent Preclean 0.033ms
[7.975s][info][gc,start    ] GC(195) Pause Remark
[7.976s][info][gc          ] GC(195) Pause Remark 253M->253M(256M) 0.665ms
[7.976s][info][gc,cpu      ] GC(195) User=0.00s Sys=0.00s Real=0.00s
[7.976s][info][gc,marking  ] GC(195) Concurrent Mark 4.992ms
[7.976s][info][gc,marking  ] GC(195) Concurrent Rebuild Remembered Sets and Scrub Regions
[7.977s][info][gc,marking  ] GC(195) Concurrent Rebuild Remembered Sets and Scrub Regions 0.894ms
[7.977s][info][gc,start    ] GC(195) Pause Cleanup
[7.977s][info][gc          ] GC(195) Pause Cleanup 253M->253M(256M) 0.234ms
[7.977s][info][gc,cpu      ] GC(195) User=0.00s Sys=0.00s Real=0.00s
[7.978s][info][gc,marking  ] GC(195) Concurrent Clear Claimed Marks
[7.978s][info][gc,marking  ] GC(195) Concurrent Clear Claimed Marks 0.043ms
[7.978s][info][gc,marking  ] GC(195) Concurrent Cleanup for Next Mark
[7.978s][info][gc,marking  ] GC(195) Concurrent Cleanup for Next Mark 0.652ms
[7.978s][info][gc          ] GC(195) Concurrent Mark Cycle 7.546ms
[8.032s][info][gc,start    ] GC(196) Pause Young (Concurrent Start) (G1 Humongous Allocation)
[8.032s][info][gc,task     ] GC(196) Using 6 workers of 8 for evacuation
[8.033s][info][gc,phases   ] GC(196)   Pre Evacuate Collection Set: 0.2ms
[8.033s][info][gc,phases   ] GC(196)   Merge Heap Roots: 0.2ms
[8.033s][info][gc,phases   ] GC(196)   Evacuate Collection Set: 0.2ms
[8.033s][info][gc,phases   ] GC(196)   Post Evacuate Collection Set: 0.2ms
[8.033s][info][gc,phases   ] GC(196)   Other: 0.1ms
[8.033s][info][gc,heap     ] GC(196) Eden regions: 0->0(2)
[8.033s][info][gc,heap     ] GC(196) Survivor regions: 0->0(1)
[8.033s][info][gc,heap     ] GC(196) Old regions: 2->2
[8.033s][info][gc,heap     ] GC(196) Humongous regions: 252->252
[8.033s][info][gc,metaspace] GC(196) Metaspace: 378K(576K)->378K(576K) NonClass: 355K(448K)->355K(448K) Class: 22K(128K)->22K(128K)
[8.033s][info][gc          ] GC(196) Pause Young (Concurrent Start) (G1 Humongous Allocation) 253M->253M(256M) 1.301ms
[8.033s][info][gc,cpu      ] GC(196) User=0.00s Sys=0.00s Real=0.00s
[8.033s][info][gc          ] GC(197) Concurrent Mark Cycle
[8.033s][info][gc,marking  ] GC(197) Concurrent Scan Root Regions
[8.033s][info][gc,marking  ] GC(197) Concurrent Scan Root Regions 0.026ms
[8.033s][info][gc,marking  ] GC(197) Concurrent Mark
[8.033s][info][gc,marking  ] GC(197) Concurrent Mark From Roots
[8.033s][info][gc,task     ] GC(197) Using 2 workers of 2 for marking
[8.036s][info][gc,marking  ] GC(197) Concurrent Mark From Roots 3.007ms
[8.036s][info][gc,marking  ] GC(197) Concurrent Preclean
[8.036s][info][gc,marking  ] GC(197) Concurrent Preclean 0.034ms
[8.037s][info][gc,start    ] GC(197) Pause Remark
[8.037s][info][gc          ] GC(197) Pause Remark 255M->255M(256M) 0.704ms
[8.037s][info][gc,cpu      ] GC(197) User=0.00s Sys=0.00s Real=0.00s
[8.037s][info][gc,marking  ] GC(197) Concurrent Mark 4.158ms
[8.038s][info][gc,marking  ] GC(197) Concurrent Rebuild Remembered Sets and Scrub Regions
[8.038s][info][gc,marking  ] GC(197) Concurrent Rebuild Remembered Sets and Scrub Regions 0.764ms
[8.038s][info][gc,start    ] GC(197) Pause Cleanup
[8.039s][info][gc          ] GC(197) Pause Cleanup 255M->255M(256M) 0.153ms
[8.039s][info][gc,cpu      ] GC(197) User=0.00s Sys=0.00s Real=0.00s
[8.039s][info][gc,marking  ] GC(197) Concurrent Clear Claimed Marks
[8.039s][info][gc,marking  ] GC(197) Concurrent Clear Claimed Marks 0.041ms
[8.039s][info][gc,marking  ] GC(197) Concurrent Cleanup for Next Mark
[8.040s][info][gc,marking  ] GC(197) Concurrent Cleanup for Next Mark 0.972ms
[8.040s][info][gc          ] GC(197) Concurrent Mark Cycle 6.783ms
[8.095s][info][gc,start    ] GC(198) Pause Young (Concurrent Start) (G1 Humongous Allocation)
[8.095s][info][gc,task     ] GC(198) Using 6 workers of 8 for evacuation
[8.096s][info][gc,phases   ] GC(198)   Pre Evacuate Collection Set: 0.2ms
[8.096s][info][gc,phases   ] GC(198)   Merge Heap Roots: 0.2ms
[8.096s][info][gc,phases   ] GC(198)   Evacuate Collection Set: 0.2ms
[8.096s][info][gc,phases   ] GC(198)   Post Evacuate Collection Set: 0.3ms
[8.096s][info][gc,phases   ] GC(198)   Other: 0.2ms
[8.096s][info][gc,heap     ] GC(198) Eden regions: 0->0(0)
[8.096s][info][gc,heap     ] GC(198) Survivor regions: 0->0(0)
[8.096s][info][gc,heap     ] GC(198) Old regions: 2->2
[8.096s][info][gc,heap     ] GC(198) Humongous regions: 254->254
[8.096s][info][gc,metaspace] GC(198) Metaspace: 378K(576K)->378K(576K) NonClass: 355K(448K)->355K(448K) Class: 22K(128K)->22K(128K)
[8.096s][info][gc          ] GC(198) Pause Young (Concurrent Start) (G1 Humongous Allocation) 255M->255M(256M) 1.517ms
[8.096s][info][gc,cpu      ] GC(198) User=0.00s Sys=0.00s Real=0.00s
[8.096s][info][gc,ergo     ] Attempting full compaction clearing soft references
[8.096s][info][gc,start    ] GC(199) Pause Full (G1 Compaction Pause)
[8.096s][info][gc          ] GC(200) Concurrent Mark Cycle
[8.096s][info][gc,task     ] GC(199) Using 6 workers of 8 for full compaction
[8.096s][info][gc,marking  ] GC(200) Concurrent Scan Root Regions
[8.097s][info][gc,marking  ] GC(200) Concurrent Scan Root Regions 0.205ms
[8.097s][info][gc,marking  ] GC(200) Concurrent Mark
[8.097s][info][gc,marking  ] GC(200) Concurrent Mark From Roots
[8.097s][info][gc,task     ] GC(200) Using 2 workers of 2 for marking
[8.100s][info][gc,phases,start] GC(199) Phase 1: Mark live objects
[8.101s][info][gc,phases      ] GC(199) Phase 1: Mark live objects 1.123ms
[8.101s][info][gc,phases,start] GC(199) Phase 2: Prepare compaction
[8.102s][info][gc,phases      ] GC(199) Phase 2: Prepare compaction 0.658ms
[8.102s][info][gc,phases,start] GC(199) Phase 3: Adjust pointers
[8.102s][info][gc,phases      ] GC(199) Phase 3: Adjust pointers 0.724ms
[8.102s][info][gc,phases,start] GC(199) Phase 4: Compact heap
[8.103s][info][gc,phases      ] GC(199) Phase 4: Compact heap 0.622ms
[8.103s][info][gc,phases,start] GC(199) Phase 5: Reset Metadata
[8.103s][info][gc,phases      ] GC(199) Phase 5: Reset Metadata 0.197ms
[8.104s][info][gc,heap        ] GC(199) Eden regions: 0->0(1)
[8.104s][info][gc,heap        ] GC(199) Survivor regions: 0->0(0)
[8.104s][info][gc,heap        ] GC(199) Old regions: 2->1
[8.104s][info][gc,heap        ] GC(199) Humongous regions: 254->254
[8.104s][info][gc,metaspace   ] GC(199) Metaspace: 378K(576K)->378K(576K) NonClass: 355K(448K)->355K(448K) Class: 22K(128K)->22K(128K)
[8.104s][info][gc             ] GC(199) Pause Full (G1 Compaction Pause) 255M->254M(256M) 7.952ms
[8.104s][info][gc,cpu         ] GC(199) User=0.00s Sys=0.02s Real=0.01s
[8.104s][info][gc,start       ] GC(201) Pause Young (Normal) (G1 Humongous Allocation)
[8.104s][info][gc,task        ] GC(201) Using 6 workers of 8 for evacuation
[8.105s][info][gc,phases      ] GC(201)   Pre Evacuate Collection Set: 0.2ms
[8.105s][info][gc,phases      ] GC(201)   Merge Heap Roots: 0.1ms
[8.105s][info][gc,phases      ] GC(201)   Evacuate Collection Set: 0.2ms
[8.105s][info][gc,phases      ] GC(201)   Post Evacuate Collection Set: 0.3ms
[8.105s][info][gc,phases      ] GC(201)   Other: 0.1ms
[8.105s][info][gc,heap        ] GC(201) Eden regions: 0->0(1)
[8.105s][info][gc,heap        ] GC(201) Survivor regions: 0->0(1)
[8.105s][info][gc,heap        ] GC(201) Old regions: 1->1
[8.105s][info][gc,heap        ] GC(201) Humongous regions: 254->254
[8.105s][info][gc,metaspace   ] GC(201) Metaspace: 378K(576K)->378K(576K) NonClass: 355K(448K)->355K(448K) Class: 22K(128K)->22K(128K)
[8.106s][info][gc             ] GC(201) Pause Young (Normal) (G1 Humongous Allocation) 254M->254M(256M) 1.138ms
[8.106s][info][gc,cpu         ] GC(201) User=0.00s Sys=0.00s Real=0.00s
[8.106s][info][gc,ergo        ] Attempting full compaction
[8.106s][info][gc,start       ] GC(202) Pause Full (G1 Compaction Pause)
[8.106s][info][gc,task        ] GC(202) Using 6 workers of 8 for full compaction
[8.107s][info][gc,phases,start] GC(202) Phase 1: Mark live objects
[8.108s][info][gc,phases      ] GC(202) Phase 1: Mark live objects 1.195ms
[8.108s][info][gc,phases,start] GC(202) Phase 2: Prepare compaction
[8.109s][info][gc,phases      ] GC(202) Phase 2: Prepare compaction 0.520ms
[8.109s][info][gc,phases,start] GC(202) Phase 3: Adjust pointers
[8.109s][info][gc,phases      ] GC(202) Phase 3: Adjust pointers 0.681ms
[8.109s][info][gc,phases,start] GC(202) Phase 4: Compact heap
[8.110s][info][gc,phases      ] GC(202) Phase 4: Compact heap 0.460ms
[8.110s][info][gc,phases,start] GC(202) Phase 5: Reset Metadata
[8.110s][info][gc,phases      ] GC(202) Phase 5: Reset Metadata 0.173ms
[8.111s][info][gc,heap        ] GC(202) Eden regions: 0->0(1)
[8.111s][info][gc,heap        ] GC(202) Survivor regions: 0->0(1)
[8.111s][info][gc,heap        ] GC(202) Old regions: 1->1
[8.111s][info][gc,heap        ] GC(202) Humongous regions: 254->254
[8.111s][info][gc,metaspace   ] GC(202) Metaspace: 378K(576K)->378K(576K) NonClass: 355K(448K)->355K(448K) Class: 22K(128K)->22K(128K)
[8.111s][info][gc             ] GC(202) Pause Full (G1 Compaction Pause) 254M->254M(256M) 5.457ms
[8.111s][info][gc,cpu         ] GC(202) User=0.00s Sys=0.00s Real=0.01s
[8.111s][info][gc,ergo        ] Attempting maximal full compaction clearing soft references
[8.111s][info][gc,start       ] GC(203) Pause Full (G1 Compaction Pause)
[8.111s][info][gc,task        ] GC(203) Using 6 workers of 8 for full compaction
[8.112s][info][gc,phases,start] GC(203) Phase 1: Mark live objects
[8.113s][info][gc,phases      ] GC(203) Phase 1: Mark live objects 0.999ms
[8.113s][info][gc,phases,start] GC(203) Phase 2: Prepare compaction
[8.113s][info][gc,phases      ] GC(203) Phase 2: Prepare compaction 0.489ms
[8.113s][info][gc,phases,start] GC(203) Phase 3: Adjust pointers
[8.114s][info][gc,phases      ] GC(203) Phase 3: Adjust pointers 0.691ms
[8.114s][info][gc,phases,start] GC(203) Phase 4: Compact heap
[8.152s][info][gc,phases      ] GC(203) Phase 4: Compact heap 37.543ms
[8.152s][info][gc,phases,start] GC(203) Phase 5: Reset Metadata
[8.152s][info][gc,phases      ] GC(203) Phase 5: Reset Metadata 0.216ms
[8.153s][info][gc,heap        ] GC(203) Eden regions: 0->0(1)
[8.153s][info][gc,heap        ] GC(203) Survivor regions: 0->0(1)
[8.153s][info][gc,heap        ] GC(203) Old regions: 1->1
[8.153s][info][gc,heap        ] GC(203) Humongous regions: 254->254
[8.153s][info][gc,metaspace   ] GC(203) Metaspace: 378K(576K)->378K(576K) NonClass: 355K(448K)->355K(448K) Class: 22K(128K)->22K(128K)
[8.153s][info][gc             ] GC(203) Pause Full (G1 Compaction Pause) 254M->254M(256M) 41.879ms
[8.153s][info][gc,cpu         ] GC(203) User=0.03s Sys=0.02s Real=0.04s
[8.153s][info][gc,marking     ] GC(200) Concurrent Mark From Roots 56.524ms
[8.153s][info][gc,marking     ] GC(200) Concurrent Mark Abort
[8.153s][info][gc             ] GC(200) Concurrent Mark Cycle 56.977ms
[8.161s][info][gc,heap,exit   ] Heap
[8.161s][info][gc,heap,exit   ]  garbage-first heap   total 262144K, used 261174K [0x00000000f0000000, 0x0000000100000000)
[8.161s][info][gc,heap,exit   ]   region size 1024K, 1 young (1024K), 0 survivors (0K)
[8.161s][info][gc,heap,exit   ]  Metaspace       used 392K, committed 576K, reserved 1114112K
[8.161s][info][gc,heap,exit   ]   class space    used 24K, committed 128K, reserved 1048576K
