[0.016s][info][gc,init] CardTable entry size: 512
[0.017s][info][gc     ] Using Serial
[0.018s][info][gc,init] Version: 21.0.9+7-LTS-338 (release)
[0.018s][info][gc,init] CPUs: 8 total, 8 available
[0.018s][info][gc,init] Memory: 7879M
[0.018s][info][gc,init] Large Page Support: Disabled
[0.018s][info][gc,init] NUMA Support: Disabled
[0.018s][info][gc,init] Compressed Oops: Enabled (32-bit)
[0.018s][info][gc,init] Heap Min Capacity: 8M
[0.018s][info][gc,init] Heap Initial Capacity: 124M
[0.018s][info][gc,init] Heap Max Capacity: 256M
[0.018s][info][gc,init] Pre-touch: Disabled
[0.031s][info][gc,metaspace] CDS archive(s) mapped at: [0x00000213a7000000-0x00000213a7c90000-0x00000213a7c90000), size 13172736, SharedBaseAddress: 0x00000213a7000000, ArchiveRelocationMode: 1.
[0.031s][info][gc,metaspace] Compressed class space mapped at: 0x00000213a8000000-0x00000213e8000000, reserved size: 1073741824
[0.031s][info][gc,metaspace] Narrow klass base: 0x00000213a7000000, Narrow klass shift: 0, Narrow klass range: 0x100000000
[1.862s][info][gc,start    ] GC(0) Pause Young (Allocation Failure)
[1.884s][info][gc,heap     ] GC(0) DefNew: 33412K(38080K)->4084K(38080K) Eden: 33412K(33856K)->0K(33856K) From: 0K(4224K)->4084K(4224K)
[1.884s][info][gc,heap     ] GC(0) Tenured: 0K(84672K)->25600K(84672K)
[1.884s][info][gc,metaspace] GC(0) Metaspace: 376K(576K)->376K(576K) NonClass: 352K(448K)->352K(448K) Class: 24K(128K)->24K(128K)
[1.884s][info][gc          ] GC(0) Pause Young (Allocation Failure) 32M->28M(119M) 22.312ms
[1.884s][info][gc,cpu      ] GC(0) User=0.02s Sys=0.02s Real=0.02s
[3.871s][info][gc,start    ] GC(1) Pause Young (Allocation Failure)
[3.899s][info][gc,heap     ] GC(1) DefNew: 37834K(38080K)->4096K(38080K) Eden: 33749K(33856K)->0K(33856K) From: 4084K(4224K)->4096K(4224K)
[3.899s][info][gc,heap     ] GC(1) Tenured: 25600K(84672K)->58357K(84672K)
[3.899s][info][gc,metaspace] GC(1) Metaspace: 382K(576K)->382K(576K) NonClass: 358K(448K)->358K(448K) Class: 24K(128K)->24K(128K)
[3.899s][info][gc          ] GC(1) Pause Young (Allocation Failure) 61M->60M(119M) 28.607ms
[3.899s][info][gc,cpu      ] GC(1) User=0.02s Sys=0.00s Real=0.03s
[5.898s][info][gc,start    ] GC(2) Pause Young (Allocation Failure)
[5.915s][info][gc          ] GC(2) Pause Young (Allocation Failure) 93M->92M(126M) 17.399ms
[5.915s][info][gc,cpu      ] GC(2) User=0.02s Sys=0.00s Real=0.02s
[5.915s][info][gc,start    ] GC(3) Pause Full (Allocation Failure)
[5.915s][info][gc,phases,start] GC(3) Phase 1: Mark live objects
[5.917s][info][gc,phases      ] GC(3) Phase 1: Mark live objects 1.525ms
[5.917s][info][gc,phases,start] GC(3) Phase 2: Compute new object addresses
[5.917s][info][gc,phases      ] GC(3) Phase 2: Compute new object addresses 0.276ms
[5.917s][info][gc,phases,start] GC(3) Phase 3: Adjust pointers
[5.917s][info][gc,phases      ] GC(3) Phase 3: Adjust pointers 0.566ms
[5.918s][info][gc,phases,start] GC(3) Phase 4: Move objects
[5.918s][info][gc,phases      ] GC(3) Phase 4: Move objects 0.737ms
[5.919s][info][gc,heap        ] GC(3) DefNew: 37505K(38080K)->4096K(68416K) Eden: 33409K(33856K)->4096K(60864K) From: 4096K(4224K)->0K(7552K)
[5.919s][info][gc,heap        ] GC(3) Tenured: 58357K(84672K)->91126K(151880K)
[5.919s][info][gc,metaspace   ] GC(3) Metaspace: 383K(576K)->383K(576K) NonClass: 358K(448K)->358K(448K) Class: 24K(128K)->24K(128K)
[5.919s][info][gc             ] GC(3) Pause Full (Allocation Failure) 92M->92M(215M) 3.590ms
[5.919s][info][gc,cpu         ] GC(3) User=0.00s Sys=0.02s Real=0.00s
[9.282s][info][gc,start       ] GC(4) Pause Young (Allocation Failure)
[9.310s][info][gc,heap        ] GC(4) DefNew: 59931K(68416K)->7169K(68416K) Eden: 59931K(60864K)->0K(60864K) From: 0K(7552K)->7169K(7552K)
[9.310s][info][gc,heap        ] GC(4) Tenured: 91126K(151880K)->143350K(151880K)
[9.310s][info][gc,metaspace   ] GC(4) Metaspace: 384K(576K)->384K(576K) NonClass: 360K(448K)->360K(448K) Class: 24K(128K)->24K(128K)
[9.310s][info][gc             ] GC(4) Pause Young (Allocation Failure) 147M->146M(215M) 28.281ms
[9.310s][info][gc,cpu         ] GC(4) User=0.02s Sys=0.02s Real=0.03s
[13.011s][info][gc,start       ] GC(5) Pause Young (Allocation Failure)
[13.011s][info][gc             ] GC(5) Pause Young (Allocation Failure) 206M->206M(215M) 0.255ms
[13.011s][info][gc,cpu         ] GC(5) User=0.00s Sys=0.00s Real=0.00s
[13.011s][info][gc,start       ] GC(6) Pause Full (Allocation Failure)
[13.012s][info][gc,phases,start] GC(6) Phase 1: Mark live objects
[13.014s][info][gc,phases      ] GC(6) Phase 1: Mark live objects 2.612ms
[13.014s][info][gc,phases,start] GC(6) Phase 2: Compute new object addresses
[13.015s][info][gc,phases      ] GC(6) Phase 2: Compute new object addresses 0.809ms
[13.015s][info][gc,phases,start] GC(6) Phase 3: Adjust pointers
[13.017s][info][gc,phases      ] GC(6) Phase 3: Adjust pointers 1.601ms
[13.017s][info][gc,phases,start] GC(6) Phase 4: Move objects
[13.033s][info][gc,phases      ] GC(6) Phase 4: Move objects 16.507ms
[13.034s][info][gc,heap        ] GC(6) DefNew: 67963K(68416K)->59393K(78656K) Eden: 60794K(60864K)->59393K(69952K) From: 7169K(7552K)->0K(8704K)
[13.034s][info][gc,heap        ] GC(6) Tenured: 143350K(151880K)->151543K(174784K)
[13.034s][info][gc,metaspace   ] GC(6) Metaspace: 393K(576K)->393K(576K) NonClass: 369K(448K)->369K(448K) Class: 24K(128K)->24K(128K)
[13.034s][info][gc             ] GC(6) Pause Full (Allocation Failure) 206M->205M(247M) 22.326ms
[13.034s][info][gc,cpu         ] GC(6) User=0.00s Sys=0.02s Real=0.02s
[15.518s][info][gc,start       ] GC(7) Pause Full (Allocation Failure)
[15.518s][info][gc,phases,start] GC(7) Phase 1: Mark live objects
[15.519s][info][gc,phases      ] GC(7) Phase 1: Mark live objects 1.466ms
[15.519s][info][gc,phases,start] GC(7) Phase 2: Compute new object addresses
[15.520s][info][gc,phases      ] GC(7) Phase 2: Compute new object addresses 0.413ms
[15.520s][info][gc,phases,start] GC(7) Phase 3: Adjust pointers
[15.521s][info][gc,phases      ] GC(7) Phase 3: Adjust pointers 0.806ms
[15.521s][info][gc,phases,start] GC(7) Phase 4: Move objects
[15.522s][info][gc,phases      ] GC(7) Phase 4: Move objects 1.376ms
[15.522s][info][gc,heap        ] GC(7) DefNew: 78143K(78656K)->77827K(78656K) Eden: 69951K(69952K)->69634K(69952K) From: 8192K(8704K)->8192K(8704K)
[15.522s][info][gc,heap        ] GC(7) Tenured: 174072K(174784K)->174072K(174784K)
[15.522s][info][gc,metaspace   ] GC(7) Metaspace: 397K(576K)->397K(576K) NonClass: 372K(448K)->372K(448K) Class: 24K(128K)->24K(128K)
[15.522s][info][gc             ] GC(7) Pause Full (Allocation Failure) 246M->245M(247M) 4.564ms
[15.522s][info][gc,cpu         ] GC(7) User=0.00s Sys=0.00s Real=0.00s
[15.522s][info][gc,start       ] GC(8) Pause Full (Allocation Failure)
[15.522s][info][gc,phases,start] GC(8) Phase 1: Mark live objects
[15.524s][info][gc,phases      ] GC(8) Phase 1: Mark live objects 2.048ms
[15.524s][info][gc,phases,start] GC(8) Phase 2: Compute new object addresses
[15.525s][info][gc,phases      ] GC(8) Phase 2: Compute new object addresses 0.407ms
[15.525s][info][gc,phases,start] GC(8) Phase 3: Adjust pointers
[15.526s][info][gc,phases      ] GC(8) Phase 3: Adjust pointers 0.840ms
[15.526s][info][gc,phases,start] GC(8) Phase 4: Move objects
[15.555s][info][gc,phases      ] GC(8) Phase 4: Move objects 29.623ms
[15.556s][info][gc,heap        ] GC(8) DefNew: 77827K(78656K)->77827K(78656K) Eden: 69634K(69952K)->69634K(69952K) From: 8192K(8704K)->8192K(8704K)
[15.556s][info][gc,heap        ] GC(8) Tenured: 174072K(174784K)->174012K(174784K)
[15.556s][info][gc,metaspace   ] GC(8) Metaspace: 397K(576K)->390K(576K) NonClass: 372K(448K)->368K(448K) Class: 24K(128K)->22K(128K)
[15.556s][info][gc             ] GC(8) Pause Full (Allocation Failure) 245M->245M(247M) 33.537ms
[15.556s][info][gc,cpu         ] GC(8) User=0.03s Sys=0.02s Real=0.03s
[15.570s][info][gc,heap,exit   ] Heap
[15.570s][info][gc,heap,exit   ]  def new generation   total 78656K, used 78144K [0x00000000f0000000, 0x00000000f5550000, 0x00000000f5550000)
[15.570s][info][gc,heap,exit   ]   eden space 69952K, 100% used [0x00000000f0000000, 0x00000000f4450000, 0x00000000f4450000)
[15.570s][info][gc,heap,exit   ]   from space 8704K,  94% used [0x00000000f4450000, 0x00000000f4c503f0, 0x00000000f4cd0000)
[15.570s][info][gc,heap,exit   ]   to   space 8704K,   0% used [0x00000000f4cd0000, 0x00000000f4cd0000, 0x00000000f5550000)
[15.570s][info][gc,heap,exit   ]  tenured generation   total 174784K, used 174012K [0x00000000f5550000, 0x0000000100000000, 0x0000000100000000)
[15.570s][info][gc,heap,exit   ]    the space 174784K,  99% used [0x00000000f5550000, 0x00000000fff3f3a8, 0x00000000fff3f400, 0x0000000100000000)
[15.570s][info][gc,heap,exit   ]  Metaspace       used 408K, committed 576K, reserved 1114112K
[15.570s][info][gc,heap,exit   ]   class space    used 24K, committed 128K, reserved 1048576K
